   Compiling rheon v0.1.0 (/workspace/Rheon-liquid-volume)
error[E0369]: binary operation `==` cannot be applied to type `Result<LiquidVolumeReport, LiquidVolumeError>`
   --> tests/liquid_volume_contract.rs:546:5
    |
546 | /     assert_eq!(
547 | |         volume.advance(flow, inlet([[0.5, 0.0], [0.0; 2], [0.0; 2]]), None, settings(), |_| false),
548 | |         Err(LiquidVolumeError::ArithmeticFailure)
549 | |     );
    | |     ^
    | |_____|
    | |_____Result<LiquidVolumeReport, LiquidVolumeError>
    |       Result<LiquidVolumeReport, LiquidVolumeError>
    |
note: the foreign item type `LiquidVolumeReport` doesn't implement `PartialEq`
   --> /workspace/Rheon-liquid-volume/src/liquid_volume.rs:179:1
    |
179 | pub struct LiquidVolumeReport {
    | ^^^^^^^^^^^^^^^^^^^^^^^^^^^^^ not implement `PartialEq`
    = note: this error originates in the macro `assert_eq` (in Nightly builds, run with -Z macro-backtrace for more info)

For more information about this error, try `rustc --explain E0369`.
error: could not compile `rheon` (test "liquid_volume_contract") due to 1 previous error
