Auto-merging evidence/hit-reconstruction-composition/README.md
CONFLICT (add/add): Merge conflict in evidence/hit-reconstruction-composition/README.md
Auto-merging evidence/hit-reconstruction-composition/clippy-core.log
CONFLICT (add/add): Merge conflict in evidence/hit-reconstruction-composition/clippy-core.log
Auto-merging evidence/hit-reconstruction-composition/clippy-default.log
CONFLICT (add/add): Merge conflict in evidence/hit-reconstruction-composition/clippy-default.log
Auto-merging evidence/hit-reconstruction-composition/clippy-desktop.log
CONFLICT (add/add): Merge conflict in evidence/hit-reconstruction-composition/clippy-desktop.log
Auto-merging evidence/hit-reconstruction-composition/legacy-replay.log
CONFLICT (add/add): Merge conflict in evidence/hit-reconstruction-composition/legacy-replay.log
Auto-merging evidence/hit-reconstruction-composition/legacy-replay/demo-16/run.json
CONFLICT (add/add): Merge conflict in evidence/hit-reconstruction-composition/legacy-replay/demo-16/run.json
Auto-merging evidence/hit-reconstruction-composition/legacy-replay/demo-64/run.json
CONFLICT (add/add): Merge conflict in evidence/hit-reconstruction-composition/legacy-replay/demo-64/run.json
Auto-merging evidence/hit-reconstruction-composition/legacy-replay/demo-plume/run.json
CONFLICT (add/add): Merge conflict in evidence/hit-reconstruction-composition/legacy-replay/demo-plume/run.json
Auto-merging evidence/hit-reconstruction-composition/legacy-replay/receipt.json
CONFLICT (add/add): Merge conflict in evidence/hit-reconstruction-composition/legacy-replay/receipt.json
Auto-merging evidence/hit-reconstruction-composition/receipt.json
CONFLICT (add/add): Merge conflict in evidence/hit-reconstruction-composition/receipt.json
Auto-merging evidence/hit-reconstruction-composition/release-build.log
CONFLICT (add/add): Merge conflict in evidence/hit-reconstruction-composition/release-build.log
Auto-merging evidence/hit-reconstruction-composition/test-core.log
CONFLICT (add/add): Merge conflict in evidence/hit-reconstruction-composition/test-core.log
Auto-merging evidence/hit-reconstruction-composition/test-default.log
CONFLICT (add/add): Merge conflict in evidence/hit-reconstruction-composition/test-default.log
Auto-merging evidence/hit-reconstruction-composition/test-desktop.log
CONFLICT (add/add): Merge conflict in evidence/hit-reconstruction-composition/test-desktop.log
Automatic merge failed; fix conflicts and then commit the result.
