✔ [4/99] Built Batteries.Lean.Position
✔ [5/99] Built Batteries.Tactic.SeqFocus
✔ [6/99] Built Batteries.Lean.NameMapAttribute
✔ [7/99] Built Batteries.Tactic.Init
✔ [8/99] Built Batteries.Tactic.Unreachable
✔ [9/99] Built Batteries.Util.ExtendedBinder
✔ [10/100] Built Mathlib.Tactic.Linter.DirectoryDependency
✔ [11/102] Built Batteries.Util.LibraryNote
✔ [12/103] Built Batteries.CodeAction.Attr
✔ [13/103] Built Batteries.Tactic.OpenPrivate
✔ [14/104] Built Batteries.Tactic.Lint.Basic
✔ [15/104] Built Batteries.Classes.Order
✔ [16/104] Built Mathlib.Tactic.Linter.Header
✔ [17/104] Built Batteries.CodeAction.Basic
✔ [18/104] Built Batteries.Tactic.Lint.TypeClass
✔ [19/107] Built Batteries.Tactic.Lint.Frontend
✔ [20/107] Built Batteries.CodeAction.Deprecated
✔ [21/107] Built Batteries.Tactic.Lint.Simp
✔ [22/107] Built Batteries.Tactic.Lint.Misc
✔ [23/107] Built Mathlib.Tactic.Linter.OldObtain
✔ [24/107] Built Mathlib.Tactic.Linter.UnusedTacticExtension
✔ [25/107] Built Mathlib.Tactic.DeclarationNames
✔ [26/107] Built Mathlib.Tactic.Linter.HashCommandLinter
✔ [27/107] Built Mathlib.Tactic.Linter.Multigoal
✔ [28/107] Built Batteries.CodeAction.Misc
✔ [29/111] Built Mathlib.Tactic.Linter.GlobalAttributeIn
✔ [30/111] Built Mathlib.Tactic.Linter.DocString
✔ [31/111] Built Mathlib.Tactic.Linter.DocPrime
✔ [32/111] Built Batteries.Tactic.Lint
✔ [33/111] Built Mathlib.Tactic.Linter.DeprecatedSyntaxLinter
✔ [34/111] Built Batteries.Linter.UnreachableTactic
✔ [35/112] Built Batteries.CodeAction
✔ [36/114] Built Batteries.Lean.Syntax
✔ [37/119] Built Mathlib.Tactic.Linter.UnusedTactic
✔ [40/122] Built Mathlib.Tactic.Linter.Lint
✔ [41/122] Built Batteries.Tactic.Alias
✔ [42/122] Built Aesop.Check
✔ [43/124] Built Batteries.Logic
✔ [44/125] Built Mathlib.Tactic.Linter.FlexibleLinter
✔ [45/126] Built Aesop.Forward.PremiseIndex
✔ [46/127] Built Aesop.Forward.SlotIndex
✔ [47/128] Built Aesop.Forward.LevelIndex
✔ [48/130] Built Mathlib.Tactic.Linter.Style
✔ [49/131] Built Aesop.Nanos
✔ [50/131] Built Aesop.Options.Public
✔ [51/134] Built Mathlib.Init
✔ [52/134] Built Aesop.Index.DiscrTreeConfig
✔ [53/134] Built Batteries.Lean.Expr
✔ [54/134] Built Aesop.Options.Internal
✔ [55/134] Built Mathlib.Tactic.Substs
✔ [56/134] Built Batteries.Data.Array.Merge
✔ [57/134] Built Mathlib.Data.Nat.BinaryRec
✔ [58/134] Built Mathlib.Util.WithWeakNamespace
✔ [59/134] Built Mathlib.Lean.Elab.Term
✔ [60/134] Built Mathlib.Lean.PrettyPrinter.Delaborator
✔ [61/134] Built Batteries.Tactic.Trans
✔ [62/134] Built Mathlib.Tactic.Conv
✔ [63/134] Built Mathlib.Lean.Meta
✔ [64/134] Built Mathlib.Tactic.WithoutCDot
✔ [65/134] Built Mathlib.Tactic.SimpRw
✔ [66/134] Built Mathlib.Tactic.Simproc.ExistsAndEq
✔ [67/134] Built Mathlib.Tactic.PPWithUniv
✔ [68/134] Built Mathlib.Tactic.ExtendDoc
✔ [69/134] Built Mathlib.Tactic.OfNat
✔ [70/134] Built Aesop.RPINF.Basic
✔ [71/134] Built Mathlib.Tactic.Attr.Register
✔ [72/134] Built Mathlib.Tactic.AdaptationNote
✔ [73/134] Built Mathlib.Data.Int.Notation
✔ [74/134] Built Mathlib.Util.AssertExistsExt
✔ [75/134] Built Mathlib.Data.Set.Defs
✔ [76/134] Built Mathlib.Util.CompileInductive
✔ [77/134] Built Mathlib.Tactic.Eqns
✔ [78/134] Built Mathlib.Tactic.Simps.NotationClass
✔ [79/134] Built Mathlib.Lean.EnvExtension
✔ [80/134] Built Mathlib.Lean.Name
✔ [81/134] Built Mathlib.Data.Array.Defs
✔ [82/134] Built Mathlib.Util.MemoFix
✔ [83/134] Built Mathlib.Data.Nat.Notation
✔ [84/134] Built Mathlib.Data.String.Defs
✔ [85/134] Built Mathlib.Lean.Expr.Basic
✔ [86/134] Built Mathlib.Lean.Meta.Simp
✔ [87/134] Built Mathlib.Tactic.TypeStar
✔ [88/134] Built Batteries.Data.String.Basic
✔ [89/134] Built Mathlib.Tactic.Lemma
✔ [90/134] Built Aesop.Options
✔ [91/134] Built Aesop.Util.UnorderedArraySet
✔ [92/134] Built Mathlib.Lean.Expr.ReplaceRec
✔ [93/134] Built Mathlib.Util.AssertExists
✔ [94/134] Built Mathlib.Tactic.Use
✔ [95/134] Built Mathlib.Tactic.Core
✔ [96/134] Built Mathlib.Tactic.ScopedNS
✔ [97/134] Built Mathlib.Tactic.Inhabit
✔ [98/134] Built Mathlib.Logic.Function.Defs
✔ [99/134] Built Mathlib.Tactic.MkIffOfInductiveProp
✔ [100/135] Built Mathlib.Tactic.Basic
✔ [101/135] Built Mathlib.Data.Ordering.Basic
✔ [102/135] Built Mathlib.Logic.ExistsUnique
✔ [103/135] Built Mathlib.Logic.Relator
✔ [104/135] Built Aesop.Util.Basic
✔ [105/135] Built Mathlib.Logic.Nontrivial.Defs
✔ [106/135] Built Mathlib.Logic.Nonempty
✔ [107/139] Built Aesop.Rule.Name
✔ [108/145] Built Mathlib.Tactic.Simps.Basic
✔ [109/146] Built Mathlib.Tactic.SplitIfs
✔ [110/146] Built Batteries.Data.Array.Init.Lemmas
✔ [111/146] Built Mathlib.Logic.Basic
✔ [112/146] Built Aesop.Forward.Substitution
✔ [113/146] Built Aesop.Util.UnionFind
✔ [114/149] Built Batteries.Data.Array.Basic
✔ [115/149] Built Mathlib.Order.Defs.PartialOrder
✔ [116/149] Built Aesop.Percent
✔ [117/149] Built Mathlib.Order.Defs.Unbundled
✔ [118/150] Built Aesop.RuleTac.RuleTerm
✔ [119/150] Built Aesop.RulePattern.Cache
✔ [120/150] Built Aesop.Tracing
✔ [121/153] Built Mathlib.Order.Defs.LinearOrder
✔ [122/153] Built Aesop.Stats.Basic
✔ [123/153] Built Mathlib.Logic.Relation
✔ [124/153] Built Mathlib.Logic.Function.Basic
✔ [125/153] Built Mathlib.Data.Bool.Basic
✔ [126/153] Built Aesop.RuleTac.FVarIdSubst
✔ [127/155] Built Aesop.Script.CtorNames
✔ [128/155] Built Mathlib.Logic.Function.Conjugate
✔ [129/155] Built Aesop.BaseM
✔ [130/156] Built Mathlib.Data.Subtype
✔ [131/156] Built Batteries.Lean.Meta.Basic
✔ [132/156] Built Mathlib.Logic.IsEmpty
✔ [133/158] Built Mathlib.Data.FunLike.Basic
✔ [134/158] Built Mathlib.Tactic.ToAdditive.Frontend
✔ [135/158] Built Aesop.Script.Tactic
✔ [136/158] Built Mathlib.Logic.Function.Iterate
✔ [137/158] Built Aesop.RPINF
✔ [138/158] Built Mathlib.Logic.Unique
✔ [139/161] Built Mathlib.Data.FunLike.Embedding
✔ [140/161] Built Mathlib.Util.Notation3
✔ [141/161] Built Mathlib.Tactic.ToAdditive
✔ [142/161] Built Aesop.Script.GoalWithMVars
✔ [143/166] Built Batteries.Lean.MonadBacktrack
✔ [144/166] Built Mathlib.Data.FunLike.Equiv
✔ [145/166] Built Aesop.Util.EqualUpToIds
✔ [146/166] Built Aesop.RuleTac.GoalDiff
✔ [147/169] Built Aesop.RulePattern
✔ [148/172] Built Mathlib.Data.Quot
✔ [149/172] Built Batteries.Data.List.Init.Lemmas
✔ [150/172] Built Batteries.Lean.Meta.SavedState
✔ [151/172] Built Mathlib.Algebra.Notation.Defs
✔ [152/173] Built Aesop.Script.TacticState
✔ [153/174] Built Aesop.ElabM
✔ [154/174] Built Aesop.Script.Util
✔ [155/175] Built Aesop.RuleTac.Forward.Basic
✔ [156/175] Built Aesop.Forward.RuleInfo
✔ [157/176] Built Aesop.Util.Tactic
✔ [158/178] Built Aesop.RuleTac.ElabRuleTerm
✔ [159/178] Built Mathlib.Logic.Equiv.Defs
✔ [160/180] Built Aesop.Util.Tactic.Ext
✔ [161/180] Built Aesop.Rule.Forward
✔ [162/181] Built Batteries.Lean.Meta.Inaccessible
✔ [163/185] Built Batteries.Lean.Meta.UnusedNames
✔ [164/188] Built Aesop.Util.Tactic.Unfold
✔ [165/188] Built Batteries.Lean.Meta.Expr
✔ [166/190] Built Batteries.Lean.PersistentHashMap
✔ [167/190] Built Batteries.Lean.Meta.InstantiateMVars
✔ [168/191] Built Aesop.Forward.Match.Types
✔ [169/191] Built Batteries.Lean.Meta.DiscrTree
✔ [170/193] Built Batteries.Lean.PersistentHashSet
✔ [171/209] Built Aesop.RuleSet.Name
✔ [172/211] Built Batteries.Data.List.Basic
✔ [173/211] Built Aesop.Index.Basic
✔ [174/212] Built Aesop.RuleSet.Filter
✔ [175/212] Built Batteries.Tactic.PermuteGoals
✔ [176/215] Built Aesop.Script.OptimizeSyntax
✔ [177/215] Built Aesop.Search.Expansion.Simp
✔ [178/226] Built Aesop.Constants
✔ [179/226] Built Mathlib.Algebra.Group.Defs
✔ [180/228] Built Batteries.Lean.HashSet
✔ [181/237] Built Aesop.Index.Forward
✔ [182/240] Built Batteries.Control.ForInStep.Basic
✔ [183/256] Built Aesop.Index.RulePattern
✔ [184/256] Built Aesop.Exception
✔ [185/258] Built Mathlib.Algebra.Group.Semiconj.Defs
✔ [186/258] Built Aesop.Script.Step
✔ [187/258] Built Aesop.Frontend.Basic
✔ [188/258] Built Aesop.Stats.Extension
✔ [189/258] Built Aesop.RuleTac.Basic
✔ [190/258] Built Aesop.Script.SScript
✔ [191/258] Built Mathlib.Algebra.Group.Commute.Defs
✔ [192/258] Built Aesop.Script.UScript
✔ [193/258] Built Aesop.Script.ScriptM
✔ [194/262] Built Aesop.RuleTac.Descr
✔ [195/262] Built Aesop.Search.Expansion.Basic
✔ [196/262] Built Aesop.Stats.Report
✔ [197/262] Built Aesop.RuleTac.Tactic
✔ [198/275] Built Aesop.Script.Check
✔ [199/276] Built Aesop.Script.UScriptToSScript
✔ [200/276] Built Aesop.Rule.Basic
✔ [201/278] Built Mathlib.Tactic.Spread
✔ [202/278] Built Aesop.Script.StructureStatic
✔ [203/278] Built Mathlib.Algebra.Notation.Pi
✔ [204/279] Built Batteries.Data.BinomialHeap.Basic
✔ [205/282] Built Aesop.Rule
✔ [206/282] Built Aesop.Script.SpecificTactics
✔ [207/282] Built Aesop.Script.StructureDynamic
✔ [208/282] Built Aesop.RuleSet.Member
✔ [209/282] Built Aesop.Tree.UnsafeQueue
✔ [210/282] Built Mathlib.Data.Sum.Basic
✔ [211/282] Built Mathlib.Control.Combinators
✔ [212/282] Built Batteries.Tactic.Congr
✔ [213/282] Built Mathlib.Data.Option.Defs
✔ [214/282] Built Aesop.RuleTac.Preprocess
✔ [215/282] Built Aesop.RuleTac.Apply
✔ [216/282] Built Aesop.RuleTac.Cases
✔ [217/289] Built Aesop.Script.Main
✔ [219/291] Built Aesop.Builder.Basic
✔ [221/291] Built Mathlib.Data.Set.CoeSort
✔ [222/291] Built Aesop.Forward.Match
✔ [223/291] Built Aesop.Builder.Unfold
✔ [224/291] Built Mathlib.Util.WhatsNew
✔ [225/291] Built Aesop.Builder.Tactic
✔ [226/291] Built Aesop.Builder.Apply
✔ [227/293] Built Aesop.Builder.NormSimp
✔ [228/294] Built Aesop.Builder.Forward
✔ [229/294] Built Aesop.Builder.Constructors
✔ [230/294] Built Mathlib.Algebra.Group.Pi.Basic
✔ [231/294] Built Qq.ForLean.ToExpr
✔ [232/294] Built Aesop.Builder.Cases
✔ [233/294] Built Qq.ForLean.ReduceEval
✔ [234/296] Built Aesop.Tree.Data.ForwardRuleMatches
✔ [235/296] Built Mathlib.Tactic.ToExpr
✔ [236/296] Built Qq.Typ
✔ [237/297] Built Aesop.Builder.Default
✔ [238/299] Built Aesop.Index
✔ [239/303] Built Aesop.RuleTac.Forward
✔ [240/303] Built Mathlib.Tactic.FBinop
✔ [241/303] Built Qq.ForLean.Do
✔ [242/303] Built Qq.SortLocalDecls
✔ [243/303] Built Aesop.RuleTac
✔ [244/305] Built Mathlib.Data.SProd
✔ [245/305] Built Batteries.Lean.Except
✔ [246/313] Built Aesop.Forward.State
✔ [247/313] Built Batteries.Tactic.Exact
✔ [248/313] Built Batteries.Lean.TagAttribute
✔ [249/317] Built Batteries.Util.ProofWanted
✔ [250/317] Built Aesop.Frontend.RuleExpr
✔ [251/317] Built Aesop.RuleSet
✔ [252/317] Built Batteries.Lean.AttributeExtra
✔ [253/317] Built Aesop.Forward.State.ApplyGoalDiff
✔ [254/317] Built Aesop.Forward.State.Initial
✔ [255/317] Built Aesop.Tree.Data
✔ [256/317] Built Aesop.Frontend.Extension.Init
✔ [257/317] Built Batteries.Linter.UnnecessarySeqFocus
✔ [258/317] Built Mathlib.Lean.Meta.CongrTheorems
✔ [259/317] Built Aesop.Tree.TreeM
✔ [260/317] Built Aesop.Search.Queue.Class
✔ [261/319] Built Aesop.Tree.RunMetaM
✔ [262/319] Built Aesop.Tree.Traversal
✔ [263/319] Built Batteries.Linter
✔ [264/319] Built Aesop.Frontend.Extension
✔ [265/319] Built Qq.Macro
✔ [266/319] Built Aesop.Tree.Free
✔ [267/319] Built Aesop.Saturate
✔ [268/319] Built Aesop.Tree.ExtractScript
✔ [269/322] Built Aesop.Tree.ExtractProof
✔ [270/322] Built Aesop.Search.SearchM
✔ [271/322] Built Batteries.Tactic.Basic
✔ [272/322] Built Aesop.Tree.State
✔ [273/322] Built Mathlib.Tactic.CongrExclamation
✔ [274/322] Built Aesop.Tree.Tracing
✔ [275/322] Built Aesop.Tree.AddRapp
✔ [276/324] Built Aesop.Frontend.Attribute
✔ [277/324] Built Aesop.Frontend.Command
✔ [278/324] Built Mathlib.Logic.Function.ULift
✔ [279/324] Built Qq.Delab
✔ [280/324] Built Aesop.Frontend.Saturate
✔ [281/324] Built Mathlib.Tactic.GCongr.ForwardAttr
✔ [282/324] Built Aesop.Frontend.Tactic
✔ [283/324] Built Aesop.Search.RuleSelection
✔ [284/324] Built Mathlib.Tactic.Push
✔ [285/324] Built Aesop.BuiltinRules.Split
✔ [286/324] Built Aesop.BuiltinRules.Subst
✔ [287/324] Built Mathlib.Tactic.Convert
✔ [288/324] Built Aesop.BuiltinRules.Intros
✔ [289/324] Built Aesop.BuiltinRules.Rfl
✔ [290/325] Built Aesop.Tree.Check
✔ [291/325] Built Aesop.BuiltinRules.Ext
✔ [292/325] Built Aesop.BuiltinRules.DestructProducts
✔ [293/325] Built Aesop.BuiltinRules.ApplyHyps
✔ [294/328] Built Qq.MetaM
✔ [295/328] Built Aesop.BuiltinRules.Assumption
✔ [296/328] Built Aesop.Tree
✔ [297/328] Built Qq.AssertInstancesCommute
✔ [298/329] Built Qq.Simp
✔ [299/330] Built Aesop.Search.Expansion.Norm
✔ [300/330] Built Mathlib.Tactic.Contrapose
✔ [301/330] Built Aesop.BuiltinRules
✔ [302/330] Built Mathlib.Tactic.GCongr.Core
✔ [303/332] Built Mathlib.Data.Nat.Init
✔ [304/332] Built Aesop.Search.Queue
✔ [305/334] Built Mathlib.Data.Int.Order.Basic
✔ [306/341] Built Mathlib.Tactic.GCongr.CoreAttrs
✔ [307/341] Built Batteries.WF
✔ [308/346] Built Mathlib.Tactic.Coe
✔ [309/349] Built Mathlib.Util.Tactic
✔ [310/349] Built Mathlib.Tactic.Monotonicity.Attr
✔ [311/349] Built Mathlib.Data.Nat.Basic
✔ [312/351] Built Mathlib.Tactic.CasesM
✔ [313/356] Built Mathlib.Tactic.Choose
✔ [314/356] Built Mathlib.Lean.Elab.Tactic.Basic
✔ [315/358] Built Mathlib.Util.PPOptions
✔ [316/359] Built Mathlib.Tactic.ByContra
✔ [317/361] Built Mathlib.Control.EquivFunctor
✔ [318/361] Built Qq.Match
✔ [319/361] Built Mathlib.Tactic.Lift
✔ [320/364] Built Mathlib.Data.Sigma.Basic
✔ [321/370] Built Mathlib.Lean.Meta.Basic
✔ [322/370] Built Qq
✔ [323/372] Built Mathlib.Tactic.CC.Lemmas
✔ [324/375] Built Mathlib.Tactic.Relation.Rfl
✔ [325/375] Built Mathlib.Logic.Equiv.Prod
✔ [326/375] Built Aesop.Search.Expansion
✔ [327/379] Built Mathlib.Tactic.Relation.Symm
✔ [328/379] Built Mathlib.Util.Delaborators
✔ [329/379] Built Mathlib.Tactic.CC.Datatypes
✔ [330/380] Built Mathlib.Order.Notation
✔ [331/380] Built Aesop.Search.ExpandSafePrefix
✔ [332/380] Built Mathlib.Logic.Equiv.Sum
✔ [333/380] Built Mathlib.Tactic.Tauto
✔ [334/383] Built Mathlib.Data.Set.Operations
✔ [335/383] Built Mathlib.Order.Basic
✔ [336/383] Built Mathlib.Tactic.CC.MkProof
✔ [337/383] Built Mathlib.Data.Int.Init
✔ [338/383] Built Mathlib.Order.RelClasses
✔ [339/383] Built Mathlib.Order.Monotone.Defs
✔ [340/389] Built Mathlib.Order.ULift
✔ [341/389] Built Mathlib.Order.Synonym
✔ [342/389] Built Mathlib.Tactic.Attr.Core
✔ [343/389] Built Mathlib.Algebra.Group.Hom.Defs
✔ [344/389] Built Mathlib.Order.Compare
✔ [345/393] Built Mathlib.Algebra.Group.Units.Defs
✔ [346/395] Built Mathlib.Tactic.Subsingleton
✔ [347/399] Built Mathlib.Algebra.NeZero
✔ [348/401] Built Mathlib.Algebra.GroupWithZero.Defs
✔ [349/403] Built Mathlib.Order.Max
✔ [352/408] Built Mathlib.Data.Int.Basic
✔ [353/408] Built Batteries.Data.NameSet
✔ [354/410] Built Mathlib.Algebra.GroupWithZero.NeZero
✔ [355/410] Built ImportGraph.RequiredModules
✔ [356/410] Built Mathlib.Order.Monotone.Basic
✔ [357/416] Built ImportGraph.Imports
✔ [358/416] Built Mathlib.Algebra.Group.Equiv.Defs
✔ [359/419] Built Mathlib.Tactic.MinImports
✔ [360/420] Built Mathlib.Data.Nat.Cast.Defs
✔ [361/426] Built Mathlib.Tactic.Set
✔ [362/426] Built Mathlib.Data.Int.Cast.Defs
✔ [363/435] Built Mathlib.Logic.OpClass
✔ [364/438] Built Mathlib.Data.Prod.PProd
✔ [365/439] Built Mathlib.Order.Lattice
✔ [366/440] Built Mathlib.Algebra.Notation
✔ [367/444] Built Mathlib.Order.MinMax
✔ [368/450] Built Mathlib.Algebra.Order.ZeroLEOne
✔ [369/450] Built Mathlib.Algebra.Order.Group.Synonym
✔ [370/454] Built Mathlib.Tactic.Bound.Init
✔ [371/457] Built Mathlib.Algebra.Group.Nat.Defs
✔ [372/457] Built Mathlib.Tactic.StacksAttribute
✔ [373/461] Built Mathlib.Algebra.CharZero.Defs
✔ [376/467] Built Batteries.Data.Nat.Basic
✔ [377/467] Built Plausible.Random
✔ [378/470] Built Plausible.Attr
✔ [380/471] Built Mathlib.Data.Nat.Sqrt
✔ [382/474] Built Plausible.Gen
✔ [383/475] Built LeanSearchClient.Basic
✔ [384/477] Built Mathlib.Algebra.Ring.Defs
✔ [385/477] Built Plausible.Sampleable
✔ [386/478] Built Mathlib.Tactic.ApplyCongr
✔ [387/479] Built Mathlib.Tactic.ApplyAt
✔ [388/479] Built Mathlib.Tactic.ApplyWith
✔ [389/480] Built LeanSearchClient.Syntax
✔ [390/481] Built Mathlib.Tactic.CC.Addition
✔ [391/482] Built Plausible.Testable
✔ [392/482] Built Mathlib.Tactic.Check
✔ [393/482] Built Mathlib.Tactic.ClearExclamation
✔ [394/482] Built Mathlib.Tactic.Cases
✔ [395/484] Built Mathlib.Tactic.ClearExcept
✔ [396/484] Built LeanSearchClient.LoogleSyntax
✔ [397/484] Built Aesop.Search.Main
✔ [398/486] Built Mathlib.Tactic.CC
✔ [399/486] Built Plausible.Functions
✔ [400/487] Built Batteries.Tactic.HelpCmd
✔ [401/487] Built LeanSearchClient
✔ [402/488] Built Mathlib.Tactic.Clear_
✔ [403/489] Built Plausible.Tactic
✔ [404/490] Built Mathlib.Tactic.Constructor
✔ [405/491] Built Mathlib.Tactic.DeprecateTo
✔ [406/491] Built Mathlib.Tactic.ErwQuestion
✔ [407/492] Built Aesop.Main
✔ [408/492] Built Plausible
✔ [409/492] Built Mathlib.Tactic.ExistsI
✔ [410/494] Built Mathlib.Tactic.DefEqTransformations
✔ [411/495] Built Aesop
✔ [412/495] Built Mathlib.Tactic.ExtractGoal
✔ [413/495] Built Mathlib.Tactic.ExtractLets
✔ [414/495] Built Batteries.Util.Cache
✔ [415/495] Built Mathlib.Tactic.TermCongr
✔ [416/495] Built Mathlib.Tactic.FailIfNoProgress
✔ [417/497] Built Mathlib.Tactic.Finiteness.Attr
✔ [418/498] Built Mathlib.Tactic.Bound.Attribute
✔ [419/498] Built Mathlib.Data.Option.Basic
✔ [420/498] Built Mathlib.Tactic.CongrM
✔ [421/498] Built Mathlib.Tactic.Find
✔ [422/498] Built Mathlib.Data.Prod.Basic
✔ [423/498] Built Mathlib.Tactic.GuardGoalNums
✔ [424/498] Built Mathlib.Tactic.GuardHypNums
✔ [425/498] Built Mathlib.Tactic.HigherOrder
✔ [426/501] Built Mathlib.Order.BoundedOrder.Basic
✔ [427/502] Built Mathlib.Logic.Nontrivial.Basic
✔ [428/502] Built Mathlib.Logic.Equiv.Option
✔ [429/504] Built Mathlib.Tactic.GeneralizeProofs
✔ [430/504] Built Mathlib.Order.BoundedOrder.Lattice
✔ [431/504] Built Mathlib.Order.GaloisConnection.Defs
✔ [432/504] Built Mathlib.Tactic.InferParam
✔ [433/504] Built Batteries.Data.MLList.Basic
✔ [434/505] Built Mathlib.Algebra.Group.TypeTags.Basic
✔ [435/505] Built Mathlib.Tactic.Nontriviality.Core
✔ [436/505] Built Mathlib.Algebra.Opposites
✔ [437/507] Built Mathlib.Util.TermReduce
✔ [438/507] Built Batteries.Control.Nondet.Basic
✔ [439/507] Built Mathlib.Algebra.Group.Basic
✔ [440/507] Built Mathlib.Logic.Equiv.Basic
✔ [441/508] Built Mathlib.Tactic.Linter.DeprecatedModule
✔ [442/510] Built Mathlib.Tactic.Nontriviality
✔ [443/510] Built Mathlib.Order.Disjoint
✔ [444/511] Built Mathlib.Tactic.Linter.HaveLetLinter
✔ [445/511] Built Mathlib.Tactic.Hint
✔ [446/511] Built Mathlib.Tactic.Linter.MinImports
✔ [447/511] Built Mathlib.Tactic.IrreducibleDef
✔ [448/511] Built Mathlib.Data.Int.Cast.Basic
✔ [449/511] Built Mathlib.Algebra.Group.Action.Defs
✔ [450/511] Built Mathlib.Algebra.Order.Monoid.Unbundled.Defs
✔ [451/512] Built Mathlib.Algebra.Group.Hom.Basic
✔ [452/513] Built Mathlib.Tactic.Linter.PPRoundtrip
✔ [453/513] Built Mathlib.Tactic.Linter.UpstreamableDecl
✔ [454/513] Built Mathlib.Order.PropInstances
✔ [455/513] Built Mathlib.Logic.Embedding.Basic
✔ [456/514] Built Mathlib.Tactic.NthRewrite
✔ [457/514] Built Mathlib.Algebra.Group.Action.Faithful
✔ [458/514] Built Mathlib.Algebra.GroupWithZero.Basic
✔ [459/514] Built Mathlib.Algebra.Order.Monoid.Unbundled.OrderDual
✔ [460/514] Built Mathlib.Algebra.Order.GroupWithZero.Unbundled.Defs
✔ [461/515] Built Mathlib.Algebra.Group.Units.Basic
✔ [462/515] Built Mathlib.Algebra.Group.Equiv.Basic
✔ [463/516] Built Mathlib.Algebra.Group.InjSurj
✔ [464/516] Built Mathlib.Tactic.Observe
✔ [465/516] Built Mathlib.Tactic.Linter
✔ [466/516] Built Mathlib.Tactic.RSuffices
✔ [467/517] Built Mathlib.Tactic.Propose
✔ [468/517] Built Mathlib.Algebra.Group.Semiconj.Units
✔ [469/517] Built Mathlib.Algebra.GroupWithZero.Hom
✔ [470/517] Built Mathlib.Algebra.Order.Monoid.Unbundled.Basic
✔ [471/518] Built Mathlib.Order.RelIso.Basic
✔ [472/518] Built Mathlib.Tactic.Recover
✔ [473/519] Built Mathlib.Algebra.GroupWithZero.Units.Basic
✔ [474/519] Built Mathlib.Tactic.Rename
✔ [475/519] Built Mathlib.Algebra.Group.Units.Hom
✔ [476/519] Built Mathlib.Tactic.RenameBVar
✔ [477/519] Built Mathlib.Order.Heyting.Basic
✔ [478/519] Built Mathlib.Algebra.Group.Opposite
✔ [479/519] Built Mathlib.Algebra.Group.Commute.Units
✔ [480/519] Built Mathlib.Algebra.Order.Sub.Defs
✔ [481/519] Built Mathlib.Algebra.Order.Monoid.Unbundled.ExistsOfLE
✔ [482/521] Built Mathlib.Algebra.Order.Monoid.NatCast
✔ [483/521] Built Mathlib.Algebra.Order.Monoid.Unbundled.MinMax
✔ [484/521] Built Mathlib.Algebra.Order.Monoid.Defs
✔ [485/521] Built Mathlib.Tactic.SimpIntro
✔ [486/522] Built Mathlib.Tactic.Says
✔ [487/522] Built Mathlib.Algebra.GroupWithZero.Semiconj
✔ [488/522] Built Mathlib.Algebra.Order.Monoid.Unbundled.Pow
✔ [489/522] Built Mathlib.Algebra.Group.Units.Equiv
✔ [490/522] Built Mathlib.Algebra.Group.Equiv.Opposite
✔ [491/523] Built Mathlib.Tactic.SuccessIfFailWithMsg
✔ [492/524] Built Mathlib.Order.Hom.Basic
✔ [493/524] Built Mathlib.Tactic.SudoSetOption
✔ [494/524] Built Mathlib.Tactic.SwapVar
✔ [495/525] Built Mathlib.Algebra.GroupWithZero.Commute
✔ [496/526] Built Mathlib.Tactic.ToLevel
✔ [497/526] Built Mathlib.Algebra.Order.GroupWithZero.Unbundled.Basic
✔ [498/527] Built Mathlib.Tactic.Trace
✔ [499/527] Built Mathlib.Algebra.Group.Even
✔ [500/530] Built Mathlib.Tactic.UnsetOption
✔ [501/530] Built Mathlib.Tactic.TypeCheck
✔ [502/530] Built Mathlib.Algebra.GroupWithZero.Units.Lemmas
✔ [506/535] Built Mathlib.Order.BooleanAlgebra
✔ [507/535] Built ProofWidgets.Compat
✔ [508/540] Built Mathlib.Algebra.Group.Nat.Even
✔ [509/540] Built ProofWidgets.Util
✔ [510/541] Built Mathlib.Tactic.Variable
✔ [511/542] Built ProofWidgets.Component.Basic
✔ [512/548] Built Mathlib.Algebra.Order.Group.Unbundled.Basic
✔ [513/548] Built ProofWidgets.Cancellable
✔ [514/548] Built Mathlib.Tactic.Widget.SelectInsertParamsClass
✔ [515/548] Built ProofWidgets.Component.MakeEditLink
✔ [516/548] Built Mathlib.Tactic.WLOG
✔ [517/548] Built Mathlib.Order.SymmDiff
✔ [518/548] Built Mathlib.Data.Set.Basic
✔ [519/550] Built Mathlib.Util.CountHeartbeats
✔ [520/550] Built Mathlib.Util.TransImports
✔ [521/550] Built Mathlib.Algebra.Order.Group.OrderIso
✔ [522/550] Built Mathlib.Data.Set.SymmDiff
✔ [523/550] Built ProofWidgets.Data.Html
✔ [524/552] Built Mathlib.Data.Set.Inclusion
✔ [525/552] Built Mathlib.Data.Set.Disjoint
✔ [526/555] Built Mathlib.Algebra.Order.Group.Defs
✔ [527/555] Built Mathlib.Algebra.Group.TypeTags.Hom
✔ [528/555] Built ProofWidgets.Component.OfRpcMethod
✔ [529/556] Built Mathlib.Algebra.Ring.Basic
✔ [530/556] Built Mathlib.Algebra.Order.Group.Lattice
✔ [531/556] Built Mathlib.Algebra.GroupWithZero.Nat
✔ [532/556] Built Mathlib.Algebra.Group.Nat.Hom
✔ [533/556] Built Mathlib.Algebra.Order.Ring.Unbundled.Basic
✔ [534/556] Built Mathlib.Tactic.Widget.SelectPanelUtils
✔ [535/564] Built Mathlib.Algebra.Ring.Semiconj
✔ [536/564] Built Mathlib.Algebra.Ring.Nat
✔ [537/564] Built Mathlib.Data.Set.Insert
✔ [538/564] Built Mathlib.Tactic.Widget.Conv
✔ [539/564] Built Mathlib.Tactic.Widget.CongrM
✔ [540/564] Built Mathlib.Algebra.Ring.Hom.Defs
✔ [541/566] Built Mathlib.Data.Bracket
✔ [542/566] Built Mathlib.Algebra.Order.Ring.Defs
✔ [543/571] Built Mathlib.Algebra.GroupWithZero.InjSurj
✔ [544/574] Built Mathlib.Algebra.Order.Group.Unbundled.Abs
✔ [545/574] Built Mathlib.Tactic.Widget.Calc
✔ [546/578] Built Mathlib.Algebra.Notation.Prod
✔ [547/578] Built Batteries.Data.Nat.Gcd
✔ [548/578] Built Mathlib.Data.Set.Subsingleton
✔ [549/579] Built Mathlib.Algebra.Group.Int.Defs
✔ [550/579] Built Mathlib.Tactic.Common
✔ [551/579] Built Mathlib.Data.Int.Cast.Pi
✔ [552/580] Built Batteries.Data.Rat.Basic
✔ [553/580] Built Mathlib.Algebra.Ring.Int.Defs
✔ [554/580] Built Mathlib.Algebra.Order.Group.PosPart
✔ [555/580] Built Mathlib.Algebra.Divisibility.Basic
✔ [556/583] Built Batteries.Classes.RatCast
✔ [557/583] Built Mathlib.Data.Nat.Factorial.Basic
✔ [558/583] Built Mathlib.Algebra.Ring.InjSurj
✔ [559/587] Built Mathlib.Data.Rat.Init
✔ [560/587] Built Mathlib.Algebra.Divisibility.Hom
✔ [561/589] Built Mathlib.Data.Nat.Cast.NeZero
✔ [562/589] Built Mathlib.Algebra.Order.Group.Unbundled.Int
✔ [563/589] Built Mathlib.Algebra.Field.Defs
✔ [564/591] Built Mathlib.Algebra.Ring.Hom.Basic
✔ [565/591] Built Batteries.Data.Rat.Lemmas
✔ [566/591] Built Mathlib.Order.Bounds.Defs
✔ [567/592] Built Mathlib.Algebra.Ring.Units
✔ [568/592] Built Mathlib.Data.PNat.Notation
✔ [569/592] Built Mathlib.Data.Set.Image
✔ [570/592] Built Mathlib.Data.Int.Cast.Field
✔ [571/592] Built Mathlib.Data.Nat.Cast.Basic
✔ [572/592] Built Mathlib.Lean.Expr.Rat
✔ [573/592] Built Mathlib.Data.PNat.Defs
✔ [574/592] Built Mathlib.Data.Rat.Defs
✔ [575/599] Built Mathlib.Algebra.Ring.Commute
✔ [576/599] Built Mathlib.Data.Nat.Cast.Order.Basic
✔ [577/599] Built Mathlib.Algebra.Ring.Rat
✔ [578/599] Built Mathlib.Data.Set.Restrict
✔ [579/600] Built Mathlib.Data.Nat.Cast.Commute
✔ [580/600] Built Mathlib.Algebra.Group.Support
✔ [581/600] Built Mathlib.Util.Qq
✔ [582/600] Built Mathlib.Algebra.Group.Invertible.Defs
✔ [583/600] Built Mathlib.Tactic.HaveI
✔ [584/602] Built Mathlib.Algebra.Order.Ring.Unbundled.Rat
✔ [585/603] Built Mathlib.Algebra.Order.Nonneg.Basic
✔ [586/603] Built Mathlib.Algebra.Group.Invertible.Basic
✔ [587/603] Built Mathlib.Algebra.GroupWithZero.Units.Equiv
✔ [588/605] Built Mathlib.Data.Set.Prod
✔ [589/605] Built Mathlib.Algebra.Ring.Parity
✔ [590/607] Built Mathlib.Algebra.Order.Monoid.Canonical.Defs
✔ [591/607] Built Mathlib.Algebra.GroupWithZero.Invertible
✔ [592/607] Built Mathlib.Algebra.Group.WithOne.Defs
✔ [593/607] Built Mathlib.Data.NNRat.Defs
✔ [594/607] Built Mathlib.Algebra.GroupWithZero.Equiv
✔ [595/607] Built Mathlib.Algebra.Order.Group.Nat
✔ [596/607] Built Mathlib.Data.Option.NAry
✔ [597/612] Built Mathlib.Data.Set.Function
✔ [598/612] Built Mathlib.Algebra.Ring.Invertible
✔ [599/613] Built Mathlib.Algebra.Order.Ring.Basic
✔ [600/614] Built Mathlib.Data.Int.Cast.Lemmas
✔ [601/614] Built Mathlib.Order.TypeTags
✔ [602/615] Built Mathlib.Data.Set.Piecewise
✔ [603/615] Built Mathlib.Algebra.Order.GroupWithZero.Unbundled.OrderIso
✔ [604/615] Built Mathlib.Tactic.NormNum.Result
✔ [605/619] Built Mathlib.Algebra.GroupWithZero.WithZero
✔ [606/619] Built Mathlib.Data.Int.CharZero
✔ [607/623] Built Mathlib.Algebra.Order.Monoid.Basic
✔ [608/623] Built Mathlib.Algebra.Group.Action.Pi
✔ [609/624] Built Mathlib.Algebra.Order.Monoid.OrderDual
✔ [610/625] Built Mathlib.Algebra.Order.Monoid.Unbundled.TypeTags
✔ [611/625] Built Mathlib.Algebra.Order.Monoid.TypeTags
✔ [612/630] Built Mathlib.Algebra.Order.Sub.Unbundled.Basic
✔ [613/634] Built Mathlib.Algebra.Order.Group.Int
✔ [614/635] Built Mathlib.Tactic.NormNum.Core
✔ [615/635] Built Mathlib.Data.Int.Sqrt
✔ [616/635] Built Mathlib.Algebra.Order.Sub.Basic
✔ [617/641] Built Mathlib.Control.Basic
✔ [618/641] Built Mathlib.Algebra.Group.Nat.Units
✔ [619/642] Built Mathlib.Algebra.Ring.Divisibility.Basic
✔ [620/644] Built Mathlib.Algebra.Order.Group.Abs
✔ [621/644] Built Mathlib.Algebra.Group.Int.Even
✔ [622/644] Built Mathlib.Algebra.Regular.Basic
✔ [623/647] Built Mathlib.Algebra.Group.Int.Units
✔ [624/647] Built Mathlib.Algebra.Ring.Int.Parity
✔ [625/647] Built Mathlib.Order.Directed
✔ [626/649] Built Mathlib.Order.BoundedOrder.Monotone
✔ [627/649] Built Mathlib.Order.Interval.Set.Defs
✔ [628/649] Built Mathlib.Algebra.Ring.Int.Units
✔ [629/651] Built Mathlib.Algebra.Order.Ring.Int
✔ [630/655] Built Mathlib.Algebra.Field.Basic
✔ [631/656] Built Mathlib.Order.WithBot
✔ [632/656] Built Mathlib.Data.Set.Monotone
✔ [633/656] Built Mathlib.Data.Set.NAry
✔ [634/657] Built Mathlib.Order.WellFounded
✔ [635/660] Built Mathlib.Order.Interval.Set.Basic
✔ [636/660] Built Mathlib.Algebra.Order.Group.MinMax
✔ [637/660] Built Mathlib.Logic.Equiv.Set
✔ [638/663] Built Mathlib.Order.Bounds.Image
✔ [639/663] Built Mathlib.Logic.Pairwise
✔ [640/663] Built Mathlib.Algebra.GroupWithZero.Pi
✔ [641/669] Built Mathlib.Order.Bounds.Basic
✔ [642/669] Built Mathlib.Algebra.Group.Hom.Instances
✔ [643/669] Built Mathlib.Order.Hom.Set
✔ [644/669] Built Mathlib.Control.ULift
✔ [645/673] Built Mathlib.Algebra.Order.Monoid.Unbundled.WithTop
✔ [646/673] Built Mathlib.Data.ULift
✔ [647/675] Built Mathlib.Order.Bounds.OrderIso
✔ [648/676] Built Mathlib.Algebra.Order.Monoid.WithTop
✔ [649/678] Built Mathlib.Algebra.Group.Action.Opposite
✔ [650/679] Built Mathlib.Algebra.GroupWithZero.Opposite
✔ [651/680] Built Mathlib.Algebra.Ring.Equiv
✔ [652/680] Built Mathlib.Algebra.Group.Pi.Lemmas
✔ [653/682] Built Mathlib.Algebra.Order.Ring.Rat
✔ [654/682] Built Mathlib.Algebra.Order.AddGroupWithTop
✔ [655/682] Built Mathlib.Tactic.FastInstance
✔ [656/685] Built Mathlib.Algebra.Ring.CompTypeclasses
✔ [657/685] Built Mathlib.Order.SetNotation
✔ [658/685] Built Mathlib.Algebra.GroupWithZero.Action.Defs
✔ [659/685] Built Mathlib.Algebra.Field.Rat
✔ [660/685] Built Mathlib.Algebra.Group.Semiconj.Basic
✔ [661/689] Built Mathlib.GroupTheory.GroupAction.Ring
✔ [662/689] Built Mathlib.Algebra.Ring.Action.Rat
✔ [663/689] Built Mathlib.Algebra.Divisibility.Units
✔ [664/689] Built Mathlib.Algebra.Ring.Pi
✔ [665/694] Built Mathlib.Algebra.Group.Commute.Basic
✔ [666/694] Built Mathlib.Data.Nat.Find
✔ [667/694] Built Batteries.Control.ForInStep.Lemmas
✔ [668/700] Built Mathlib.Order.CompleteLattice.Defs
✔ [669/700] Built Mathlib.Algebra.Order.GroupWithZero.Canonical
✔ [670/702] Built Mathlib.Algebra.GroupWithZero.Divisibility
✔ [671/702] Built Mathlib.Order.Nat
✔ [672/702] Built Mathlib.Data.List.Monad
✔ [673/702] Built Mathlib.Control.Functor
✔ [674/705] Built Mathlib.Algebra.Order.Ring.Nat
✔ [675/705] Built Mathlib.Data.Rat.Lemmas
✔ [676/706] Built Batteries.Data.List.Lemmas
✔ [677/706] Built Mathlib.Data.Nat.Cast.Order.Ring
✔ [678/711] Built Batteries.Data.List.Count
✔ [679/711] Built Mathlib.Data.List.Defs
✔ [680/711] Built Mathlib.Order.CompleteLattice.Basic
✔ [681/711] Built Mathlib.Data.Set.Pairwise.Basic
✔ [682/714] Built Mathlib.Algebra.Order.Invertible
✔ [683/714] Built Mathlib.Data.Rat.Cast.Defs
✔ [684/714] Built Batteries.Data.List.Pairwise
✔ [685/715] Built Mathlib.Algebra.Order.Ring.Cast
✔ [686/715] Built Mathlib.Data.Set.List
✔ [687/715] Built Mathlib.Algebra.Order.Ring.Abs
✔ [688/722] Built Mathlib.Data.Setoid.Basic
✔ [689/724] Built Batteries.Data.List.Perm
✔ [690/742] Built Mathlib.Data.Finset.Attr
✔ [691/746] Built Mathlib.Data.List.TakeDrop
✔ [692/746] Built Mathlib.Algebra.BigOperators.Group.List.Defs
✔ [693/758] Built Mathlib.Data.List.Count
✔ [694/761] Built Mathlib.Data.List.Pairwise
✔ [695/762] Built Mathlib.Data.List.Flatten
✔ [696/765] Built Mathlib.Data.List.Basic
✔ [697/765] Built Mathlib.Data.Finite.Defs
✔ [698/765] Built Mathlib.Data.List.ProdSigma
✔ [699/765] Built Mathlib.Logic.Function.DependsOn
✔ [700/765] Built Mathlib.Data.List.Perm.Subperm
✔ [701/765] Built Mathlib.Data.List.Induction
✔ [702/765] Built Mathlib.Data.List.Lex
✔ [703/767] Built Mathlib.Tactic.Positivity.Core
✔ [704/767] Built Mathlib.Data.List.InsertIdx
✔ [705/767] Built Mathlib.Data.List.Lattice
✔ [706/767] Built Mathlib.Data.Multiset.Defs
✔ [707/767] Built Mathlib.Data.List.Forall2
✔ [708/767] Built Mathlib.Tactic.GCongr
✔ [709/767] Built Mathlib.Data.List.Infix
✔ [710/767] Built Mathlib.Algebra.Group.Prod
✔ [711/767] Built Mathlib.Data.Finset.Defs
✔ [712/767] Built Mathlib.Data.Multiset.ZeroCons
✔ [713/767] Built Mathlib.Data.List.Chain
✔ [714/767] Built Mathlib.Data.List.Perm.Basic
✔ [715/767] Built Mathlib.Data.List.Nodup
✔ [716/767] Built Mathlib.Data.Multiset.Basic
✔ [717/774] Built Mathlib.Data.Finset.Empty
✔ [718/774] Built Mathlib.Data.List.Range
✔ [719/774] Built Mathlib.Data.List.Perm.Lattice
✔ [720/774] Built Mathlib.Data.List.Dedup
✔ [721/774] Built Mathlib.Data.List.Rotate
✔ [722/775] Built Mathlib.Data.Multiset.Count
✔ [723/776] Built Mathlib.Algebra.Order.Field.Basic
✔ [724/777] Built Mathlib.Data.Int.DivMod
✔ [725/785] Built Mathlib.Data.List.Duplicate
✔ [726/794] Built Mathlib.Data.List.TakeWhile
✔ [727/799] Built Mathlib.Algebra.BigOperators.Group.List.Basic
✔ [728/800] Built Mathlib.Data.Multiset.AddSub
✔ [729/800] Built Mathlib.Data.Bool.Set
✔ [730/800] Built Mathlib.Data.Nat.Set
✔ [731/800] Built Mathlib.Data.Multiset.Replicate
✔ [732/800] Built Mathlib.Algebra.BigOperators.Group.List.Lemmas
✔ [733/800] Built Mathlib.Order.GaloisConnection.Basic
✔ [734/805] Built Mathlib.Algebra.BigOperators.Ring.List
✔ [735/807] Built Mathlib.Tactic.Positivity.Basic
✔ [736/807] Built Mathlib.Order.CompleteLattice.Lemmas
✔ [737/808] Built Mathlib.Data.Fin.Basic
✔ [738/808] Built Mathlib.Data.List.Zip
✔ [739/813] Built Mathlib.Data.Nat.Choose.Basic
✔ [740/813] Built Mathlib.Data.Fin.Rev
✔ [741/814] Built Mathlib.Data.Multiset.MapFold
✔ [742/814] Built Mathlib.Algebra.Order.Hom.Basic
✔ [743/818] Built Mathlib.Order.Hom.Bounded
✔ [744/818] Built Mathlib.Order.Fin.Basic
✔ [745/818] Built Mathlib.Data.Finset.Attach
✔ [746/818] Built Mathlib.Order.Hom.Lattice
✔ [747/819] Built Mathlib.Data.Multiset.Filter
✔ [748/819] Built Mathlib.Order.CompleteBooleanAlgebra
✔ [749/819] Built Mathlib.Data.Fin.Tuple.Basic
✔ [750/819] Built Mathlib.Data.Finset.Filter
✔ [751/822] Built Mathlib.Algebra.BigOperators.Group.Multiset.Defs
✔ [752/822] Built Mathlib.Data.Multiset.UnionInter
✔ [753/822] Built Mathlib.Algebra.Order.AbsoluteValue.Basic
✔ [754/822] Built Mathlib.Data.Finset.Erase
✔ [755/822] Built Mathlib.Order.Hom.BoundedLattice
✔ [756/822] Built Mathlib.Data.Set.BooleanAlgebra
✔ [757/822] Built Mathlib.Algebra.Order.BigOperators.Group.List
✔ [758/823] Built Mathlib.Data.List.OfFn
✔ [759/823] Built Mathlib.Data.Multiset.Range
✔ [760/824] Built Mathlib.Data.Multiset.Dedup
✔ [761/824] Built Mathlib.Data.Fintype.Defs
✔ [762/824] Built Mathlib.Data.List.MinMax
✔ [763/829] Built Mathlib.Data.List.FinRange
✔ [764/829] Built Mathlib.Data.List.Sort
✔ [765/829] Built Mathlib.Data.Set.Sigma
✔ [766/829] Built Mathlib.Data.Finset.Dedup
✔ [767/829] Built Mathlib.Data.Multiset.Fold
✔ [768/830] Built Mathlib.Data.Multiset.FinsetOps
✔ [769/830] Built Mathlib.Data.Set.Lattice
✔ [770/830] Built Mathlib.Data.List.Sublists
✔ [771/830] Built Mathlib.Data.List.NodupEquivFin
✔ [772/830] Built Mathlib.Algebra.Order.Group.Multiset
✔ [773/830] Built Mathlib.Data.Multiset.Lattice
✔ [774/830] Built Mathlib.Algebra.Order.BigOperators.Group.Multiset
✔ [775/830] Built Mathlib.Algebra.Order.CauSeq.Basic
✔ [776/830] Built Mathlib.Data.Finset.Insert
✔ [777/830] Built Mathlib.Data.Finset.Lattice.Basic
✔ [778/831] Built Mathlib.Data.Multiset.OrderedMonoid
✔ [779/831] Built Mathlib.Data.Set.Pairwise.Lattice
✔ [780/831] Built Mathlib.Data.Multiset.Sum
✔ [781/831] Built Mathlib.Data.Finset.Range
✔ [782/831] Built Mathlib.Data.Finset.Disjoint
✔ [783/832] Built Mathlib.Algebra.BigOperators.Group.Multiset.Basic
✔ [784/833] Built Mathlib.Algebra.Group.Embedding
✔ [785/833] Built Mathlib.Data.Finset.Lattice.Lemmas
✔ [786/833] Built Mathlib.Algebra.Order.CauSeq.Completion
✔ [787/834] Built Mathlib.Order.Antisymmetrization
✔ [788/838] Built Mathlib.Data.Multiset.Bind
✔ [789/838] Built Mathlib.Data.Finset.SDiff
✔ [790/838] Built Mathlib.Order.Hom.WithTopBot
✔ [791/838] Built Mathlib.Data.Set.Lattice.Image
✔ [792/838] Built Mathlib.Data.Multiset.Sections
✔ [793/838] Built Mathlib.Data.Set.Order
✔ [794/838] Built Mathlib.Data.Multiset.Powerset
✔ [795/838] Built Mathlib.Data.Multiset.Pi
✔ [796/838] Built Mathlib.Order.Interval.Set.Image
✔ [797/845] Built Mathlib.Data.Finset.Basic
✔ [798/850] Built Mathlib.Data.Multiset.Antidiagonal
✔ [799/850] Built Mathlib.Data.Real.Basic
✔ [800/854] Built Mathlib.Tactic.SetLike
✔ [801/855] Built Mathlib.Data.Finset.Image
✔ [802/855] Built Mathlib.Algebra.BigOperators.Ring.Multiset
✔ [803/855] Built Mathlib.Data.List.Scan
✔ [804/855] Built Mathlib.Order.Interval.Set.WithBotTop
✔ [805/855] Built Mathlib.Data.Vector.Defs
✔ [806/855] Built Mathlib.Order.Interval.Set.LinearOrder
✔ [807/855] Built Mathlib.Data.SetLike.Basic
✔ [808/858] Built Mathlib.Data.Finset.Fold
✔ [809/858] Built Mathlib.Data.Fintype.OfMap
✔ [810/858] Built Mathlib.Data.Finset.SymmDiff
✔ [811/858] Built Mathlib.Control.Applicative
✔ [812/858] Built Mathlib.Data.Finset.BooleanAlgebra
✔ [813/858] Built Mathlib.Data.Finset.Card
✔ [814/858] Built Mathlib.Control.Traversable.Basic
✔ [815/858] Built Mathlib.Order.Preorder.Chain
✔ [816/858] Built Mathlib.Data.Finset.Piecewise
✔ [817/861] Built Mathlib.Data.Finset.Fin
✔ [818/861] Built Mathlib.Data.Fintype.Sets
✔ [819/862] Built Mathlib.Data.Finset.Union
✔ [820/864] Built Mathlib.Order.Interval.Set.UnorderedInterval
✔ [821/864] Built Mathlib.Data.Finset.Sum
✔ [822/864] Built Mathlib.Order.Antichain
✔ [823/864] Built Mathlib.Data.Rat.Cast.CharZero
✔ [824/864] Built Mathlib.Data.Fintype.Basic
✔ [825/864] Built Mathlib.Data.Vector.Basic
✔ [826/866] Built Mathlib.Data.Finset.Pi
✔ [827/866] Built Mathlib.Data.Finset.Option
✔ [828/866] Built Mathlib.Util.AtomM
✔ [829/866] Built Mathlib.Data.Finset.Prod
✔ [830/866] Built Mathlib.Order.Interval.Set.OrderEmbedding
✔ [831/866] Built Mathlib.Algebra.BigOperators.Group.Finset.Defs
✔ [832/866] Built Mathlib.Tactic.TryThis
✔ [833/866] Built Mathlib.Data.Fintype.Card
✔ [834/866] Built Mathlib.Order.CompleteLattice.Finset
✔ [835/867] Built Mathlib.Tactic.NormNum.Basic
✔ [836/871] Built Mathlib.Order.Interval.Set.OrdConnected
✔ [837/871] Built Mathlib.Data.Fintype.EquivFin
✔ [838/871] Built Mathlib.Data.Finset.Lattice.Fold
✔ [839/871] Built Mathlib.Tactic.NormNum.Pow
✔ [840/871] Built Mathlib.Algebra.Order.Positive.Ring
✔ [841/871] Built Mathlib.Data.PNat.Equiv
✔ [842/871] Built Mathlib.Tactic.NormNum.Inv
✔ [843/871] Built Mathlib.Order.Interval.Set.Fin
✔ [844/871] Built Mathlib.Order.Cover
✔ [845/871] Built Mathlib.Data.Finset.Sigma
✔ [846/871] Built Mathlib.Data.Set.Finite.Basic
✔ [847/871] Built Mathlib.Data.Finset.Lattice.Union
✔ [848/871] Built Mathlib.Data.Finset.Max
✔ [849/871] Built Mathlib.Data.PNat.Basic
✔ [850/871] Built Mathlib.Algebra.BigOperators.Group.Finset.Basic
✔ [851/871] Built Mathlib.Data.Finset.Preimage
✔ [852/871] Built Mathlib.Data.Fintype.Pi
✔ [853/877] Built Mathlib.Algebra.BigOperators.GroupWithZero.Finset
✔ [854/877] Built Mathlib.Data.Finset.Powerset
✔ [855/877] Built Mathlib.Algebra.BigOperators.Group.Finset.Sigma
✔ [856/878] Built Mathlib.Data.Ineq
✔ [857/878] Built Mathlib.Algebra.BigOperators.Group.Finset.Pi
✔ [858/878] Built Mathlib.Util.SynthesizeUsing
✔ [859/878] Built Mathlib.Data.Fintype.Powerset
✔ [860/881] Built Mathlib.Algebra.BigOperators.Group.Finset.Piecewise
✔ [861/881] Built Mathlib.Tactic.Linarith.Lemmas
✔ [862/881] Built Mathlib.Tactic.Zify
✔ [863/881] Built Mathlib.Data.Tree.Basic
✔ [864/881] Built Mathlib.Tactic.Linarith.Datatypes
✔ [865/887] Built Mathlib.Algebra.Order.BigOperators.Group.Finset
✔ [866/887] Built Mathlib.Algebra.BigOperators.Ring.Finset
✔ [867/887] Built Mathlib.Order.Interval.Finset.Defs
✔ [868/887] Built Mathlib.Tactic.Linarith.Oracle.SimplexAlgorithm.Datatypes
✔ [869/887] Built Mathlib.Tactic.Linarith.Oracle.SimplexAlgorithm.Gauss
✔ [870/888] Built Mathlib.Tactic.Linarith.Parsing
✔ [871/888] Built Mathlib.Tactic.Linarith.Oracle.SimplexAlgorithm.SimplexAlgorithm
✔ [872/890] Built Mathlib.Tactic.Linarith.Oracle.SimplexAlgorithm.PositiveVector
✔ [873/890] Built Mathlib.Algebra.Order.Field.Defs
✔ [874/890] Built Mathlib.Tactic.Linarith.Verification
✔ [875/890] Built Mathlib.Algebra.Order.Ring.Canonical
✔ [876/890] Built Mathlib.Algebra.Order.Field.Canonical
✔ [877/901] Built Mathlib.Tactic.Linarith.Oracle.SimplexAlgorithm
✔ [878/902] Built Mathlib.Tactic.CancelDenoms.Core
✔ [879/903] Built Mathlib.Order.ConditionallyCompleteLattice.Defs
✔ [880/903] Built Mathlib.Order.LatticeIntervals
✔ [881/903] Built Mathlib.Algebra.Order.Ring.InjSurj
✔ [882/907] Built Mathlib.Tactic.NormNum.Eq
✔ [884/910] Built Mathlib.Order.Interval.Finset.Basic
✔ [885/910] Built Mathlib.Tactic.Ring.Basic
✔ [886/910] Built Mathlib.Util.DischargerAsTactic
✔ [887/910] Built Mathlib.Tactic.Linarith.Preprocessing
✔ [888/910] Built Mathlib.Order.Interval.Multiset
✔ [889/910] Built Mathlib.Tactic.Ring.PNat
✔ [890/910] Built Mathlib.Order.ConditionallyCompleteLattice.Basic
✔ [891/910] Built Mathlib.Tactic.FieldSimp
✔ [892/910] Built Mathlib.Tactic.NormNum.Ineq
✔ [893/910] Built Mathlib.Tactic.Linarith.Frontend
✔ [894/910] Built Mathlib.Order.Interval.Finset.Nat
✔ [895/910] Built Mathlib.Tactic.Ring.RingNF
✔ [896/910] Built Mathlib.Tactic.Ring
✔ [897/910] Built Mathlib.Tactic.NormNum.DivMod
✔ [898/910] Built Mathlib.Order.CompleteLatticeIntervals
✔ [899/910] Built Mathlib.Algebra.Order.Nonneg.Lattice
✔ [900/910] Built Mathlib.Algebra.Order.Nonneg.Ring
✔ [901/910] Built Mathlib.Algebra.Order.Nonneg.Field
✔ [902/910] Built Mathlib.Algebra.Order.Field.Rat
✔ [903/910] Built Mathlib.Data.Rat.Cast.Lemmas
✔ [904/910] Built Mathlib.Tactic.NormNum.OfScientific
✔ [905/910] Built Mathlib.Order.Interval.Finset.Fin
✔ [906/910] Built Mathlib.Data.Rat.Cast.Order
✔ [907/910] Built Mathlib.Data.Fintype.Fin
✔ [908/910] Built Mathlib.Tactic.NormNum
✔ [909/910] Built Mathlib.Tactic.Linarith
✔ [910/910] Built Rheon.Physics
Build completed successfully.
