    Checking rheon v0.1.0 (/workspace/Rheon)
error: this `if` statement can be collapsed
  --> tests/coupled_discrete_contract.rs:17:9
   |
17 | /         if e.weights[0] == 1. {
18 | |             if let Some(j) = e.columns[0] {
19 | |                 z[j] = n.position[1];
20 | |             }
21 | |         }
   | |_________^
   |
   = help: for further information visit https://rust-lang.github.io/rust-clippy/rust-1.92.0/index.html#collapsible_if
   = note: `-D clippy::collapsible-if` implied by `-D warnings`
   = help: to override `-D warnings` add `#[allow(clippy::collapsible_if)]`
help: collapse nested if block
   |
17 ~         if e.weights[0] == 1.
18 ~             && let Some(j) = e.columns[0] {
19 |                 z[j] = n.position[1];
20 ~             }
   |

error: could not compile `rheon` (test "coupled_discrete_contract") due to 1 previous error
