    Checking rheon v0.1.0 (/workspace/Rheon)
error[E0277]: the trait bound `[f64]: std::convert::TryFrom<&[f64]>` is not satisfied
   --> src/coupled_discrete.rs:301:14
    |
301 |             .try_into()
    |              ^^^^^^^^ the trait `std::convert::From<&[f64]>` is not implemented for `[f64]`
    |
    = help: the following other types implement trait `std::convert::From<T>`:
              `[T; 1]` implements `std::convert::From<(T,)>`
              `[T; 2]` implements `std::convert::From<(T, T)>`
              `[T; 3]` implements `std::convert::From<(T, T, T)>`
              `[T; 4]` implements `std::convert::From<(T, T, T, T)>`
              `[T; 5]` implements `std::convert::From<(T, T, T, T, T)>`
              `[T; 6]` implements `std::convert::From<(T, T, T, T, T, T)>`
              `[T; 7]` implements `std::convert::From<(T, T, T, T, T, T, T)>`
              `[T; 8]` implements `std::convert::From<(T, T, T, T, T, T, T, T)>`
            and 6 others
    = note: required for `&[f64]` to implement `std::convert::Into<[f64]>`
    = note: required for `[f64]` to implement `std::convert::TryFrom<&[f64]>`
    = note: required for `&[f64]` to implement `std::convert::TryInto<[f64]>`

error[E0277]: the size for values of type `[f64]` cannot be known at compilation time
   --> src/coupled_discrete.rs:300:13
    |
300 |         let pressure = initial_unknown[6..]
    |             ^^^^^^^^ doesn't have a size known at compile-time
    |
    = help: the trait `std::marker::Sized` is not implemented for `[f64]`
    = note: all local variables must have a statically known size

error[E0277]: the size for values of type `[f64]` cannot be known at compilation time
   --> src/coupled_discrete.rs:300:24
    |
300 |           let pressure = initial_unknown[6..]
    |  ________________________^
301 | |             .try_into()
302 | |             .map_err(|_| CoupledDiscreteError::UnsupportedSlice)?;
    | |_________________________________________________________________^ doesn't have a size known at compile-time
    |
    = help: the trait `std::marker::Sized` is not implemented for `[f64]`
    = note: all local variables must have a statically known size

error[E0277]: the size for values of type `[f64]` cannot be known at compilation time
   --> src/coupled_discrete.rs:300:24
    |
300 |           let pressure = initial_unknown[6..]
    |  ________________________^
301 | |             .try_into()
302 | |             .map_err(|_| CoupledDiscreteError::UnsupportedSlice)?;
    | |________________________________________________________________^ doesn't have a size known at compile-time
    |
    = help: the trait `std::marker::Sized` is not implemented for `[f64]`
note: required by an implicit `Sized` bound in `std::result::Result`
   --> /rustc/ded5c06cf21d2b93bffd5d884aa6e96934ee4234/library/core/src/result.rs:557:1

error[E0277]: the size for values of type `[f64]` cannot be known at compilation time
   --> src/coupled_discrete.rs:302:14
    |
302 |             .map_err(|_| CoupledDiscreteError::UnsupportedSlice)?;
    |              ^^^^^^^ doesn't have a size known at compile-time
    |
    = help: the trait `std::marker::Sized` is not implemented for `[f64]`
note: required by a bound in `std::result::Result::<T, E>::map_err`
   --> /rustc/ded5c06cf21d2b93bffd5d884aa6e96934ee4234/library/core/src/result.rs:962:5

error[E0277]: the size for values of type `[f64]` cannot be known at compilation time
   --> src/coupled_discrete.rs:301:14
    |
301 |             .try_into()
    |              ^^^^^^^^ doesn't have a size known at compile-time
    |
    = help: the trait `std::marker::Sized` is not implemented for `[f64]`
    = note: required for `&[f64]` to implement `std::convert::TryInto<[f64]>`

error[E0277]: the size for values of type `[f64]` cannot be known at compilation time
   --> src/coupled_discrete.rs:302:65
    |
302 |             .map_err(|_| CoupledDiscreteError::UnsupportedSlice)?;
    |                                                                 ^ doesn't have a size known at compile-time
    |
    = help: the trait `std::marker::Sized` is not implemented for `[f64]`
note: required by a bound in `std::ops::ControlFlow::Break`
   --> /rustc/ded5c06cf21d2b93bffd5d884aa6e96934ee4234/library/core/src/ops/control_flow.rs:96:5

error[E0277]: the size for values of type `[f64]` cannot be known at compilation time
   --> src/coupled_discrete.rs:300:24
    |
300 |           let pressure = initial_unknown[6..]
    |  ________________________^
301 | |             .try_into()
302 | |             .map_err(|_| CoupledDiscreteError::UnsupportedSlice)?;
    | |_________________________________________________________________^ doesn't have a size known at compile-time
    |
    = help: the trait `std::marker::Sized` is not implemented for `[f64]`
note: required by a bound in `std::ops::ControlFlow::Continue`
   --> /rustc/ded5c06cf21d2b93bffd5d884aa6e96934ee4234/library/core/src/ops/control_flow.rs:92:5

error[E0308]: mismatched types
   --> src/coupled_discrete.rs:317:13
    |
306 |                 pressure_coefficients: &pressure,
    |                                         -------- here the type of `pressure` is inferred to be `[f64]`
...
317 |             pressure,
    |             ^^^^^^^^ expected `[f64; 16]`, found `[f64]`

Some errors have detailed explanations: E0277, E0308.
For more information about an error, try `rustc --explain E0277`.
error: could not compile `rheon` (lib) due to 9 previous errors
