    Checking rheon v0.1.0 (/workspace/Rheon)
error: the loop variable `i` is used to index `jacobian`
   --> src/coupled_discrete.rs:373:26
    |
373 |                 for i in 0..V {
    |                          ^^^^
    |
    = help: for further information visit https://rust-lang.github.io/rust-clippy/rust-1.92.0/index.html#needless_range_loop
    = note: `-D clippy::needless-range-loop` implied by `-D warnings`
    = help: to override `-D warnings` add `#[allow(clippy::needless_range_loop)]`
help: consider using an iterator and enumerate()
    |
373 -                 for i in 0..V {
373 +                 for (i, <item>) in jacobian.iter_mut().enumerate().take(V) {
    |

error: the loop variable `i` is used to index `jacobian`
   --> src/coupled_discrete.rs:378:22
    |
378 |             for i in 0..V {
    |                      ^^^^
    |
    = help: for further information visit https://rust-lang.github.io/rust-clippy/rust-1.92.0/index.html#needless_range_loop
help: consider using an iterator and enumerate()
    |
378 -             for i in 0..V {
378 +             for (i, <item>) in jacobian.iter_mut().enumerate().take(V) {
    |

error: the loop variable `j` is used to index `z`
   --> src/coupled_discrete.rs:453:14
    |
453 |     for j in 0..V {
    |              ^^^^
    |
    = help: for further information visit https://rust-lang.github.io/rust-clippy/rust-1.92.0/index.html#needless_range_loop
help: consider using an iterator and enumerate()
    |
453 -     for j in 0..V {
453 +     for (j, <item>) in z.iter_mut().enumerate().take(V) {
    |

error: the loop variable `k` is only used to index `a`
   --> src/coupled_discrete.rs:494:22
    |
494 |             for k in j + 1..L {
    |                      ^^^^^^^^
    |
    = help: for further information visit https://rust-lang.github.io/rust-clippy/rust-1.92.0/index.html#needless_range_loop
help: consider using an iterator
    |
494 -             for k in j + 1..L {
494 +             for <item> in a.iter_mut().take(L).skip(j + 1) {
    |

error: the loop variable `v` is used to index `derivative`
   --> src/coupled_discrete.rs:675:26
    |
675 |                 for v in 0..V {
    |                          ^^^^
    |
    = help: for further information visit https://rust-lang.github.io/rust-clippy/rust-1.92.0/index.html#needless_range_loop
help: consider using an iterator and enumerate()
    |
675 -                 for v in 0..V {
675 +                 for (v, <item>) in derivative.iter_mut().enumerate().take(V) {
    |

error: the loop variable `d` is used to index `grad`
   --> src/coupled_discrete.rs:676:30
    |
676 |                     for d in 0..2 {
    |                              ^^^^
    |
    = help: for further information visit https://rust-lang.github.io/rust-clippy/rust-1.92.0/index.html#needless_range_loop
help: consider using an iterator and enumerate()
    |
676 -                     for d in 0..2 {
676 +                     for (d, <item>) in grad.iter().enumerate() {
    |

error: the loop variable `t` is used to index `derivative`
   --> src/coupled_discrete.rs:700:18
    |
700 |         for t in 0..T {
    |                  ^^^^
    |
    = help: for further information visit https://rust-lang.github.io/rust-clippy/rust-1.92.0/index.html#needless_range_loop
help: consider using an iterator and enumerate()
    |
700 -         for t in 0..T {
700 +         for (t, <item>) in derivative.iter().enumerate().take(T) {
    |

error: this function has too many arguments (9/7)
   --> src/coupled_discrete.rs:788:5
    |
788 | /     fn equation(
789 | |         &mut self,
790 | |         q: [f64; 3],
791 | |         eta: [f64; 6],
...   |
797 | |         cancel: &mut impl FnMut(CoupledDiscreteStage) -> bool,
798 | |     ) -> Result<Equation, CoupledDiscreteError> {
    | |_______________________________________________^
    |
    = help: for further information visit https://rust-lang.github.io/rust-clippy/rust-1.92.0/index.html#too_many_arguments
    = note: `-D clippy::too-many-arguments` implied by `-D warnings`
    = help: to override `-D warnings` add `#[allow(clippy::too_many_arguments)]`

error: field assignment outside of initializer for an instance created with Default::default()
   --> src/coupled_discrete.rs:818:9
    |
818 |         integral.max_constraints = start.full_constraints.max(end.full_constraints);
    |         ^^^^^^^^^^^^^^^^^^^^^^^^^^^^^^^^^^^^^^^^^^^^^^^^^^^^^^^^^^^^^^^^^^^^^^^^^^^^
    |
note: consider initializing the variable with `coupled_discrete::Integrals { max_constraints: start.full_constraints.max(end.full_constraints), ..Default::default() }` and removing relevant reassignments
   --> src/coupled_discrete.rs:817:9
    |
817 |         let mut integral = Integrals::default();
    |         ^^^^^^^^^^^^^^^^^^^^^^^^^^^^^^^^^^^^^^^^
    = help: for further information visit https://rust-lang.github.io/rust-clippy/rust-1.92.0/index.html#field_reassign_with_default
    = note: `-D clippy::field-reassign-with-default` implied by `-D warnings`
    = help: to override `-D warnings` add `#[allow(clippy::field_reassign_with_default)]`

error: the loop variable `i` is used to index `old`
   --> src/coupled_discrete.rs:801:18
    |
801 |         for i in 0..N {
    |                  ^^^^
    |
    = help: for further information visit https://rust-lang.github.io/rust-clippy/rust-1.92.0/index.html#needless_range_loop
help: consider using an iterator and enumerate()
    |
801 -         for i in 0..N {
801 +         for (i, <item>) in old.iter().enumerate().take(N) {
    |

error: the loop variable `d` is used to index `old`
   --> src/coupled_discrete.rs:802:22
    |
802 |             for d in 0..2 {
    |                      ^^^^
    |
    = help: for further information visit https://rust-lang.github.io/rust-clippy/rust-1.92.0/index.html#needless_range_loop
help: consider using an iterator and enumerate()
    |
802 -             for d in 0..2 {
802 +             for (d, <item>) in old.iter().enumerate().take(2) {
    |

error: the loop variable `d` is used to index `old`
   --> src/coupled_discrete.rs:854:22
    |
854 |             for d in 0..2 {
    |                      ^^^^
    |
    = help: for further information visit https://rust-lang.github.io/rust-clippy/rust-1.92.0/index.html#needless_range_loop
help: consider using an iterator and enumerate()
    |
854 -             for d in 0..2 {
854 +             for (d, <item>) in old.iter().enumerate().take(2) {
    |

error: this function has too many arguments (9/7)
   --> src/coupled_discrete.rs:907:1
    |
907 | / fn qualify(
908 | |     e: &Equation,
909 | |     coarse: &Equation,
910 | |     h: f64,
...   |
916 | |     calls: usize,
917 | | ) -> Result<CoupledDiscreteReport, CoupledDiscreteError> {
    | |________________________________________________________^
    |
    = help: for further information visit https://rust-lang.github.io/rust-clippy/rust-1.92.0/index.html#too_many_arguments

error: the loop variable `i` is used to index `gcl`
   --> src/coupled_discrete.rs:925:14
    |
925 |     for i in 0..N {
    |              ^^^^
    |
    = help: for further information visit https://rust-lang.github.io/rust-clippy/rust-1.92.0/index.html#needless_range_loop
help: consider using an iterator and enumerate()
    |
925 -     for i in 0..N {
925 +     for (i, <item>) in gcl.iter_mut().enumerate().take(N) {
    |

error: the loop variable `i` is used to index `gcl`
   --> src/coupled_discrete.rs:967:14
    |
967 |     for i in 0..N {
    |              ^^^^
    |
    = help: for further information visit https://rust-lang.github.io/rust-clippy/rust-1.92.0/index.html#needless_range_loop
help: consider using an iterator and enumerate()
    |
967 -     for i in 0..N {
967 +     for (i, <item>) in gcl.iter().enumerate().take(N) {
    |

error: float has excessive precision
    --> src/coupled_discrete.rs:1058:7
     |
1058 |     (-9.89400934991649939e-01, 2.71524594117541762e-02),
     |       ^^^^^^^^^^^^^^^^^^^^^^^
     |
     = help: for further information visit https://rust-lang.github.io/rust-clippy/rust-1.92.0/index.html#excessive_precision
     = note: `-D clippy::excessive-precision` implied by `-D warnings`
     = help: to override `-D warnings` add `#[allow(clippy::excessive_precision)]`
help: consider changing the type or truncating it to
     |
1058 -     (-9.89400934991649939e-01, 2.71524594117541762e-02),
1058 +     (-9.894_009_349_916_499e-1, 2.71524594117541762e-02),
     |

error: float has excessive precision
    --> src/coupled_discrete.rs:1058:32
     |
1058 |     (-9.89400934991649939e-01, 2.71524594117541762e-02),
     |                                ^^^^^^^^^^^^^^^^^^^^^^^
     |
     = help: for further information visit https://rust-lang.github.io/rust-clippy/rust-1.92.0/index.html#excessive_precision
help: consider changing the type or truncating it to
     |
1058 -     (-9.89400934991649939e-01, 2.71524594117541762e-02),
1058 +     (-9.89400934991649939e-01, 2.715_245_941_175_417_6e-2),
     |

error: float has excessive precision
    --> src/coupled_discrete.rs:1059:7
     |
1059 |     (-9.44575023073232600e-01, 6.22535239386474565e-02),
     |       ^^^^^^^^^^^^^^^^^^^^^^^
     |
     = help: for further information visit https://rust-lang.github.io/rust-clippy/rust-1.92.0/index.html#excessive_precision
help: consider changing the type or truncating it to
     |
1059 -     (-9.44575023073232600e-01, 6.22535239386474565e-02),
1059 +     (-9.445_750_230_732_326e-1, 6.22535239386474565e-02),
     |

error: float has excessive precision
    --> src/coupled_discrete.rs:1059:32
     |
1059 |     (-9.44575023073232600e-01, 6.22535239386474565e-02),
     |                                ^^^^^^^^^^^^^^^^^^^^^^^
     |
     = help: for further information visit https://rust-lang.github.io/rust-clippy/rust-1.92.0/index.html#excessive_precision
help: consider changing the type or truncating it to
     |
1059 -     (-9.44575023073232600e-01, 6.22535239386474565e-02),
1059 +     (-9.44575023073232600e-01, 6.225_352_393_864_745_6e-2),
     |

error: float has excessive precision
    --> src/coupled_discrete.rs:1060:7
     |
1060 |     (-8.65631202387831755e-01, 9.51585116824926053e-02),
     |       ^^^^^^^^^^^^^^^^^^^^^^^
     |
     = help: for further information visit https://rust-lang.github.io/rust-clippy/rust-1.92.0/index.html#excessive_precision
help: consider changing the type or truncating it to
     |
1060 -     (-8.65631202387831755e-01, 9.51585116824926053e-02),
1060 +     (-8.656_312_023_878_318e-1, 9.51585116824926053e-02),
     |

error: float has excessive precision
    --> src/coupled_discrete.rs:1060:32
     |
1060 |     (-8.65631202387831755e-01, 9.51585116824926053e-02),
     |                                ^^^^^^^^^^^^^^^^^^^^^^^
     |
     = help: for further information visit https://rust-lang.github.io/rust-clippy/rust-1.92.0/index.html#excessive_precision
help: consider changing the type or truncating it to
     |
1060 -     (-8.65631202387831755e-01, 9.51585116824926053e-02),
1060 +     (-8.65631202387831755e-01, 9.515_851_168_249_26e-2),
     |

error: float has excessive precision
    --> src/coupled_discrete.rs:1061:7
     |
1061 |     (-7.55404408355002999e-01, 1.24628971255534071e-01),
     |       ^^^^^^^^^^^^^^^^^^^^^^^
     |
     = help: for further information visit https://rust-lang.github.io/rust-clippy/rust-1.92.0/index.html#excessive_precision
help: consider changing the type or truncating it to
     |
1061 -     (-7.55404408355002999e-01, 1.24628971255534071e-01),
1061 +     (-7.554_044_083_550_03e-1, 1.24628971255534071e-01),
     |

error: float has excessive precision
    --> src/coupled_discrete.rs:1061:32
     |
1061 |     (-7.55404408355002999e-01, 1.24628971255534071e-01),
     |                                ^^^^^^^^^^^^^^^^^^^^^^^
     |
     = help: for further information visit https://rust-lang.github.io/rust-clippy/rust-1.92.0/index.html#excessive_precision
help: consider changing the type or truncating it to
     |
1061 -     (-7.55404408355002999e-01, 1.24628971255534071e-01),
1061 +     (-7.55404408355002999e-01, 1.246_289_712_555_340_7e-1),
     |

error: float has excessive precision
    --> src/coupled_discrete.rs:1062:7
     |
1062 |     (-6.17876244402643771e-01, 1.49595988816576708e-01),
     |       ^^^^^^^^^^^^^^^^^^^^^^^
     |
     = help: for further information visit https://rust-lang.github.io/rust-clippy/rust-1.92.0/index.html#excessive_precision
help: consider changing the type or truncating it to
     |
1062 -     (-6.17876244402643771e-01, 1.49595988816576708e-01),
1062 +     (-6.178_762_444_026_438e-1, 1.49595988816576708e-01),
     |

error: float has excessive precision
    --> src/coupled_discrete.rs:1062:32
     |
1062 |     (-6.17876244402643771e-01, 1.49595988816576708e-01),
     |                                ^^^^^^^^^^^^^^^^^^^^^^^
     |
     = help: for further information visit https://rust-lang.github.io/rust-clippy/rust-1.92.0/index.html#excessive_precision
help: consider changing the type or truncating it to
     |
1062 -     (-6.17876244402643771e-01, 1.49595988816576708e-01),
1062 +     (-6.17876244402643771e-01, 1.495_959_888_165_767e-1),
     |

error: float has excessive precision
    --> src/coupled_discrete.rs:1063:7
     |
1063 |     (-4.58016777657227370e-01, 1.69156519395002647e-01),
     |       ^^^^^^^^^^^^^^^^^^^^^^^
     |
     = help: for further information visit https://rust-lang.github.io/rust-clippy/rust-1.92.0/index.html#excessive_precision
help: consider changing the type or truncating it to
     |
1063 -     (-4.58016777657227370e-01, 1.69156519395002647e-01),
1063 +     (-4.580_167_776_572_273_7e-1, 1.69156519395002647e-01),
     |

error: float has excessive precision
    --> src/coupled_discrete.rs:1063:32
     |
1063 |     (-4.58016777657227370e-01, 1.69156519395002647e-01),
     |                                ^^^^^^^^^^^^^^^^^^^^^^^
     |
     = help: for further information visit https://rust-lang.github.io/rust-clippy/rust-1.92.0/index.html#excessive_precision
help: consider changing the type or truncating it to
     |
1063 -     (-4.58016777657227370e-01, 1.69156519395002647e-01),
1063 +     (-4.58016777657227370e-01, 1.691_565_193_950_026_5e-1),
     |

error: float has excessive precision
    --> src/coupled_discrete.rs:1064:7
     |
1064 |     (-2.81603550779258915e-01, 1.82603415044923639e-01),
     |       ^^^^^^^^^^^^^^^^^^^^^^^
     |
     = help: for further information visit https://rust-lang.github.io/rust-clippy/rust-1.92.0/index.html#excessive_precision
help: consider changing the type or truncating it to
     |
1064 -     (-2.81603550779258915e-01, 1.82603415044923639e-01),
1064 +     (-2.816_035_507_792_589e-1, 1.82603415044923639e-01),
     |

error: float has excessive precision
    --> src/coupled_discrete.rs:1064:32
     |
1064 |     (-2.81603550779258915e-01, 1.82603415044923639e-01),
     |                                ^^^^^^^^^^^^^^^^^^^^^^^
     |
     = help: for further information visit https://rust-lang.github.io/rust-clippy/rust-1.92.0/index.html#excessive_precision
help: consider changing the type or truncating it to
     |
1064 -     (-2.81603550779258915e-01, 1.82603415044923639e-01),
1064 +     (-2.81603550779258915e-01, 1.826_034_150_449_236_4e-1),
     |

error: float has excessive precision
    --> src/coupled_discrete.rs:1065:7
     |
1065 |     (-9.50125098376374405e-02, 1.89450610455068641e-01),
     |       ^^^^^^^^^^^^^^^^^^^^^^^
     |
     = help: for further information visit https://rust-lang.github.io/rust-clippy/rust-1.92.0/index.html#excessive_precision
help: consider changing the type or truncating it to
     |
1065 -     (-9.50125098376374405e-02, 1.89450610455068641e-01),
1065 +     (-9.501_250_983_763_744e-2, 1.89450610455068641e-01),
     |

error: float has excessive precision
    --> src/coupled_discrete.rs:1065:32
     |
1065 |     (-9.50125098376374405e-02, 1.89450610455068641e-01),
     |                                ^^^^^^^^^^^^^^^^^^^^^^^
     |
     = help: for further information visit https://rust-lang.github.io/rust-clippy/rust-1.92.0/index.html#excessive_precision
help: consider changing the type or truncating it to
     |
1065 -     (-9.50125098376374405e-02, 1.89450610455068641e-01),
1065 +     (-9.50125098376374405e-02, 1.894_506_104_550_686_4e-1),
     |

error: float has excessive precision
    --> src/coupled_discrete.rs:1066:6
     |
1066 |     (9.50125098376374405e-02, 1.89450610455068641e-01),
     |      ^^^^^^^^^^^^^^^^^^^^^^^
     |
     = help: for further information visit https://rust-lang.github.io/rust-clippy/rust-1.92.0/index.html#excessive_precision
help: consider changing the type or truncating it to
     |
1066 -     (9.50125098376374405e-02, 1.89450610455068641e-01),
1066 +     (9.501_250_983_763_744e-2, 1.89450610455068641e-01),
     |

error: float has excessive precision
    --> src/coupled_discrete.rs:1066:31
     |
1066 |     (9.50125098376374405e-02, 1.89450610455068641e-01),
     |                               ^^^^^^^^^^^^^^^^^^^^^^^
     |
     = help: for further information visit https://rust-lang.github.io/rust-clippy/rust-1.92.0/index.html#excessive_precision
help: consider changing the type or truncating it to
     |
1066 -     (9.50125098376374405e-02, 1.89450610455068641e-01),
1066 +     (9.50125098376374405e-02, 1.894_506_104_550_686_4e-1),
     |

error: float has excessive precision
    --> src/coupled_discrete.rs:1067:6
     |
1067 |     (2.81603550779258915e-01, 1.82603415044923639e-01),
     |      ^^^^^^^^^^^^^^^^^^^^^^^
     |
     = help: for further information visit https://rust-lang.github.io/rust-clippy/rust-1.92.0/index.html#excessive_precision
help: consider changing the type or truncating it to
     |
1067 -     (2.81603550779258915e-01, 1.82603415044923639e-01),
1067 +     (2.816_035_507_792_589e-1, 1.82603415044923639e-01),
     |

error: float has excessive precision
    --> src/coupled_discrete.rs:1067:31
     |
1067 |     (2.81603550779258915e-01, 1.82603415044923639e-01),
     |                               ^^^^^^^^^^^^^^^^^^^^^^^
     |
     = help: for further information visit https://rust-lang.github.io/rust-clippy/rust-1.92.0/index.html#excessive_precision
help: consider changing the type or truncating it to
     |
1067 -     (2.81603550779258915e-01, 1.82603415044923639e-01),
1067 +     (2.81603550779258915e-01, 1.826_034_150_449_236_4e-1),
     |

error: float has excessive precision
    --> src/coupled_discrete.rs:1068:6
     |
1068 |     (4.58016777657227370e-01, 1.69156519395002647e-01),
     |      ^^^^^^^^^^^^^^^^^^^^^^^
     |
     = help: for further information visit https://rust-lang.github.io/rust-clippy/rust-1.92.0/index.html#excessive_precision
help: consider changing the type or truncating it to
     |
1068 -     (4.58016777657227370e-01, 1.69156519395002647e-01),
1068 +     (4.580_167_776_572_273_7e-1, 1.69156519395002647e-01),
     |

error: float has excessive precision
    --> src/coupled_discrete.rs:1068:31
     |
1068 |     (4.58016777657227370e-01, 1.69156519395002647e-01),
     |                               ^^^^^^^^^^^^^^^^^^^^^^^
     |
     = help: for further information visit https://rust-lang.github.io/rust-clippy/rust-1.92.0/index.html#excessive_precision
help: consider changing the type or truncating it to
     |
1068 -     (4.58016777657227370e-01, 1.69156519395002647e-01),
1068 +     (4.58016777657227370e-01, 1.691_565_193_950_026_5e-1),
     |

error: float has excessive precision
    --> src/coupled_discrete.rs:1069:6
     |
1069 |     (6.17876244402643771e-01, 1.49595988816576708e-01),
     |      ^^^^^^^^^^^^^^^^^^^^^^^
     |
     = help: for further information visit https://rust-lang.github.io/rust-clippy/rust-1.92.0/index.html#excessive_precision
help: consider changing the type or truncating it to
     |
1069 -     (6.17876244402643771e-01, 1.49595988816576708e-01),
1069 +     (6.178_762_444_026_438e-1, 1.49595988816576708e-01),
     |

error: float has excessive precision
    --> src/coupled_discrete.rs:1069:31
     |
1069 |     (6.17876244402643771e-01, 1.49595988816576708e-01),
     |                               ^^^^^^^^^^^^^^^^^^^^^^^
     |
     = help: for further information visit https://rust-lang.github.io/rust-clippy/rust-1.92.0/index.html#excessive_precision
help: consider changing the type or truncating it to
     |
1069 -     (6.17876244402643771e-01, 1.49595988816576708e-01),
1069 +     (6.17876244402643771e-01, 1.495_959_888_165_767e-1),
     |

error: float has excessive precision
    --> src/coupled_discrete.rs:1070:6
     |
1070 |     (7.55404408355002999e-01, 1.24628971255534071e-01),
     |      ^^^^^^^^^^^^^^^^^^^^^^^
     |
     = help: for further information visit https://rust-lang.github.io/rust-clippy/rust-1.92.0/index.html#excessive_precision
help: consider changing the type or truncating it to
     |
1070 -     (7.55404408355002999e-01, 1.24628971255534071e-01),
1070 +     (7.554_044_083_550_03e-1, 1.24628971255534071e-01),
     |

error: float has excessive precision
    --> src/coupled_discrete.rs:1070:31
     |
1070 |     (7.55404408355002999e-01, 1.24628971255534071e-01),
     |                               ^^^^^^^^^^^^^^^^^^^^^^^
     |
     = help: for further information visit https://rust-lang.github.io/rust-clippy/rust-1.92.0/index.html#excessive_precision
help: consider changing the type or truncating it to
     |
1070 -     (7.55404408355002999e-01, 1.24628971255534071e-01),
1070 +     (7.55404408355002999e-01, 1.246_289_712_555_340_7e-1),
     |

error: float has excessive precision
    --> src/coupled_discrete.rs:1071:6
     |
1071 |     (8.65631202387831755e-01, 9.51585116824926053e-02),
     |      ^^^^^^^^^^^^^^^^^^^^^^^
     |
     = help: for further information visit https://rust-lang.github.io/rust-clippy/rust-1.92.0/index.html#excessive_precision
help: consider changing the type or truncating it to
     |
1071 -     (8.65631202387831755e-01, 9.51585116824926053e-02),
1071 +     (8.656_312_023_878_318e-1, 9.51585116824926053e-02),
     |

error: float has excessive precision
    --> src/coupled_discrete.rs:1071:31
     |
1071 |     (8.65631202387831755e-01, 9.51585116824926053e-02),
     |                               ^^^^^^^^^^^^^^^^^^^^^^^
     |
     = help: for further information visit https://rust-lang.github.io/rust-clippy/rust-1.92.0/index.html#excessive_precision
help: consider changing the type or truncating it to
     |
1071 -     (8.65631202387831755e-01, 9.51585116824926053e-02),
1071 +     (8.65631202387831755e-01, 9.515_851_168_249_26e-2),
     |

error: float has excessive precision
    --> src/coupled_discrete.rs:1072:6
     |
1072 |     (9.44575023073232600e-01, 6.22535239386474565e-02),
     |      ^^^^^^^^^^^^^^^^^^^^^^^
     |
     = help: for further information visit https://rust-lang.github.io/rust-clippy/rust-1.92.0/index.html#excessive_precision
help: consider changing the type or truncating it to
     |
1072 -     (9.44575023073232600e-01, 6.22535239386474565e-02),
1072 +     (9.445_750_230_732_326e-1, 6.22535239386474565e-02),
     |

error: float has excessive precision
    --> src/coupled_discrete.rs:1072:31
     |
1072 |     (9.44575023073232600e-01, 6.22535239386474565e-02),
     |                               ^^^^^^^^^^^^^^^^^^^^^^^
     |
     = help: for further information visit https://rust-lang.github.io/rust-clippy/rust-1.92.0/index.html#excessive_precision
help: consider changing the type or truncating it to
     |
1072 -     (9.44575023073232600e-01, 6.22535239386474565e-02),
1072 +     (9.44575023073232600e-01, 6.225_352_393_864_745_6e-2),
     |

error: float has excessive precision
    --> src/coupled_discrete.rs:1073:6
     |
1073 |     (9.89400934991649939e-01, 2.71524594117541762e-02),
     |      ^^^^^^^^^^^^^^^^^^^^^^^
     |
     = help: for further information visit https://rust-lang.github.io/rust-clippy/rust-1.92.0/index.html#excessive_precision
help: consider changing the type or truncating it to
     |
1073 -     (9.89400934991649939e-01, 2.71524594117541762e-02),
1073 +     (9.894_009_349_916_499e-1, 2.71524594117541762e-02),
     |

error: float has excessive precision
    --> src/coupled_discrete.rs:1073:31
     |
1073 |     (9.89400934991649939e-01, 2.71524594117541762e-02),
     |                               ^^^^^^^^^^^^^^^^^^^^^^^
     |
     = help: for further information visit https://rust-lang.github.io/rust-clippy/rust-1.92.0/index.html#excessive_precision
help: consider changing the type or truncating it to
     |
1073 -     (9.89400934991649939e-01, 2.71524594117541762e-02),
1073 +     (9.89400934991649939e-01, 2.715_245_941_175_417_6e-2),
     |

error: float has excessive precision
    --> src/coupled_discrete.rs:1076:7
     |
1076 |     (-9.97263861849481570e-01, 7.01861000947050576e-03),
     |       ^^^^^^^^^^^^^^^^^^^^^^^
     |
     = help: for further information visit https://rust-lang.github.io/rust-clippy/rust-1.92.0/index.html#excessive_precision
help: consider changing the type or truncating it to
     |
1076 -     (-9.97263861849481570e-01, 7.01861000947050576e-03),
1076 +     (-9.972_638_618_494_816e-1, 7.01861000947050576e-03),
     |

error: float has excessive precision
    --> src/coupled_discrete.rs:1076:32
     |
1076 |     (-9.97263861849481570e-01, 7.01861000947050576e-03),
     |                                ^^^^^^^^^^^^^^^^^^^^^^^
     |
     = help: for further information visit https://rust-lang.github.io/rust-clippy/rust-1.92.0/index.html#excessive_precision
help: consider changing the type or truncating it to
     |
1076 -     (-9.97263861849481570e-01, 7.01861000947050576e-03),
1076 +     (-9.97263861849481570e-01, 7.018_610_009_470_506e-3),
     |

error: float has excessive precision
    --> src/coupled_discrete.rs:1077:7
     |
1077 |     (-9.85611511545268382e-01, 1.62743947309057432e-02),
     |       ^^^^^^^^^^^^^^^^^^^^^^^
     |
     = help: for further information visit https://rust-lang.github.io/rust-clippy/rust-1.92.0/index.html#excessive_precision
help: consider changing the type or truncating it to
     |
1077 -     (-9.85611511545268382e-01, 1.62743947309057432e-02),
1077 +     (-9.856_115_115_452_684e-1, 1.62743947309057432e-02),
     |

error: float has excessive precision
    --> src/coupled_discrete.rs:1077:32
     |
1077 |     (-9.85611511545268382e-01, 1.62743947309057432e-02),
     |                                ^^^^^^^^^^^^^^^^^^^^^^^
     |
     = help: for further information visit https://rust-lang.github.io/rust-clippy/rust-1.92.0/index.html#excessive_precision
help: consider changing the type or truncating it to
     |
1077 -     (-9.85611511545268382e-01, 1.62743947309057432e-02),
1077 +     (-9.85611511545268382e-01, 1.627_439_473_090_574_3e-2),
     |

error: float has excessive precision
    --> src/coupled_discrete.rs:1078:7
     |
1078 |     (-9.64762255587506390e-01, 2.53920653092620241e-02),
     |       ^^^^^^^^^^^^^^^^^^^^^^^
     |
     = help: for further information visit https://rust-lang.github.io/rust-clippy/rust-1.92.0/index.html#excessive_precision
help: consider changing the type or truncating it to
     |
1078 -     (-9.64762255587506390e-01, 2.53920653092620241e-02),
1078 +     (-9.647_622_555_875_064e-1, 2.53920653092620241e-02),
     |

error: float has excessive precision
    --> src/coupled_discrete.rs:1078:32
     |
1078 |     (-9.64762255587506390e-01, 2.53920653092620241e-02),
     |                                ^^^^^^^^^^^^^^^^^^^^^^^
     |
     = help: for further information visit https://rust-lang.github.io/rust-clippy/rust-1.92.0/index.html#excessive_precision
help: consider changing the type or truncating it to
     |
1078 -     (-9.64762255587506390e-01, 2.53920653092620241e-02),
1078 +     (-9.64762255587506390e-01, 2.539_206_530_926_202_4e-2),
     |

error: float has excessive precision
    --> src/coupled_discrete.rs:1079:7
     |
1079 |     (-9.34906075937739667e-01, 3.42738629130217645e-02),
     |       ^^^^^^^^^^^^^^^^^^^^^^^
     |
     = help: for further information visit https://rust-lang.github.io/rust-clippy/rust-1.92.0/index.html#excessive_precision
help: consider changing the type or truncating it to
     |
1079 -     (-9.34906075937739667e-01, 3.42738629130217645e-02),
1079 +     (-9.349_060_759_377_397e-1, 3.42738629130217645e-02),
     |

error: float has excessive precision
    --> src/coupled_discrete.rs:1079:32
     |
1079 |     (-9.34906075937739667e-01, 3.42738629130217645e-02),
     |                                ^^^^^^^^^^^^^^^^^^^^^^^
     |
     = help: for further information visit https://rust-lang.github.io/rust-clippy/rust-1.92.0/index.html#excessive_precision
help: consider changing the type or truncating it to
     |
1079 -     (-9.34906075937739667e-01, 3.42738629130217645e-02),
1079 +     (-9.34906075937739667e-01, 3.427_386_291_302_176_5e-2),
     |

error: float has excessive precision
    --> src/coupled_discrete.rs:1080:7
     |
1080 |     (-8.96321155766052091e-01, 4.28358980222268357e-02),
     |       ^^^^^^^^^^^^^^^^^^^^^^^
     |
     = help: for further information visit https://rust-lang.github.io/rust-clippy/rust-1.92.0/index.html#excessive_precision
help: consider changing the type or truncating it to
     |
1080 -     (-8.96321155766052091e-01, 4.28358980222268357e-02),
1080 +     (-8.963_211_557_660_521e-1, 4.28358980222268357e-02),
     |

error: float has excessive precision
    --> src/coupled_discrete.rs:1080:32
     |
1080 |     (-8.96321155766052091e-01, 4.28358980222268357e-02),
     |                                ^^^^^^^^^^^^^^^^^^^^^^^
     |
     = help: for further information visit https://rust-lang.github.io/rust-clippy/rust-1.92.0/index.html#excessive_precision
help: consider changing the type or truncating it to
     |
1080 -     (-8.96321155766052091e-01, 4.28358980222268357e-02),
1080 +     (-8.96321155766052091e-01, 4.283_589_802_222_683_6e-2),
     |

error: float has excessive precision
    --> src/coupled_discrete.rs:1081:7
     |
1081 |     (-8.49367613732569970e-01, 5.09980592623760914e-02),
     |       ^^^^^^^^^^^^^^^^^^^^^^^
     |
     = help: for further information visit https://rust-lang.github.io/rust-clippy/rust-1.92.0/index.html#excessive_precision
help: consider changing the type or truncating it to
     |
1081 -     (-8.49367613732569970e-01, 5.09980592623760914e-02),
1081 +     (-8.493_676_137_325_7e-1, 5.09980592623760914e-02),
     |

error: float has excessive precision
    --> src/coupled_discrete.rs:1081:32
     |
1081 |     (-8.49367613732569970e-01, 5.09980592623760914e-02),
     |                                ^^^^^^^^^^^^^^^^^^^^^^^
     |
     = help: for further information visit https://rust-lang.github.io/rust-clippy/rust-1.92.0/index.html#excessive_precision
help: consider changing the type or truncating it to
     |
1081 -     (-8.49367613732569970e-01, 5.09980592623760914e-02),
1081 +     (-8.49367613732569970e-01, 5.099_805_926_237_609e-2),
     |

error: float has excessive precision
    --> src/coupled_discrete.rs:1082:7
     |
1082 |     (-7.94483795967942386e-01, 5.86840934785355650e-02),
     |       ^^^^^^^^^^^^^^^^^^^^^^^
     |
     = help: for further information visit https://rust-lang.github.io/rust-clippy/rust-1.92.0/index.html#excessive_precision
help: consider changing the type or truncating it to
     |
1082 -     (-7.94483795967942386e-01, 5.86840934785355650e-02),
1082 +     (-7.944_837_959_679_424e-1, 5.86840934785355650e-02),
     |

error: float has excessive precision
    --> src/coupled_discrete.rs:1082:32
     |
1082 |     (-7.94483795967942386e-01, 5.86840934785355650e-02),
     |                                ^^^^^^^^^^^^^^^^^^^^^^^
     |
     = help: for further information visit https://rust-lang.github.io/rust-clippy/rust-1.92.0/index.html#excessive_precision
help: consider changing the type or truncating it to
     |
1082 -     (-7.94483795967942386e-01, 5.86840934785355650e-02),
1082 +     (-7.94483795967942386e-01, 5.868_409_347_853_556_5e-2),
     |

error: float has excessive precision
    --> src/coupled_discrete.rs:1083:7
     |
1083 |     (-7.32182118740289711e-01, 6.58222227763616829e-02),
     |       ^^^^^^^^^^^^^^^^^^^^^^^
     |
     = help: for further information visit https://rust-lang.github.io/rust-clippy/rust-1.92.0/index.html#excessive_precision
help: consider changing the type or truncating it to
     |
1083 -     (-7.32182118740289711e-01, 6.58222227763616829e-02),
1083 +     (-7.321_821_187_402_897e-1, 6.58222227763616829e-02),
     |

error: float has excessive precision
    --> src/coupled_discrete.rs:1083:32
     |
1083 |     (-7.32182118740289711e-01, 6.58222227763616829e-02),
     |                                ^^^^^^^^^^^^^^^^^^^^^^^
     |
     = help: for further information visit https://rust-lang.github.io/rust-clippy/rust-1.92.0/index.html#excessive_precision
help: consider changing the type or truncating it to
     |
1083 -     (-7.32182118740289711e-01, 6.58222227763616829e-02),
1083 +     (-7.32182118740289711e-01, 6.582_222_277_636_168e-2),
     |

error: float has excessive precision
    --> src/coupled_discrete.rs:1084:7
     |
1084 |     (-6.63044266930215231e-01, 7.23457941088483381e-02),
     |       ^^^^^^^^^^^^^^^^^^^^^^^
     |
     = help: for further information visit https://rust-lang.github.io/rust-clippy/rust-1.92.0/index.html#excessive_precision
help: consider changing the type or truncating it to
     |
1084 -     (-6.63044266930215231e-01, 7.23457941088483381e-02),
1084 +     (-6.630_442_669_302_152e-1, 7.23457941088483381e-02),
     |

error: float has excessive precision
    --> src/coupled_discrete.rs:1084:32
     |
1084 |     (-6.63044266930215231e-01, 7.23457941088483381e-02),
     |                                ^^^^^^^^^^^^^^^^^^^^^^^
     |
     = help: for further information visit https://rust-lang.github.io/rust-clippy/rust-1.92.0/index.html#excessive_precision
help: consider changing the type or truncating it to
     |
1084 -     (-6.63044266930215231e-01, 7.23457941088483381e-02),
1084 +     (-6.63044266930215231e-01, 7.234_579_410_884_834e-2),
     |

error: float has excessive precision
    --> src/coupled_discrete.rs:1085:7
     |
1085 |     (-5.87715757240762304e-01, 7.81938957870702278e-02),
     |       ^^^^^^^^^^^^^^^^^^^^^^^
     |
     = help: for further information visit https://rust-lang.github.io/rust-clippy/rust-1.92.0/index.html#excessive_precision
help: consider changing the type or truncating it to
     |
1085 -     (-5.87715757240762304e-01, 7.81938957870702278e-02),
1085 +     (-5.877_157_572_407_623e-1, 7.81938957870702278e-02),
     |

error: float has excessive precision
    --> src/coupled_discrete.rs:1085:32
     |
1085 |     (-5.87715757240762304e-01, 7.81938957870702278e-02),
     |                                ^^^^^^^^^^^^^^^^^^^^^^^
     |
     = help: for further information visit https://rust-lang.github.io/rust-clippy/rust-1.92.0/index.html#excessive_precision
help: consider changing the type or truncating it to
     |
1085 -     (-5.87715757240762304e-01, 7.81938957870702278e-02),
1085 +     (-5.87715757240762304e-01, 7.819_389_578_707_023e-2),
     |

error: float has excessive precision
    --> src/coupled_discrete.rs:1086:7
     |
1086 |     (-5.06899908932229359e-01, 8.33119242269467070e-02),
     |       ^^^^^^^^^^^^^^^^^^^^^^^
     |
     = help: for further information visit https://rust-lang.github.io/rust-clippy/rust-1.92.0/index.html#excessive_precision
help: consider changing the type or truncating it to
     |
1086 -     (-5.06899908932229359e-01, 8.33119242269467070e-02),
1086 +     (-5.068_999_089_322_294e-1, 8.33119242269467070e-02),
     |

error: float has excessive precision
    --> src/coupled_discrete.rs:1086:32
     |
1086 |     (-5.06899908932229359e-01, 8.33119242269467070e-02),
     |                                ^^^^^^^^^^^^^^^^^^^^^^^
     |
     = help: for further information visit https://rust-lang.github.io/rust-clippy/rust-1.92.0/index.html#excessive_precision
help: consider changing the type or truncating it to
     |
1086 -     (-5.06899908932229359e-01, 8.33119242269467070e-02),
1086 +     (-5.06899908932229359e-01, 8.331_192_422_694_671e-2),
     |

error: float has excessive precision
    --> src/coupled_discrete.rs:1087:7
     |
1087 |     (-4.21351276130635333e-01, 8.76520930044037833e-02),
     |       ^^^^^^^^^^^^^^^^^^^^^^^
     |
     = help: for further information visit https://rust-lang.github.io/rust-clippy/rust-1.92.0/index.html#excessive_precision
help: consider changing the type or truncating it to
     |
1087 -     (-4.21351276130635333e-01, 8.76520930044037833e-02),
1087 +     (-4.213_512_761_306_353_3e-1, 8.76520930044037833e-02),
     |

error: float has excessive precision
    --> src/coupled_discrete.rs:1087:32
     |
1087 |     (-4.21351276130635333e-01, 8.76520930044037833e-02),
     |                                ^^^^^^^^^^^^^^^^^^^^^^^
     |
     = help: for further information visit https://rust-lang.github.io/rust-clippy/rust-1.92.0/index.html#excessive_precision
help: consider changing the type or truncating it to
     |
1087 -     (-4.21351276130635333e-01, 8.76520930044037833e-02),
1087 +     (-4.21351276130635333e-01, 8.765_209_300_440_378e-2),
     |

error: float has excessive precision
    --> src/coupled_discrete.rs:1088:7
     |
1088 |     (-3.31868602282127667e-01, 9.11738786957637798e-02),
     |       ^^^^^^^^^^^^^^^^^^^^^^^
     |
     = help: for further information visit https://rust-lang.github.io/rust-clippy/rust-1.92.0/index.html#excessive_precision
help: consider changing the type or truncating it to
     |
1088 -     (-3.31868602282127667e-01, 9.11738786957637798e-02),
1088 +     (-3.318_686_022_821_276_7e-1, 9.11738786957637798e-02),
     |

error: float has excessive precision
    --> src/coupled_discrete.rs:1088:32
     |
1088 |     (-3.31868602282127667e-01, 9.11738786957637798e-02),
     |                                ^^^^^^^^^^^^^^^^^^^^^^^
     |
     = help: for further information visit https://rust-lang.github.io/rust-clippy/rust-1.92.0/index.html#excessive_precision
help: consider changing the type or truncating it to
     |
1088 -     (-3.31868602282127667e-01, 9.11738786957637798e-02),
1088 +     (-3.31868602282127667e-01, 9.117_387_869_576_378e-2),
     |

error: float has excessive precision
    --> src/coupled_discrete.rs:1089:7
     |
1089 |     (-2.39287362252137065e-01, 9.38443990808045109e-02),
     |       ^^^^^^^^^^^^^^^^^^^^^^^
     |
     = help: for further information visit https://rust-lang.github.io/rust-clippy/rust-1.92.0/index.html#excessive_precision
help: consider changing the type or truncating it to
     |
1089 -     (-2.39287362252137065e-01, 9.38443990808045109e-02),
1089 +     (-2.392_873_622_521_370_6e-1, 9.38443990808045109e-02),
     |

error: float has excessive precision
    --> src/coupled_discrete.rs:1089:32
     |
1089 |     (-2.39287362252137065e-01, 9.38443990808045109e-02),
     |                                ^^^^^^^^^^^^^^^^^^^^^^^
     |
     = help: for further information visit https://rust-lang.github.io/rust-clippy/rust-1.92.0/index.html#excessive_precision
help: consider changing the type or truncating it to
     |
1089 -     (-2.39287362252137065e-01, 9.38443990808045109e-02),
1089 +     (-2.39287362252137065e-01, 9.384_439_908_080_451e-2),
     |

error: float has excessive precision
    --> src/coupled_discrete.rs:1090:7
     |
1090 |     (-1.44471961582796488e-01, 9.56387200792747083e-02),
     |       ^^^^^^^^^^^^^^^^^^^^^^^
     |
     = help: for further information visit https://rust-lang.github.io/rust-clippy/rust-1.92.0/index.html#excessive_precision
help: consider changing the type or truncating it to
     |
1090 -     (-1.44471961582796488e-01, 9.56387200792747083e-02),
1090 +     (-1.444_719_615_827_965e-1, 9.56387200792747083e-02),
     |

error: float has excessive precision
    --> src/coupled_discrete.rs:1090:32
     |
1090 |     (-1.44471961582796488e-01, 9.56387200792747083e-02),
     |                                ^^^^^^^^^^^^^^^^^^^^^^^
     |
     = help: for further information visit https://rust-lang.github.io/rust-clippy/rust-1.92.0/index.html#excessive_precision
help: consider changing the type or truncating it to
     |
1090 -     (-1.44471961582796488e-01, 9.56387200792747083e-02),
1090 +     (-1.44471961582796488e-01, 9.563_872_007_927_471e-2),
     |

error: float has excessive precision
    --> src/coupled_discrete.rs:1091:7
     |
1091 |     (-4.83076656877383243e-02, 9.65400885147276594e-02),
     |       ^^^^^^^^^^^^^^^^^^^^^^^
     |
     = help: for further information visit https://rust-lang.github.io/rust-clippy/rust-1.92.0/index.html#excessive_precision
help: consider changing the type or truncating it to
     |
1091 -     (-4.83076656877383243e-02, 9.65400885147276594e-02),
1091 +     (-4.830_766_568_773_832_4e-2, 9.65400885147276594e-02),
     |

error: float has excessive precision
    --> src/coupled_discrete.rs:1091:32
     |
1091 |     (-4.83076656877383243e-02, 9.65400885147276594e-02),
     |                                ^^^^^^^^^^^^^^^^^^^^^^^
     |
     = help: for further information visit https://rust-lang.github.io/rust-clippy/rust-1.92.0/index.html#excessive_precision
help: consider changing the type or truncating it to
     |
1091 -     (-4.83076656877383243e-02, 9.65400885147276594e-02),
1091 +     (-4.83076656877383243e-02, 9.654_008_851_472_766e-2),
     |

error: float has excessive precision
    --> src/coupled_discrete.rs:1092:6
     |
1092 |     (4.83076656877383243e-02, 9.65400885147276594e-02),
     |      ^^^^^^^^^^^^^^^^^^^^^^^
     |
     = help: for further information visit https://rust-lang.github.io/rust-clippy/rust-1.92.0/index.html#excessive_precision
help: consider changing the type or truncating it to
     |
1092 -     (4.83076656877383243e-02, 9.65400885147276594e-02),
1092 +     (4.830_766_568_773_832_4e-2, 9.65400885147276594e-02),
     |

error: float has excessive precision
    --> src/coupled_discrete.rs:1092:31
     |
1092 |     (4.83076656877383243e-02, 9.65400885147276594e-02),
     |                               ^^^^^^^^^^^^^^^^^^^^^^^
     |
     = help: for further information visit https://rust-lang.github.io/rust-clippy/rust-1.92.0/index.html#excessive_precision
help: consider changing the type or truncating it to
     |
1092 -     (4.83076656877383243e-02, 9.65400885147276594e-02),
1092 +     (4.83076656877383243e-02, 9.654_008_851_472_766e-2),
     |

error: float has excessive precision
    --> src/coupled_discrete.rs:1093:6
     |
1093 |     (1.44471961582796488e-01, 9.56387200792747083e-02),
     |      ^^^^^^^^^^^^^^^^^^^^^^^
     |
     = help: for further information visit https://rust-lang.github.io/rust-clippy/rust-1.92.0/index.html#excessive_precision
help: consider changing the type or truncating it to
     |
1093 -     (1.44471961582796488e-01, 9.56387200792747083e-02),
1093 +     (1.444_719_615_827_965e-1, 9.56387200792747083e-02),
     |

error: float has excessive precision
    --> src/coupled_discrete.rs:1093:31
     |
1093 |     (1.44471961582796488e-01, 9.56387200792747083e-02),
     |                               ^^^^^^^^^^^^^^^^^^^^^^^
     |
     = help: for further information visit https://rust-lang.github.io/rust-clippy/rust-1.92.0/index.html#excessive_precision
help: consider changing the type or truncating it to
     |
1093 -     (1.44471961582796488e-01, 9.56387200792747083e-02),
1093 +     (1.44471961582796488e-01, 9.563_872_007_927_471e-2),
     |

error: float has excessive precision
    --> src/coupled_discrete.rs:1094:6
     |
1094 |     (2.39287362252137065e-01, 9.38443990808045109e-02),
     |      ^^^^^^^^^^^^^^^^^^^^^^^
     |
     = help: for further information visit https://rust-lang.github.io/rust-clippy/rust-1.92.0/index.html#excessive_precision
help: consider changing the type or truncating it to
     |
1094 -     (2.39287362252137065e-01, 9.38443990808045109e-02),
1094 +     (2.392_873_622_521_370_6e-1, 9.38443990808045109e-02),
     |

error: float has excessive precision
    --> src/coupled_discrete.rs:1094:31
     |
1094 |     (2.39287362252137065e-01, 9.38443990808045109e-02),
     |                               ^^^^^^^^^^^^^^^^^^^^^^^
     |
     = help: for further information visit https://rust-lang.github.io/rust-clippy/rust-1.92.0/index.html#excessive_precision
help: consider changing the type or truncating it to
     |
1094 -     (2.39287362252137065e-01, 9.38443990808045109e-02),
1094 +     (2.39287362252137065e-01, 9.384_439_908_080_451e-2),
     |

error: float has excessive precision
    --> src/coupled_discrete.rs:1095:6
     |
1095 |     (3.31868602282127667e-01, 9.11738786957637798e-02),
     |      ^^^^^^^^^^^^^^^^^^^^^^^
     |
     = help: for further information visit https://rust-lang.github.io/rust-clippy/rust-1.92.0/index.html#excessive_precision
help: consider changing the type or truncating it to
     |
1095 -     (3.31868602282127667e-01, 9.11738786957637798e-02),
1095 +     (3.318_686_022_821_276_7e-1, 9.11738786957637798e-02),
     |

error: float has excessive precision
    --> src/coupled_discrete.rs:1095:31
     |
1095 |     (3.31868602282127667e-01, 9.11738786957637798e-02),
     |                               ^^^^^^^^^^^^^^^^^^^^^^^
     |
     = help: for further information visit https://rust-lang.github.io/rust-clippy/rust-1.92.0/index.html#excessive_precision
help: consider changing the type or truncating it to
     |
1095 -     (3.31868602282127667e-01, 9.11738786957637798e-02),
1095 +     (3.31868602282127667e-01, 9.117_387_869_576_378e-2),
     |

error: float has excessive precision
    --> src/coupled_discrete.rs:1096:6
     |
1096 |     (4.21351276130635333e-01, 8.76520930044037833e-02),
     |      ^^^^^^^^^^^^^^^^^^^^^^^
     |
     = help: for further information visit https://rust-lang.github.io/rust-clippy/rust-1.92.0/index.html#excessive_precision
help: consider changing the type or truncating it to
     |
1096 -     (4.21351276130635333e-01, 8.76520930044037833e-02),
1096 +     (4.213_512_761_306_353_3e-1, 8.76520930044037833e-02),
     |

error: float has excessive precision
    --> src/coupled_discrete.rs:1096:31
     |
1096 |     (4.21351276130635333e-01, 8.76520930044037833e-02),
     |                               ^^^^^^^^^^^^^^^^^^^^^^^
     |
     = help: for further information visit https://rust-lang.github.io/rust-clippy/rust-1.92.0/index.html#excessive_precision
help: consider changing the type or truncating it to
     |
1096 -     (4.21351276130635333e-01, 8.76520930044037833e-02),
1096 +     (4.21351276130635333e-01, 8.765_209_300_440_378e-2),
     |

error: float has excessive precision
    --> src/coupled_discrete.rs:1097:6
     |
1097 |     (5.06899908932229359e-01, 8.33119242269467070e-02),
     |      ^^^^^^^^^^^^^^^^^^^^^^^
     |
     = help: for further information visit https://rust-lang.github.io/rust-clippy/rust-1.92.0/index.html#excessive_precision
help: consider changing the type or truncating it to
     |
1097 -     (5.06899908932229359e-01, 8.33119242269467070e-02),
1097 +     (5.068_999_089_322_294e-1, 8.33119242269467070e-02),
     |

error: float has excessive precision
    --> src/coupled_discrete.rs:1097:31
     |
1097 |     (5.06899908932229359e-01, 8.33119242269467070e-02),
     |                               ^^^^^^^^^^^^^^^^^^^^^^^
     |
     = help: for further information visit https://rust-lang.github.io/rust-clippy/rust-1.92.0/index.html#excessive_precision
help: consider changing the type or truncating it to
     |
1097 -     (5.06899908932229359e-01, 8.33119242269467070e-02),
1097 +     (5.06899908932229359e-01, 8.331_192_422_694_671e-2),
     |

error: float has excessive precision
    --> src/coupled_discrete.rs:1098:6
     |
1098 |     (5.87715757240762304e-01, 7.81938957870702278e-02),
     |      ^^^^^^^^^^^^^^^^^^^^^^^
     |
     = help: for further information visit https://rust-lang.github.io/rust-clippy/rust-1.92.0/index.html#excessive_precision
help: consider changing the type or truncating it to
     |
1098 -     (5.87715757240762304e-01, 7.81938957870702278e-02),
1098 +     (5.877_157_572_407_623e-1, 7.81938957870702278e-02),
     |

error: float has excessive precision
    --> src/coupled_discrete.rs:1098:31
     |
1098 |     (5.87715757240762304e-01, 7.81938957870702278e-02),
     |                               ^^^^^^^^^^^^^^^^^^^^^^^
     |
     = help: for further information visit https://rust-lang.github.io/rust-clippy/rust-1.92.0/index.html#excessive_precision
help: consider changing the type or truncating it to
     |
1098 -     (5.87715757240762304e-01, 7.81938957870702278e-02),
1098 +     (5.87715757240762304e-01, 7.819_389_578_707_023e-2),
     |

error: float has excessive precision
    --> src/coupled_discrete.rs:1099:6
     |
1099 |     (6.63044266930215231e-01, 7.23457941088483381e-02),
     |      ^^^^^^^^^^^^^^^^^^^^^^^
     |
     = help: for further information visit https://rust-lang.github.io/rust-clippy/rust-1.92.0/index.html#excessive_precision
help: consider changing the type or truncating it to
     |
1099 -     (6.63044266930215231e-01, 7.23457941088483381e-02),
1099 +     (6.630_442_669_302_152e-1, 7.23457941088483381e-02),
     |

error: float has excessive precision
    --> src/coupled_discrete.rs:1099:31
     |
1099 |     (6.63044266930215231e-01, 7.23457941088483381e-02),
     |                               ^^^^^^^^^^^^^^^^^^^^^^^
     |
     = help: for further information visit https://rust-lang.github.io/rust-clippy/rust-1.92.0/index.html#excessive_precision
help: consider changing the type or truncating it to
     |
1099 -     (6.63044266930215231e-01, 7.23457941088483381e-02),
1099 +     (6.63044266930215231e-01, 7.234_579_410_884_834e-2),
     |

error: float has excessive precision
    --> src/coupled_discrete.rs:1100:6
     |
1100 |     (7.32182118740289711e-01, 6.58222227763616829e-02),
     |      ^^^^^^^^^^^^^^^^^^^^^^^
     |
     = help: for further information visit https://rust-lang.github.io/rust-clippy/rust-1.92.0/index.html#excessive_precision
help: consider changing the type or truncating it to
     |
1100 -     (7.32182118740289711e-01, 6.58222227763616829e-02),
1100 +     (7.321_821_187_402_897e-1, 6.58222227763616829e-02),
     |

error: float has excessive precision
    --> src/coupled_discrete.rs:1100:31
     |
1100 |     (7.32182118740289711e-01, 6.58222227763616829e-02),
     |                               ^^^^^^^^^^^^^^^^^^^^^^^
     |
     = help: for further information visit https://rust-lang.github.io/rust-clippy/rust-1.92.0/index.html#excessive_precision
help: consider changing the type or truncating it to
     |
1100 -     (7.32182118740289711e-01, 6.58222227763616829e-02),
1100 +     (7.32182118740289711e-01, 6.582_222_277_636_168e-2),
     |

error: float has excessive precision
    --> src/coupled_discrete.rs:1101:6
     |
1101 |     (7.94483795967942386e-01, 5.86840934785355650e-02),
     |      ^^^^^^^^^^^^^^^^^^^^^^^
     |
     = help: for further information visit https://rust-lang.github.io/rust-clippy/rust-1.92.0/index.html#excessive_precision
help: consider changing the type or truncating it to
     |
1101 -     (7.94483795967942386e-01, 5.86840934785355650e-02),
1101 +     (7.944_837_959_679_424e-1, 5.86840934785355650e-02),
     |

error: float has excessive precision
    --> src/coupled_discrete.rs:1101:31
     |
1101 |     (7.94483795967942386e-01, 5.86840934785355650e-02),
     |                               ^^^^^^^^^^^^^^^^^^^^^^^
     |
     = help: for further information visit https://rust-lang.github.io/rust-clippy/rust-1.92.0/index.html#excessive_precision
help: consider changing the type or truncating it to
     |
1101 -     (7.94483795967942386e-01, 5.86840934785355650e-02),
1101 +     (7.94483795967942386e-01, 5.868_409_347_853_556_5e-2),
     |

error: float has excessive precision
    --> src/coupled_discrete.rs:1102:6
     |
1102 |     (8.49367613732569970e-01, 5.09980592623760914e-02),
     |      ^^^^^^^^^^^^^^^^^^^^^^^
     |
     = help: for further information visit https://rust-lang.github.io/rust-clippy/rust-1.92.0/index.html#excessive_precision
help: consider changing the type or truncating it to
     |
1102 -     (8.49367613732569970e-01, 5.09980592623760914e-02),
1102 +     (8.493_676_137_325_7e-1, 5.09980592623760914e-02),
     |

error: float has excessive precision
    --> src/coupled_discrete.rs:1102:31
     |
1102 |     (8.49367613732569970e-01, 5.09980592623760914e-02),
     |                               ^^^^^^^^^^^^^^^^^^^^^^^
     |
     = help: for further information visit https://rust-lang.github.io/rust-clippy/rust-1.92.0/index.html#excessive_precision
help: consider changing the type or truncating it to
     |
1102 -     (8.49367613732569970e-01, 5.09980592623760914e-02),
1102 +     (8.49367613732569970e-01, 5.099_805_926_237_609e-2),
     |

error: float has excessive precision
    --> src/coupled_discrete.rs:1103:6
     |
1103 |     (8.96321155766052091e-01, 4.28358980222268357e-02),
     |      ^^^^^^^^^^^^^^^^^^^^^^^
     |
     = help: for further information visit https://rust-lang.github.io/rust-clippy/rust-1.92.0/index.html#excessive_precision
help: consider changing the type or truncating it to
     |
1103 -     (8.96321155766052091e-01, 4.28358980222268357e-02),
1103 +     (8.963_211_557_660_521e-1, 4.28358980222268357e-02),
     |

error: float has excessive precision
    --> src/coupled_discrete.rs:1103:31
     |
1103 |     (8.96321155766052091e-01, 4.28358980222268357e-02),
     |                               ^^^^^^^^^^^^^^^^^^^^^^^
     |
     = help: for further information visit https://rust-lang.github.io/rust-clippy/rust-1.92.0/index.html#excessive_precision
help: consider changing the type or truncating it to
     |
1103 -     (8.96321155766052091e-01, 4.28358980222268357e-02),
1103 +     (8.96321155766052091e-01, 4.283_589_802_222_683_6e-2),
     |

error: float has excessive precision
    --> src/coupled_discrete.rs:1104:6
     |
1104 |     (9.34906075937739667e-01, 3.42738629130217645e-02),
     |      ^^^^^^^^^^^^^^^^^^^^^^^
     |
     = help: for further information visit https://rust-lang.github.io/rust-clippy/rust-1.92.0/index.html#excessive_precision
help: consider changing the type or truncating it to
     |
1104 -     (9.34906075937739667e-01, 3.42738629130217645e-02),
1104 +     (9.349_060_759_377_397e-1, 3.42738629130217645e-02),
     |

error: float has excessive precision
    --> src/coupled_discrete.rs:1104:31
     |
1104 |     (9.34906075937739667e-01, 3.42738629130217645e-02),
     |                               ^^^^^^^^^^^^^^^^^^^^^^^
     |
     = help: for further information visit https://rust-lang.github.io/rust-clippy/rust-1.92.0/index.html#excessive_precision
help: consider changing the type or truncating it to
     |
1104 -     (9.34906075937739667e-01, 3.42738629130217645e-02),
1104 +     (9.34906075937739667e-01, 3.427_386_291_302_176_5e-2),
     |

error: float has excessive precision
    --> src/coupled_discrete.rs:1105:6
     |
1105 |     (9.64762255587506390e-01, 2.53920653092620241e-02),
     |      ^^^^^^^^^^^^^^^^^^^^^^^
     |
     = help: for further information visit https://rust-lang.github.io/rust-clippy/rust-1.92.0/index.html#excessive_precision
help: consider changing the type or truncating it to
     |
1105 -     (9.64762255587506390e-01, 2.53920653092620241e-02),
1105 +     (9.647_622_555_875_064e-1, 2.53920653092620241e-02),
     |

error: float has excessive precision
    --> src/coupled_discrete.rs:1105:31
     |
1105 |     (9.64762255587506390e-01, 2.53920653092620241e-02),
     |                               ^^^^^^^^^^^^^^^^^^^^^^^
     |
     = help: for further information visit https://rust-lang.github.io/rust-clippy/rust-1.92.0/index.html#excessive_precision
help: consider changing the type or truncating it to
     |
1105 -     (9.64762255587506390e-01, 2.53920653092620241e-02),
1105 +     (9.64762255587506390e-01, 2.539_206_530_926_202_4e-2),
     |

error: float has excessive precision
    --> src/coupled_discrete.rs:1106:6
     |
1106 |     (9.85611511545268382e-01, 1.62743947309057432e-02),
     |      ^^^^^^^^^^^^^^^^^^^^^^^
     |
     = help: for further information visit https://rust-lang.github.io/rust-clippy/rust-1.92.0/index.html#excessive_precision
help: consider changing the type or truncating it to
     |
1106 -     (9.85611511545268382e-01, 1.62743947309057432e-02),
1106 +     (9.856_115_115_452_684e-1, 1.62743947309057432e-02),
     |

error: float has excessive precision
    --> src/coupled_discrete.rs:1106:31
     |
1106 |     (9.85611511545268382e-01, 1.62743947309057432e-02),
     |                               ^^^^^^^^^^^^^^^^^^^^^^^
     |
     = help: for further information visit https://rust-lang.github.io/rust-clippy/rust-1.92.0/index.html#excessive_precision
help: consider changing the type or truncating it to
     |
1106 -     (9.85611511545268382e-01, 1.62743947309057432e-02),
1106 +     (9.85611511545268382e-01, 1.627_439_473_090_574_3e-2),
     |

error: float has excessive precision
    --> src/coupled_discrete.rs:1107:6
     |
1107 |     (9.97263861849481570e-01, 7.01861000947050576e-03),
     |      ^^^^^^^^^^^^^^^^^^^^^^^
     |
     = help: for further information visit https://rust-lang.github.io/rust-clippy/rust-1.92.0/index.html#excessive_precision
help: consider changing the type or truncating it to
     |
1107 -     (9.97263861849481570e-01, 7.01861000947050576e-03),
1107 +     (9.972_638_618_494_816e-1, 7.01861000947050576e-03),
     |

error: float has excessive precision
    --> src/coupled_discrete.rs:1107:31
     |
1107 |     (9.97263861849481570e-01, 7.01861000947050576e-03),
     |                               ^^^^^^^^^^^^^^^^^^^^^^^
     |
     = help: for further information visit https://rust-lang.github.io/rust-clippy/rust-1.92.0/index.html#excessive_precision
help: consider changing the type or truncating it to
     |
1107 -     (9.97263861849481570e-01, 7.01861000947050576e-03),
1107 +     (9.97263861849481570e-01, 7.018_610_009_470_506e-3),
     |

error: could not compile `rheon` (lib) due to 111 previous errors
