raw=0 id=0 xy=[0.0, 0.0] x=Some(FittedHeightVelocityRow { columns: [Some(0), None], weights: [1.0, 0.0] }) y=Some(FittedHeightVelocityRow { columns: [None, None], weights: [1.0, 0.0] })
raw=1 id=1 xy=[0.5, 0.0] x=Some(FittedHeightVelocityRow { columns: [Some(1), None], weights: [1.0, 0.0] }) y=Some(FittedHeightVelocityRow { columns: [None, None], weights: [1.0, 0.0] })
raw=2 id=0 xy=[1.0, 0.0] x=Some(FittedHeightVelocityRow { columns: [Some(0), None], weights: [1.0, 0.0] }) y=Some(FittedHeightVelocityRow { columns: [None, None], weights: [1.0, 0.0] })
raw=3 id=2 xy=[0.0, 1.0] x=Some(FittedHeightVelocityRow { columns: [Some(2), None], weights: [1.0, 0.0] }) y=Some(FittedHeightVelocityRow { columns: [Some(12), None], weights: [1.0, 0.0] })
raw=4 id=3 xy=[0.5, 1.25] x=Some(FittedHeightVelocityRow { columns: [Some(3), None], weights: [1.0, 0.0] }) y=Some(FittedHeightVelocityRow { columns: [Some(13), None], weights: [1.0, 0.0] })
raw=5 id=2 xy=[1.0, 1.0] x=Some(FittedHeightVelocityRow { columns: [Some(2), None], weights: [1.0, 0.0] }) y=Some(FittedHeightVelocityRow { columns: [Some(12), None], weights: [1.0, 0.0] })
raw=6 id=4 xy=[0.3333333333333333, 0.4166666666666667] x=Some(FittedHeightVelocityRow { columns: [Some(4), None], weights: [1.0, 0.0] }) y=Some(FittedHeightVelocityRow { columns: [Some(14), None], weights: [1.0, 0.0] })
raw=7 id=5 xy=[0.16666666666666666, 0.75] x=Some(FittedHeightVelocityRow { columns: [Some(5), None], weights: [1.0, 0.0] }) y=Some(FittedHeightVelocityRow { columns: [Some(15), None], weights: [1.0, 0.0] })
raw=8 id=6 xy=[0.8333333333333334, 0.3333333333333333] x=Some(FittedHeightVelocityRow { columns: [Some(6), None], weights: [1.0, 0.0] }) y=Some(FittedHeightVelocityRow { columns: [Some(16), None], weights: [1.0, 0.0] })
raw=9 id=7 xy=[0.6666666666666666, 0.75] x=Some(FittedHeightVelocityRow { columns: [Some(7), None], weights: [1.0, 0.0] }) y=Some(FittedHeightVelocityRow { columns: [Some(17), None], weights: [1.0, 0.0] })
raw=10 id=8 xy=[0.25, 0.0] x=Some(FittedHeightVelocityRow { columns: [Some(0), Some(1)], weights: [0.5, 0.5] }) y=Some(FittedHeightVelocityRow { columns: [None, None], weights: [0.5, 0.5] })
raw=11 id=9 xy=[0.0, 0.5416666666666666] x=Some(FittedHeightVelocityRow { columns: [Some(8), None], weights: [1.0, 0.0] }) y=Some(FittedHeightVelocityRow { columns: [Some(18), None], weights: [1.0, 0.0] })
raw=12 id=10 xy=[0.24074074074074073, 0.6018518518518519] x=Some(FittedHeightVelocityRow { columns: [Some(9), None], weights: [1.0, 0.0] }) y=Some(FittedHeightVelocityRow { columns: [Some(19), None], weights: [1.0, 0.0] })
raw=13 id=11 xy=[0.75, 0.0] x=Some(FittedHeightVelocityRow { columns: [Some(1), Some(0)], weights: [0.5, 0.5] }) y=Some(FittedHeightVelocityRow { columns: [None, None], weights: [0.5, 0.5] })
raw=14 id=12 xy=[0.5, 0.5833333333333334] x=Some(FittedHeightVelocityRow { columns: [Some(10), None], weights: [1.0, 0.0] }) y=Some(FittedHeightVelocityRow { columns: [Some(20), None], weights: [1.0, 0.0] })
raw=15 id=13 xy=[0.7592592592592593, 0.5185185185185185] x=Some(FittedHeightVelocityRow { columns: [Some(11), None], weights: [1.0, 0.0] }) y=Some(FittedHeightVelocityRow { columns: [Some(21), None], weights: [1.0, 0.0] })
raw=16 id=9 xy=[1.0, 0.5416666666666666] x=Some(FittedHeightVelocityRow { columns: [Some(8), None], weights: [1.0, 0.0] }) y=Some(FittedHeightVelocityRow { columns: [Some(18), None], weights: [1.0, 0.0] })
raw=17 id=14 xy=[0.25, 1.125] x=Some(FittedHeightVelocityRow { columns: [Some(2), Some(3)], weights: [0.5, 0.5] }) y=Some(FittedHeightVelocityRow { columns: [Some(12), Some(13)], weights: [0.5, 0.5] })
raw=18 id=15 xy=[0.75, 1.125] x=Some(FittedHeightVelocityRow { columns: [Some(3), Some(2)], weights: [0.5, 0.5] }) y=Some(FittedHeightVelocityRow { columns: [Some(13), Some(12)], weights: [0.5, 0.5] })
pressure [0, 1, 2, 3, 4, 5, 6, 7, 8, 9, 12, 13, 14, 15, 16, 17]
