{
  "additional_bound": 65552,
  "artifacts": 55,
  "cancellation_retry_controls": "NOT_RUN_MEMORY_GATE_BLOCKED",
  "candidate_E1_executed": false,
  "candidate_publications": 0,
  "cap": 65536,
  "exact_scalar_probes": 36,
  "excess_bytes": 16,
  "kernel_peak": 1536,
  "native_corrections": 7,
  "native_equation_evaluations": 50,
  "native_original_fixed_call_norm": 1.1895444217920825e-13,
  "negative_controls": [
    "failed gate falsely passed",
    "cap enlarged",
    "public caller omitted",
    "candidate secretly executed",
    "invented candidate publication",
    "unrun cancellation controls promoted",
    "old binary certificate reused",
    "hidden parameter search",
    "original refusal promoted"
  ],
  "new_memory_gate": "BLOCKED_ADDITIONAL_MEMORY_CAP",
  "original_numerical_evidence_changed": false,
  "parameter_search": false,
  "point_delta": 1872,
  "preserved_files": 7131,
  "production_changes": 0,
  "public_call_delta": 32,
  "scalar_groups": 23,
  "status": "PASS_STOPPED_PUBLIC_QUALIFICATION_BINDING_ONLY"
}
