{
  "frozen_reference_source": "2554fb1c1e7270d3133b4a50b59483b3e270ac25",
  "frozen_native_source": "9afb886ed2809c61b832012c31b65904ee756f82",
  "frozen_native_evidence": "c995671cc80f1da7826bdc15ebfc67d6d4f788aa",
  "actual_old_geometry_rejection": "periodic neighbor-center line/derivative",
  "old_seam_position": [
    "0",
    "1/2"
  ],
  "old_seam_derivative": [
    "1/8",
    "0"
  ],
  "corrected": {
    "position": [
      "0",
      "13/24"
    ],
    "derivative": [
      "13/96",
      "5/192"
    ]
  },
  "old_pressure_rank": 33,
  "corrected_pressure_rank": 32,
  "small_perturbations": [
    {
      "seam_height_perturbation": "1/64",
      "exact_pressure_rank": 33,
      "scope": "geometry/pressure algebra only; no motion/GCL claim for perturbation"
    },
    {
      "seam_height_perturbation": "1/4096",
      "exact_pressure_rank": 33,
      "scope": "geometry/pressure algebra only; no motion/GCL claim for perturbation"
    },
    {
      "seam_height_perturbation": "1/1073741824",
      "exact_pressure_rank": 33,
      "scope": "geometry/pressure algebra only; no motion/GCL claim for perturbation"
    }
  ],
  "limits": "finite exact rank evidence does not establish uniform stability, pointwise traction or time integration"
}
