   Compiling unicode-ident v1.0.26
   Compiling proc-macro2 v1.0.107
   Compiling quote v1.0.47
   Compiling syn v3.0.6
    Checking bitflags v2.13.2
    Checking once_cell v1.21.4
    Checking log v0.4.34
   Compiling syn v2.0.119
    Checking linux-raw-sys v0.12.1
    Checking rustix v1.1.5
    Checking libc v0.2.190
    Checking pin-project-lite v0.2.17
    Checking smallvec v1.16.2
   Compiling serde_derive v1.0.229
   Compiling serde_core v1.0.229
    Checking libloading v0.8.9
   Compiling winnow v1.0.4
   Compiling serde v1.0.229
   Compiling toml_parser v1.1.3+spec-1.1.0
   Compiling toml_edit v0.25.15+spec-1.1.0
    Checking dlib v0.5.3
    Checking polling v3.11.0
   Compiling enumflags2_derive v0.7.12
   Compiling proc-macro-crate v3.5.0
   Compiling zvariant_utils v4.2.0
    Checking parking v2.2.1
   Compiling zvariant_derive v5.15.0
    Checking wayland-sys v0.31.11
    Checking futures-core v0.3.34
    Checking slab v0.4.12
   Compiling synstructure v0.14.0
    Checking downcast-rs v1.2.1
    Checking scoped-tls v1.0.1
    Checking wayland-backend v0.3.17
    Checking crossbeam-utils v0.8.23
   Compiling wayland-scanner v0.31.11
   Compiling zerofrom-derive v0.1.8
   Compiling tracing-attributes v0.1.31
    Checking tracing-core v0.1.36
    Checking futures-io v0.3.34
    Checking fastrand v2.5.0
    Checking tracing v0.1.44
    Checking zerofrom v0.1.8
    Checking wayland-client v0.31.15
    Checking concurrent-queue v2.5.0
   Compiling yoke-derive v0.8.4
    Checking event-listener v5.4.2
   Compiling enumflags2 v0.7.12
   Compiling zcheapstr v1.1.0
    Checking stable_deref_trait v1.2.1
   Compiling endi v1.1.1
   Compiling zvariant v5.15.0
    Checking yoke v0.8.3
    Checking event-listener-strategy v0.5.4
    Checking futures-lite v2.6.1
   Compiling zbus_names v4.3.4
   Compiling zerovec-derive v0.11.6
    Checking zerovec v0.11.8
    Checking errno v0.3.14
   Compiling displaydoc v0.2.7
   Compiling bytemuck_derive v1.12.1
    Checking async-task v4.7.1
    Checking bytemuck v1.25.2
    Checking signal-hook-registry v1.4.8
    Checking async-io v2.6.0
    Checking async-channel v2.5.0
    Checking wayland-protocols v0.32.13
    Checking atomic-waker v1.1.2
    Checking piper v0.2.5
    Checking async-signal v0.2.14
   Compiling zbus_xml v5.2.1
    Checking async-lock v3.4.2
   Compiling thiserror-impl v1.0.69
    Checking thiserror v1.0.69
    Checking async-process v2.5.0
   Compiling zbus-lockstep v0.5.2
    Checking blocking v1.7.0
    Checking async-executor v1.14.0
    Checking tinystr v0.8.4
   Compiling zbus_macros v5.19.0
    Checking async-broadcast v0.7.2
    Checking uuid v1.27.0
    Checking ordered-stream v0.2.0
   Compiling serde_repr v0.1.21
   Compiling async-recursion v1.2.0
   Compiling async-trait v0.1.92
    Checking litemap v0.8.3
    Checking writeable v0.6.4
    Checking hex v0.4.3
    Checking zbus v5.19.0
    Checking icu_locale_core v2.3.0
   Compiling zbus-lockstep-macros v0.5.2
    Checking zerocopy v0.8.59
    Checking getrandom v0.3.4
    Checking zerotrie v0.2.5
    Checking potential_utf v0.1.6
    Checking cursor-icon v1.2.0
    Checking static_assertions v1.1.0
    Checking percent-encoding v2.3.2
    Checking utf8_iter v1.0.4
    Checking xkeysym v0.2.1
    Checking xcursor v0.3.11
    Checking linux-raw-sys v0.4.15
    Checking rustix v0.38.44
    Checking wayland-cursor v0.31.14
    Checking icu_collections v2.3.0
    Checking atspi-common v0.9.0
    Checking wayland-csd-frame v0.3.0
    Checking icu_provider v2.3.1
    Checking ahash v0.8.12
    Checking wayland-protocols-wlr v0.3.12
    Checking memmap2 v0.9.11
    Checking scopeguard v1.2.0
    Checking accesskit v0.21.1
    Checking lock_api v0.4.14
    Checking x11-dl v2.21.0
    Checking calloop v0.13.0
    Checking icu_properties_data v2.3.0
    Checking parking_lot_core v0.9.12
    Checking icu_normalizer_data v2.3.0
    Checking gethostname v1.1.0
    Checking foldhash v0.1.5
    Checking x11rb-protocol v0.13.2
    Checking ttf-parser v0.25.1
    Checking as-raw-xcb-connection v1.0.1
    Checking x11rb v0.13.2
    Checking owned_ttf_parser v0.25.1
    Checking hashbrown v0.15.5
    Checking icu_normalizer v2.3.0
    Checking parking_lot v0.12.5
    Checking icu_properties v2.3.0
    Checking calloop-wayland-source v0.3.0
    Checking atspi-proxies v0.9.0
    Checking emath v0.33.3
    Checking raw-window-handle v0.6.2
    Checking ab_glyph_rasterizer v0.1.10
    Checking ab_glyph v0.2.32
    Checking ecolor v0.33.3
    Checking atspi-connection v0.9.0
    Checking smithay-client-toolkit v0.19.2
    Checking idna_adapter v1.2.2
    Checking num-traits v0.2.19
    Checking accesskit_consumer v0.31.0
    Checking xkbcommon-dl v0.4.2
    Checking wayland-protocols-plasma v0.3.12
    Checking calloop v0.14.5
   Compiling thiserror-impl v2.0.21
   Compiling futures-macro v0.3.34
    Checking smol_str v0.2.2
    Checking nohash-hasher v0.2.0
    Checking futures-task v0.3.34
    Checking pxfm v0.1.30
    Checking dpi v0.1.2
    Checking epaint_default_fonts v0.33.3
    Checking profiling v1.0.18
    Checking epaint v0.33.3
    Checking winit v0.30.13
    Checking moxcms v0.8.1
    Checking futures-util v0.3.34
    Checking thiserror v2.0.21
    Checking calloop-wayland-source v0.4.1
    Checking png v0.18.1
    Checking accesskit_atspi_common v0.14.2
    Checking idna v1.1.0
    Checking atspi v0.25.0
    Checking form_urlencoded v1.2.2
    Checking wayland-protocols-misc v0.3.12
    Checking wayland-protocols-experimental v20250721.0.1
    Checking byteorder-lite v0.1.0
    Checking unicode-segmentation v1.13.3
    Checking egui v0.33.3
    Checking image v0.25.10
    Checking smithay-client-toolkit v0.20.0
    Checking url v2.5.8
    Checking accesskit_unix v0.17.2
    Checking glutin_glx_sys v0.6.1
    Checking glutin_egl_sys v0.7.1
    Checking glutin v0.32.3
    Checking accesskit_winit v0.29.2
    Checking webbrowser v1.2.4
    Checking smithay-clipboard v0.7.3
    Checking memoffset v0.9.1
    Checking arboard v3.6.1
    Checking glow v0.16.0
    Checking web-time v1.1.0
    Checking egui-winit v0.33.3
    Checking egui_glow v0.33.3
    Checking glutin-winit v0.5.0
    Checking eframe v0.33.3
    Checking rheon v0.1.0 (/workspace/Rheon)
    Finished `dev` profile [unoptimized + debuginfo] target(s) in 2m 47s
