    Checking rheon v0.1.0 (/workspace/Rheon)
error: float has excessive precision
   --> src/fixed_bottom_ale.rs:767:7
    |
767 |     (-0.5255324099163290, 0.3137066458778873),
    |       ^^^^^^^^^^^^^^^^^^
    |
    = help: for further information visit https://rust-lang.github.io/rust-clippy/rust-1.92.0/index.html#excessive_precision
    = note: `-D clippy::excessive-precision` implied by `-D warnings`
    = help: to override `-D warnings` add `#[allow(clippy::excessive_precision)]`
help: consider changing the type or truncating it to
    |
767 -     (-0.5255324099163290, 0.3137066458778873),
767 +     (-0.525_532_409_916_329, 0.3137066458778873),
    |

error: float has excessive precision
   --> src/fixed_bottom_ale.rs:768:27
    |
768 |     (-0.1834346424956498, 0.3626837833783620),
    |                           ^^^^^^^^^^^^^^^^^^
    |
    = help: for further information visit https://rust-lang.github.io/rust-clippy/rust-1.92.0/index.html#excessive_precision
help: consider changing the type or truncating it to
    |
768 -     (-0.1834346424956498, 0.3626837833783620),
768 +     (-0.1834346424956498, 0.362_683_783_378_362),
    |

error: float has excessive precision
   --> src/fixed_bottom_ale.rs:769:26
    |
769 |     (0.1834346424956498, 0.3626837833783620),
    |                          ^^^^^^^^^^^^^^^^^^
    |
    = help: for further information visit https://rust-lang.github.io/rust-clippy/rust-1.92.0/index.html#excessive_precision
help: consider changing the type or truncating it to
    |
769 -     (0.1834346424956498, 0.3626837833783620),
769 +     (0.1834346424956498, 0.362_683_783_378_362),
    |

error: float has excessive precision
   --> src/fixed_bottom_ale.rs:770:6
    |
770 |     (0.5255324099163290, 0.3137066458778873),
    |      ^^^^^^^^^^^^^^^^^^
    |
    = help: for further information visit https://rust-lang.github.io/rust-clippy/rust-1.92.0/index.html#excessive_precision
help: consider changing the type or truncating it to
    |
770 -     (0.5255324099163290, 0.3137066458778873),
770 +     (0.525_532_409_916_329, 0.3137066458778873),
    |

error: float has excessive precision
   --> src/fixed_bottom_ale.rs:778:7
    |
778 |     (-0.7554044083550030, 0.1246289712555339),
    |       ^^^^^^^^^^^^^^^^^^
    |
    = help: for further information visit https://rust-lang.github.io/rust-clippy/rust-1.92.0/index.html#excessive_precision
help: consider changing the type or truncating it to
    |
778 -     (-0.7554044083550030, 0.1246289712555339),
778 +     (-0.755_404_408_355_003, 0.1246289712555339),
    |

error: float has excessive precision
   --> src/fixed_bottom_ale.rs:787:6
    |
787 |     (0.7554044083550030, 0.1246289712555339),
    |      ^^^^^^^^^^^^^^^^^^
    |
    = help: for further information visit https://rust-lang.github.io/rust-clippy/rust-1.92.0/index.html#excessive_precision
help: consider changing the type or truncating it to
    |
787 -     (0.7554044083550030, 0.1246289712555339),
787 +     (0.755_404_408_355_003, 0.1246289712555339),
    |

error: could not compile `rheon` (lib) due to 6 previous errors
