    Checking rheon v0.1.0 (/workspace/Rheon)
error: float literals must have an integer part
   --> src/fixed_bottom_ale.rs:202:176
    |
202 | ...ip(u){let delta=check(a-b)?;increment_loss=add(increment_loss,mul(.5,mul(s.frame.nodal_mass()[i],mul(delta,delta)?)?)?)?;v2=add(v2,mul...
    |                                                                      ^^
    |
help: must have an integer part
    |
202 |         for (i,(v,u))in s.candidate.iter().zip(s.accepted).enumerate(){let mut v2=0.;for (&a,&b)in v.iter().zip(u){let delta=check(a-b)?;increment_loss=add(increment_loss,mul(0.5,mul(s.frame.nodal_mass()[i],mul(delta,delta)?)?)?)?;v2=add(v2,mul(a,a)?)?;}gcl_work=add(gcl_work,mul(.5,mul(w.gcl[i],v2)?)?)?;}
    |                                                                                                                                                                                +

error: float literals must have an integer part
   --> src/fixed_bottom_ale.rs:202:280
    |
202 | ...ta,delta)?)?)?)?;v2=add(v2,mul(a,a)?)?;}gcl_work=add(gcl_work,mul(.5,mul(w.gcl[i],v2)?)?)?;}
    |                                                                      ^^
    |
help: must have an integer part
    |
202 |         for (i,(v,u))in s.candidate.iter().zip(s.accepted).enumerate(){let mut v2=0.;for (&a,&b)in v.iter().zip(u){let delta=check(a-b)?;increment_loss=add(increment_loss,mul(.5,mul(s.frame.nodal_mass()[i],mul(delta,delta)?)?)?)?;v2=add(v2,mul(a,a)?)?;}gcl_work=add(gcl_work,mul(0.5,mul(w.gcl[i],v2)?)?)?;}
    |                                                                                                                                                                                                                                                                                        +

error: float literals must have an integer part
   --> src/fixed_bottom_ale.rs:203:177
    |
203 | ....candidate[f.nodes[1]][d])?;advection_loss=add(advection_loss,mul(.5,mul(add(f.positive,f.negative)?,mul(delta,delta)?)?)?)?;}}
    |                                                                      ^^
    |
help: must have an integer part
    |
203 |         let mut advection_loss=0.;for f in &w.faces{for d in 0..3{let delta=check(s.candidate[f.nodes[0]][d]-s.candidate[f.nodes[1]][d])?;advection_loss=add(advection_loss,mul(0.5,mul(add(f.positive,f.negative)?,mul(delta,delta)?)?)?)?;}}
    |                                                                                                                                                                                 +

error: float literals must have an integer part
   --> src/fixed_bottom_ale.rs:221:284
    |
221 | ...checkpoint(cancel,FixedBottomAleStage::Quadrature)?;let theta=mul(.5,add(1.,x)?)?;reconstruct(s.frame,w,mul(displacement,theta)?)?;w.g...
    |                                                                      ^^
    |
help: must have an integer part
    |
221 | fn integrate(s:&TranslatedViscousScratch<'_>,w:&mut Work,dt:f64,displacement:f64,rule:&[(f64,f64)],coarse:bool,cancel:&mut impl FnMut(FixedBottomAleStage)->bool)->Result<(),FixedBottomAleError>{for &(x,weight)in rule{checkpoint(cancel,FixedBottomAleStage::Quadrature)?;let theta=mul(0.5,add(1.,x)?)?;reconstruct(s.frame,w,mul(displacement,theta)?)?;w.geometry.inspect(FittedHeightInputs{velocity:&w.velocity,pressure_coefficients:&w.pressure},&mut w.diagnostic,|_|false)?;let scale=mul(mul(dt,.5)?,weight)?;if w.geometry.shared_flux_scratch().len()!=w.faces.len(){return Err(FixedBottomAleError::TopologyChanged);}for (f,actual)in w.faces.iter_mut().zip(w.geometry.shared_flux_scratch()){if f.nodes!=actual.nodes{return Err(FixedBottomAleError::TopologyChanged);}let pos=mul(scale,actual.flux.max(0.))?;let neg=mul(scale,(-actual.flux).max(0.))?;if coarse{f.coarse_positive=add(f.coarse_positive,pos)?;f.coarse_negative=add(f.coarse_negative,neg)?;}else{f.positive=add(f.positive,pos)?;f.negative=add(f.negative,neg)?;}}}Ok(())}
    |                                                                                                                                                                                                                                                                                            +

error: float literals must have an integer part
   --> src/fixed_bottom_ale.rs:221:493
    |
221 | ...ts:&w.pressure},&mut w.diagnostic,|_|false)?;let scale=mul(mul(dt,.5)?,weight)?;if w.geometry.shared_flux_scratch().len()!=w.faces.len...
    |                                                                      ^^
    |
help: must have an integer part
    |
221 | fn integrate(s:&TranslatedViscousScratch<'_>,w:&mut Work,dt:f64,displacement:f64,rule:&[(f64,f64)],coarse:bool,cancel:&mut impl FnMut(FixedBottomAleStage)->bool)->Result<(),FixedBottomAleError>{for &(x,weight)in rule{checkpoint(cancel,FixedBottomAleStage::Quadrature)?;let theta=mul(.5,add(1.,x)?)?;reconstruct(s.frame,w,mul(displacement,theta)?)?;w.geometry.inspect(FittedHeightInputs{velocity:&w.velocity,pressure_coefficients:&w.pressure},&mut w.diagnostic,|_|false)?;let scale=mul(mul(dt,0.5)?,weight)?;if w.geometry.shared_flux_scratch().len()!=w.faces.len(){return Err(FixedBottomAleError::TopologyChanged);}for (f,actual)in w.faces.iter_mut().zip(w.geometry.shared_flux_scratch()){if f.nodes!=actual.nodes{return Err(FixedBottomAleError::TopologyChanged);}let pos=mul(scale,actual.flux.max(0.))?;let neg=mul(scale,(-actual.flux).max(0.))?;if coarse{f.coarse_positive=add(f.coarse_positive,pos)?;f.coarse_negative=add(f.coarse_negative,neg)?;}else{f.positive=add(f.positive,pos)?;f.negative=add(f.negative,neg)?;}}}Ok(())}
    |                                                                                                                                                                                                                                                                                                                                                                                                                                                                                                             +

error[E0596]: cannot borrow `*s.nodal` as mutable, as it is behind a `&` reference
   --> src/fixed_bottom_ale.rs:224:55
    |
224 |     let n=s.solution.len();apply(&w.geometry,&w.faces,s.nodal,s.force,s.solution,s.product,dt)?;
    |                                                       ^^^^^^^ `s` is a `&` reference, so the data it refers to cannot be borrowed as mutable
    |
help: consider changing this to be a mutable reference
    |
223 | fn gmres(s:&mut TranslatedViscousScratch<'_>,w:&mut Work,dt:f64,target:f64,max_iterations:usize,cancel:&mut impl FnMut(FixedBottomAleStage)->bool)->Result<usize,FixedBottomAleError>{
    |             +++

error[E0596]: cannot borrow `*s.force` as mutable, as it is behind a `&` reference
   --> src/fixed_bottom_ale.rs:224:63
    |
224 |     let n=s.solution.len();apply(&w.geometry,&w.faces,s.nodal,s.force,s.solution,s.product,dt)?;
    |                                                               ^^^^^^^ `s` is a `&` reference, so the data it refers to cannot be borrowed as mutable
    |
help: consider changing this to be a mutable reference
    |
223 | fn gmres(s:&mut TranslatedViscousScratch<'_>,w:&mut Work,dt:f64,target:f64,max_iterations:usize,cancel:&mut impl FnMut(FixedBottomAleStage)->bool)->Result<usize,FixedBottomAleError>{
    |             +++

error[E0596]: cannot borrow `*s.product` as mutable, as it is behind a `&` reference
   --> src/fixed_bottom_ale.rs:224:82
    |
224 |     let n=s.solution.len();apply(&w.geometry,&w.faces,s.nodal,s.force,s.solution,s.product,dt)?;
    |                                                                                  ^^^^^^^^^ `s` is a `&` reference, so the data it refers to cannot be borrowed as mutable
    |
help: consider changing this to be a mutable reference
    |
223 | fn gmres(s:&mut TranslatedViscousScratch<'_>,w:&mut Work,dt:f64,target:f64,max_iterations:usize,cancel:&mut impl FnMut(FixedBottomAleStage)->bool)->Result<usize,FixedBottomAleError>{
    |             +++

error[E0596]: cannot borrow `*s.residual` as mutable, as it is behind a `&` reference
   --> src/fixed_bottom_ale.rs:225:23
    |
225 |     for ((r,&b),&a)in s.residual.iter_mut().zip(s.rhs.iter()).zip(s.product.iter()){*r=check(b-a)?;}
    |                       ^^^^^^^^^^ `s` is a `&` reference, so the data it refers to cannot be borrowed as mutable
    |
help: consider changing this to be a mutable reference
    |
223 | fn gmres(s:&mut TranslatedViscousScratch<'_>,w:&mut Work,dt:f64,target:f64,max_iterations:usize,cancel:&mut impl FnMut(FixedBottomAleStage)->bool)->Result<usize,FixedBottomAleError>{
    |             +++

error[E0596]: cannot borrow `*s.preconditioned` as mutable, as it is behind a `&` reference
   --> src/fixed_bottom_ale.rs:227:5
    |
227 |     s.preconditioned.copy_from_slice(s.solution);w.hessenberg.fill(0.);w.least_squares.fill(0.);w.least_squares[0]=beta;
    |     ^^^^^^^^^^^^^^^^ `s` is a `&` reference, so the data it refers to cannot be borrowed as mutable
    |
help: consider changing this to be a mutable reference
    |
223 | fn gmres(s:&mut TranslatedViscousScratch<'_>,w:&mut Work,dt:f64,target:f64,max_iterations:usize,cancel:&mut impl FnMut(FixedBottomAleStage)->bool)->Result<usize,FixedBottomAleError>{
    |             +++

error[E0596]: cannot borrow `*s.nodal` as mutable, as it is behind a `&` reference
   --> src/fixed_bottom_ale.rs:232:36
    |
232 |         apply(&w.geometry,&w.faces,s.nodal,s.force,&w.basis[j*n..(j+1)*n],s.direction,dt)?;
    |                                    ^^^^^^^ `s` is a `&` reference, so the data it refers to cannot be borrowed as mutable
    |
help: consider changing this to be a mutable reference
    |
223 | fn gmres(s:&mut TranslatedViscousScratch<'_>,w:&mut Work,dt:f64,target:f64,max_iterations:usize,cancel:&mut impl FnMut(FixedBottomAleStage)->bool)->Result<usize,FixedBottomAleError>{
    |             +++

error[E0596]: cannot borrow `*s.force` as mutable, as it is behind a `&` reference
   --> src/fixed_bottom_ale.rs:232:44
    |
232 |         apply(&w.geometry,&w.faces,s.nodal,s.force,&w.basis[j*n..(j+1)*n],s.direction,dt)?;
    |                                            ^^^^^^^ `s` is a `&` reference, so the data it refers to cannot be borrowed as mutable
    |
help: consider changing this to be a mutable reference
    |
223 | fn gmres(s:&mut TranslatedViscousScratch<'_>,w:&mut Work,dt:f64,target:f64,max_iterations:usize,cancel:&mut impl FnMut(FixedBottomAleStage)->bool)->Result<usize,FixedBottomAleError>{
    |             +++

error[E0596]: cannot borrow `*s.direction` as mutable, as it is behind a `&` reference
   --> src/fixed_bottom_ale.rs:232:75
    |
232 |         apply(&w.geometry,&w.faces,s.nodal,s.force,&w.basis[j*n..(j+1)*n],s.direction,dt)?;
    |                                                                           ^^^^^^^^^^^ `s` is a `&` reference, so the data it refers to cannot be borrowed as mutable
    |
help: consider changing this to be a mutable reference
    |
223 | fn gmres(s:&mut TranslatedViscousScratch<'_>,w:&mut Work,dt:f64,target:f64,max_iterations:usize,cancel:&mut impl FnMut(FixedBottomAleStage)->bool)->Result<usize,FixedBottomAleError>{
    |             +++

error[E0596]: cannot borrow `*s.direction` as mutable, as it is behind a `&` reference
   --> src/fixed_bottom_ale.rs:235:172
    |
235 | ...dex],h)?;for (a,&v)in s.direction.iter_mut().zip(vi){*a=check(*a-mul(h,v)?)?;}}}
    |                          ^^^^^^^^^^^ `s` is a `&` reference, so the data it refers to cannot be borrowed as mutable
    |
help: consider changing this to be a mutable reference
    |
223 | fn gmres(s:&mut TranslatedViscousScratch<'_>,w:&mut Work,dt:f64,target:f64,max_iterations:usize,cancel:&mut impl FnMut(FixedBottomAleStage)->bool)->Result<usize,FixedBottomAleError>{
    |             +++

error[E0596]: cannot borrow `*s.solution` as mutable, as it is behind a `&` reference
   --> src/fixed_bottom_ale.rs:244:5
    |
244 |     s.solution.copy_from_slice(s.preconditioned);for j in 0..used{for (x,&v)in s.solution.iter_mut().zip(&w.basis[j*n..(j+1)*n]){*x=add(*...
    |     ^^^^^^^^^^ `s` is a `&` reference, so the data it refers to cannot be borrowed as mutable
    |
help: consider changing this to be a mutable reference
    |
223 | fn gmres(s:&mut TranslatedViscousScratch<'_>,w:&mut Work,dt:f64,target:f64,max_iterations:usize,cancel:&mut impl FnMut(FixedBottomAleStage)->bool)->Result<usize,FixedBottomAleError>{
    |             +++

error[E0596]: cannot borrow `*s.solution` as mutable, as it is behind a `&` reference
   --> src/fixed_bottom_ale.rs:244:80
    |
244 | ... 0..used{for (x,&v)in s.solution.iter_mut().zip(&w.basis[j*n..(j+1)*n]){*x=add(*x,mul(v,w.coefficients[j])?)?;}}
    |                          ^^^^^^^^^^ `s` is a `&` reference, so the data it refers to cannot be borrowed as mutable
    |
help: consider changing this to be a mutable reference
    |
223 | fn gmres(s:&mut TranslatedViscousScratch<'_>,w:&mut Work,dt:f64,target:f64,max_iterations:usize,cancel:&mut impl FnMut(FixedBottomAleStage)->bool)->Result<usize,FixedBottomAleError>{
    |             +++

For more information about this error, try `rustc --explain E0596`.
error: could not compile `rheon` (lib) due to 16 previous errors
