    Checking rheon v0.1.0 (/workspace/Rheon)
error: very complex type used. Consider factoring parts into `type` definitions
  --> tests/fixed_bottom_ale_contract.rs:49:6
   |
49 |   ) -> (
   |  ______^
50 | |     Vec<[u64; 3]>,
51 | |     Vec<[u64; 2]>,
52 | |     Vec<u64>,
...  |
55 | |     TranslatedViscousStamp,
56 | | ) {
   | |_^
   |
   = help: for further information visit https://rust-lang.github.io/rust-clippy/rust-1.92.0/index.html#type_complexity
   = note: `-D clippy::type-complexity` implied by `-D warnings`
   = help: to override `-D warnings` add `#[allow(clippy::type_complexity)]`

error: the loop variable `i` is used to index `BOTTOM`
   --> tests/fixed_bottom_ale_contract.rs:103:18
    |
103 |         for i in 0..5 {
    |                  ^^^^
    |
    = help: for further information visit https://rust-lang.github.io/rust-clippy/rust-1.92.0/index.html#needless_range_loop
    = note: `-D clippy::needless-range-loop` implied by `-D warnings`
    = help: to override `-D warnings` add `#[allow(clippy::needless_range_loop)]`
help: consider using an iterator and enumerate()
    |
103 -         for i in 0..5 {
103 +         for (i, <item>) in BOTTOM.iter().enumerate() {
    |

error: could not compile `rheon` (test "fixed_bottom_ale_contract") due to 2 previous errors
