test_01_consistent_negative_diagnostics (test_invariants.Invariants.test_01_consistent_negative_diagnostics) ... ok
test_02_incomplete_replay_receipt (test_invariants.Invariants.test_02_incomplete_replay_receipt) ... ok
test_03_staged_protected_change_hidden_by_restored_worktree (test_invariants.Invariants.test_03_staged_protected_change_hidden_by_restored_worktree) ... ok
test_04_terminal_historical_checkout_identity (test_invariants.Invariants.test_04_terminal_historical_checkout_identity) ... ok
test_05_protected_receipt_output (test_invariants.Invariants.test_05_protected_receipt_output) ... ok
test_06_untracked_result_protected_addition (test_invariants.Invariants.test_06_untracked_result_protected_addition) ... ok
test_07_nonfinite_serialization_residue (test_invariants.Invariants.test_07_nonfinite_serialization_residue) ... ok
test_failed_write_cleanup_and_existing_operator_files (test_invariants.Invariants.test_failed_write_cleanup_and_existing_operator_files) ... skipped 'additional after-repair coverage'
test_output_symlink_aliases_rejected_before_qualification (test_invariants.Invariants.test_output_symlink_aliases_rejected_before_qualification) ... skipped 'additional after-repair coverage'
test_replay_missing_duplicate_unexpected_fixtures_and_hash_keys (test_invariants.Invariants.test_replay_missing_duplicate_unexpected_fixtures_and_hash_keys) ... skipped 'additional after-repair coverage'
test_untracked_ignored_and_tracked_result_inventory (test_invariants.Invariants.test_untracked_ignored_and_tracked_result_inventory) ... skipped 'additional after-repair coverage'
test_zero_magnitude_diagnostics_remain_admissible (test_invariants.Invariants.test_zero_magnitude_diagnostics_remain_admissible) ... skipped 'additional after-repair coverage'

----------------------------------------------------------------------
Ran 12 tests in 1.809s

OK (skipped=5)
CONFIRMED BEFORE: same negative courant in all four method repeats accepted
CONFIRMED BEFORE: same negative actual_divergence_max in all four method repeats accepted
CONFIRMED BEFORE: same negative pressure_iterations in all four method repeats accepted
CONFIRMED BEFORE: same negative full_residual_max in all four method repeats accepted
CONFIRMED BEFORE: same negative tracer_integral in all four method repeats accepted
CONFIRMED BEFORE: same negative kinetic_energy in all four method repeats accepted
CONFIRMED BEFORE: empty fixture inventory or artifact hash map accepted
CONFIRMED BEFORE: empty fixture inventory or artifact hash map accepted
CONFIRMED BEFORE: terminal accepted staged protected content with BASE bytes restored
CONFIRMED BEFORE: result accepted staged protected content with BASE bytes restored
CONFIRMED BEFORE: different committed repair sources pass source phase; stopped before binary gate
CONFIRMED BEFORE: terminal publisher created protected addition while claiming unchanged paths
CONFIRMED BEFORE: result publisher created protected addition while claiming unchanged paths
CONFIRMED BEFORE: result verifier qualified an untracked protected addition
CONFIRMED BEFORE: serialization failure left empty exclusive destination; availability defect, no false PASS
