two coupled ODE references complete 194 410
actual host refinement {"interval": 0.05, "steps": 2, "velocity_lumped_L2_error": 3.446824217390319e-05, "geometry_max_error": 1.585774949575125e-06, "final_q": [0.09975071118062787, 0.6246502088143472, 0.9999836527944621], "final_velocity": [0.0062887930107877205, 0.006156075519408488, 0.9949810420160726, 1.2429798362719842, 0.4181117223108763, 0.7480267982821937, 0.3358931106640438, 0.7477895087102358, 0.5419506012895161, 0.6015753944699709, 0.5829303454166769, 0.5188953528182358, -0.0003353003948004437, 0.0003353003948007869, 0.00011059935585626315, 0.0003201480453912664, -8.847688121259821e-05, -0.0002288261044147144, -6.437491055044653e-05, 0.0005638210991313342, -0.00020704102672280955, -0.00023925564612570227], "final_energy": 0.7974421276893107, "mass_total": 3.375, "max_work_allowance_ratio": 0.06378109456026375, "max_GCL_allowance_ratio": 0.009169584440326608, "max_momentum_rate_norm": 6.685705455733781e-14, "max_quadrature_difference": 8.754932542820448e-18, "loss_sums": [1.5587717693062588e-05, 0.00015061257786689198, 0.0055339527507303945], "final_stamp": 2, "actual_clock": 0.1}
actual host refinement {"interval": 0.025, "steps": 4, "velocity_lumped_L2_error": 1.7432859770573233e-05, "geometry_max_error": 7.688530192506704e-07, "final_q": [0.09975091501128487, 0.6246501061774751, 0.9999844697163924], "final_velocity": [0.006300263089278362, 0.006164527460634774, 0.9949771717370048, 1.2429715404299444, 0.41811006203749984, 0.7480194909908378, 0.33589737344341064, 0.7477869798520957, 0.5419493064182332, 0.6015722271717904, 0.5829274546544039, 0.518899321159153, -0.00032157828551145453, 0.00032157828551185666, 0.00011311442921192391, 0.0003238705162715849, -9.048901375399883e-05, -0.0002354539570128822, -6.159707322561658e-05, 0.0005704522990950256, -0.0002168515598779952, -0.0002389796299928637], "final_energy": 0.7974344761239728, "mass_total": 3.375, "max_work_allowance_ratio": 0.028352497710418895, "max_GCL_allowance_ratio": 0.012801941957393044, "max_momentum_rate_norm": 4.8551677112722607e-14, "max_quadrature_difference": 6.716971271726602e-18, "loss_sums": [7.815020007620502e-06, 0.00015085630626271692, 0.005549133285352829], "final_stamp": 4, "actual_clock": 0.1}
Traceback (most recent call last):
  File "/workspace/Rheon/evidence/fitted-discrete-work/trajectory.py", line 113, in <module>
    if __name__=='__main__':print(json.dumps(study(),indent=2))
                                             ^^^^^^^
  File "/workspace/Rheon/evidence/fitted-discrete-work/trajectory.py", line 100, in study
    cell=owner.advance(h);loss+=np.array([cell['backward_Euler_loss'],cell['mixing_loss'],cell['viscous_loss']]);max_work=max(max_work,abs(cell['discrete_residual_work'])/cell['fixed_work_allowance']);max_gcl=max(max_gcl,max(abs(g)/a for g,a in zip(cell['actual_local_GCL_defect'],cell['local_GCL_allowance'])));max_rate=max(max_rate,cell['finite_momentum_rate_norm']);max_quad=max(max_quad,cell['quadrature_16_32_difference'])
         ^^^^^^^^^^^^^^^^
  File "/workspace/Rheon/evidence/fitted-discrete-work/trajectory.py", line 40, in advance
    cell=step.solve(h,state=(np.array(old.q),np.array(old.eta)),diagnostics=False)
         ^^^^^^^^^^^^^^^^^^^^^^^^^^^^^^^^^^^^^^^^^^^^^^^^^^^^^^^^^^^^^^^^^^^^^^^^^
  File "/workspace/Rheon/evidence/fitted-discrete-work/step.py", line 137, in solve
    columns.append((equation(perturbed)-residual)/delta)
                    ^^^^^^^^^^^^^^^^^^^
  File "/workspace/Rheon/evidence/fitted-discrete-work/step.py", line 124, in equation
    return evaluate(q0,eta0,unknown,h)['residual']/h
           ^^^^^^^^^^^^^^^^^^^^^^^^^^^
  File "/workspace/Rheon/evidence/fitted-discrete-work/step.py", line 83, in evaluate
    f=transfers(q0,eta0,unknown,h,order,diagnostics,partition);u0=a['flux']['velocity'];u1=b['flux']['velocity']
      ^^^^^^^^^^^^^^^^^^^^^^^^^^^^^^^^^^^^^^^^^^^^^^^^^^^^^^^^
  File "/workspace/Rheon/evidence/fitted-discrete-work/step.py", line 59, in transfers
    boundaries,root_calls=sign_partition(q0,eta0,unknown,h)if partition is None else partition
                          ^^^^^^^^^^^^^^^^^^^^^^^^^^^^^^^^^
  File "/workspace/Rheon/evidence/fitted-discrete-work/step.py", line 45, in sign_partition
    fm=face(middle)
       ^^^^^^^^^^^^
  File "/workspace/Rheon/evidence/fitted-discrete-work/step.py", line 37, in face
    return point(q0,eta0,unknown,t)['flux']['flux'][k]
           ^^^^^^^^^^^^^^^^^^^^^^^^
  File "/workspace/Rheon/evidence/fitted-discrete-work/step.py", line 24, in point
    def point(q0,eta0,unknown,time):return m.cell_point(q0,eta0,unknown[:6],time,unknown[6:])
                                           ^^^^^^^^^^^^^^^^^^^^^^^^^^^^^^^^^^^^^^^^^^^^^^^^^^
  File "/workspace/Rheon/evidence/fitted-coupled-temporal/model.py", line 209, in cell_point
    s=spatial(x,xdot);J,L=cap_chart(s);z=J@eta
                          ^^^^^^^^^^^^
  File "/workspace/Rheon/evidence/fitted-coupled-temporal/model.py", line 198, in cap_chart
    require(np.max(np.abs((R_RAW[4,1]+R_RAW[3,1])@J))<=1e-11,'fourth material cap velocity')
                   ^^^^^^^^^^^^^^^^^^^^^^^^^^^^^^^^^
KeyboardInterrupt
