    Checking rheon v0.1.0 (/workspace/Rheon)
error: 6 positional arguments in format string, but there are 5 arguments
   --> examples/column_interface.rs:223:35
    |
223 |               "{{\"kind\":\"coupled-{}\",\"method\":\"{}\",\"counts\":[2,{},1],\"spacing\":[1,1,1],\"steps\":{},\"time\":{},\"owned_array_bytes\":{},\"...
    |                                     ^^                ^^                 ^^                                  ^^          ^^                       ^^
224 | /             if rest {
225 | |                 "mixed-rest"
226 | |             } else if activation {
227 | |                 "activation"
228 | |             } else {
229 | |                 "pulse"
230 | |             },
    | |_____________-
231 |               method.id(),
    |               -----------
232 |               steps,
    |               -----
233 |               s.state().carrier.time,
    |               ----------------------
234 |               s.allocated_bytes()
    |               -------------------

error: could not compile `rheon` (example "column_interface") due to 1 previous error
