   Compiling rheon v0.1.0 (/workspace/Rheon)
    Finished `test` profile [unoptimized + debuginfo] target(s) in 2.88s
     Running tests/column_surface_contract.rs (/workspace/.rheon-tools/target/debug/deps/column_surface_contract-0b46645015386958)

running 5 tests
test admission_and_memory_are_bounded_and_explicit ... ok
test geometric_vertical_translation_crosses_layers_with_exact_volume_ledger ... FAILED
test independent_variable_distance_matrix_and_air_storage ... ok
test mixed_hydrostatic_columns_repeat_and_track_both_geometry_versions ... ok
test consecutive_coupled_pulses_advance_mixed_fractions_and_preserve_geometry_on_cancel ... ok

failures:

---- geometric_vertical_translation_crosses_layers_with_exact_volume_ledger stdout ----

thread 'geometric_vertical_translation_crosses_layers_with_exact_volume_ledger' (56265) panicked at tests/column_surface_contract.rs:251:13:
assertion `left == right` failed
  left: 2.25
 right: 2.1875
note: run with `RUST_BACKTRACE=1` environment variable to display a backtrace


failures:
    geometric_vertical_translation_crosses_layers_with_exact_volume_ledger

test result: FAILED. 4 passed; 1 failed; 0 ignored; 0 measured; 0 filtered out; finished in 0.06s

error: test failed, to rerun pass `--test column_surface_contract`
