   Compiling rheon v0.1.0 (/workspace/Rheon)
    Finished `test` profile [unoptimized + debuginfo] target(s) in 3.34s
     Running tests/column_surface_contract.rs (/workspace/.rheon-tools/target/debug/deps/column_surface_contract-0b46645015386958)

running 7 tests
test admission_and_memory_are_bounded_and_explicit ... ok
test independent_variable_distance_matrix_and_air_storage ... ok
test geometric_vertical_translation_crosses_layers_with_exact_volume_ledger ... ok
test late_unsupported_reconstruction_keeps_accepted_pressure_phase_and_both_geometries ... FAILED
test unrepresentable_ghost_distance_coefficient_rejects_without_clamping ... ok
test mixed_hydrostatic_columns_repeat_and_track_both_geometry_versions ... ok
test consecutive_coupled_pulses_advance_mixed_fractions_and_preserve_geometry_on_cancel ... ok

failures:

---- late_unsupported_reconstruction_keeps_accepted_pressure_phase_and_both_geometries stdout ----

thread 'late_unsupported_reconstruction_keeps_accepted_pressure_phase_and_both_geometries' (56776) panicked at tests/column_surface_contract.rs:367:18:
called `Result::unwrap_err()` on an `Ok` value: LiquidStepReport { carrier: ForcedStepReport { step: StepReport { dt: 0.125, time: 0.25, generation: 2, pressure: PressureReport { iterations: 2, true_residual_l2: 5.551115123125783e-17, true_residual_max: 5.551115123125783e-17, predicted_divergence_max: 6.938893903907228e-18 }, actual_divergence_max: 0.0, courant: 0.015594437718391418, tracer_integral: 0.0, kinetic_energy: 0.01167295141213387 }, forces: Some(ForceReport { kinetic_energy_before: 0.0014534664522316571, kinetic_energy_after: 0.009250752424406983, applied_work: 0.007797285972175326 }) }, boundary: None, liquid: LiquidVolumeReport { stamp: VolumeStamp { id: 1, version: 2 }, flow: VolumeStamp { id: 2, version: 2 }, inlet: VolumeStamp { id: 3, version: 0 }, source: Some(VolumeStamp { id: 10, version: 0 }), dt: 0.125, time: 0.25, liquid_volume_before: 2.0, liquid_volume_after: 2.125, inward_boundary_volume: 0.0, outward_boundary_volume: 0.0, source_volume: 0.125, volume_balance_error: 0.0, volume_rounding_budget: 6.039613253960852e-14, liquid_mass_before: 2.0, liquid_mass_after: 2.125, max_outward_courant: 0.015594437718391418, actual_divergence_max: 0.0, divergence_domain: ReconstructedColumns { axis: Y, geometry: VolumeStamp { id: 1, version: 1 } }, reconstruction_volume_change: 0.0, fraction_min: 0.0, fraction_max: 1.0, dry_cells: 4, mixed_cells: 2, full_cells: 2 }, owned_array_bytes: 1344, boundary_workspace_array_bytes: 0, total_array_bytes: 1344, pressure_surface: None, column_reconstruction: Some(ColumnReconstructionReport { input_stamp: VolumeStamp { id: 1, version: 1 }, output_stamp: VolumeStamp { id: 1, version: 2 }, collapsed_columns: 2 }) }
note: run with `RUST_BACKTRACE=1` environment variable to display a backtrace


failures:
    late_unsupported_reconstruction_keeps_accepted_pressure_phase_and_both_geometries

test result: FAILED. 6 passed; 1 failed; 0 ignored; 0 measured; 0 filtered out; finished in 0.05s

error: test failed, to rerun pass `--test column_surface_contract`
