   Compiling rheon v0.1.0 (/workspace/Rheon)
warning: method `matches` is never used
  --> src/column_surface.rs:97:19
   |
52 | impl<'a> ColumnSurfaceView<'a> {
   | ------------------------------ method in this implementation
...
97 |     pub(crate) fn matches(self, grid: &GridGeometry, fraction: &[f64], stamp: VolumeStamp) -> bool {
   |                   ^^^^^^^
   |
   = note: `#[warn(dead_code)]` (part of `#[warn(unused)]`) on by default

warning: field `candidate` is never read
   --> src/column_surface.rs:117:5
    |
113 | pub struct ColumnSurfaceWorkspace {
    |            ---------------------- field in this struct
...
117 |     candidate: Vec<ColumnHeight>,
    |     ^^^^^^^^^

warning: methods `candidate`, `prepare`, and `commit` are never used
   --> src/column_surface.rs:184:19
    |
123 | impl ColumnSurfaceWorkspace {
    | --------------------------- methods in this implementation
...
184 |     pub(crate) fn candidate(&self, stamp: VolumeStamp) -> ColumnSurfaceView<'_> {
    |                   ^^^^^^^^^
...
192 |     pub(crate) fn prepare(
    |                   ^^^^^^^
...
249 |     pub(crate) fn commit(&mut self, report: ColumnReconstructionReport) {
    |                   ^^^^^^

warning: function `check` is never used
   --> src/column_surface.rs:256:4
    |
256 | fn check(
    |    ^^^^^

warning: `rheon` (lib) generated 4 warnings
    Finished `test` profile [unoptimized + debuginfo] target(s) in 6.95s
     Running tests/free_surface_contract.rs (/workspace/.rheon-tools/target/debug/deps/free_surface_contract-35fb69756b626248)

running 7 tests
test free_surface_admission_is_explicit_and_uses_existing_array_inventory ... ok
test independent_anchored_matrix_has_half_distance_surface_and_no_wet_gauge ... ok
test coupled_surface_redistribution_conserves_volume_and_rejects_unresolved_next_geometry ... ok
test late_volume_rejection_retains_previous_free_surface_pressure_and_liquid ... ok
test rectangular_manufactured_pressure_matches_independent_wet_air_assembly ... ok
test hydrostatic_columns_match_pressure_at_cell_centers_and_zero_air_pressure ... ok
test resolved_hydrostatic_interval_replays_and_cancelled_pair_preserves_pressure_and_phase ... ok

test result: ok. 7 passed; 0 failed; 0 ignored; 0 measured; 0 filtered out; finished in 0.01s

     Running tests/operator_contract.rs (/workspace/.rheon-tools/target/debug/deps/operator_contract-8854ebac8914412a)

running 5 tests
test independent_rectangular_dense_operator ... ok
test all_six_faces_of_single_cell_are_walls ... ok
test integrated_rhs_matches_independent_physical_divergence ... ok
test nonfinite_fields_density_and_lengths_are_rejected ... ok
test three_cell_hand_calculation_and_residual_identity ... ok

test result: ok. 5 passed; 0 failed; 0 ignored; 0 measured; 0 filtered out; finished in 0.00s

     Running tests/pressure_contract.rs (/workspace/.rheon-tools/target/debug/deps/pressure_contract-7099cae9f7db8865)

running 10 tests
test cancellation_and_iteration_exhaustion_are_explicit ... ok
test a_rectangular_cycle_retains_circulation ... ok
test eliminated_gauge_row_participates_in_physical_stopping ... ok
test incompatible_rhs_is_not_mean_shifted ... ok
test single_cell_zero_rhs_returns_without_iteration ... ok
test solves_hand_chain_and_reports_full_residual ... ok
test workspace_budget_and_invalid_tolerance_fail ... ok
test manufactured_three_dimensional_pressure_recovers_modulo_gauge ... ok
test tighter_divergence_gate_keeps_conjugate_gradient_progress ... ok
test random_three_dimensional_projection_checks_actual_f32_divergence ... ok

test result: ok. 10 passed; 0 failed; 0 ignored; 0 measured; 0 filtered out; finished in 0.02s

