   Compiling simd-adler32 v0.3.10
   Compiling adler2 v2.0.1
   Compiling crc32fast v1.5.2
   Compiling cfg-if v1.0.5
   Compiling miniz_oxide v0.9.1
   Compiling flate2 v1.1.10
   Compiling miniz_oxide v0.8.9
   Compiling fdeflate v0.3.7
   Compiling bitflags v2.13.2
   Compiling png v0.18.1
   Compiling rheon v0.1.0 (/workspace/Rheon)
    Finished `release` profile [optimized] target(s) in 26.43s
jacobi-pcg-v1-pulse: 8 coupled intervals
jacobi-pcg-v1-mixed-rest: 16 coupled intervals
sgs-pcg-v1-pulse: 8 coupled intervals
sgs-pcg-v1-mixed-rest: 16 coupled intervals
vertical-up: 16 imposed-velocity geometric intervals
vertical-down: 16 imposed-velocity geometric intervals
advection-n16-c025: 8 imposed-velocity geometric intervals
advection-n32-c025: 16 imposed-velocity geometric intervals
advection-n64-c025: 32 imposed-velocity geometric intervals
advection-n128-c025: 64 imposed-velocity geometric intervals
advection-n64-c0125: 64 imposed-velocity geometric intervals
