{
  "additional_bound": 65536,
  "artifacts": 80,
  "authorized_additional_cap": 67584,
  "binary_sha256": "6a0776a617f8874ad6d9458f874eac3543d7296227d0710c1bc2562cb4fdf172",
  "case_count": 5,
  "continued_trajectory": false,
  "corrections": [
    3,
    4,
    2,
    3,
    3
  ],
  "counted_newton_equations": [
    22,
    29,
    15,
    22,
    22
  ],
  "exact_field_changes_per_case": [
    100,
    100,
    100,
    100,
    100
  ],
  "failed_v1_compile_preserved": true,
  "full_third_and_combined_work_gates_passed": 5,
  "native_original_refusals_reproduced": 5,
  "negative_controls": [
    "case omitted",
    "success-only reordering",
    "new parameter search",
    "trajectory continued",
    "production adoption",
    "physical criterion replaced by Newton target",
    "Newton target loosened",
    "unapproved memory allowance",
    "final equation checks omitted",
    "third report invented as absent",
    "failed third physical gate promoted",
    "mutation to original prefix",
    "clock bit mutation",
    "signed-zero prefix mutation",
    "field change suppressed",
    "failure hidden",
    "publication hidden"
  ],
  "newton_target": 1e-13,
  "old_one_step_64KiB_stopped_protocol_unchanged": true,
  "old_one_step_66KiB_success_and_controls_unchanged": true,
  "once_only_main_calls": 5,
  "original_owners_unchanged": true,
  "parameter_search": false,
  "passing_control_report_and_accepted_bits_exact": true,
  "physical_momentum_limit": 1e-11,
  "preserved_files": 7269,
  "production_adoption": false,
  "remaining_memory": 2048,
  "remaining_prescribed_refusals": [],
  "single_isolated_publications": 5,
  "status": "PASS_COMPLETE_BOUNDED_GENERALIZATION_BINDING",
  "successes": 5,
  "total_completed_equations": [
    24,
    31,
    17,
    24,
    24
  ]
}
