    Checking rheon v0.1.0 (/workspace/Rheon-box-flux-step)
error: this `if` statement can be collapsed
   --> src/simulation.rs:385:9
    |
385 | /         if let Some(input) = &boundary {
386 | |             if !input
387 | |                 .workspace
388 | |                 .matches(&self.grid, self.config.density, self.implementation)
...   |
392 | |         }
    | |_________^
    |
    = help: for further information visit https://rust-lang.github.io/rust-clippy/rust-1.92.0/index.html#collapsible_if
    = note: `-D clippy::collapsible-if` implied by `-D warnings`
    = help: to override `-D warnings` add `#[allow(clippy::collapsible_if)]`
help: collapse nested if block
    |
385 ~         if let Some(input) = &boundary
386 ~             && !input
387 |                 .workspace
...
390 |                 return Err(SimulationError::BoundaryWorkspaceMismatch);
391 ~             }
    |

error: could not compile `rheon` (lib) due to 1 previous error
