   Compiling rheon v0.1.0 (/workspace/Rheon-box-flux-step)
error[E0432]: unresolved imports `rheon::BoxFluxStepBoundary`, `rheon::BoxFluxStepWorkspace`, `rheon::BoxFluxTracerPolicy`
 --> examples/box_flux_step.rs:3:30
  |
3 |     BodyForce, BoxFluxStamp, BoxFluxStepBoundary, BoxFluxStepWorkspace, BoxFluxTracerPolicy,
  |                              ^^^^^^^^^^^^^^^^^^^  ^^^^^^^^^^^^^^^^^^^^  ^^^^^^^^^^^^^^^^^^^ no `BoxFluxTracerPolicy` in the root
  |                              |                    |
  |                              |                    no `BoxFluxStepWorkspace` in the root
  |                              |                    help: a similar name exists in the module: `BoxFluxWorkspace`
  |                              no `BoxFluxStepBoundary` in the root

error[E0599]: no method named `step_with_box_flux` found for struct `Simulation` in the current scope
   --> examples/box_flux_step.rs:54:30
    |
 54 |             let report = sim.step_with_box_flux(
    |                          ----^^^^^^^^^^^^^^^^^^
    |
help: there is a method `step_with_forces` with a similar name, but with different arguments
   --> /workspace/Rheon-box-flux/src/simulation.rs:283:5
    |
283 | /     pub fn step_with_forces(
284 | |         &mut self,
285 | |         requested_dt: f64,
286 | |         source: Option<SmokeSource>,
287 | |         forces: &[BodyForce],
288 | |         cancel: impl FnMut(StepStage) -> bool,
289 | |     ) -> Result<ForcedStepReport, SimulationError> {
    | |__________________________________________________^

Some errors have detailed explanations: E0432, E0599.
For more information about an error, try `rustc --explain E0432`.
error: could not compile `rheon` (example "box_flux_step" test) due to 2 previous errors
