AUDITED Rheon.Transport.convex_sum_bounds: []
AUDITED Rheon.fixture_4: []
AUDITED Rheon.fixture_6: []
AUDITED Rheon.Transport.blend_lower: []
AUDITED Rheon.Transport.interpolation_not_mass_conservative: []
AUDITED Rheon.Transport.upwind_positive: []
AUDITED Rheon.Discrete.conservative_update: []
AUDITED Rheon.Indexing.flatten_in_bounds: []
AUDITED Rheon.Discrete.constant_gradient_zero: []
AUDITED Rheon.Discrete.corrected: []
AUDITED Rheon.Discrete.incidence: []
AUDITED Rheon.fixture_0: []
AUDITED Rheon.Discrete.adjoint_identity: []
AUDITED Rheon.Indexing.flatten: []
AUDITED Rheon.Discrete.gradient: []
AUDITED Rheon.Discrete.projection_residual: []
AUDITED Rheon.Discrete.laplace: []
AUDITED Rheon.fixture_5: []
AUDITED Rheon.Indexing.staggered_count: []
AUDITED Rheon.Discrete.internal_flux_conservation: []
AUDITED Rheon.Transport.blend: []
AUDITED Rheon.fixture_1: []
AUDITED Rheon.fixture_3: []
AUDITED Rheon.Discrete.constant_pressure_nullspace: []
AUDITED Rheon.Discrete.exact_projection: []
AUDITED Rheon.Transport.explicit_diffusion_positive: []
AUDITED Rheon.Transport.blend_constant: []
AUDITED Rheon.fixture_7: []
AUDITED Rheon.fixture_2: []
AUDITED Rheon.Discrete.pressure_symmetric: []
AUDITED Rheon.Discrete.pressure_energy: []
AUDITED Rheon.Discrete.pressure_nonnegative: []
AUDITED Rheon.Transport.cfl_counterexample: []
AUDITED Rheon.Transport.blend_upper: []
Axiom audit passed for 34 declarations
AUDITED Rheon.Transport.convex_sum_bounds: []
AUDITED Rheon.fixture_4: []
AUDITED Rheon.fixture_6: []
AUDITED Rheon.Transport.blend_lower: []
AUDITED Rheon.Transport.interpolation_not_mass_conservative: []
AUDITED Rheon.Transport.upwind_positive: []
AUDITED Rheon.Discrete.conservative_update: []
AUDITED Rheon.Indexing.flatten_in_bounds: []
AUDITED Rheon.Discrete.constant_gradient_zero: []
AUDITED Rheon.Discrete.corrected: []
AUDITED Rheon.Discrete.incidence: []
AUDITED Rheon.fixture_0: []
AUDITED Rheon.Discrete.adjoint_identity: []
AUDITED Rheon.Indexing.flatten: []
AUDITED Rheon.Discrete.gradient: []
AUDITED Rheon.Discrete.projection_residual: []
AUDITED Rheon.Discrete.laplace: []
AUDITED Rheon.fixture_5: []
AUDITED Rheon.Indexing.staggered_count: []
AUDITED Rheon.Discrete.internal_flux_conservation: []
AUDITED Rheon.Transport.blend: []
AUDITED Rheon.fixture_1: []
AUDITED Rheon.fixture_3: []
AUDITED Rheon.Discrete.constant_pressure_nullspace: []
AUDITED Rheon.Discrete.exact_projection: []
AUDITED Rheon.Transport.explicit_diffusion_positive: []
AUDITED Rheon.Transport.blend_constant: []
AUDITED Rheon.fixture_7: []
AUDITED Rheon.fixture_2: []
AUDITED Rheon.Discrete.pressure_symmetric: []
AUDITED Rheon.Discrete.pressure_energy: []
AUDITED Rheon.Discrete.pressure_nonnegative: []
AUDITED Rheon.Transport.cfl_counterexample: []
AUDITED Rheon.Transport.blend_upper: []
Axiom audit passed for 34 declarations
REPRODUCED old count-only auditor accepts a skipped expected name
PASS audit rejects custom/admitted assumptions and skipped expected names
PASS audit rejects custom/admitted assumptions and skipped expected names
PASS exact auditor compiles; negative driver rejects axiom, sorry and missing membership in normal/optimized Python
LIMIT: Lean core fixture audit only; no actual Rheon/Mathlib theorem qualification
