test_correct_archive_reaches_extraction_and_installer (test_bootstrap.ElanIntegrity.test_correct_archive_reaches_extraction_and_installer) ... FAIL
test_corrupted_archive_never_reaches_extraction_or_installer (test_bootstrap.ElanIntegrity.test_corrupted_archive_never_reaches_extraction_or_installer) ... FAIL

======================================================================
FAIL: test_correct_archive_reaches_extraction_and_installer (test_bootstrap.ElanIntegrity.test_correct_archive_reaches_extraction_and_installer)
----------------------------------------------------------------------
Traceback (most recent call last):
  File "/tmp/tmpaon5ycvc/proofs/scripts/test_bootstrap.py", line 28, in test_correct_archive_reaches_extraction_and_installer
    self.exercise(self.payload, accepted=True)
  File "/tmp/tmpaon5ycvc/proofs/scripts/test_bootstrap.py", line 64, in exercise
    self.assertIn('OK' if accepted else 'FAILED', result.stdout)
AssertionError: 'OK' not found in ''

======================================================================
FAIL: test_corrupted_archive_never_reaches_extraction_or_installer (test_bootstrap.ElanIntegrity.test_corrupted_archive_never_reaches_extraction_or_installer)
----------------------------------------------------------------------
Traceback (most recent call last):
  File "/tmp/tmpaon5ycvc/proofs/scripts/test_bootstrap.py", line 33, in test_corrupted_archive_never_reaches_extraction_or_installer
    self.exercise(payload, accepted=False)
  File "/tmp/tmpaon5ycvc/proofs/scripts/test_bootstrap.py", line 61, in exercise
    self.assertEqual(result.returncode == 0, accepted, result.stdout + result.stderr)
AssertionError: True != False :

----------------------------------------------------------------------
Ran 2 tests in 0.073s

FAILED (failures=2)
