   Compiling simd-adler32 v0.3.10
   Compiling adler2 v2.0.1
   Compiling crc32fast v1.5.2
   Compiling cfg-if v1.0.5
   Compiling miniz_oxide v0.9.1
   Compiling flate2 v1.1.10
   Compiling miniz_oxide v0.8.9
   Compiling fdeflate v0.3.7
   Compiling bitflags v2.13.2
   Compiling png v0.18.1
   Compiling rheon v0.1.0 (/workspace/Rheon-pressure-before-pr3)
    Finished `test` profile [unoptimized + debuginfo] target(s) in 6.41s
     Running tests/pressure_restart_probe.rs (/workspace/.rheon-tools/target-pressure-before-pr3/debug/deps/pressure_restart_probe-ef15e8813aa470de)

running 1 test
CASE implementation=jacobi-pcg-v1 relative_residual=1e-3
RESULT Err(IterationLimit { iterations: 120, residual_max: 6.30361558118242e-6 })
CASE implementation=jacobi-pcg-v1 relative_residual=1e-6
RESULT Ok(PressureReport { iterations: 48, true_residual_l2: 2.467501923684427e-9, true_residual_max: 6.210725822519692e-10, predicted_divergence_max: 8.280967763359589e-10 })
CASE implementation=jacobi-pcg-v1 relative_residual=1e-11
RESULT Ok(PressureReport { iterations: 39, true_residual_l2: 1.3757688871563766e-11, true_residual_max: 4.067801651075342e-12, predicted_divergence_max: 5.423735534767123e-12 })
CASE implementation=sgs-pcg-v1 relative_residual=1e-3
RESULT Err(IterationLimit { iterations: 120, residual_max: 2.2083554984675402e-8 })
CASE implementation=sgs-pcg-v1 relative_residual=1e-6
RESULT Ok(PressureReport { iterations: 20, true_residual_l2: 9.635032361142018e-10, true_residual_max: 3.866009734565523e-10, predicted_divergence_max: 5.154679646087364e-10 })
CASE implementation=sgs-pcg-v1 relative_residual=1e-11
RESULT Ok(PressureReport { iterations: 18, true_residual_l2: 2.6284862409406583e-12, true_residual_max: 9.64783808399261e-13, predicted_divergence_max: 1.2863784111990148e-12 })
test pressure_restart_probe ... ok

test result: ok. 1 passed; 0 failed; 0 ignored; 0 measured; 0 filtered out; finished in 0.01s
