✔ [4/121] Built Batteries.Lean.Syntax
✔ [5/121] Built Batteries.Lean.Position
✔ [6/121] Built Batteries.Tactic.SeqFocus
✔ [7/121] Built Mathlib.Tactic.Linter.DirectoryDependency
✔ [8/121] Built Batteries.Lean.NameMapAttribute
✔ [9/121] Built Batteries.Util.ExtendedBinder
✔ [11/121] Built Batteries.CodeAction.Attr
✔ [12/121] Built Batteries.Tactic.Init
✔ [13/121] Built Batteries.Tactic.Unreachable
✔ [14/121] Built Batteries.Util.LibraryNote
✔ [15/121] Built Batteries.Tactic.Lint.Basic
✔ [16/121] Built Batteries.Tactic.OpenPrivate
✔ [17/121] Built Batteries.Classes.Order
✔ [18/123] Built Aesop.Check
✔ [19/123] Built Mathlib.Tactic.Linter.Header
✔ [20/123] Built Batteries.CodeAction.Basic
✔ [21/123] Built Batteries.Tactic.Lint.TypeClass
✔ [22/123] Built Aesop.Options.Public
✔ [23/123] Built Batteries.Linter.UnreachableTactic
✔ [24/124] Built Aesop.Forward.PremiseIndex
✔ [25/124] Built Aesop.Forward.SlotIndex
✔ [26/124] Built Batteries.Tactic.Lint.Simp
✔ [27/124] Built Batteries.Tactic.Lint.Misc
✔ [28/124] Built Mathlib.Tactic.Linter.UnusedTacticExtension
✔ [29/124] Built Mathlib.Tactic.Linter.OldObtain
✔ [30/124] Built Batteries.Tactic.Lint.Frontend
✔ [31/124] Built Mathlib.Tactic.DeclarationNames
✔ [32/124] Built Batteries.CodeAction.Misc
✔ [33/124] Built Mathlib.Tactic.Linter.HashCommandLinter
✔ [34/124] Built Mathlib.Tactic.Linter.Multigoal
✔ [35/125] Built Mathlib.Tactic.Linter.GlobalAttributeIn
✔ [36/125] Built Mathlib.Tactic.Linter.DocString
✔ [37/125] Built Mathlib.Tactic.Linter.DocPrime
✔ [38/126] Built Mathlib.Tactic.Linter.DeprecatedSyntaxLinter
✔ [39/126] Built Aesop.Forward.LevelIndex
✔ [40/126] Built Batteries.Tactic.Lint
✔ [41/126] Built Batteries.CodeAction.Deprecated
✔ [42/126] Built Aesop.Options.Internal
✔ [43/127] Built Batteries.CodeAction
✔ [44/127] Built Mathlib.Tactic.Linter.UnusedTactic
✔ [45/127] Built Aesop.Index.DiscrTreeConfig
✔ [46/127] Built Mathlib.Tactic.Linter.FlexibleLinter
✔ [47/129] Built Aesop.Options
✔ [48/133] Built Aesop.Nanos
✔ [49/133] Built Mathlib.Tactic.Linter.Lint
✔ [50/134] Built Mathlib.Tactic.Linter.Style
✔ [51/134] Built Batteries.Data.String.Basic
✔ [52/142] Built Batteries.Lean.Expr
✔ [53/145] Built Batteries.Tactic.Alias
✔ [54/145] Built Mathlib.Init
✔ [55/145] Built Batteries.Data.Array.Init.Lemmas
✔ [56/148] Built Aesop.Rule.Name
✔ [57/148] Built Batteries.Logic
✔ [58/148] Built Aesop.Percent
✔ [59/148] Built Aesop.Util.UnionFind
✔ [60/148] Built Batteries.Data.Array.Merge
✔ [61/148] Built Batteries.Data.Array.Basic
✔ [62/148] Built Mathlib.Tactic.Substs
✔ [63/148] Built Mathlib.Data.Nat.BinaryRec
✔ [64/148] Built Mathlib.Util.WithWeakNamespace
✔ [65/148] Built Mathlib.Lean.PrettyPrinter.Delaborator
✔ [66/148] Built Mathlib.Lean.Elab.Term
✔ [67/148] Built Aesop.RPINF.Basic
✔ [68/148] Built Mathlib.Tactic.Conv
✔ [69/148] Built Mathlib.Tactic.SimpRw
✔ [70/148] Built Mathlib.Tactic.WithoutCDot
✔ [71/148] Built Mathlib.Lean.Meta
✔ [72/148] Built Batteries.Tactic.Trans
✔ [73/148] Built Mathlib.Tactic.ExtendDoc
✔ [74/148] Built Mathlib.Tactic.PPWithUniv
✔ [75/148] Built Mathlib.Tactic.Simproc.ExistsAndEq
✔ [76/148] Built Mathlib.Tactic.OfNat
✔ [77/148] Built Mathlib.Tactic.AdaptationNote
✔ [78/148] Built Mathlib.Data.Int.Notation
✔ [79/148] Built Mathlib.Tactic.Attr.Register
✔ [80/148] Built Mathlib.Util.AssertExistsExt
✔ [81/148] Built Mathlib.Data.Set.Defs
✔ [82/148] Built Mathlib.Util.CompileInductive
✔ [83/148] Built Mathlib.Tactic.Eqns
✔ [84/148] Built Mathlib.Tactic.Simps.NotationClass
✔ [85/148] Built Mathlib.Lean.EnvExtension
✔ [86/148] Built Mathlib.Util.MemoFix
✔ [87/148] Built Mathlib.Lean.Name
✔ [88/148] Built Mathlib.Data.Array.Defs
✔ [89/148] Built Mathlib.Lean.Meta.Simp
✔ [90/149] Built Mathlib.Data.String.Defs
✔ [91/149] Built Mathlib.Lean.Expr.Basic
✔ [92/149] Built Mathlib.Data.Nat.Notation
✔ [93/149] Built Mathlib.Tactic.TypeStar
✔ [94/149] Built Aesop.RuleTac.RuleTerm
✔ [95/149] Built Mathlib.Tactic.Lemma
✔ [96/149] Built Aesop.Util.UnorderedArraySet
✔ [97/149] Built Mathlib.Lean.Expr.ReplaceRec
✔ [98/151] Built Mathlib.Util.AssertExists
✔ [99/151] Built Mathlib.Tactic.Use
✔ [100/151] Built Mathlib.Tactic.Core
✔ [101/151] Built Mathlib.Tactic.ScopedNS
✔ [102/151] Built Mathlib.Tactic.Inhabit
✔ [103/151] Built Mathlib.Logic.ExistsUnique
✔ [104/151] Built Mathlib.Logic.Function.Defs
✔ [105/152] Built Mathlib.Data.Ordering.Basic
✔ [106/152] Built Mathlib.Tactic.MkIffOfInductiveProp
✔ [107/152] Built Mathlib.Tactic.Basic
✔ [108/152] Built Aesop.RuleTac.FVarIdSubst
✔ [109/152] Built Mathlib.Logic.Relator
✔ [110/152] Built Mathlib.Logic.Nontrivial.Defs
✔ [111/154] Built Mathlib.Logic.Nonempty
✔ [112/155] Built Aesop.Util.Basic
✔ [113/155] Built Batteries.Lean.Meta.Basic
✔ [114/155] Built Mathlib.Tactic.Simps.Basic
✔ [115/157] Built Mathlib.Tactic.SplitIfs
✔ [116/157] Built Mathlib.Logic.Basic
✔ [117/157] Built Aesop.Script.CtorNames
✔ [118/157] Built Aesop.Script.Tactic
✔ [119/157] Built Aesop.Forward.Substitution
✔ [120/157] Built Aesop.Tracing
✔ [121/157] Built Mathlib.Order.Defs.PartialOrder
✔ [122/160] Built Mathlib.Order.Defs.Unbundled
✔ [123/160] Built Aesop.Script.GoalWithMVars
✔ [124/160] Built Aesop.RulePattern.Cache
✔ [125/160] Built Aesop.Stats.Basic
✔ [126/160] Built Aesop.Util.EqualUpToIds
✔ [127/160] Built Batteries.Lean.MonadBacktrack
✔ [128/160] Built Mathlib.Order.Defs.LinearOrder
✔ [129/160] Built Mathlib.Logic.Relation
✔ [130/165] Built Aesop.Script.TacticState
✔ [131/165] Built Mathlib.Logic.Function.Basic
✔ [132/168] Built Aesop.BaseM
✔ [133/168] Built Batteries.Lean.Meta.SavedState
✔ [134/168] Built Batteries.Data.List.Init.Lemmas
✔ [135/168] Built Mathlib.Logic.Function.Conjugate
✔ [136/168] Built Mathlib.Data.Bool.Basic
✔ [137/168] Built Mathlib.Data.Subtype
✔ [138/171] Built Mathlib.Tactic.ToAdditive.Frontend
✔ [139/171] Built Mathlib.Logic.IsEmpty
✔ [140/171] Built Mathlib.Data.FunLike.Basic
✔ [141/171] Built Aesop.RPINF
✔ [142/171] Built Aesop.Script.Util
✔ [143/172] Built Mathlib.Util.Notation3
✔ [144/173] Built Mathlib.Tactic.ToAdditive
✔ [145/173] Built Mathlib.Logic.Function.Iterate
✔ [146/173] Built Aesop.ElabM
✔ [147/173] Built Mathlib.Data.FunLike.Embedding
✔ [148/174] Built Aesop.RuleTac.Forward.Basic
✔ [149/174] Built Mathlib.Logic.Unique
✔ [150/175] Built Aesop.Util.Tactic
✔ [151/175] Built Mathlib.Algebra.Notation.Defs
✔ [152/175] Built Aesop.RulePattern
✔ [153/177] Built Aesop.Util.Tactic.Ext
✔ [154/177] Built Aesop.RuleTac.GoalDiff
✔ [155/177] Built Batteries.Data.List.Basic
✔ [156/179] Built Aesop.RuleTac.ElabRuleTerm
✔ [157/179] Built Mathlib.Data.FunLike.Equiv
✔ [158/179] Built Batteries.Lean.Meta.Inaccessible
✔ [159/179] Built Aesop.Util.Tactic.Unfold
✔ [160/183] Built Batteries.Lean.Meta.UnusedNames
✔ [161/184] Built Batteries.Tactic.PermuteGoals
✔ [162/184] Built Batteries.Lean.Meta.Expr
✔ [163/186] Built Batteries.Lean.PersistentHashMap
✔ [164/186] Built Mathlib.Data.Quot
✔ [165/187] Built Aesop.Forward.RuleInfo
✔ [166/187] Built Batteries.Lean.Meta.InstantiateMVars
✔ [167/189] Built Batteries.Lean.Meta.DiscrTree
✔ [168/192] Built Batteries.Lean.PersistentHashSet
✔ [169/192] Built Aesop.Rule.Forward
✔ [170/194] Built Aesop.Script.Step
✔ [171/194] Built Aesop.RuleSet.Name
✔ [172/194] Built Aesop.Script.ScriptM
✔ [173/194] Built Aesop.Forward.Match.Types
✔ [174/197] Built Aesop.Script.UScript
✔ [175/197] Built Aesop.RuleSet.Filter
✔ [176/200] Built Aesop.Index.Basic
✔ [177/200] Built Mathlib.Algebra.Group.Defs
✔ [178/200] Built Aesop.Script.Check
✔ [179/200] Built Mathlib.Logic.Equiv.Defs
✔ [180/200] Built Aesop.Script.SScript
✔ [181/200] Built Aesop.Index.Forward
✔ [182/200] Built Aesop.RuleTac.Basic
✔ [183/204] Built Aesop.Script.SpecificTactics
✔ [184/204] Built Aesop.Index.RulePattern
✔ [185/206] Built Aesop.Script.OptimizeSyntax
✔ [186/209] Built Mathlib.Algebra.Group.Semiconj.Defs
✔ [187/209] Built Aesop.RuleTac.Descr
✔ [188/210] Built Aesop.RuleTac.Apply
✔ [189/210] Built Aesop.RuleTac.Preprocess
✔ [190/210] Built Aesop.Script.UScriptToSScript
✔ [191/210] Built Aesop.RuleTac.Cases
✔ [192/210] Built Aesop.Rule.Basic
✔ [193/211] Built Mathlib.Algebra.Group.Commute.Defs
✔ [194/211] Built Aesop.Search.Expansion.Simp
✔ [195/214] Built Aesop.Search.Expansion.Basic
✔ [196/227] Built Aesop.RuleTac.Tactic
✔ [197/227] Built Aesop.Constants
✔ [198/236] Built Batteries.Lean.HashSet
✔ [199/239] Built Batteries.Control.ForInStep.Basic
✔ [200/239] Built Aesop.Rule
✔ [201/239] Built Aesop.Exception
✔ [202/239] Built Aesop.Script.StructureStatic
✔ [203/252] Built Aesop.Tree.UnsafeQueue
✔ [204/255] Built Aesop.RuleSet.Member
✔ [205/255] Built Aesop.Script.StructureDynamic
✔ [206/257] Built Aesop.Stats.Extension
✔ [207/257] Built Aesop.Builder.Basic
✔ [208/257] Built Aesop.Frontend.Basic
✔ [209/257] Built Aesop.Forward.Match
✔ [210/257] Built Aesop.Builder.Unfold
✔ [211/257] Built Aesop.Script.Main
✔ [212/257] Built Aesop.Stats.Report
✔ [213/257] Built Aesop.Builder.Apply
✔ [214/257] Built Aesop.Builder.Tactic
✔ [215/259] Built Aesop.Builder.NormSimp
✔ [216/259] Built Aesop.Builder.Forward
✔ [217/259] Built Aesop.Builder.Constructors
✔ [218/259] Built Aesop.Builder.Cases
✔ [219/274] Built Aesop.Tree.Data.ForwardRuleMatches
✔ [220/274] Built Batteries.Data.BinomialHeap.Basic
✔ [221/277] Built Aesop.Builder.Default
✔ [222/277] Built Aesop.RuleTac.Forward
✔ [223/277] Built Mathlib.Tactic.Spread
✔ [224/277] Built Aesop.Index
✔ [225/277] Built Mathlib.Algebra.Notation.Pi
✔ [226/278] Built Aesop.RuleTac
✔ [227/281] Built Mathlib.Data.Sum.Basic
✔ [228/281] Built Batteries.Tactic.Congr
✔ [229/281] Built Mathlib.Control.Combinators
✔ [230/282] Built Mathlib.Data.Option.Defs
✔ [231/282] Built Aesop.Forward.State
✔ [232/288] Built Aesop.Frontend.RuleExpr
✔ [233/290] Built Mathlib.Data.Set.CoeSort
✔ [236/293] Built Mathlib.Algebra.Group.Pi.Basic
✔ [237/294] Built Aesop.RuleSet
✔ [238/295] Built Mathlib.Util.WhatsNew
✔ [239/295] Built Qq.ForLean.ToExpr
✔ [240/295] Built Qq.ForLean.ReduceEval
✔ [241/295] Built Qq.Typ
✔ [242/296] Built Aesop.Forward.State.ApplyGoalDiff
✔ [243/302] Built Aesop.Frontend.Extension.Init
✔ [244/302] Built Mathlib.Tactic.ToExpr
✔ [245/302] Built Aesop.Forward.State.Initial
✔ [246/302] Built Aesop.Tree.Data
✔ [247/303] Built Qq.ForLean.Do
✔ [248/303] Built Qq.SortLocalDecls
✔ [249/304] Built Aesop.Frontend.Extension
✔ [250/304] Built Aesop.Tree.TreeM
✔ [251/304] Built Aesop.Tree.Traversal
✔ [252/304] Built Aesop.Search.Queue.Class
✔ [253/304] Built Mathlib.Tactic.FBinop
✔ [254/304] Built Batteries.Lean.Except
✔ [255/304] Built Aesop.Tree.RunMetaM
✔ [256/304] Built Aesop.Frontend.Attribute
✔ [257/304] Built Aesop.Frontend.Tactic
✔ [258/304] Built Batteries.Tactic.Exact
✔ [259/304] Built Aesop.Saturate
✔ [260/304] Built Aesop.Frontend.Command
✔ [261/304] Built Aesop.Tree.Free
✔ [262/304] Built Aesop.Tree.State
✔ [263/304] Built Aesop.Tree.ExtractProof
✔ [264/304] Built Aesop.Tree.ExtractScript
✔ [265/304] Built Mathlib.Data.SProd
✔ [266/304] Built Aesop.Search.SearchM
✔ [267/304] Built Aesop.Tree.AddRapp
✔ [268/304] Built Aesop.BuiltinRules.Subst
✔ [269/304] Built Aesop.Tree.Tracing
✔ [270/304] Built Aesop.BuiltinRules.Split
✔ [271/304] Built Aesop.BuiltinRules.Rfl
✔ [272/304] Built Aesop.BuiltinRules.Intros
✔ [273/304] Built Aesop.BuiltinRules.Ext
✔ [274/304] Built Aesop.BuiltinRules.ApplyHyps
✔ [275/312] Built Aesop.BuiltinRules.DestructProducts
✔ [276/312] Built Qq.Macro
✔ [277/312] Built Aesop.BuiltinRules.Assumption
✔ [278/312] Built Batteries.Lean.TagAttribute
✔ [279/312] Built Aesop.Frontend.Saturate
✔ [280/316] Built Aesop.Search.RuleSelection
✔ [281/316] Built Batteries.Util.ProofWanted
✔ [282/316] Built Batteries.Lean.AttributeExtra
✔ [283/316] Built Aesop.BuiltinRules
✔ [284/316] Built Aesop.Tree.Check
✔ [285/320] Built Batteries.Linter.UnnecessarySeqFocus
✔ [286/323] Built Qq.Delab
✔ [287/323] Built Aesop.Tree
✔ [288/323] Built Batteries.Linter
✔ [289/323] Built Mathlib.Logic.Function.ULift
✔ [290/323] Built Mathlib.Lean.Meta.CongrTheorems
✔ [291/324] Built Qq.MetaM
✔ [292/324] Built Aesop.Search.Queue
✔ [293/324] Built Batteries.Tactic.Basic
✔ [294/324] Built Aesop.Search.Expansion.Norm
✔ [295/327] Built Qq.AssertInstancesCommute
✔ [296/327] Built Qq.Simp
✔ [297/327] Built Mathlib.Tactic.GCongr.ForwardAttr
✔ [298/329] Built Mathlib.Tactic.Push
✔ [299/329] Built Mathlib.Tactic.CongrExclamation
✔ [300/329] Built Mathlib.Tactic.Contrapose
✔ [301/331] Built Mathlib.Data.Int.Order.Basic
✔ [302/333] Built Mathlib.Data.Nat.Init
✔ [303/340] Built Mathlib.Tactic.Coe
✔ [304/344] Built Qq.Match
✔ [305/344] Built Mathlib.Tactic.Convert
✔ [306/344] Built Batteries.WF
✔ [307/347] Built Mathlib.Tactic.GCongr.Core
✔ [308/348] Built Mathlib.Util.Tactic
✔ [309/348] Built Mathlib.Tactic.Monotonicity.Attr
✔ [310/348] Built Qq
✔ [311/350] Built Mathlib.Tactic.GCongr.CoreAttrs
✔ [312/355] Built Mathlib.Lean.Elab.Tactic.Basic
✔ [313/355] Built Mathlib.Tactic.CasesM
✔ [314/355] Built Aesop.Search.Expansion
✔ [315/355] Built Mathlib.Tactic.ByContra
✔ [316/355] Built Mathlib.Util.PPOptions
✔ [317/355] Built Mathlib.Tactic.Choose
✔ [318/355] Built Mathlib.Data.Nat.Basic
✔ [319/357] Built Mathlib.Order.Notation
✔ [320/357] Built Mathlib.Tactic.Lift
✔ [321/358] Built Aesop.Search.ExpandSafePrefix
✔ [322/360] Built Mathlib.Control.EquivFunctor
✔ [323/360] Built Mathlib.Tactic.Tauto
✔ [324/360] Built Mathlib.Data.Set.Operations
✔ [325/363] Built Mathlib.Data.Sigma.Basic
✔ [326/369] Built Mathlib.Util.Delaborators
✔ [327/371] Built Mathlib.Lean.Meta.Basic
✔ [328/374] Built Mathlib.Tactic.CC.Lemmas
✔ [329/378] Built Mathlib.Tactic.Relation.Rfl
✔ [330/379] Built Mathlib.Tactic.Relation.Symm
✔ [331/381] Built Mathlib.Order.Basic
✔ [332/381] Built Mathlib.Logic.Equiv.Prod
✔ [333/381] Built Mathlib.Order.Monotone.Defs
✔ [334/381] Built Mathlib.Order.RelClasses
✔ [335/382] Built Mathlib.Tactic.CC.Datatypes
✔ [336/382] Built Mathlib.Order.Synonym
✔ [337/382] Built Mathlib.Order.ULift
✔ [338/388] Built Mathlib.Logic.Equiv.Sum
✔ [339/388] Built Mathlib.Data.Int.Init
✔ [340/388] Built Mathlib.Order.Compare
✔ [341/388] Built Mathlib.Algebra.Group.Hom.Defs
✔ [342/388] Built Mathlib.Order.Max
✔ [343/388] Built Mathlib.Tactic.Attr.Core
✔ [344/392] Built Mathlib.Tactic.CC.MkProof
✔ [345/394] Built Mathlib.Algebra.Group.Units.Defs
✔ [346/398] Built Mathlib.Order.Monotone.Basic
✔ [347/398] Built Mathlib.Tactic.Subsingleton
✔ [348/398] Built Mathlib.Algebra.NeZero
✔ [349/402] Built Mathlib.Algebra.GroupWithZero.Defs
✔ [352/407] Built Mathlib.Data.Int.Basic
✔ [353/407] Built Batteries.Data.NameSet
✔ [354/409] Built Mathlib.Algebra.GroupWithZero.NeZero
✔ [355/409] Built ImportGraph.RequiredModules
✔ [356/409] Built ImportGraph.Imports
✔ [357/415] Built Mathlib.Order.Lattice
✔ [358/418] Built Mathlib.Tactic.MinImports
✔ [359/419] Built Mathlib.Data.Nat.Cast.Defs
✔ [360/425] Built Mathlib.Data.Int.Cast.Defs
✔ [361/434] Built Mathlib.Tactic.Set
✔ [362/434] Built Mathlib.Algebra.Group.Equiv.Defs
✔ [363/437] Built Mathlib.Logic.OpClass
✔ [364/437] Built Mathlib.Data.Prod.PProd
✔ [365/439] Built Mathlib.Algebra.Notation
✔ [366/443] Built Mathlib.Order.MinMax
✔ [367/449] Built Mathlib.Algebra.Order.ZeroLEOne
✔ [368/456] Built Mathlib.Algebra.Order.Group.Synonym
✔ [369/456] Built Mathlib.Tactic.Bound.Init
✔ [370/456] Built Mathlib.Algebra.Group.Nat.Defs
✔ [371/456] Built Mathlib.Tactic.StacksAttribute
✔ [372/459] Built Batteries.Data.Nat.Basic
✔ [375/461] Built Mathlib.Algebra.CharZero.Defs
✔ [376/463] Built Plausible.Random
✔ [377/466] Built Plausible.Gen
✔ [378/469] Built Plausible.Attr
✔ [379/469] Built Mathlib.Data.Nat.Sqrt
✔ [382/473] Built Mathlib.Algebra.Ring.Defs
✔ [383/475] Built LeanSearchClient.Basic
✔ [384/476] Built Plausible.Sampleable
✔ [385/477] Built Mathlib.Tactic.ApplyCongr
✔ [386/477] Built Mathlib.Tactic.ApplyAt
✔ [387/478] Built LeanSearchClient.Syntax
✔ [388/479] Built Aesop.Search.Main
✔ [389/479] Built Mathlib.Tactic.ApplyWith
✔ [390/480] Built Plausible.Testable
✔ [391/480] Built Mathlib.Tactic.Check
✔ [392/481] Built LeanSearchClient.LoogleSyntax
✔ [393/481] Built Mathlib.Tactic.Cases
✔ [394/481] Built Mathlib.Tactic.ClearExclamation
✔ [395/483] Built Mathlib.Tactic.CC.Addition
✔ [396/483] Built Plausible.Functions
✔ [397/484] Built Batteries.Tactic.HelpCmd
✔ [398/484] Built Mathlib.Tactic.ClearExcept
✔ [399/485] Built Mathlib.Tactic.Clear_
✔ [400/486] Built Plausible.Tactic
✔ [401/487] Built LeanSearchClient
✔ [402/487] Built Mathlib.Tactic.Constructor
✔ [403/488] Built Plausible
✔ [404/489] Built Aesop.Main
✔ [405/490] Built Mathlib.Tactic.CC
✔ [406/490] Built Mathlib.Tactic.ExistsI
✔ [407/491] Built Mathlib.Tactic.DeprecateTo
✔ [408/493] Built Aesop
✔ [409/493] Built Mathlib.Tactic.ErwQuestion
✔ [410/494] Built Mathlib.Tactic.DefEqTransformations
✔ [411/494] Built Mathlib.Tactic.ExtractGoal
✔ [412/494] Built Batteries.Util.Cache
✔ [413/494] Built Mathlib.Tactic.ExtractLets
✔ [414/494] Built Mathlib.Tactic.FailIfNoProgress
✔ [415/494] Built Mathlib.Tactic.Finiteness.Attr
✔ [416/496] Built Mathlib.Tactic.TermCongr
✔ [417/497] Built Mathlib.Tactic.Bound.Attribute
✔ [418/497] Built Mathlib.Data.Option.Basic
✔ [419/497] Built Mathlib.Tactic.Find
✔ [420/497] Built Mathlib.Data.Prod.Basic
✔ [421/497] Built Mathlib.Tactic.GuardGoalNums
✔ [422/497] Built Mathlib.Tactic.CongrM
✔ [423/497] Built Mathlib.Tactic.GuardHypNums
✔ [424/497] Built Mathlib.Order.BoundedOrder.Basic
✔ [425/501] Built Mathlib.Tactic.HigherOrder
✔ [426/501] Built Mathlib.Logic.Nontrivial.Basic
✔ [427/501] Built Mathlib.Logic.Equiv.Option
✔ [428/501] Built Mathlib.Order.BoundedOrder.Lattice
✔ [429/503] Built Mathlib.Tactic.GeneralizeProofs
✔ [430/503] Built Mathlib.Order.GaloisConnection.Defs
✔ [431/503] Built Mathlib.Tactic.InferParam
✔ [432/503] Built Batteries.Data.MLList.Basic
✔ [433/503] Built Mathlib.Tactic.Nontriviality.Core
✔ [434/504] Built Mathlib.Algebra.Group.TypeTags.Basic
✔ [435/504] Built Mathlib.Algebra.Opposites
✔ [436/504] Built Mathlib.Util.TermReduce
✔ [437/506] Built Batteries.Control.Nondet.Basic
✔ [438/506] Built Mathlib.Tactic.Nontriviality
✔ [439/506] Built Mathlib.Algebra.Group.Basic
✔ [440/506] Built Mathlib.Order.Disjoint
✔ [441/507] Built Mathlib.Tactic.Linter.DeprecatedModule
✔ [442/509] Built Mathlib.Logic.Equiv.Basic
✔ [443/509] Built Mathlib.Tactic.Linter.HaveLetLinter
✔ [444/509] Built Mathlib.Tactic.Hint
✔ [445/509] Built Mathlib.Tactic.IrreducibleDef
✔ [446/509] Built Mathlib.Tactic.Linter.MinImports
✔ [447/509] Built Mathlib.Algebra.Group.Action.Defs
✔ [448/509] Built Mathlib.Data.Int.Cast.Basic
✔ [449/510] Built Mathlib.Algebra.Order.Monoid.Unbundled.Defs
✔ [450/511] Built Mathlib.Order.PropInstances
✔ [451/511] Built Mathlib.Tactic.Linter.PPRoundtrip
✔ [452/512] Built Mathlib.Tactic.Linter.UpstreamableDecl
✔ [453/512] Built Mathlib.Algebra.Group.Hom.Basic
✔ [454/512] Built Mathlib.Algebra.GroupWithZero.Basic
✔ [455/512] Built Mathlib.Algebra.Group.Action.Faithful
✔ [456/512] Built Mathlib.Algebra.Order.Monoid.Unbundled.OrderDual
✔ [457/512] Built Mathlib.Logic.Embedding.Basic
✔ [458/512] Built Mathlib.Tactic.NthRewrite
✔ [459/513] Built Mathlib.Algebra.Group.Units.Basic
✔ [460/514] Built Mathlib.Algebra.Order.GroupWithZero.Unbundled.Defs
✔ [461/514] Built Mathlib.Tactic.Linter
✔ [462/514] Built Mathlib.Tactic.Observe
✔ [463/514] Built Mathlib.Algebra.Group.InjSurj
✔ [464/514] Built Mathlib.Algebra.Group.Equiv.Basic
✔ [465/515] Built Mathlib.Tactic.Propose
✔ [466/515] Built Mathlib.Algebra.Group.Semiconj.Units
✔ [467/515] Built Mathlib.Algebra.GroupWithZero.Hom
✔ [468/515] Built Mathlib.Algebra.Order.Monoid.Unbundled.Basic
✔ [469/516] Built Mathlib.Order.Heyting.Basic
✔ [470/517] Built Mathlib.Order.RelIso.Basic
✔ [471/517] Built Mathlib.Algebra.Group.Units.Hom
✔ [472/517] Built Mathlib.Tactic.RSuffices
✔ [473/517] Built Mathlib.Algebra.GroupWithZero.Units.Basic
✔ [474/517] Built Mathlib.Tactic.Recover
✔ [475/518] Built Mathlib.Tactic.Rename
✔ [476/518] Built Mathlib.Algebra.Group.Commute.Units
✔ [477/518] Built Mathlib.Algebra.Order.Monoid.Unbundled.MinMax
✔ [478/518] Built Mathlib.Algebra.Order.Sub.Defs
✔ [479/518] Built Mathlib.Algebra.Order.Monoid.Defs
✔ [480/519] Built Mathlib.Algebra.Group.Opposite
✔ [481/519] Built Mathlib.Algebra.Order.Monoid.NatCast
✔ [482/519] Built Mathlib.Algebra.Order.Monoid.Unbundled.ExistsOfLE
✔ [483/520] Built Mathlib.Tactic.RenameBVar
✔ [484/520] Built Mathlib.Tactic.Says
✔ [485/520] Built Mathlib.Algebra.Group.Units.Equiv
✔ [486/520] Built Mathlib.Algebra.Order.Monoid.Unbundled.Pow
✔ [487/521] Built Mathlib.Algebra.GroupWithZero.Semiconj
✔ [488/521] Built Mathlib.Tactic.SimpIntro
✔ [489/521] Built Mathlib.Order.Hom.Basic
✔ [490/522] Built Mathlib.Algebra.Group.Equiv.Opposite
✔ [491/523] Built Mathlib.Order.BooleanAlgebra
✔ [492/523] Built Mathlib.Tactic.SuccessIfFailWithMsg
✔ [493/524] Built Mathlib.Tactic.SudoSetOption
✔ [494/524] Built Mathlib.Tactic.SwapVar
✔ [495/525] Built Mathlib.Algebra.GroupWithZero.Commute
✔ [496/525] Built Mathlib.Tactic.ToLevel
✔ [497/525] Built Mathlib.Algebra.Group.Even
✔ [498/525] Built Mathlib.Tactic.Trace
✔ [499/526] Built Mathlib.Algebra.Order.GroupWithZero.Unbundled.Basic
✔ [500/526] Built Mathlib.Tactic.TypeCheck
✔ [501/526] Built Mathlib.Tactic.UnsetOption
✔ [502/529] Built Mathlib.Algebra.Group.Nat.Even
✔ [503/532] Built Mathlib.Algebra.GroupWithZero.Units.Lemmas
✔ [507/536] Built ProofWidgets.Compat
✔ [508/539] Built ProofWidgets.Util
✔ [509/541] Built Mathlib.Order.SymmDiff
✔ [510/541] Built Mathlib.Algebra.Order.Group.Unbundled.Basic
✔ [511/541] Built Mathlib.Data.Set.Basic
✔ [512/541] Built ProofWidgets.Cancellable
✔ [513/541] Built Mathlib.Tactic.Widget.SelectInsertParamsClass
✔ [514/543] Built ProofWidgets.Component.Basic
✔ [515/543] Built Mathlib.Tactic.Variable
✔ [516/543] Built Mathlib.Data.Set.SymmDiff
✔ [517/543] Built Mathlib.Algebra.Order.Group.OrderIso
✔ [518/543] Built Mathlib.Data.Set.Inclusion
✔ [519/547] Built Mathlib.Algebra.Order.Group.Defs
✔ [520/547] Built ProofWidgets.Component.MakeEditLink
✔ [521/547] Built Mathlib.Data.Set.Disjoint
✔ [522/549] Built Mathlib.Tactic.WLOG
✔ [523/549] Built Mathlib.Util.TransImports
✔ [524/551] Built Mathlib.Algebra.Order.Group.Lattice
✔ [525/551] Built Mathlib.Util.CountHeartbeats
✔ [526/551] Built Mathlib.Algebra.Order.Ring.Unbundled.Basic
✔ [527/554] Built Mathlib.Algebra.Group.TypeTags.Hom
✔ [528/554] Built ProofWidgets.Data.Html
✔ [529/555] Built Mathlib.Algebra.Ring.Basic
✔ [530/555] Built Mathlib.Algebra.GroupWithZero.Nat
✔ [531/555] Built Mathlib.Data.Set.Insert
✔ [532/555] Built Mathlib.Algebra.Group.Nat.Hom
✔ [533/558] Built ProofWidgets.Component.OfRpcMethod
✔ [534/558] Built Mathlib.Algebra.Order.Ring.Defs
✔ [535/563] Built Mathlib.Algebra.Ring.Nat
✔ [536/563] Built Mathlib.Algebra.Ring.Semiconj
✔ [537/563] Built Mathlib.Algebra.Order.Group.Unbundled.Abs
✔ [538/565] Built Mathlib.Data.Bracket
✔ [539/565] Built Mathlib.Data.Set.Subsingleton
✔ [540/565] Built Mathlib.Tactic.Widget.SelectPanelUtils
✔ [541/565] Built Mathlib.Algebra.GroupWithZero.InjSurj
✔ [542/565] Built Mathlib.Algebra.Ring.Hom.Defs
✔ [543/565] Built Mathlib.Algebra.Notation.Prod
✔ [544/565] Built Mathlib.Tactic.Widget.Conv
✔ [545/570] Built Mathlib.Tactic.Widget.CongrM
✔ [546/573] Built Batteries.Data.Nat.Gcd
✔ [547/575] Built Batteries.Data.Rat.Basic
✔ [548/577] Built Mathlib.Algebra.Order.Group.PosPart
✔ [549/578] Built Mathlib.Tactic.Widget.Calc
✔ [550/578] Built Batteries.Classes.RatCast
✔ [551/579] Built Mathlib.Algebra.Group.Int.Defs
✔ [552/579] Built Mathlib.Data.Int.Cast.Pi
✔ [553/579] Built Mathlib.Data.Rat.Init
✔ [554/579] Built Mathlib.Tactic.Common
✔ [555/582] Built Mathlib.Algebra.Ring.Int.Defs
✔ [556/582] Built Mathlib.Algebra.Order.Group.Unbundled.Int
✔ [557/582] Built Mathlib.Algebra.Ring.InjSurj
✔ [558/582] Built Mathlib.Algebra.Field.Defs
✔ [559/582] Built Mathlib.Data.Nat.Cast.NeZero
✔ [560/588] Built Mathlib.Data.Nat.Factorial.Basic
✔ [561/590] Built Mathlib.Data.Set.Image
✔ [562/590] Built Mathlib.Algebra.Divisibility.Basic
✔ [563/590] Built Mathlib.Data.Int.Cast.Field
✔ [564/590] Built Mathlib.Order.Bounds.Defs
✔ [565/590] Built Batteries.Data.Rat.Lemmas
✔ [566/590] Built Mathlib.Algebra.Ring.Units
✔ [567/591] Built Mathlib.Data.PNat.Notation
✔ [568/591] Built Mathlib.Data.Set.Restrict
✔ [569/591] Built Mathlib.Algebra.Divisibility.Hom
✔ [570/591] Built Mathlib.Algebra.Group.Support
✔ [571/591] Built Mathlib.Data.PNat.Defs
✔ [572/595] Built Mathlib.Data.Rat.Defs
✔ [573/595] Built Mathlib.Lean.Expr.Rat
✔ [574/597] Built Mathlib.Algebra.Ring.Commute
✔ [575/598] Built Mathlib.Algebra.Ring.Hom.Basic
✔ [576/599] Built Mathlib.Algebra.Ring.Rat
✔ [577/599] Built Mathlib.Algebra.Group.Invertible.Defs
✔ [578/599] Built Mathlib.Data.Nat.Cast.Basic
✔ [579/599] Built Mathlib.Tactic.HaveI
✔ [580/599] Built Mathlib.Util.Qq
✔ [581/599] Built Mathlib.Data.Set.Prod
✔ [582/602] Built Mathlib.Data.Nat.Cast.Commute
✔ [583/602] Built Mathlib.Algebra.Group.Invertible.Basic
✔ [584/602] Built Mathlib.Algebra.Order.Ring.Unbundled.Rat
✔ [585/602] Built Mathlib.Data.Nat.Cast.Order.Basic
✔ [586/604] Built Mathlib.Algebra.GroupWithZero.Units.Equiv
✔ [587/604] Built Mathlib.Algebra.GroupWithZero.Invertible
✔ [588/606] Built Mathlib.Algebra.Ring.Parity
✔ [589/606] Built Mathlib.Algebra.GroupWithZero.Equiv
✔ [590/606] Built Mathlib.Data.Set.Function
✔ [591/606] Built Mathlib.Algebra.Order.Monoid.Canonical.Defs
✔ [592/606] Built Mathlib.Algebra.Group.WithOne.Defs
✔ [593/606] Built Mathlib.Algebra.Ring.Invertible
✔ [594/606] Built Mathlib.Data.Option.NAry
✔ [595/606] Built Mathlib.Algebra.Order.Nonneg.Basic
✔ [596/606] Built Mathlib.Data.Set.Piecewise
✔ [597/606] Built Mathlib.Algebra.Order.Group.Nat
✔ [598/611] Built Mathlib.Data.Int.Cast.Lemmas
✔ [599/612] Built Mathlib.Tactic.NormNum.Result
✔ [600/612] Built Mathlib.Algebra.Order.Ring.Basic
✔ [601/612] Built Mathlib.Order.TypeTags
✔ [602/614] Built Mathlib.Algebra.Group.Action.Pi
✔ [603/614] Built Mathlib.Data.NNRat.Defs
✔ [604/614] Built Mathlib.Algebra.GroupWithZero.WithZero
✔ [605/618] Built Mathlib.Data.Int.CharZero
✔ [606/622] Built Mathlib.Algebra.Order.GroupWithZero.Unbundled.OrderIso
✔ [607/623] Built Mathlib.Algebra.Order.Monoid.Basic
✔ [608/623] Built Mathlib.Algebra.Order.Monoid.OrderDual
✔ [609/624] Built Mathlib.Algebra.Order.Monoid.Unbundled.TypeTags
✔ [610/624] Built Mathlib.Tactic.NormNum.Core
✔ [611/633] Built Mathlib.Algebra.Order.Monoid.TypeTags
✔ [612/634] Built Mathlib.Algebra.Order.Group.Int
✔ [613/634] Built Mathlib.Algebra.Order.Sub.Unbundled.Basic
✔ [614/634] Built Mathlib.Data.Int.Sqrt
✔ [615/638] Built Mathlib.Control.Basic
✔ [616/640] Built Mathlib.Algebra.Ring.Divisibility.Basic
✔ [617/642] Built Mathlib.Algebra.Order.Sub.Basic
✔ [618/642] Built Mathlib.Algebra.Group.Int.Even
✔ [619/643] Built Mathlib.Algebra.Group.Nat.Units
✔ [620/643] Built Mathlib.Algebra.Order.Group.Abs
✔ [621/646] Built Mathlib.Algebra.Ring.Int.Parity
✔ [622/646] Built Mathlib.Algebra.Regular.Basic
✔ [623/646] Built Mathlib.Order.Directed
✔ [624/646] Built Mathlib.Order.Interval.Set.Defs
✔ [625/648] Built Mathlib.Order.BoundedOrder.Monotone
✔ [626/649] Built Mathlib.Algebra.Group.Int.Units
✔ [627/650] Built Mathlib.Algebra.Field.Basic
✔ [628/650] Built Mathlib.Algebra.Order.Ring.Int
✔ [629/654] Built Mathlib.Algebra.Ring.Int.Units
✔ [630/655] Built Mathlib.Order.WithBot
✔ [631/655] Built Mathlib.Data.Set.NAry
✔ [632/655] Built Mathlib.Order.WellFounded
✔ [633/656] Built Mathlib.Data.Set.Monotone
✔ [634/659] Built Mathlib.Order.Interval.Set.Basic
✔ [635/659] Built Mathlib.Logic.Equiv.Set
✔ [636/659] Built Mathlib.Algebra.Order.Group.MinMax
✔ [637/662] Built Mathlib.Order.Bounds.Image
✔ [638/662] Built Mathlib.Logic.Pairwise
✔ [639/662] Built Mathlib.Algebra.GroupWithZero.Pi
✔ [640/662] Built Mathlib.Algebra.Order.Monoid.Unbundled.WithTop
✔ [641/668] Built Mathlib.Order.Bounds.Basic
✔ [642/668] Built Mathlib.Algebra.Group.Hom.Instances
✔ [643/668] Built Mathlib.Control.ULift
✔ [644/672] Built Mathlib.Order.Hom.Set
✔ [645/672] Built Mathlib.Algebra.Order.Monoid.WithTop
✔ [646/674] Built Mathlib.Data.ULift
✔ [647/674] Built Mathlib.Algebra.GroupWithZero.Opposite
✔ [648/674] Built Mathlib.Algebra.Group.Action.Opposite
✔ [649/677] Built Mathlib.Order.Bounds.OrderIso
✔ [650/678] Built Mathlib.Algebra.Group.Pi.Lemmas
✔ [651/679] Built Mathlib.Algebra.Ring.Equiv
✔ [652/679] Built Mathlib.Algebra.Order.AddGroupWithTop
✔ [653/681] Built Mathlib.Order.SetNotation
✔ [654/681] Built Mathlib.Algebra.Order.Ring.Rat
✔ [655/681] Built Mathlib.Tactic.FastInstance
✔ [656/681] Built Mathlib.Algebra.Ring.CompTypeclasses
✔ [657/684] Built Mathlib.Algebra.GroupWithZero.Action.Defs
✔ [658/684] Built Mathlib.Algebra.Field.Rat
✔ [659/684] Built Mathlib.Algebra.Group.Semiconj.Basic
✔ [660/685] Built Mathlib.Algebra.Ring.Action.Rat
✔ [661/688] Built Mathlib.Order.CompleteLattice.Defs
✔ [662/688] Built Mathlib.Algebra.Ring.Pi
✔ [663/688] Built Mathlib.GroupTheory.GroupAction.Ring
✔ [664/688] Built Mathlib.Algebra.Divisibility.Units
✔ [665/689] Built Mathlib.Algebra.Order.GroupWithZero.Canonical
✔ [666/689] Built Mathlib.Data.Nat.Find
✔ [667/692] Built Mathlib.Algebra.Group.Commute.Basic
✔ [668/694] Built Mathlib.Order.Nat
✔ [669/696] Built Mathlib.Algebra.GroupWithZero.Divisibility
✔ [670/701] Built Mathlib.Algebra.Order.Ring.Nat
✔ [671/701] Built Mathlib.Tactic.TryThis
✔ [672/701] Built Mathlib.Util.AtomM
✔ [673/703] Built Mathlib.Data.Rat.Lemmas
✔ [674/703] Built Mathlib.Algebra.Order.Positive.Ring
✔ [675/703] Built Mathlib.Data.Nat.Cast.Order.Ring
✔ [676/703] Built Mathlib.Order.CompleteLattice.Basic
✔ [677/703] Built Mathlib.Data.PNat.Equiv
✔ [678/703] Built Mathlib.Util.DischargerAsTactic
✔ [679/703] Built Mathlib.Algebra.Order.Invertible
✔ [680/703] Built Mathlib.Algebra.Order.Ring.Cast
✔ [681/703] Built Mathlib.Algebra.Order.Ring.Abs
✔ [682/709] Built Mathlib.Data.Setoid.Basic
✔ [683/709] Built Mathlib.Data.Rat.Cast.Defs
✔ [684/709] Built Mathlib.Data.Ineq
✔ [685/713] Built Mathlib.Util.SynthesizeUsing
✔ [686/713] Built Mathlib.Data.PNat.Basic
✔ [687/713] Built Mathlib.Tactic.Linarith.Lemmas
✔ [688/719] Built Mathlib.Tactic.Zify
✔ [689/722] Built Mathlib.Data.Rat.Cast.CharZero
✔ [690/722] Built Mathlib.Data.Tree.Basic
✔ [691/722] Built Mathlib.Tactic.Linarith.Oracle.SimplexAlgorithm.Datatypes
✔ [692/722] Built Mathlib.Tactic.NormNum.Basic
✔ [693/722] Built Mathlib.Algebra.Order.Field.Defs
✔ [694/722] Built Mathlib.Tactic.Linarith.Oracle.SimplexAlgorithm.Gauss
✔ [695/722] Built Mathlib.Algebra.Order.Ring.Canonical
✔ [696/722] Built Mathlib.Tactic.Positivity.Core
✔ [697/722] Built Mathlib.Tactic.Linarith.Oracle.SimplexAlgorithm.SimplexAlgorithm
✔ [698/722] Built Mathlib.Tactic.Linarith.Datatypes
✔ [699/722] Built Mathlib.Algebra.Order.Field.Canonical
✔ [700/722] Built Mathlib.Tactic.Linarith.Oracle.SimplexAlgorithm.PositiveVector
✔ [701/722] Built Mathlib.Tactic.NormNum.Inv
✔ [702/722] Built Mathlib.Tactic.FieldSimp
✔ [703/722] Built Mathlib.Tactic.NormNum.Pow
✔ [704/722] Built Mathlib.Tactic.GCongr
✔ [705/725] Built Mathlib.Tactic.CancelDenoms.Core
✔ [706/725] Built Mathlib.Tactic.Linarith.Parsing
✔ [707/729] Built Mathlib.Tactic.Linarith.Oracle.SimplexAlgorithm
✔ [708/731] Built Mathlib.Data.Bool.Set
✔ [709/731] Built Mathlib.Data.Nat.Set
✔ [710/732] Built Mathlib.Algebra.Order.Field.Basic
✔ [711/732] Built Mathlib.Tactic.Linarith.Preprocessing
✔ [712/732] Built Mathlib.Tactic.Linarith.Verification
✔ [713/732] Built Mathlib.Order.GaloisConnection.Basic
✔ [714/734] Built Mathlib.Order.ConditionallyCompleteLattice.Defs
✔ [715/734] Built Mathlib.Order.LatticeIntervals
✔ [716/737] Built Mathlib.Order.CompleteLattice.Lemmas
✔ [717/737] Built Mathlib.Data.Set.Order
✔ [718/738] Built Mathlib.Order.Interval.Set.Image
✔ [719/750] Built Mathlib.Tactic.Positivity.Basic
✔ [720/751] Built Mathlib.Tactic.SetLike
✔ [721/751] Built Mathlib.Algebra.Order.Ring.InjSurj
✔ [722/751] Built Mathlib.Order.Interval.Set.LinearOrder
✔ [723/753] Built Mathlib.Data.SetLike.Basic
✔ [724/753] Built Mathlib.Order.CompleteBooleanAlgebra
✔ [726/757] Built Mathlib.Algebra.Order.Hom.Basic
✔ [727/757] Built Mathlib.Data.Set.Pairwise.Basic
✔ [728/757] Built Mathlib.Data.Set.BooleanAlgebra
✔ [729/757] Built Mathlib.Tactic.NormNum.Eq
✔ [730/757] Built Mathlib.Order.Preorder.Chain
✔ [731/757] Built Mathlib.Algebra.Order.AbsoluteValue.Basic
✔ [732/757] Built Mathlib.Order.Interval.Set.UnorderedInterval
✔ [733/757] Built Mathlib.Order.Antichain
✔ [734/757] Built Mathlib.Data.Set.Lattice
✔ [735/757] Built Mathlib.Order.Interval.Set.OrderEmbedding
✔ [736/757] Built Mathlib.Tactic.NormNum.Ineq
✔ [737/757] Built Mathlib.Tactic.Ring.Basic
✔ [738/757] Built Mathlib.Order.Interval.Set.OrdConnected
✔ [739/757] Built Mathlib.Tactic.Ring.PNat
✔ [740/757] Built Mathlib.Tactic.Linarith.Frontend
✔ [741/757] Built Mathlib.Order.ConditionallyCompleteLattice.Basic
✔ [742/757] Built Mathlib.Tactic.NormNum.DivMod
✔ [743/757] Built Mathlib.Algebra.Order.CauSeq.Basic
✔ [744/757] Built Mathlib.Order.CompleteLatticeIntervals
✔ [745/757] Built Mathlib.Tactic.Ring.RingNF
✔ [746/757] Built Mathlib.Tactic.Ring
✔ [747/757] Built Mathlib.Algebra.Order.Nonneg.Lattice
✔ [748/757] Built Mathlib.Algebra.Order.CauSeq.Completion
✔ [749/757] Built Mathlib.Algebra.Order.Nonneg.Ring
✔ [750/757] Built Mathlib.Algebra.Order.Nonneg.Field
✔ [751/757] Built Mathlib.Data.Real.Basic
✔ [752/757] Built Mathlib.Algebra.Order.Field.Rat
✔ [753/757] Built Mathlib.Data.Rat.Cast.Lemmas
✔ [754/757] Built Mathlib.Tactic.NormNum.OfScientific
✔ [755/757] Built Mathlib.Data.Rat.Cast.Order
✔ [756/757] Built Mathlib.Tactic.NormNum
✔ [757/757] Built Mathlib.Tactic.Linarith
Build completed successfully.
