AUDITED Rheon.Physics.adhesion_bounds: [propext, Quot.sound, Classical.choice]
AUDITED Rheon.Physics.implicit_energy_identity: [propext, Quot.sound, Classical.choice]
AUDITED Rheon.BoundedPhysics.viscous_work: [propext, Quot.sound, Classical.choice]
AUDITED Rheon.Physics.positive_transmissibility: [propext, Quot.sound, Classical.choice]
AUDITED Rheon.Discrete.gradient.eq_1: [propext, Quot.sound, Classical.choice]
AUDITED Rheon.Transport.convex_sum_bounds: [propext, Quot.sound, Classical.choice]
AUDITED Rheon.BoundedPhysics.viscousOperator: [propext, Quot.sound, Classical.choice]
AUDITED Rheon.Discrete.constant_gradient_zero._proof_1: [propext, Quot.sound]
AUDITED Rheon.Physics.weighted_energy_identity: [propext, Quot.sound, Classical.choice]
AUDITED Rheon.Physics.internal_amount_balance: [propext, Quot.sound, Classical.choice]
AUDITED Rheon.BoundedPhysics.wall_first_hit: [propext, Quot.sound, Classical.choice]
AUDITED Rheon.BoundedPhysics.wallHit: [propext, Quot.sound, Classical.choice]
AUDITED Rheon.Transport.blend_lower: [propext, Quot.sound, Classical.choice]
AUDITED Rheon.Transport.interpolation_not_mass_conservative: [propext, Quot.sound, Classical.choice]
AUDITED Rheon.Transport.upwind_positive: [propext, Quot.sound, Classical.choice]
AUDITED Rheon.BoundedPhysics.wall_hit_on_surface: [propext, Quot.sound, Classical.choice]
AUDITED Rheon.BoundedPhysics.strain: [propext, Quot.sound, Classical.choice]
AUDITED Rheon.Discrete.conservative_update: [propext, Quot.sound, Classical.choice]
AUDITED Rheon.Indexing.flatten_in_bounds: [propext]
AUDITED Rheon.BoundedPhysics.dissipation: [propext, Quot.sound, Classical.choice]
AUDITED Rheon.Discrete.constant_gradient_zero: [propext, Quot.sound, Classical.choice]
AUDITED Rheon.Discrete.corrected: [propext, Quot.sound, Classical.choice]
AUDITED Rheon.Discrete.incidence: [propext, Quot.sound, Classical.choice]
AUDITED Rheon.Discrete.internal_flux_conservation._proof_1: [propext, Quot.sound]
AUDITED Rheon.Physics.implicit_energy_nonincrease: [propext, Quot.sound, Classical.choice]
AUDITED Rheon.Discrete.adjoint_identity: [propext, Quot.sound, Classical.choice]
AUDITED Rheon.Physics.internal_amount_balance._proof_1: [propext, Quot.sound]
AUDITED Rheon.BoundedPhysics.wall_hit_range: [propext, Quot.sound, Classical.choice]
AUDITED Rheon.Indexing.flatten: []
AUDITED Rheon.Discrete.gradient: [propext, Quot.sound, Classical.choice]
AUDITED Rheon.Discrete.projection_residual: [propext, Quot.sound, Classical.choice]
AUDITED Rheon.Discrete.incidence.eq_1: [propext, Quot.sound, Classical.choice]
AUDITED Rheon.BoundedPhysics.wall_segment_affine: [propext, Quot.sound, Classical.choice]
AUDITED Rheon.Physics.weighted_pressure_energy: [propext, Quot.sound, Classical.choice]
AUDITED Rheon.Discrete.laplace: [propext, Quot.sound, Classical.choice]
AUDITED Rheon.Indexing.staggered_count: [propext]
AUDITED Rheon.Discrete.internal_flux_conservation: [propext, Quot.sound, Classical.choice]
AUDITED Rheon.Physics.volume_source_balance: [propext, Quot.sound, Classical.choice]
AUDITED Rheon.BoundedPhysics.segment: [propext, Quot.sound, Classical.choice]
AUDITED Rheon.Transport.blend: [propext, Quot.sound, Classical.choice]
AUDITED Rheon.Physics.young_adhesion_identity: [propext, Quot.sound, Classical.choice]
AUDITED Rheon.Discrete.laplace.eq_1: [propext, Quot.sound, Classical.choice]
AUDITED Rheon.Discrete.constant_pressure_nullspace: [propext, Quot.sound, Classical.choice]
AUDITED Rheon.BoundedPhysics.dissipation_nonnegative: [propext, Quot.sound, Classical.choice]
AUDITED Rheon.Discrete.exact_projection: [propext, Quot.sound, Classical.choice]
AUDITED Rheon.Transport.explicit_diffusion_positive: [propext, Quot.sound, Classical.choice]
AUDITED Rheon.Transport.blend_constant: [propext, Quot.sound, Classical.choice]
AUDITED Rheon.Physics.slip_power_nonpositive: [propext, Quot.sound, Classical.choice]
AUDITED Rheon.BoundedPhysics.backward_euler_energy_nonincrease: [propext, Quot.sound, Classical.choice]
AUDITED Rheon.BoundedPhysics.wallValue: [propext, Quot.sound, Classical.choice]
AUDITED Rheon.Physics.sealed_flux_compatibility: [propext, Quot.sound, Classical.choice]
AUDITED Rheon.Discrete.pressure_symmetric: [propext, Quot.sound, Classical.choice]
AUDITED Rheon.Discrete.pressure_energy: [propext, Quot.sound, Classical.choice]
AUDITED Rheon.Physics.hydrostatic_increment: [propext, Quot.sound, Classical.choice]
AUDITED Rheon.Discrete.pressure_nonnegative: [propext, Quot.sound, Classical.choice]
AUDITED Rheon.Transport.cfl_counterexample: [propext, Classical.choice, Quot.sound]
AUDITED Rheon.Transport.blend_upper: [propext, Quot.sound, Classical.choice]
AUDITED Rheon.BoundedPhysics.clipped_segment_in_halfspace: [propext, Quot.sound, Classical.choice]
AUDITED Rheon.Physics.force_work_identity: [propext, Quot.sound, Classical.choice]
AUDITED Rheon.BoundedPhysics.backward_euler_work: [propext, Quot.sound, Classical.choice]
Axiom audit passed for 60 declarations
