REJECTED velocity
REJECTED cap_offset
REJECTED clock
REJECTED pressure
REJECTED physical_geometry
REJECTED liquid_volume
REJECTED energy
REJECTED face_circulation
REJECTED endpoint_frozen_flux
{
  "dt": 0.0125,
  "steps": 40,
  "actual_final_dt": 0.012499999999999734,
  "time": 0.5,
  "cap_offset": 0.125,
  "temporal_L2_error": 0.0008318929715161622,
  "max_total_momentum_drift": 6.676437180885841e-12,
  "max_work_error": 5.730802308260381e-16,
  "max_GCL": 2.671474153004283e-16,
  "max_quadrature_refinement": 1.3010426069826053e-18,
  "max_physical_face_integral_error": 4.7704895589362195e-18,
  "max_true_residual": 6.614324377458246e-13,
  "scope": "native nonzero relative transport and viscosity in preceding invariant flow; no general pressure or continuum spatial accuracy claim"
}
