REJECTED velocity
REJECTED cap_offset
REJECTED clock
REJECTED pressure
REJECTED physical_geometry
REJECTED liquid_volume
REJECTED energy
REJECTED face_circulation
REJECTED endpoint_frozen_flux
{
  "dt": 0.05,
  "steps": 10,
  "actual_final_dt": 0.05,
  "time": 0.49999999999999994,
  "cap_offset": 0.12499999999999999,
  "temporal_L2_error": 0.0032651797385065177,
  "max_total_momentum_drift": 3.61755070343861e-12,
  "max_work_error": 1.3691606769268863e-16,
  "max_GCL": 1.8214596497756474e-16,
  "max_quadrature_refinement": 3.469446951953614e-18,
  "max_physical_face_integral_error": 6.938893903907228e-18,
  "max_true_residual": 5.805214091153964e-13,
  "scope": "native nonzero relative transport and viscosity in preceding invariant flow; no general pressure or continuum spatial accuracy claim"
}
