
running 5 tests
test bounded_iteration_failure_preserves_initial_frame_pressure_clock ... ok
test memory_and_unsupported_field_fail_before_owner_creation ... ok
test invalid_scale_intervals_preserve_nonzero_accepted_state ... ok
test genuine_coupled_pressure_strain_mass_and_work_publish_together ... ok
test every_barrier_preserves_all_accepted_bits_after_nonzero_state_and_resumes ... ok

test result: ok. 5 passed; 0 failed; 0 ignored; 0 measured; 0 filtered out; finished in 4.88s


running 8 tests
test additional_scratch_budget_and_initial_trace_are_enforced ... ok
test bounded_solve_failure_preserves_all_initial_components ... ok
test actual_third_linear_failure_preserves_the_published_constructor_state ... ok
test actual_published_full_velocity_has_both_shears_and_total_work ... ok
test constant_nonzero_third_velocity_survives_actual_moving_mass_publications ... ok
test invalid_arithmetic_and_wrong_api_preserve_nonzero_accepted_state ... ok
test zero_third_opt_in_matches_legacy_actual_state_bit_for_bit ... ok
test every_old_and_third_barrier_preserves_nonzero_published_state_and_retry_bits ... ok

test result: ok. 8 passed; 0 failed; 0 ignored; 0 measured; 0 filtered out; finished in 7.74s


running 8 tests
test lost_physical_geometry_and_clock_resolution_preserve_state ... ok
test arithmetic_and_iteration_failures_preserve_accepted_state ... ok
test strict_acceptance_failure_preserves_both_states ... ok
test inviscid_and_constant_fields_are_preserved_without_solver_drift ... ok
test unsupported_xy_and_trace_and_insufficient_memory_are_rejected ... ok
test unrepresentable_initial_energy_is_rejected ... ok
test repeated_translation_and_viscous_decay_publish_one_state ... ok
test each_cancellation_preserves_velocity_geometry_pressure_clock_and_identity ... ok

test result: ok. 8 passed; 0 failed; 0 ignored; 0 measured; 0 filtered out; finished in 0.03s

