2026-10-06T13:36:28.8320430Z Current runner version: '2.337.0'
2026-10-06T13:36:28.8342172Z ##[group]Runner Image Provisioner
2026-10-06T13:36:28.8342815Z Hosted Compute Agent
2026-10-06T13:36:28.8343231Z Version: 20260901.588
2026-10-06T13:36:28.8343625Z Commit: f88ec8081b781fac6c440065ac7ff9e710ce3d0b
2026-10-06T13:36:28.8344357Z Build Date: 2026-09-01T19:56:44Z
2026-10-06T13:36:28.8344816Z Worker ID: {6cc3d5c3-d607-4990-aebc-c7daa8abe881}
2026-10-06T13:36:28.8345319Z Azure Region: centralus
2026-10-06T13:36:28.8345698Z ##[endgroup]
2026-10-06T13:36:28.8346706Z ##[group]Operating System
2026-10-06T13:36:28.8347126Z Ubuntu
2026-10-06T13:36:28.8347454Z 24.04.5
2026-10-06T13:36:28.8347802Z LTS
2026-10-06T13:36:28.8348175Z ##[endgroup]
2026-10-06T13:36:28.8348519Z ##[group]Runner Image
2026-10-06T13:36:28.8348922Z Image: ubuntu-24.04
2026-10-06T13:36:28.8349321Z Version: 20260927.320.1
2026-10-06T13:36:28.8350267Z Included Software: https://github.com/actions/runner-images/blob/ubuntu24/20260927.320/images/ubuntu/Ubuntu2404-Readme.md
2026-10-06T13:36:28.8351220Z Image Release: https://github.com/actions/runner-images/releases/tag/ubuntu24%2F20260927.320
2026-10-06T13:36:28.8351872Z ##[endgroup]
2026-10-06T13:36:28.8352554Z ##[group]GITHUB_TOKEN Permissions
2026-10-06T13:36:28.8354913Z Contents: read
2026-10-06T13:36:28.8355292Z Metadata: read
2026-10-06T13:36:28.8355629Z ##[endgroup]
2026-10-06T13:36:28.8357194Z Secret source: Actions
2026-10-06T13:36:28.8357801Z Cache mode: write
2026-10-06T13:36:28.8358458Z Prepare workflow directory
2026-10-06T13:36:28.8616929Z Prepare all required actions
2026-10-06T13:36:28.8653935Z Getting action download info
2026-10-06T13:36:29.0993220Z Download action repository 'actions/checkout@11bd71901bbe5b1630ceea73d27597364c9af683' (SHA:11bd71901bbe5b1630ceea73d27597364c9af683)
2026-10-06T13:36:29.2198109Z Complete job name: Feature contracts (default)
2026-10-06T13:36:29.2762922Z ##[group]Run actions/checkout@11bd71901bbe5b1630ceea73d27597364c9af683
2026-10-06T13:36:29.2763473Z with:
2026-10-06T13:36:29.2763748Z   persist-credentials: false
2026-10-06T13:36:29.2764050Z   repository: MrScripty/Rheon
2026-10-06T13:36:29.2766405Z   token: ***
2026-10-06T13:36:29.2766652Z   ssh-strict: true
2026-10-06T13:36:29.2766905Z   ssh-user: git
2026-10-06T13:36:29.2767154Z   clean: true
2026-10-06T13:36:29.2767413Z   sparse-checkout-cone-mode: true
2026-10-06T13:36:29.2767717Z   fetch-depth: 1
2026-10-06T13:36:29.2767968Z   fetch-tags: false
2026-10-06T13:36:29.2768225Z   show-progress: true
2026-10-06T13:36:29.2768488Z   lfs: false
2026-10-06T13:36:29.2768727Z   submodules: false
2026-10-06T13:36:29.2768991Z   set-safe-directory: true
2026-10-06T13:36:29.2769338Z env:
2026-10-06T13:36:29.2769570Z   CARGO_BUILD_JOBS: 1
2026-10-06T13:36:29.2769828Z ##[endgroup]
2026-10-06T13:36:29.3469253Z Syncing repository: MrScripty/Rheon
2026-10-06T13:36:29.3471216Z ##[group]Getting Git version info
2026-10-06T13:36:29.3471833Z Working directory is '/home/runner/work/Rheon/Rheon'
2026-10-06T13:36:29.3472772Z [command]/usr/bin/git version
2026-10-06T13:36:29.3544394Z git version 2.55.0
2026-10-06T13:36:29.3558110Z ##[endgroup]
2026-10-06T13:36:29.3571752Z Temporarily overriding HOME='/home/runner/work/_temp/bb46140d-0a15-45b2-b05a-63ebb38153eb' before making global git config changes
2026-10-06T13:36:29.3573225Z Adding repository directory to the temporary git global config as a safe directory
2026-10-06T13:36:29.3574487Z [command]/usr/bin/git config --global --add safe.directory /home/runner/work/Rheon/Rheon
2026-10-06T13:36:29.3619526Z Deleting the contents of '/home/runner/work/Rheon/Rheon'
2026-10-06T13:36:29.3622699Z ##[group]Initializing the repository
2026-10-06T13:36:29.3626266Z [command]/usr/bin/git init /home/runner/work/Rheon/Rheon
2026-10-06T13:36:29.3733143Z hint: Using 'master' as the name for the initial branch. This default branch name
2026-10-06T13:36:29.3734316Z hint: will change to "main" in Git 3.0. To configure the initial branch name
2026-10-06T13:36:29.3735218Z hint: to use in all of your new repositories, which will suppress this warning,
2026-10-06T13:36:29.3736183Z hint: call:
2026-10-06T13:36:29.3736535Z hint:
2026-10-06T13:36:29.3737038Z hint: 	git config --global init.defaultBranch <name>
2026-10-06T13:36:29.3737602Z hint:
2026-10-06T13:36:29.3738126Z hint: Names commonly chosen instead of 'master' are 'main', 'trunk' and
2026-10-06T13:36:29.3738750Z hint: 'development'. The just-created branch can be renamed via this command:
2026-10-06T13:36:29.3739183Z hint:
2026-10-06T13:36:29.3739469Z hint: 	git branch -m <name>
2026-10-06T13:36:29.3739822Z hint:
2026-10-06T13:36:29.3740233Z hint: Disable this message with "git config set advice.defaultBranchName false"
2026-10-06T13:36:29.3741190Z Initialized empty Git repository in /home/runner/work/Rheon/Rheon/.git/
2026-10-06T13:36:29.3742892Z [command]/usr/bin/git remote add origin https://github.com/MrScripty/Rheon
2026-10-06T13:36:29.3791417Z ##[endgroup]
2026-10-06T13:36:29.3792229Z ##[group]Disabling automatic garbage collection
2026-10-06T13:36:29.3796297Z [command]/usr/bin/git config --local gc.auto 0
2026-10-06T13:36:29.3830171Z ##[endgroup]
2026-10-06T13:36:29.3830627Z ##[group]Setting up auth
2026-10-06T13:36:29.3838222Z [command]/usr/bin/git config --local --name-only --get-regexp core\.sshCommand
2026-10-06T13:36:29.3870878Z [command]/usr/bin/git submodule foreach --recursive sh -c "git config --local --name-only --get-regexp 'core\.sshCommand' && git config --local --unset-all 'core.sshCommand' || :"
2026-10-06T13:36:29.4183817Z [command]/usr/bin/git config --local --name-only --get-regexp http\.https\:\/\/github\.com\/\.extraheader
2026-10-06T13:36:29.4216716Z [command]/usr/bin/git submodule foreach --recursive sh -c "git config --local --name-only --get-regexp 'http\.https\:\/\/github\.com\/\.extraheader' && git config --local --unset-all 'http.https://github.com/.extraheader' || :"
2026-10-06T13:36:29.4402115Z [command]/usr/bin/git config --local http.https://github.com/.extraheader AUTHORIZATION: basic ***
2026-10-06T13:36:29.4439572Z ##[endgroup]
2026-10-06T13:36:29.4440314Z ##[group]Fetching the repository
2026-10-06T13:36:29.4447432Z [command]/usr/bin/git -c protocol.version=2 fetch --no-tags --prune --no-recurse-submodules --depth=1 origin +feb304e77c2870ac7f464617130d61591bd77992:refs/remotes/origin/repair/coupled-terminal-validation
2026-10-06T13:36:30.9190306Z From https://github.com/MrScripty/Rheon
2026-10-06T13:36:30.9192011Z  * [new ref]         feb304e77c2870ac7f464617130d61591bd77992 -> origin/repair/coupled-terminal-validation
2026-10-06T13:36:30.9195221Z ##[endgroup]
2026-10-06T13:36:30.9196287Z ##[group]Determining the checkout info
2026-10-06T13:36:30.9197347Z ##[endgroup]
2026-10-06T13:36:30.9200301Z [command]/usr/bin/git sparse-checkout disable
2026-10-06T13:36:30.9246226Z [command]/usr/bin/git config --local --unset-all extensions.worktreeConfig
2026-10-06T13:36:30.9273164Z ##[group]Checking out the ref
2026-10-06T13:36:30.9276154Z [command]/usr/bin/git checkout --progress --force -B repair/coupled-terminal-validation refs/remotes/origin/repair/coupled-terminal-validation
2026-10-06T13:36:31.3953638Z Switched to a new branch 'repair/coupled-terminal-validation'
2026-10-06T13:36:31.3957087Z branch 'repair/coupled-terminal-validation' set up to track 'origin/repair/coupled-terminal-validation'.
2026-10-06T13:36:31.3979937Z ##[endgroup]
2026-10-06T13:36:31.4056372Z [command]/usr/bin/git log -1 --format=%H
2026-10-06T13:36:31.4081192Z feb304e77c2870ac7f464617130d61591bd77992
2026-10-06T13:36:31.4088889Z ##[group]Removing auth
2026-10-06T13:36:31.4091606Z [command]/usr/bin/git config --local --name-only --get-regexp core\.sshCommand
2026-10-06T13:36:31.4119518Z [command]/usr/bin/git submodule foreach --recursive sh -c "git config --local --name-only --get-regexp 'core\.sshCommand' && git config --local --unset-all 'core.sshCommand' || :"
2026-10-06T13:36:31.4301011Z [command]/usr/bin/git config --local --name-only --get-regexp http\.https\:\/\/github\.com\/\.extraheader
2026-10-06T13:36:31.4325884Z http.https://github.com/.extraheader
2026-10-06T13:36:31.4331071Z [command]/usr/bin/git config --local --unset-all http.https://github.com/.extraheader
2026-10-06T13:36:31.4361164Z [command]/usr/bin/git submodule foreach --recursive sh -c "git config --local --name-only --get-regexp 'http\.https\:\/\/github\.com\/\.extraheader' && git config --local --unset-all 'http.https://github.com/.extraheader' || :"
2026-10-06T13:36:31.4541934Z ##[endgroup]
2026-10-06T13:36:31.4695018Z ##[group]Run rustup toolchain install 1.92.0 --profile minimal --component rustfmt --component clippy
2026-10-06T13:36:31.4695506Z [36;1mrustup toolchain install 1.92.0 --profile minimal --component rustfmt --component clippy[0m
2026-10-06T13:36:31.4695816Z [36;1mrustc --version --verbose[0m
2026-10-06T13:36:31.4695996Z [36;1mcargo --version[0m
2026-10-06T13:36:31.4927691Z shell: /usr/bin/bash -e {0}
2026-10-06T13:36:31.4927884Z env:
2026-10-06T13:36:31.4928031Z   CARGO_BUILD_JOBS: 1
2026-10-06T13:36:31.4928204Z ##[endgroup]
2026-10-06T13:36:31.5389914Z info: syncing channel updates for 1.92.0-x86_64-unknown-linux-gnu
2026-10-06T13:36:31.7442437Z info: latest update on 2025-12-11 for version 1.92.0 (ded5c06cf 2025-12-08)
2026-10-06T13:36:31.7443297Z info: downloading 5 components
2026-10-06T13:36:38.2018128Z 
2026-10-06T13:36:38.2084530Z   1.92.0-x86_64-unknown-linux-gnu installed - rustc 1.92.0 (ded5c06cf 2025-12-08)
2026-10-06T13:36:38.2084998Z 
2026-10-06T13:36:38.2386354Z rustc 1.92.0 (ded5c06cf 2025-12-08)
2026-10-06T13:36:38.2386719Z binary: rustc
2026-10-06T13:36:38.2386905Z commit-hash: ded5c06cf21d2b93bffd5d884aa6e96934ee4234
2026-10-06T13:36:38.2387101Z commit-date: 2025-12-08
2026-10-06T13:36:38.2387261Z host: x86_64-unknown-linux-gnu
2026-10-06T13:36:38.2387430Z release: 1.92.0
2026-10-06T13:36:38.2387856Z LLVM version: 21.1.3
2026-10-06T13:36:38.2605260Z cargo 1.92.0 (344c4567c 2025-10-21)
2026-10-06T13:36:38.2660387Z ##[group]Run cargo clippy --locked  --all-targets -- -D warnings
2026-10-06T13:36:38.2660707Z [36;1mcargo clippy --locked  --all-targets -- -D warnings[0m
2026-10-06T13:36:38.2716261Z shell: /usr/bin/bash -e {0}
2026-10-06T13:36:38.2716422Z env:
2026-10-06T13:36:38.2716557Z   CARGO_BUILD_JOBS: 1
2026-10-06T13:36:38.2716687Z ##[endgroup]
2026-10-06T13:36:38.3385792Z     Updating crates.io index
2026-10-06T13:36:39.5050828Z  Downloading crates ...
2026-10-06T13:36:39.5805085Z   Downloaded cfg-if v1.0.5
2026-10-06T13:36:39.5818511Z   Downloaded bitflags v2.13.2
2026-10-06T13:36:39.5854324Z   Downloaded adler2 v2.0.1
2026-10-06T13:36:39.5863638Z   Downloaded simd-adler32 v0.3.10
2026-10-06T13:36:39.5877908Z   Downloaded fdeflate v0.3.7
2026-10-06T13:36:39.5890619Z   Downloaded crc32fast v1.5.2
2026-10-06T13:36:39.5963330Z   Downloaded png v0.18.1
2026-10-06T13:36:39.5995407Z   Downloaded miniz_oxide v0.8.9
2026-10-06T13:36:39.6016140Z   Downloaded flate2 v1.1.10
2026-10-06T13:36:39.6056806Z   Downloaded miniz_oxide v0.9.1
2026-10-06T13:36:39.6078683Z   Downloaded zlib-rs v0.6.8
2026-10-06T13:36:39.6291028Z     Checking simd-adler32 v0.3.10
2026-10-06T13:36:39.6734069Z    Compiling crc32fast v1.5.2
2026-10-06T13:36:39.7523374Z     Checking adler2 v2.0.1
2026-10-06T13:36:39.7881132Z     Checking cfg-if v1.0.5
2026-10-06T13:36:39.8462314Z     Checking miniz_oxide v0.9.1
2026-10-06T13:36:39.9989952Z     Checking flate2 v1.1.10
2026-10-06T13:36:40.1146949Z     Checking miniz_oxide v0.8.9
2026-10-06T13:36:40.2641521Z     Checking fdeflate v0.3.7
2026-10-06T13:36:40.3590461Z     Checking bitflags v2.13.2
2026-10-06T13:36:40.4040369Z     Checking png v0.18.1
2026-10-06T13:36:40.6940713Z     Checking rheon v0.1.0 (/home/runner/work/Rheon/Rheon)
2026-10-06T13:36:46.8398733Z     Finished `dev` profile [unoptimized + debuginfo] target(s) in 8.52s
2026-10-06T13:36:46.8970408Z ##[group]Run cargo test --locked 
2026-10-06T13:36:46.8970604Z [36;1mcargo test --locked [0m
2026-10-06T13:36:46.9024602Z shell: /usr/bin/bash -e {0}
2026-10-06T13:36:46.9024741Z env:
2026-10-06T13:36:46.9024853Z   CARGO_BUILD_JOBS: 1
2026-10-06T13:36:46.9024978Z ##[endgroup]
2026-10-06T13:36:47.0125682Z    Compiling simd-adler32 v0.3.10
2026-10-06T13:36:47.0851251Z    Compiling adler2 v2.0.1
2026-10-06T13:36:47.1172216Z    Compiling cfg-if v1.0.5
2026-10-06T13:36:47.1314199Z    Compiling crc32fast v1.5.2
2026-10-06T13:36:47.2023429Z    Compiling miniz_oxide v0.9.1
2026-10-06T13:36:47.5217499Z    Compiling flate2 v1.1.10
2026-10-06T13:36:47.6993564Z    Compiling miniz_oxide v0.8.9
2026-10-06T13:36:48.0149850Z    Compiling fdeflate v0.3.7
2026-10-06T13:36:48.2088199Z    Compiling bitflags v2.13.2
2026-10-06T13:36:48.2781721Z    Compiling png v0.18.1
2026-10-06T13:36:48.9279244Z    Compiling rheon v0.1.0 (/home/runner/work/Rheon/Rheon)
2026-10-06T13:37:25.3268771Z     Finished `test` profile [unoptimized + debuginfo] target(s) in 38.39s
2026-10-06T13:37:25.3327802Z      Running unittests src/lib.rs (target/debug/deps/rheon-8ed16ce15336730d)
2026-10-06T13:37:25.3338338Z 
2026-10-06T13:37:25.3338490Z running 3 tests
2026-10-06T13:37:25.3348415Z test forces::tests::finite_step_work_can_be_negative_and_uses_both_velocity_endpoints ... ok
2026-10-06T13:37:25.3348923Z test forces::tests::work_accounts_for_actual_storage_rounding_and_closed_wall_faces ... ok
2026-10-06T13:37:25.3349351Z      Running unittests src/bin/rheon.rs (target/debug/deps/rheon-de516448fdc7120f)
2026-10-06T13:37:25.3349675Z test pressure::comparison_tests::sgs_matches_independently_assembled_triangular_system ... ok
2026-10-06T13:37:25.3349923Z 
2026-10-06T13:37:25.3350166Z test result: ok. 3 passed; 0 failed; 0 ignored; 0 measured; 0 filtered out; finished in 0.00s
2026-10-06T13:37:25.3350349Z 
2026-10-06T13:37:25.3356516Z 
2026-10-06T13:37:25.3356591Z running 0 tests
2026-10-06T13:37:25.3358230Z 
2026-10-06T13:37:25.3358554Z test result: ok. 0 passed; 0 failed; 0 ignored; 0 measured; 0 filtered out; finished in 0.00s
2026-10-06T13:37:25.3358761Z 
2026-10-06T13:37:25.3358927Z      Running tests/advection_contract.rs (target/debug/deps/advection_contract-c4d98615c10e3923)
2026-10-06T13:37:25.3366806Z 
2026-10-06T13:37:25.3366891Z running 3 tests
2026-10-06T13:37:25.3368999Z test cancellation_and_output_shape_are_explicit ... ok
2026-10-06T13:37:25.3369338Z test rest_state_is_preserved_on_degenerate_grid ... ok
2026-10-06T13:37:25.3369692Z test constant_translation_advects_an_interior_pulse_one_cell ... ok
2026-10-06T13:37:25.3369931Z 
2026-10-06T13:37:25.3370139Z test result: ok. 3 passed; 0 failed; 0 ignored; 0 measured; 0 filtered out; finished in 0.00s
2026-10-06T13:37:25.3370449Z 
2026-10-06T13:37:25.3371321Z      Running tests/box_flux_contract.rs (target/debug/deps/box_flux_contract-eb7ec7b15ffb06c1)
2026-10-06T13:37:25.3379274Z 
2026-10-06T13:37:25.3379352Z running 11 tests
2026-10-06T13:37:25.3382546Z test affine_adjoint_requires_boundary_work_and_is_gauge_invariant_when_balanced ... ok
2026-10-06T13:37:25.3383015Z test invalid_inputs_reject_before_output_mutation ... ok
2026-10-06T13:37:25.3383516Z test known_net_flux_rejects_even_when_provisional_rhs_rounding_scale_is_enormous ... ok
2026-10-06T13:37:25.3384272Z test iteration_budget_failure_precedes_any_face_output_write ... ok
2026-10-06T13:37:25.3384931Z test nonzero_boundary_flux_cannot_underflow_out_of_the_compatibility_gate ... ok
2026-10-06T13:37:25.3385503Z test singleton_flow_and_exact_capacity_limits_are_supported ... ok
2026-10-06T13:37:25.3386014Z test physical_stored_divergence_gate_rejects_after_solver_acceptance ... ok
2026-10-06T13:37:25.3386418Z test unequal_side_areas_match_independent_dense_projection_and_all_cell_divergence ... ok
2026-10-06T13:37:25.3388007Z test signed_through_flow_on_each_axis_matches_hand_pressure_energy_and_boundary_values ... ok
2026-10-06T13:37:25.3388901Z test cancellation_has_explicit_partial_output_semantics_and_retry_preserves_inputs ... ok
2026-10-06T13:37:25.3390520Z test zero_flux_matches_preserved_operator_solver_and_stored_face_bits ... ok
2026-10-06T13:37:25.3390785Z 
2026-10-06T13:37:25.3390995Z test result: ok. 11 passed; 0 failed; 0 ignored; 0 measured; 0 filtered out; finished in 0.00s
2026-10-06T13:37:25.3391275Z 
2026-10-06T13:37:25.3392355Z      Running tests/box_flux_step_contract.rs (target/debug/deps/box_flux_step_contract-abdd3b6ce7311a99)
2026-10-06T13:37:25.3401048Z 
2026-10-06T13:37:25.3401128Z running 13 tests
2026-10-06T13:37:25.3407884Z test box_flux_divergence_conversion_preserves_shared_error_payload ... ok
2026-10-06T13:37:25.3414412Z test clamped_appearance_transport_and_saturated_source_have_separate_integrals ... ok
2026-10-06T13:37:25.3415050Z test balanced_volume_flux_does_not_certify_tracer_mass_conservation ... ok
2026-10-06T13:37:25.3415639Z test external_and_smoke_force_terms_join_the_projection_work_ledger ... ok
2026-10-06T13:37:25.3416275Z test copied_changing_boundary_versions_are_published_only_on_success ... ok
2026-10-06T13:37:25.3434764Z test independently_capped_workspace_retains_legacy_capacity_and_supports_reset_pause ... ok
2026-10-06T13:37:25.3435347Z test current_boundary_speed_controls_initial_dt_and_accepted_courant ... ok
2026-10-06T13:37:25.3435882Z test incompatible_flux_solver_exhaustion_and_late_source_overflow_never_publish ... ok
2026-10-06T13:37:25.3436465Z test stored_divergence_rejection_after_projection_preserves_all_accepted_bits ... ok
2026-10-06T13:37:25.3437029Z test workspace_matches_geometry_density_and_solver_before_any_callback ... ok
2026-10-06T13:37:25.3445110Z test signed_end_boundary_commits_hand_flow_and_full_step_work_in_all_axes ... ok
2026-10-06T13:37:25.3464437Z test zero_boundary_agrees_with_legacy_fields_and_default_callbacks_stay_legacy ... ok
2026-10-06T13:37:25.3690135Z test cancellation_through_partial_stages_preserves_state_and_retry_matches_fresh ... ok
2026-10-06T13:37:25.3690348Z 
2026-10-06T13:37:25.3690508Z test result: ok. 13 passed; 0 failed; 0 ignored; 0 measured; 0 filtered out; finished in 0.03s
2026-10-06T13:37:25.3690693Z 
2026-10-06T13:37:25.3693315Z      Running tests/cli_contract.rs (target/debug/deps/cli_contract-6726b21014c508e4)
2026-10-06T13:37:25.3703623Z 
2026-10-06T13:37:25.3703722Z running 4 tests
2026-10-06T13:37:25.3720515Z test existing_output_is_not_overwritten ... ok
2026-10-06T13:37:25.3768680Z test bad_cli_values_and_cap_fail_before_output_creation ... ok
2026-10-06T13:37:25.3874734Z test executable_exports_reproducible_png_csv_and_completion_manifest ... ok
2026-10-06T13:37:25.6359421Z test explicit_original_selection_replays_default_and_unknown_is_rejected ... ok
2026-10-06T13:37:25.6359653Z 
2026-10-06T13:37:25.6359800Z test result: ok. 4 passed; 0 failed; 0 ignored; 0 measured; 0 filtered out; finished in 0.27s
2026-10-06T13:37:25.6360006Z 
2026-10-06T13:37:25.6361831Z      Running tests/collision_contract.rs (target/debug/deps/collision_contract-2aa67519373a8631)
2026-10-06T13:37:25.6371663Z 
2026-10-06T13:37:25.6371776Z running 13 tests
2026-10-06T13:37:25.6378846Z test an_ambiguous_facet_prevents_publishing_another_facets_definite_hit ... ok
2026-10-06T13:37:25.6379336Z test clipping_returns_first_contact_and_preserves_end_on_a_definite_miss ... ok
2026-10-06T13:37:25.6380173Z test cancellation_after_a_found_hit_returns_no_partial_result_or_mesh_mutation ... ok
2026-10-06T13:37:25.6380671Z test conditioning_is_relative_across_small_large_scales_and_translated_geometry ... ok
2026-10-06T13:37:25.6381175Z test coplanar_near_parallel_and_near_boundary_candidates_are_not_silent_misses ... ok
2026-10-06T13:37:25.6381761Z test book_cube_outside_crossing_miss_and_inside_exit_match_hand_arithmetic ... ok
2026-10-06T13:37:25.6382285Z test invalid_admission_and_queries_report_the_actual_unsupported_input ... ok
2026-10-06T13:37:25.6382625Z test earliest_contact_is_independent_of_order_and_exact_ties_use_lowest_index ... ok
2026-10-06T13:37:25.6383014Z test memory_limit_accounts_for_owned_capacities_not_only_lengths ... ok
2026-10-06T13:37:25.6383691Z test oblique_facet_reconstructs_barycentric_point_and_unit_geometric_normal ... ok
2026-10-06T13:37:25.6384331Z test reversed_winding_changes_normal_and_facing_but_preserves_contact ... ok
2026-10-06T13:37:25.6384754Z test transverse_interior_edges_vertices_and_segment_endpoints_are_explicit_hits ... ok
2026-10-06T13:37:25.6385326Z test unresolved_large_segment_interpolation_rejects_off_facet_hits ... ok
2026-10-06T13:37:25.6385585Z 
2026-10-06T13:37:25.6385877Z test result: ok. 13 passed; 0 failed; 0 ignored; 0 measured; 0 filtered out; finished in 0.00s
2026-10-06T13:37:25.6386158Z 
2026-10-06T13:37:25.6390609Z      Running tests/column_mac_contract.rs (target/debug/deps/column_mac_contract-9bd70885721aea2a)
2026-10-06T13:37:25.6399136Z 
2026-10-06T13:37:25.6399233Z running 8 tests
2026-10-06T13:37:25.6418624Z test independently_assembled_partial_mass_flux_pressure_matrix_and_adjoint ... ok
2026-10-06T13:37:25.6419277Z test hand_transfer_and_lossy_roundtrip_wall_ledgers_all_axes ... ok
2026-10-06T13:37:25.6444578Z test owner_export_revision_omission_and_dynamic_refusal ... ok
2026-10-06T13:37:25.6445332Z test owner_nonflat_paused_version_shape_and_late_projection_failures ... ok
2026-10-06T13:37:25.6445985Z test single_wet_node_decimal_geometry_phase_mass_and_legacy_transition_guard ... ok
2026-10-06T13:37:25.6530302Z test transfer_cancellation_all_occurrences_shape_and_scale_failures ... ok
2026-10-06T13:37:25.6609522Z test both_solvers_publish_velocity_pressure_and_geometry_revisions_all_axes ... ok
2026-10-06T13:37:25.8007053Z test every_owner_callback_preserves_nonzero_accepted_state_and_retry ... ok
2026-10-06T13:37:25.8007378Z 
2026-10-06T13:37:25.8007596Z test result: ok. 8 passed; 0 failed; 0 ignored; 0 measured; 0 filtered out; finished in 0.16s
2026-10-06T13:37:25.8007877Z 
2026-10-06T13:37:25.8010481Z      Running tests/column_momentum_contract.rs (target/debug/deps/column_momentum_contract-bb38dac32d5e400e)
2026-10-06T13:37:25.8021866Z 
2026-10-06T13:37:25.8022089Z running 8 tests
2026-10-06T13:37:25.8033753Z test hand_derived_closed_exchange_all_axes ... ok
2026-10-06T13:37:25.8034619Z test large_support_change_uses_explicit_parcels ... ok
2026-10-06T13:37:25.8035107Z test every_callback_rolls_back_and_retry_is_identical ... ok
2026-10-06T13:37:25.8035742Z test identity_and_constants_cover_cut_classification_and_single_node ... ok
2026-10-06T13:37:25.8036450Z test affine_parcel_means_refine_without_claiming_linear_exactness ... ok
2026-10-06T13:37:25.8036960Z test ordinary_decimal_scale_constant_parcels_are_preserved ... ok
2026-10-06T13:37:25.8037355Z test refused_inputs_and_late_scale_failure_preserve_outputs ... ok
2026-10-06T13:37:25.8037761Z test ordinary_unit_geometry_nonbinary_constant_parcels_are_preserved ... ok
2026-10-06T13:37:25.8038066Z 
2026-10-06T13:37:25.8038279Z test result: ok. 8 passed; 0 failed; 0 ignored; 0 measured; 0 filtered out; finished in 0.00s
2026-10-06T13:37:25.8038551Z 
2026-10-06T13:37:25.8039238Z      Running tests/column_shear_contract.rs (target/debug/deps/column_shear_contract-898b4b81d19ad912)
2026-10-06T13:37:25.8048292Z 
2026-10-06T13:37:25.8048441Z running 6 tests
2026-10-06T13:37:25.8052119Z test explicit_admission_scale_and_stability_failures_preserve_output ... ok
2026-10-06T13:37:25.8062174Z test cut_heights_cover_both_center_classifications_and_single_node ... ok
2026-10-06T13:37:25.8062907Z test independent_partial_dual_mass_matrix_force_and_energy_all_axes ... ok
2026-10-06T13:37:25.8063564Z test every_callback_occurrence_cancels_output_and_retry_is_equal ... ok
2026-10-06T13:37:25.8064254Z test local_affine_shear_force_and_translation_null_mode ... ok
2026-10-06T13:37:25.8200588Z test analytic_traction_free_shear_refines_with_liquid_only_weights ... ok
2026-10-06T13:37:25.8200880Z 
2026-10-06T13:37:25.8201105Z test result: ok. 6 passed; 0 failed; 0 ignored; 0 measured; 0 filtered out; finished in 0.02s
2026-10-06T13:37:25.8201398Z 
2026-10-06T13:37:25.8204389Z      Running tests/column_surface_contract.rs (target/debug/deps/column_surface_contract-0b46645015386958)
2026-10-06T13:37:25.8213269Z 
2026-10-06T13:37:25.8213377Z running 10 tests
2026-10-06T13:37:25.8244672Z test admission_and_memory_are_bounded_and_explicit ... ok
2026-10-06T13:37:25.8260912Z test independent_variable_distance_matrix_and_air_storage ... ok
2026-10-06T13:37:25.8261422Z test geometric_vertical_translation_crosses_layers_with_exact_volume_ledger ... ok
2026-10-06T13:37:25.8262261Z test late_unsupported_reconstruction_keeps_accepted_pressure_phase_and_both_geometries ... ok
2026-10-06T13:37:25.8262831Z test a_moving_column_activates_a_new_pressure_center_on_the_next_interval ... ok
2026-10-06T13:37:25.8276214Z test rectangular_manufactured_variable_ghost_distances_match_independent_assembly ... ok
2026-10-06T13:37:25.8276925Z test unequal_spacing_column_hydrostatics_work_on_all_three_axes ... ok
2026-10-06T13:37:25.8277583Z test unrepresentable_ghost_distance_coefficient_rejects_without_clamping ... ok
2026-10-06T13:37:25.8309008Z test mixed_hydrostatic_columns_repeat_and_track_both_geometry_versions ... ok
2026-10-06T13:37:25.8460728Z test consecutive_coupled_pulses_advance_mixed_fractions_and_preserve_geometry_on_cancel ... ok
2026-10-06T13:37:25.8460947Z 
2026-10-06T13:37:25.8461098Z test result: ok. 10 passed; 0 failed; 0 ignored; 0 measured; 0 filtered out; finished in 0.02s
2026-10-06T13:37:25.8461283Z 
2026-10-06T13:37:25.8464550Z      Running tests/coupled_discrete_contract.rs (target/debug/deps/coupled_discrete_contract-45a658831415fd6d)
2026-10-06T13:37:25.8474972Z 
2026-10-06T13:37:25.8475071Z running 8 tests
2026-10-06T13:37:26.0285186Z test converged_seed_retains_historical_one_pass_counter ... ok
2026-10-06T13:37:30.2949387Z test bounded_iteration_failure_preserves_initial_frame_pressure_clock ... ok
2026-10-06T13:37:35.4945262Z test genuine_coupled_pressure_strain_mass_and_work_publish_together ... ok
2026-10-06T13:37:35.5034625Z test memory_and_unsupported_field_fail_before_owner_creation ... ok
2026-10-06T13:37:40.7407855Z test invalid_scale_intervals_preserve_nonzero_accepted_state ... ok
2026-10-06T13:37:45.1138764Z test final_authorized_correction_matches_larger_budget_without_another_correction ... ok
2026-10-06T13:37:58.1418433Z test terminal_validation_cancellation_preserves_state_and_resumes ... ok
2026-10-06T13:38:20.2483835Z test every_barrier_preserves_all_accepted_bits_after_nonzero_state_and_resumes ... ok
2026-10-06T13:38:20.2484277Z 
2026-10-06T13:38:20.2484425Z test result: ok. 8 passed; 0 failed; 0 ignored; 0 measured; 0 filtered out; finished in 54.40s
2026-10-06T13:38:20.2484617Z 
2026-10-06T13:38:20.2487494Z      Running tests/export_contract.rs (target/debug/deps/export_contract-1d020d3727dcb843)
2026-10-06T13:38:20.2499346Z 
2026-10-06T13:38:20.2499483Z running 1 test
2026-10-06T13:38:20.2505275Z test raw_export_limit_rejects_before_writing ... ok
2026-10-06T13:38:20.2505425Z 
2026-10-06T13:38:20.2505566Z test result: ok. 1 passed; 0 failed; 0 ignored; 0 measured; 0 filtered out; finished in 0.00s
2026-10-06T13:38:20.2505753Z 
2026-10-06T13:38:20.2507769Z      Running tests/extruded_third_contract.rs (target/debug/deps/extruded_third_contract-ff6278b68b44ebb1)
2026-10-06T13:38:20.2515488Z 
2026-10-06T13:38:20.2515562Z running 8 tests
2026-10-06T13:38:20.2574721Z test additional_scratch_budget_and_initial_trace_are_enforced ... ok
2026-10-06T13:38:24.7196052Z test bounded_solve_failure_preserves_all_initial_components ... ok
2026-10-06T13:38:29.7982899Z test actual_published_full_velocity_has_both_shears_and_total_work ... ok
2026-10-06T13:38:30.0584957Z test actual_third_linear_failure_preserves_the_published_constructor_state ... ok
2026-10-06T13:38:32.5255356Z test constant_nonzero_third_velocity_survives_actual_moving_mass_publications ... ok
2026-10-06T13:38:40.1267135Z test invalid_arithmetic_and_wrong_api_preserve_nonzero_accepted_state ... ok
2026-10-06T13:38:47.0205038Z test zero_third_opt_in_matches_legacy_actual_state_bit_for_bit ... ok
2026-10-06T13:39:24.7199400Z test every_old_and_third_barrier_preserves_nonzero_published_state_and_retry_bits has been running for over 60 seconds
2026-10-06T13:39:37.4623840Z test every_old_and_third_barrier_preserves_nonzero_published_state_and_retry_bits ... ok
2026-10-06T13:39:37.4624262Z 
2026-10-06T13:39:37.4624474Z test result: ok. 8 passed; 0 failed; 0 ignored; 0 measured; 0 filtered out; finished in 77.21s
2026-10-06T13:39:37.4625180Z 
2026-10-06T13:39:37.4627499Z      Running tests/fitted_height_contract.rs (target/debug/deps/fitted_height_contract-0a183ff455097439)
2026-10-06T13:39:37.4638687Z 
2026-10-06T13:39:37.4638777Z running 15 tests
2026-10-06T13:39:37.4675895Z test constant_velocity_carries_every_component_with_changing_masses ... ok
2026-10-06T13:39:37.4694774Z test actual_graph_translation_has_shared_gcl_and_full_vector_work ... ok
2026-10-06T13:39:37.4695337Z test arithmetic_kinematic_shape_failures_preserve_output ... ok
2026-10-06T13:39:37.4695944Z test declared_capacity_and_real_payload_are_bounded ... ok
2026-10-06T13:39:37.4734847Z test actual_rebuilt_geometry_matches_mass_derivative ... ok
2026-10-06T13:39:37.4764708Z test divergence_defect_is_reported_and_nonzero_pressure_work_is_adjoint ... ok
2026-10-06T13:39:37.4767316Z test full_vector_affine_strain_and_prescribed_traction_patch ... ok
2026-10-06T13:39:37.4794674Z test invalid_geometry_and_uncertain_pressure_rank_are_rejections ... ok
2026-10-06T13:39:37.4817742Z test density_width_viscosity_scaling_and_zero_viscosity_are_explicit ... ok
2026-10-06T13:39:37.4818228Z test marginal_correct_wrong_flux_circulation_is_rejected ... ok
2026-10-06T13:39:37.4834685Z test periodic_seam_is_neighbor_center_intersection_with_true_derivative ... ok
2026-10-06T13:39:37.4846246Z test shared_geometry_mass_and_affine_gradient_partition ... ok
2026-10-06T13:39:37.4880873Z test rigid_rotation_and_full_vector_translation_are_strain_null_modes ... ok
2026-10-06T13:39:37.4984970Z test every_cancellation_preserves_output_and_retry_matches ... ok
2026-10-06T13:39:37.6262698Z test numerical_pressure_image_rank_constant_mode_and_transpose ... ok
2026-10-06T13:39:37.6263007Z 
2026-10-06T13:39:37.6263229Z test result: ok. 15 passed; 0 failed; 0 ignored; 0 measured; 0 filtered out; finished in 0.16s
2026-10-06T13:39:37.6263484Z 
2026-10-06T13:39:37.6266815Z      Running tests/fixed_bottom_ale_contract.rs (target/debug/deps/fixed_bottom_ale_contract-0f905c438f75c917)
2026-10-06T13:39:37.6277650Z 
2026-10-06T13:39:37.6277769Z running 7 tests
2026-10-06T13:39:37.9204974Z test arithmetic_iteration_and_path_failures_preserve_state ... ok
2026-10-06T13:39:37.9205526Z test memory_budget_and_unsupported_carrier_reject_before_owner_creation ... ok
2026-10-06T13:39:38.2145142Z test constants_remain_constant_and_zero_viscosity_still_transports ... ok
2026-10-06T13:39:38.3612299Z test strict_acceptance_failure_preserves_the_accepted_pair ... ok
2026-10-06T13:39:39.7094378Z test constrained_velocity_convex_bound_failure_is_retained_as_a_limit ... ok
2026-10-06T13:39:39.9093185Z test nonzero_relative_transport_and_viscosity_publish_one_geometry ... ok
2026-10-06T13:39:40.1608186Z test cancellation_preserves_nonzero_accepted_geometry_and_recovers_cleanly ... ok
2026-10-06T13:39:40.1608419Z 
2026-10-06T13:39:40.1608564Z test result: ok. 7 passed; 0 failed; 0 ignored; 0 measured; 0 filtered out; finished in 2.53s
2026-10-06T13:39:40.1608751Z 
2026-10-06T13:39:40.1611803Z      Running tests/forces_contract.rs (target/debug/deps/forces_contract-37ed09b9663bd286)
2026-10-06T13:39:40.1623448Z 
2026-10-06T13:39:40.1623551Z running 9 tests
2026-10-06T13:39:40.1645621Z test empty_forces_keep_legacy_stages_fields_reports_and_array_memory ... ok
2026-10-06T13:39:40.1648196Z test invalid_or_unrepresentable_forces_reject_without_accepted_mutation ... ok
2026-10-06T13:39:40.1649007Z test legacy_smoke_force_precedes_external_stage_and_its_work_is_separate ... ok
2026-10-06T13:39:40.1651333Z test localized_force_projects_to_the_independently_derived_four_edge_cycle ... ok
2026-10-06T13:39:40.1653928Z test overlapping_vectors_add_and_forcing_budget_covers_each_axis_and_units ... ok
2026-10-06T13:39:40.1660713Z test force_cancellation_and_pressure_exhaustion_preserve_state_and_retry ... ok
2026-10-06T13:39:40.1666115Z test support_is_sampled_on_own_face_lattices_and_excludes_upper_planes_and_walls ... ok
2026-10-06T13:39:40.1675564Z test force_density_divides_by_constant_density_and_matches_acceleration_bits ... ok
2026-10-06T13:39:40.1699161Z test signed_uniform_forces_on_each_axis_have_hand_computed_work_and_hydrostatic_rest ... ok
2026-10-06T13:39:40.1699491Z 
2026-10-06T13:39:40.1699705Z test result: ok. 9 passed; 0 failed; 0 ignored; 0 measured; 0 filtered out; finished in 0.01s
2026-10-06T13:39:40.1700004Z 
2026-10-06T13:39:40.1702342Z      Running tests/free_surface_contract.rs (target/debug/deps/free_surface_contract-35fb69756b626248)
2026-10-06T13:39:40.1711845Z 
2026-10-06T13:39:40.1711923Z running 7 tests
2026-10-06T13:39:40.1723673Z test independent_anchored_matrix_has_half_distance_surface_and_no_wet_gauge ... ok
2026-10-06T13:39:40.1724006Z test free_surface_admission_is_explicit_and_uses_existing_array_inventory ... ok
2026-10-06T13:39:40.1724544Z test coupled_surface_redistribution_conserves_volume_and_rejects_unresolved_next_geometry ... ok
2026-10-06T13:39:40.1724872Z test late_volume_rejection_retains_previous_free_surface_pressure_and_liquid ... ok
2026-10-06T13:39:40.1725167Z test rectangular_manufactured_pressure_matches_independent_wet_air_assembly ... ok
2026-10-06T13:39:40.1725469Z test hydrostatic_columns_match_pressure_at_cell_centers_and_zero_air_pressure ... ok
2026-10-06T13:39:40.1755969Z test resolved_hydrostatic_interval_replays_and_cancelled_pair_preserves_pressure_and_phase ... ok
2026-10-06T13:39:40.1756250Z 
2026-10-06T13:39:40.1756385Z test result: ok. 7 passed; 0 failed; 0 ignored; 0 measured; 0 filtered out; finished in 0.00s
2026-10-06T13:39:40.1756567Z 
2026-10-06T13:39:40.1758514Z      Running tests/geometry_contract.rs (target/debug/deps/geometry_contract-a0745f3c91fee3fb)
2026-10-06T13:39:40.1766336Z 
2026-10-06T13:39:40.1766423Z running 7 tests
2026-10-06T13:39:40.1768928Z test half_cell_resolution_regression_requires_no_allocation ... ok
2026-10-06T13:39:40.1769905Z test face_offsets_are_distinct_from_cell_offsets ... ok
2026-10-06T13:39:40.1771989Z test conservative_axis_margin_covers_large_origins_and_adjacent_samples ... ok
2026-10-06T13:39:40.1772398Z test invalid_source_values_fail_before_allocation ... ok
2026-10-06T13:39:40.1772739Z test planned_payload_is_exact_and_cap_is_explicit ... ok
2026-10-06T13:39:40.1773221Z      Running tests/implementation_contract.rs (target/debug/deps/implementation_contract-46d92ef2e4b2be68)
2026-10-06T13:39:40.1773717Z test single_cell_and_one_cell_wide_domains_are_valid ... ok
2026-10-06T13:39:40.1774040Z test rectangular_shapes_and_maximum_indices ... ok
2026-10-06T13:39:40.1774346Z 
2026-10-06T13:39:40.1774557Z test result: ok. 7 passed; 0 failed; 0 ignored; 0 measured; 0 filtered out; finished in 0.00s
2026-10-06T13:39:40.1774847Z 
2026-10-06T13:39:40.1780616Z 
2026-10-06T13:39:40.1780728Z running 5 tests
2026-10-06T13:39:40.1834527Z test all_methods_recover_anisotropic_manufactured_pressure_and_failure_contracts ... ok
2026-10-06T13:39:40.1864351Z test registry_has_stable_unique_ids_and_explicit_unknown_rejection ... ok
2026-10-06T13:39:40.4745025Z test approaches_agree_with_equal_inputs_and_retained_budget ... ok
2026-10-06T13:39:40.5242759Z test every_implementation_preserves_transactional_cancellation_and_replay ... ok
2026-10-06T13:39:40.8497147Z test cancellation_after_accepted_work_preserves_both_implementations ... ok
2026-10-06T13:39:40.8497468Z 
2026-10-06T13:39:40.8497691Z test result: ok. 5 passed; 0 failed; 0 ignored; 0 measured; 0 filtered out; finished in 0.67s
2026-10-06T13:39:40.8497976Z 
2026-10-06T13:39:40.8500713Z      Running tests/liquid_scale_division_contract.rs (target/debug/deps/liquid_scale_division_contract-b56071f84f8a53dd)
2026-10-06T13:39:40.8511719Z 
2026-10-06T13:39:40.8511801Z running 1 test
2026-10-06T13:39:40.8514877Z test unsupported_candidate_courant_and_divergence_quotients_preserve_accepted_state ... ok
2026-10-06T13:39:40.8515232Z 
2026-10-06T13:39:40.8515466Z test result: ok. 1 passed; 0 failed; 0 ignored; 0 measured; 0 filtered out; finished in 0.00s
2026-10-06T13:39:40.8515695Z 
2026-10-06T13:39:40.8516228Z      Running tests/liquid_step_contract.rs (target/debug/deps/liquid_step_contract-b2bc010d79ab5939)
2026-10-06T13:39:40.8526174Z 
2026-10-06T13:39:40.8526401Z running 8 tests
2026-10-06T13:39:40.8530447Z test combined_capacity_cap_counts_transferred_capacity_and_pressure ... ok
2026-10-06T13:39:40.8533441Z test carrier_failure_and_pause_preserve_volume_pressure_and_clocks ... ok
2026-10-06T13:39:40.8543969Z test accepted_actual_dt_controls_volume_interval_and_closed_step_is_coherent ... ok
2026-10-06T13:39:40.8544604Z test liquid_guidance_integrates_accepted_fraction_with_explicit_pixel_budget ... ok
2026-10-06T13:39:40.8544996Z test volume_input_failure_and_version_overflow_precede_carrier_callbacks ... ok
2026-10-06T13:39:40.8545399Z test signed_axis_transport_publishes_hand_pressure_and_synchronized_states ... ok
2026-10-06T13:39:40.8545816Z test liquid_failure_after_new_pressure_prepare_preserves_all_accepted_bits_and_retry ... ok
2026-10-06T13:39:40.9003832Z test every_exercised_carrier_volume_and_final_checkpoint_rolls_back_and_replays ... ok
2026-10-06T13:39:40.9004274Z 
2026-10-06T13:39:40.9004485Z test result: ok. 8 passed; 0 failed; 0 ignored; 0 measured; 0 filtered out; finished in 0.05s
2026-10-06T13:39:40.9004735Z 
2026-10-06T13:39:40.9006705Z      Running tests/liquid_volume_contract.rs (target/debug/deps/liquid_volume_contract-da9567f5f476901f)
2026-10-06T13:39:40.9015304Z 
2026-10-06T13:39:40.9015382Z running 18 tests
2026-10-06T13:39:40.9019806Z test actual_owned_capacity_invalid_inputs_and_resolved_clock_are_checked ... ok
2026-10-06T13:39:40.9020278Z test closed_anisotropic_circulation_reuses_shared_faces_and_preserves_volume ... ok
2026-10-06T13:39:40.9024446Z test courant_divergence_and_raw_source_bounds_fail_without_changing_accepted_state ... ok
2026-10-06T13:39:40.9024995Z test both_accepted_pressure_methods_supply_read_only_carrier_not_free_surface_feedback ... ok
2026-10-06T13:39:40.9025502Z test geometry_interval_source_identity_and_version_limits_reject_before_callbacks ... ok
2026-10-06T13:39:40.9026012Z test oblique_constant_fraction_preserves_constant_and_balanced_boundary_transfer ... ok
2026-10-06T13:39:40.9026523Z test signed_all_axis_upwind_inlet_outlet_matches_hand_volume_and_occupancy ... ok
2026-10-06T13:39:40.9026991Z test signed_sources_are_volume_per_second_and_density_scales_mass_only ... ok
2026-10-06T13:39:40.9027272Z test signed_zero_is_valid_empty_liquid_with_zero_volume_transfer ... ok
2026-10-06T13:39:40.9027546Z test subnormal_face_area_rejects_instead_of_distorting_representable_inflow ... ok
2026-10-06T13:39:40.9027841Z test partial_flux_and_cell_cancellation_preserve_bits_and_retry_matches_fresh ... ok
2026-10-06T13:39:40.9028140Z test normal_initial_amount_is_supported_but_subnormal_initial_amount_is_rejected ... ok
2026-10-06T13:39:40.9028452Z test thin_positive_fractions_and_merging_supports_are_not_erased_by_clamping ... ok
2026-10-06T13:39:40.9028754Z test underflowed_courant_intermediate_rejects_and_supported_retry_matches_fresh ... ok
2026-10-06T13:39:40.9029054Z test underflowed_face_area_rejects_instead_of_losing_representable_inflow ... ok
2026-10-06T13:39:40.9029346Z test unrepresentable_initial_amount_or_nonzero_face_transfer_cannot_disappear ... ok
2026-10-06T13:39:40.9029649Z test unsplit_three_dimensional_transfer_is_bounded_but_diffuses_geometric_cube ... ok
2026-10-06T13:39:40.9049856Z test translated_slab_has_exact_binomial_oracle_and_independent_spatial_refinement ... ok
2026-10-06T13:39:40.9050047Z 
2026-10-06T13:39:40.9050190Z test result: ok. 18 passed; 0 failed; 0 ignored; 0 measured; 0 filtered out; finished in 0.00s
2026-10-06T13:39:40.9050373Z 
2026-10-06T13:39:40.9052406Z      Running tests/operator_contract.rs (target/debug/deps/operator_contract-8854ebac8914412a)
2026-10-06T13:39:40.9059894Z 
2026-10-06T13:39:40.9060216Z running 5 tests
2026-10-06T13:39:40.9062466Z test all_six_faces_of_single_cell_are_walls ... ok
2026-10-06T13:39:40.9062909Z test integrated_rhs_matches_independent_physical_divergence ... ok
2026-10-06T13:39:40.9063338Z test nonfinite_fields_density_and_lengths_are_rejected ... ok
2026-10-06T13:39:40.9063717Z test independent_rectangular_dense_operator ... ok
2026-10-06T13:39:40.9064577Z test three_cell_hand_calculation_and_residual_identity ... ok
2026-10-06T13:39:40.9064798Z 
2026-10-06T13:39:40.9065250Z      Running tests/pressure_contract.rs (target/debug/deps/pressure_contract-7099cae9f7db8865)
2026-10-06T13:39:40.9065931Z test result: ok. 5 passed; 0 failed; 0 ignored; 0 measured; 0 filtered out; finished in 0.00s
2026-10-06T13:39:40.9066217Z 
2026-10-06T13:39:40.9073268Z 
2026-10-06T13:39:40.9073352Z running 10 tests
2026-10-06T13:39:40.9076246Z test eliminated_gauge_row_participates_in_physical_stopping ... ok
2026-10-06T13:39:40.9077231Z test a_rectangular_cycle_retains_circulation ... ok
2026-10-06T13:39:40.9077557Z test incompatible_rhs_is_not_mean_shifted ... ok
2026-10-06T13:39:40.9077920Z test cancellation_and_iteration_exhaustion_are_explicit ... ok
2026-10-06T13:39:40.9084807Z test solves_hand_chain_and_reports_full_residual ... ok
2026-10-06T13:39:40.9086660Z test manufactured_three_dimensional_pressure_recovers_modulo_gauge ... ok
2026-10-06T13:39:40.9087160Z test workspace_budget_and_invalid_tolerance_fail ... ok
2026-10-06T13:39:40.9095118Z test single_cell_zero_rhs_returns_without_iteration ... ok
2026-10-06T13:39:40.9101477Z test tighter_divergence_gate_keeps_conjugate_gradient_progress ... ok
2026-10-06T13:39:40.9190755Z test random_three_dimensional_projection_checks_actual_f32_divergence ... ok
2026-10-06T13:39:40.9191024Z 
2026-10-06T13:39:40.9191231Z test result: ok. 10 passed; 0 failed; 0 ignored; 0 measured; 0 filtered out; finished in 0.01s
2026-10-06T13:39:40.9191456Z 
2026-10-06T13:39:40.9192788Z      Running tests/sampling_contract.rs (target/debug/deps/sampling_contract-4d8894f909b2a798)
2026-10-06T13:39:40.9200550Z 
2026-10-06T13:39:40.9200668Z running 5 tests
2026-10-06T13:39:40.9205147Z test convex_bounds_and_singleton_axes_hold ... ok
2026-10-06T13:39:40.9205516Z test invalid_input_is_rejected_at_sampler_construction ... ok
2026-10-06T13:39:40.9205932Z test component_offsets_reproduce_affine_fields ... ok
2026-10-06T13:39:40.9206384Z test midpoint_backtrace_matches_constant_translation ... ok
2026-10-06T13:39:40.9206737Z test midpoint_rotation_matches_independent_polynomial ... ok
2026-10-06T13:39:40.9206953Z 
2026-10-06T13:39:40.9207157Z test result: ok. 5 passed; 0 failed; 0 ignored; 0 measured; 0 filtered out; finished in 0.00s
2026-10-06T13:39:40.9207479Z 
2026-10-06T13:39:40.9208280Z      Running tests/simulation_contract.rs (target/debug/deps/simulation_contract-f9b7535eea2c996f)
2026-10-06T13:39:40.9216473Z 
2026-10-06T13:39:40.9216583Z running 9 tests
2026-10-06T13:39:40.9254478Z test all_owned_capacities_are_accounted_and_cap_checked ... ok
2026-10-06T13:39:40.9274512Z test in_place_candidate_matches_separate_output_and_scratch_diagnostic ... ok
2026-10-06T13:39:40.9725748Z test actual_float_divergence_rejection_preserves_accepted_state ... ok
2026-10-06T13:39:40.9726234Z test single_cell_rest_and_saturating_source_are_supported ... ok
2026-10-06T13:39:40.9904468Z test solver_exhaustion_and_invalid_source_are_transactional ... ok
2026-10-06T13:39:41.0269714Z test time_step_policy_reports_reduced_dt_for_large_forcing ... ok
2026-10-06T13:39:41.1545537Z test localized_smoke_is_nontrivial_finite_and_independently_divergence_checked ... ok
2026-10-06T13:39:41.1987177Z test exact_replay_pause_reset_and_source_toggle ... ok
2026-10-06T13:39:41.7129097Z test cancellation_at_every_stage_preserves_all_accepted_bits_and_metadata ... ok
2026-10-06T13:39:41.7129358Z 
2026-10-06T13:39:41.7129499Z test result: ok. 9 passed; 0 failed; 0 ignored; 0 measured; 0 filtered out; finished in 0.79s
2026-10-06T13:39:41.7129688Z 
2026-10-06T13:39:41.7133164Z      Running tests/tracer_barrier_contract.rs (target/debug/deps/tracer_barrier_contract-b563b99c72a61e58)
2026-10-06T13:39:41.7144947Z 
2026-10-06T13:39:41.7145086Z running 12 tests
2026-10-06T13:39:41.7157228Z test admission_failures_precede_any_output_write ... ok
2026-10-06T13:39:41.7157674Z test clear_trace_still_filters_a_stencil_that_crosses_the_barrier ... ok
2026-10-06T13:39:41.7158598Z test contacts_no_visible_donor_and_ambiguous_visibility_fail_explicitly ... ok
2026-10-06T13:39:41.7159058Z test blocked_midpoint_and_departure_legs_revert_without_wall_pushout ... ok
2026-10-06T13:39:41.7159433Z test low_level_cancellation_can_leave_scratch_partial_but_inputs_retry_unchanged ... ok
2026-10-06T13:39:41.7159768Z test accepted_simulation_filters_tracer_while_preserving_force_pressure_and_memory ... ok
2026-10-06T13:39:41.7160075Z test none_barrier_preserves_every_accepted_bit_report_and_callback_sequence ... ok
2026-10-06T13:39:41.7165680Z test no_obstruction_preserves_legacy_midpoint_and_sample_bits ... ok
2026-10-06T13:39:41.7166329Z test visible_donors_renormalize_on_both_sides_and_remove_thin_sheet_leakage ... ok
2026-10-06T13:39:41.7166867Z test visible_interpolation_preserves_constants_and_visible_range_with_3d_weights ... ok
2026-10-06T13:39:41.7167372Z test zero_weight_extremes_cannot_relax_the_positive_donor_range ... ok
2026-10-06T13:39:41.7167827Z test barrier_error_and_late_cancellation_preserve_owner_and_allow_clean_retry ... ok
2026-10-06T13:39:41.7168014Z 
2026-10-06T13:39:41.7168159Z test result: ok. 12 passed; 0 failed; 0 ignored; 0 measured; 0 filtered out; finished in 0.00s
2026-10-06T13:39:41.7168433Z 
2026-10-06T13:39:41.7168630Z      Running tests/translated_viscous_contract.rs (target/debug/deps/translated_viscous_contract-3883379598ce2687)
2026-10-06T13:39:41.7176964Z 
2026-10-06T13:39:41.7177146Z running 8 tests
2026-10-06T13:39:41.8104827Z test arithmetic_and_iteration_failures_preserve_accepted_state ... ok
2026-10-06T13:39:41.8124486Z test lost_physical_geometry_and_clock_resolution_preserve_state ... ok
2026-10-06T13:39:41.8774407Z test strict_acceptance_failure_preserves_both_states ... ok
2026-10-06T13:39:41.9074487Z test inviscid_and_constant_fields_are_preserved_without_solver_drift ... ok
2026-10-06T13:39:41.9164436Z test unsupported_xy_and_trace_and_insufficient_memory_are_rejected ... ok
2026-10-06T13:39:41.9229246Z test unrepresentable_initial_energy_is_rejected ... ok
2026-10-06T13:39:42.1906026Z test repeated_translation_and_viscous_decay_publish_one_state ... ok
2026-10-06T13:39:42.3105326Z test each_cancellation_preserves_velocity_geometry_pressure_clock_and_identity ... ok
2026-10-06T13:39:42.3105686Z 
2026-10-06T13:39:42.3105907Z test result: ok. 8 passed; 0 failed; 0 ignored; 0 measured; 0 filtered out; finished in 0.59s
2026-10-06T13:39:42.3106181Z 
2026-10-06T13:39:42.3108917Z      Running tests/translation_contract.rs (target/debug/deps/translation_contract-b09600552d9d2f65)
2026-10-06T13:39:42.3121113Z 
2026-10-06T13:39:42.3124217Z running 10 tests
2026-10-06T13:39:42.3124627Z test cancellation_after_contact_exposes_no_result_and_preserves_retry ... ok
2026-10-06T13:39:42.3125163Z test common_linear_frame_shift_preserves_contact_parameter_normal_and_weights ... ok
2026-10-06T13:39:42.3125686Z test endpoint_contacts_and_clipping_keep_space_time_coordinates ... ok
2026-10-06T13:39:42.3126177Z test invalid_intervals_trajectories_and_zero_relative_motion_are_explicit ... ok
2026-10-06T13:39:42.3126670Z test final_pose_query_misses_an_actual_space_time_crossing ... ok
2026-10-06T13:39:42.3127105Z test moving_wall_crosses_stationary_world_point_at_physical_time ... ok
2026-10-06T13:39:42.3127557Z test reversed_winding_changes_facing_but_not_translated_contact ... ok
2026-10-06T13:39:42.3127989Z test unrepresentable_endpoint_pose_rejects_before_query ... ok
2026-10-06T13:39:42.3128413Z test zero_translation_preserves_every_static_hit_field_and_miss ... ok
2026-10-06T13:39:42.3136447Z test axis_permuted_hand_oracles_cover_signed_and_tangential_translation ... ok
2026-10-06T13:39:42.3136783Z 
2026-10-06T13:39:42.3137386Z test result: ok. 10 passed; 0 failed; 0 ignored; 0 measured; 0 filtered out; finished in 0.00s
2026-10-06T13:39:42.3137598Z 
2026-10-06T13:39:42.3139196Z      Running tests/viscosity_contract.rs (target/debug/deps/viscosity_contract-1bbc0354777bb497)
2026-10-06T13:39:42.3148531Z 
2026-10-06T13:39:42.3148611Z running 8 tests
2026-10-06T13:39:42.3174906Z test cancellation_all_stage_occurrences_and_failures_preserve_output ... ok
2026-10-06T13:39:42.3186739Z test anisotropic_three_dimensional_shear_matches_all_component_pairs ... ok
2026-10-06T13:39:42.3271528Z test coupled_viscosity_preserves_both_owners_on_every_callback_and_retries ... ok
2026-10-06T13:39:42.3272434Z test symmetric_strain_cross_derivative_and_independent_dense_energy ... ok
2026-10-06T13:39:42.3273883Z test viscosity_rejects_surface_partial_fill_density_mismatch_and_nonzero_walls ... ok
2026-10-06T13:39:42.4717826Z test fixed_grid_time_refinement_and_zero_coefficient ... ok
2026-10-06T13:39:42.7132830Z test divergence_free_mode_matches_discrete_decay_and_refines ... ok
2026-10-06T13:39:44.0256254Z test large_mesh_compensated_energy_gate_preserves_fixed_budget ... ok
2026-10-06T13:39:44.0256563Z 
2026-10-06T13:39:44.0256782Z test result: ok. 8 passed; 0 failed; 0 ignored; 0 measured; 0 filtered out; finished in 1.71s
2026-10-06T13:39:44.0257079Z 
2026-10-06T13:39:44.0259629Z    Doc-tests rheon
2026-10-06T13:39:44.1143303Z 
2026-10-06T13:39:44.1143810Z running 0 tests
2026-10-06T13:39:44.1143995Z 
2026-10-06T13:39:44.1144842Z test result: ok. 0 passed; 0 failed; 0 ignored; 0 measured; 0 filtered out; finished in 0.00s
2026-10-06T13:39:44.1145140Z 
2026-10-06T13:39:44.1261392Z Post job cleanup.
2026-10-06T13:39:44.1848262Z [command]/usr/bin/git version
2026-10-06T13:39:44.1881026Z git version 2.55.0
2026-10-06T13:39:44.1906985Z Temporarily overriding HOME='/home/runner/work/_temp/031ac5f8-750b-44f8-88ee-c774655b4392' before making global git config changes
2026-10-06T13:39:44.1907696Z Adding repository directory to the temporary git global config as a safe directory
2026-10-06T13:39:44.1911112Z [command]/usr/bin/git config --global --add safe.directory /home/runner/work/Rheon/Rheon
2026-10-06T13:39:44.1943654Z [command]/usr/bin/git config --local --name-only --get-regexp core\.sshCommand
2026-10-06T13:39:44.1974813Z [command]/usr/bin/git submodule foreach --recursive sh -c "git config --local --name-only --get-regexp 'core\.sshCommand' && git config --local --unset-all 'core.sshCommand' || :"
2026-10-06T13:39:44.2194622Z [command]/usr/bin/git config --local --name-only --get-regexp http\.https\:\/\/github\.com\/\.extraheader
2026-10-06T13:39:44.2225670Z [command]/usr/bin/git submodule foreach --recursive sh -c "git config --local --name-only --get-regexp 'http\.https\:\/\/github\.com\/\.extraheader' && git config --local --unset-all 'http.https://github.com/.extraheader' || :"
2026-10-06T13:39:44.2562815Z Cleaning up orphan processes
2026-10-06T13:39:44.2780202Z ##[warning]Node.js 20 is deprecated. The following actions target Node.js 20 but are being forced to run on Node.js 24: actions/checkout@11bd71901bbe5b1630ceea73d27597364c9af683. For more information see: https://github.blog/changelog/2025-09-19-deprecation-of-node-20-on-github-actions-runners/

