2026-10-06T13:43:18.7992884Z Current runner version: '2.337.0'
2026-10-06T13:43:18.8020171Z ##[group]Runner Image Provisioner
2026-10-06T13:43:18.8021161Z Hosted Compute Agent
2026-10-06T13:43:18.8021782Z Version: 20260901.588
2026-10-06T13:43:18.8022576Z Commit: f88ec8081b781fac6c440065ac7ff9e710ce3d0b
2026-10-06T13:43:18.8023361Z Build Date: 2026-09-01T19:56:44Z
2026-10-06T13:43:18.8024106Z Worker ID: {db99e7ad-86d1-49f1-89b8-848fea2e2f0d}
2026-10-06T13:43:18.8025435Z Azure Region: westus
2026-10-06T13:43:18.8026077Z ##[endgroup]
2026-10-06T13:43:18.8027948Z ##[group]Operating System
2026-10-06T13:43:18.8028729Z Ubuntu
2026-10-06T13:43:18.8029342Z 24.04.5
2026-10-06T13:43:18.8029905Z LTS
2026-10-06T13:43:18.8030435Z ##[endgroup]
2026-10-06T13:43:18.8031094Z ##[group]Runner Image
2026-10-06T13:43:18.8031724Z Image: ubuntu-24.04
2026-10-06T13:43:18.8032305Z Version: 20260927.320.1
2026-10-06T13:43:18.8033684Z Included Software: https://github.com/actions/runner-images/blob/ubuntu24/20260927.320/images/ubuntu/Ubuntu2404-Readme.md
2026-10-06T13:43:18.8035592Z Image Release: https://github.com/actions/runner-images/releases/tag/ubuntu24%2F20260927.320
2026-10-06T13:43:18.8036625Z ##[endgroup]
2026-10-06T13:43:18.8037851Z ##[group]GITHUB_TOKEN Permissions
2026-10-06T13:43:18.8039875Z Contents: read
2026-10-06T13:43:18.8040637Z Metadata: read
2026-10-06T13:43:18.8041258Z ##[endgroup]
2026-10-06T13:43:18.8043468Z Secret source: Actions
2026-10-06T13:43:18.8045291Z Cache mode: write
2026-10-06T13:43:18.8046148Z Prepare workflow directory
2026-10-06T13:43:18.8394112Z Prepare all required actions
2026-10-06T13:43:18.8505306Z Complete job name: core-and-executable
2026-10-06T13:43:18.9312044Z ##[group]Run test "$FEATURE_RESULT" = success
2026-10-06T13:43:18.9312962Z [36;1mtest "$FEATURE_RESULT" = success[0m
2026-10-06T13:43:18.9313849Z [36;1mtest "$EXECUTABLE_RESULT" = success[0m
2026-10-06T13:43:19.0180261Z shell: /usr/bin/bash -e {0}
2026-10-06T13:43:19.0181913Z env:
2026-10-06T13:43:19.0182969Z   FEATURE_RESULT: success
2026-10-06T13:43:19.0184095Z   EXECUTABLE_RESULT: success
2026-10-06T13:43:19.0185496Z ##[endgroup]
2026-10-06T13:43:19.0634580Z Cleaning up orphan processes

