2026-10-06T13:12:50.6960868Z Current runner version: '2.337.0'
2026-10-06T13:12:50.6983232Z ##[group]Runner Image Provisioner
2026-10-06T13:12:50.6983834Z Hosted Compute Agent
2026-10-06T13:12:50.6984301Z Version: 20260901.588
2026-10-06T13:12:50.6984762Z Commit: f88ec8081b781fac6c440065ac7ff9e710ce3d0b
2026-10-06T13:12:50.6985311Z Build Date: 2026-09-01T19:56:44Z
2026-10-06T13:12:50.6985789Z Worker ID: {3cd5c02c-1e29-4cd7-aaa2-5ecaa185116c}
2026-10-06T13:12:50.6986269Z Azure Region: centralus
2026-10-06T13:12:50.6986927Z ##[endgroup]
2026-10-06T13:12:50.6987897Z ##[group]Operating System
2026-10-06T13:12:50.6988330Z Ubuntu
2026-10-06T13:12:50.6988741Z 24.04.5
2026-10-06T13:12:50.6989088Z LTS
2026-10-06T13:12:50.6989455Z ##[endgroup]
2026-10-06T13:12:50.6989848Z ##[group]Runner Image
2026-10-06T13:12:50.6990278Z Image: ubuntu-24.04
2026-10-06T13:12:50.6990673Z Version: 20260927.320.1
2026-10-06T13:12:50.6991827Z Included Software: https://github.com/actions/runner-images/blob/ubuntu24/20260927.320/images/ubuntu/Ubuntu2404-Readme.md
2026-10-06T13:12:50.6992907Z Image Release: https://github.com/actions/runner-images/releases/tag/ubuntu24%2F20260927.320
2026-10-06T13:12:50.6993547Z ##[endgroup]
2026-10-06T13:12:50.6994321Z ##[group]GITHUB_TOKEN Permissions
2026-10-06T13:12:50.6995971Z Contents: read
2026-10-06T13:12:50.6996435Z Metadata: read
2026-10-06T13:12:50.6997052Z ##[endgroup]
2026-10-06T13:12:50.6998572Z Secret source: Actions
2026-10-06T13:12:50.6999282Z Cache mode: write
2026-10-06T13:12:50.6999974Z Prepare workflow directory
2026-10-06T13:12:50.7255203Z Prepare all required actions
2026-10-06T13:12:50.7297264Z Getting action download info
2026-10-06T13:12:50.9752788Z Download action repository 'actions/checkout@11bd71901bbe5b1630ceea73d27597364c9af683' (SHA:11bd71901bbe5b1630ceea73d27597364c9af683)
2026-10-06T13:12:51.1198768Z Complete job name: Feature contracts (default)
2026-10-06T13:12:51.1683449Z ##[group]Run actions/checkout@11bd71901bbe5b1630ceea73d27597364c9af683
2026-10-06T13:12:51.1684183Z with:
2026-10-06T13:12:51.1684578Z   persist-credentials: false
2026-10-06T13:12:51.1685058Z   repository: MrScripty/Rheon
2026-10-06T13:12:51.1688102Z   token: ***
2026-10-06T13:12:51.1688512Z   ssh-strict: true
2026-10-06T13:12:51.1688896Z   ssh-user: git
2026-10-06T13:12:51.1689254Z   clean: true
2026-10-06T13:12:51.1689640Z   sparse-checkout-cone-mode: true
2026-10-06T13:12:51.1690055Z   fetch-depth: 1
2026-10-06T13:12:51.1690399Z   fetch-tags: false
2026-10-06T13:12:51.1690799Z   show-progress: true
2026-10-06T13:12:51.1691168Z   lfs: false
2026-10-06T13:12:51.1691510Z   submodules: false
2026-10-06T13:12:51.1691883Z   set-safe-directory: true
2026-10-06T13:12:51.1692414Z env:
2026-10-06T13:12:51.1692796Z   CARGO_BUILD_JOBS: 1
2026-10-06T13:12:51.1693159Z ##[endgroup]
2026-10-06T13:12:51.2427681Z Syncing repository: MrScripty/Rheon
2026-10-06T13:12:51.2429552Z ##[group]Getting Git version info
2026-10-06T13:12:51.2430197Z Working directory is '/home/runner/work/Rheon/Rheon'
2026-10-06T13:12:51.2430973Z [command]/usr/bin/git version
2026-10-06T13:12:51.2531855Z git version 2.55.0
2026-10-06T13:12:51.2541952Z ##[endgroup]
2026-10-06T13:12:51.2549629Z Temporarily overriding HOME='/home/runner/work/_temp/f0b0bdc4-f67b-4734-8b52-ce98fd66ab6c' before making global git config changes
2026-10-06T13:12:51.2551414Z Adding repository directory to the temporary git global config as a safe directory
2026-10-06T13:12:51.2552787Z [command]/usr/bin/git config --global --add safe.directory /home/runner/work/Rheon/Rheon
2026-10-06T13:12:51.2580945Z Deleting the contents of '/home/runner/work/Rheon/Rheon'
2026-10-06T13:12:51.2582898Z ##[group]Initializing the repository
2026-10-06T13:12:51.2586457Z [command]/usr/bin/git init /home/runner/work/Rheon/Rheon
2026-10-06T13:12:51.2683991Z hint: Using 'master' as the name for the initial branch. This default branch name
2026-10-06T13:12:51.2685753Z hint: will change to "main" in Git 3.0. To configure the initial branch name
2026-10-06T13:12:51.2687284Z hint: to use in all of your new repositories, which will suppress this warning,
2026-10-06T13:12:51.2690342Z hint: call:
2026-10-06T13:12:51.2691089Z hint:
2026-10-06T13:12:51.2692766Z hint: 	git config --global init.defaultBranch <name>
2026-10-06T13:12:51.2693682Z hint:
2026-10-06T13:12:51.2694698Z hint: Names commonly chosen instead of 'master' are 'main', 'trunk' and
2026-10-06T13:12:51.2696319Z hint: 'development'. The just-created branch can be renamed via this command:
2026-10-06T13:12:51.2697555Z hint:
2026-10-06T13:12:51.2698201Z hint: 	git branch -m <name>
2026-10-06T13:12:51.2699267Z hint:
2026-10-06T13:12:51.2700163Z hint: Disable this message with "git config set advice.defaultBranchName false"
2026-10-06T13:12:51.2702010Z Initialized empty Git repository in /home/runner/work/Rheon/Rheon/.git/
2026-10-06T13:12:51.2703644Z [command]/usr/bin/git remote add origin https://github.com/MrScripty/Rheon
2026-10-06T13:12:51.2738070Z ##[endgroup]
2026-10-06T13:12:51.2738987Z ##[group]Disabling automatic garbage collection
2026-10-06T13:12:51.2740999Z [command]/usr/bin/git config --local gc.auto 0
2026-10-06T13:12:51.2764158Z ##[endgroup]
2026-10-06T13:12:51.2765223Z ##[group]Setting up auth
2026-10-06T13:12:51.2769337Z [command]/usr/bin/git config --local --name-only --get-regexp core\.sshCommand
2026-10-06T13:12:51.2790957Z [command]/usr/bin/git submodule foreach --recursive sh -c "git config --local --name-only --get-regexp 'core\.sshCommand' && git config --local --unset-all 'core.sshCommand' || :"
2026-10-06T13:12:51.3058828Z [command]/usr/bin/git config --local --name-only --get-regexp http\.https\:\/\/github\.com\/\.extraheader
2026-10-06T13:12:51.3225298Z [command]/usr/bin/git submodule foreach --recursive sh -c "git config --local --name-only --get-regexp 'http\.https\:\/\/github\.com\/\.extraheader' && git config --local --unset-all 'http.https://github.com/.extraheader' || :"
2026-10-06T13:12:51.3231144Z [command]/usr/bin/git config --local http.https://github.com/.extraheader AUTHORIZATION: basic ***
2026-10-06T13:12:51.3264457Z ##[endgroup]
2026-10-06T13:12:51.3265533Z ##[group]Fetching the repository
2026-10-06T13:12:51.3272103Z [command]/usr/bin/git -c protocol.version=2 fetch --no-tags --prune --no-recurse-submodules --depth=1 origin +c0591ebc4c2619d5ad6e6decfe9d3957ace8db5b:refs/remotes/origin/repair/coupled-terminal-validation
2026-10-06T13:12:52.8594770Z From https://github.com/MrScripty/Rheon
2026-10-06T13:12:52.8596244Z  * [new ref]         c0591ebc4c2619d5ad6e6decfe9d3957ace8db5b -> origin/repair/coupled-terminal-validation
2026-10-06T13:12:52.8598850Z ##[endgroup]
2026-10-06T13:12:52.8599672Z ##[group]Determining the checkout info
2026-10-06T13:12:52.8600967Z ##[endgroup]
2026-10-06T13:12:52.8607246Z [command]/usr/bin/git sparse-checkout disable
2026-10-06T13:12:52.8656415Z [command]/usr/bin/git config --local --unset-all extensions.worktreeConfig
2026-10-06T13:12:52.8686234Z ##[group]Checking out the ref
2026-10-06T13:12:52.8690173Z [command]/usr/bin/git checkout --progress --force -B repair/coupled-terminal-validation refs/remotes/origin/repair/coupled-terminal-validation
2026-10-06T13:12:53.3515396Z Switched to a new branch 'repair/coupled-terminal-validation'
2026-10-06T13:12:53.3517236Z branch 'repair/coupled-terminal-validation' set up to track 'origin/repair/coupled-terminal-validation'.
2026-10-06T13:12:53.3534162Z ##[endgroup]
2026-10-06T13:12:53.3576926Z [command]/usr/bin/git log -1 --format=%H
2026-10-06T13:12:53.3600802Z c0591ebc4c2619d5ad6e6decfe9d3957ace8db5b
2026-10-06T13:12:53.3608381Z ##[group]Removing auth
2026-10-06T13:12:53.3611637Z [command]/usr/bin/git config --local --name-only --get-regexp core\.sshCommand
2026-10-06T13:12:53.3634544Z [command]/usr/bin/git submodule foreach --recursive sh -c "git config --local --name-only --get-regexp 'core\.sshCommand' && git config --local --unset-all 'core.sshCommand' || :"
2026-10-06T13:12:53.3800475Z [command]/usr/bin/git config --local --name-only --get-regexp http\.https\:\/\/github\.com\/\.extraheader
2026-10-06T13:12:53.3819454Z http.https://github.com/.extraheader
2026-10-06T13:12:53.3825112Z [command]/usr/bin/git config --local --unset-all http.https://github.com/.extraheader
2026-10-06T13:12:53.3850804Z [command]/usr/bin/git submodule foreach --recursive sh -c "git config --local --name-only --get-regexp 'http\.https\:\/\/github\.com\/\.extraheader' && git config --local --unset-all 'http.https://github.com/.extraheader' || :"
2026-10-06T13:12:53.4009350Z ##[endgroup]
2026-10-06T13:12:53.4175850Z ##[group]Run rustup toolchain install 1.92.0 --profile minimal --component rustfmt --component clippy
2026-10-06T13:12:53.4176950Z [36;1mrustup toolchain install 1.92.0 --profile minimal --component rustfmt --component clippy[0m
2026-10-06T13:12:53.4177444Z [36;1mrustc --version --verbose[0m
2026-10-06T13:12:53.4177821Z [36;1mcargo --version[0m
2026-10-06T13:12:53.4349477Z shell: /usr/bin/bash -e {0}
2026-10-06T13:12:53.4349969Z env:
2026-10-06T13:12:53.4350260Z   CARGO_BUILD_JOBS: 1
2026-10-06T13:12:53.4350565Z ##[endgroup]
2026-10-06T13:12:53.5314674Z info: syncing channel updates for 1.92.0-x86_64-unknown-linux-gnu
2026-10-06T13:12:53.9421523Z info: latest update on 2025-12-11 for version 1.92.0 (ded5c06cf 2025-12-08)
2026-10-06T13:12:53.9422123Z info: downloading 5 components
2026-10-06T13:13:01.0170797Z 
2026-10-06T13:13:01.0239531Z   1.92.0-x86_64-unknown-linux-gnu installed - rustc 1.92.0 (ded5c06cf 2025-12-08)
2026-10-06T13:13:01.0239968Z 
2026-10-06T13:13:01.0500626Z rustc 1.92.0 (ded5c06cf 2025-12-08)
2026-10-06T13:13:01.0501362Z binary: rustc
2026-10-06T13:13:01.0502058Z commit-hash: ded5c06cf21d2b93bffd5d884aa6e96934ee4234
2026-10-06T13:13:01.0502593Z commit-date: 2025-12-08
2026-10-06T13:13:01.0503135Z host: x86_64-unknown-linux-gnu
2026-10-06T13:13:01.0503633Z release: 1.92.0
2026-10-06T13:13:01.0504171Z LLVM version: 21.1.3
2026-10-06T13:13:01.0698778Z cargo 1.92.0 (344c4567c 2025-10-21)
2026-10-06T13:13:01.0759587Z ##[group]Run cargo clippy --locked  --all-targets -- -D warnings
2026-10-06T13:13:01.0760026Z [36;1mcargo clippy --locked  --all-targets -- -D warnings[0m
2026-10-06T13:13:01.0794349Z shell: /usr/bin/bash -e {0}
2026-10-06T13:13:01.0794671Z env:
2026-10-06T13:13:01.0794921Z   CARGO_BUILD_JOBS: 1
2026-10-06T13:13:01.0795172Z ##[endgroup]
2026-10-06T13:13:01.1415849Z     Updating crates.io index
2026-10-06T13:13:01.8158616Z  Downloading crates ...
2026-10-06T13:13:01.8938525Z   Downloaded adler2 v2.0.1
2026-10-06T13:13:01.8950536Z   Downloaded cfg-if v1.0.5
2026-10-06T13:13:01.8963119Z   Downloaded simd-adler32 v0.3.10
2026-10-06T13:13:01.8970535Z   Downloaded miniz_oxide v0.9.1
2026-10-06T13:13:01.9062544Z   Downloaded fdeflate v0.3.7
2026-10-06T13:13:01.9160121Z   Downloaded crc32fast v1.5.2
2026-10-06T13:13:01.9207453Z   Downloaded bitflags v2.13.2
2026-10-06T13:13:01.9225789Z   Downloaded miniz_oxide v0.8.9
2026-10-06T13:13:01.9238954Z   Downloaded flate2 v1.1.10
2026-10-06T13:13:01.9319648Z   Downloaded png v0.18.1
2026-10-06T13:13:01.9351166Z   Downloaded zlib-rs v0.6.8
2026-10-06T13:13:01.9525080Z     Checking simd-adler32 v0.3.10
2026-10-06T13:13:02.0005604Z     Checking adler2 v2.0.1
2026-10-06T13:13:02.0244303Z    Compiling crc32fast v1.5.2
2026-10-06T13:13:02.2649795Z     Checking cfg-if v1.0.5
2026-10-06T13:13:02.3248660Z     Checking miniz_oxide v0.9.1
2026-10-06T13:13:02.4907068Z     Checking flate2 v1.1.10
2026-10-06T13:13:02.6112672Z     Checking miniz_oxide v0.8.9
2026-10-06T13:13:02.7723781Z     Checking fdeflate v0.3.7
2026-10-06T13:13:02.8655393Z     Checking bitflags v2.13.2
2026-10-06T13:13:02.9118228Z     Checking png v0.18.1
2026-10-06T13:13:03.2151105Z     Checking rheon v0.1.0 (/home/runner/work/Rheon/Rheon)
2026-10-06T13:13:09.1503966Z     Finished `dev` profile [unoptimized + debuginfo] target(s) in 8.03s
2026-10-06T13:13:09.2073025Z ##[group]Run cargo test --locked 
2026-10-06T13:13:09.2073346Z [36;1mcargo test --locked [0m
2026-10-06T13:13:09.2105891Z shell: /usr/bin/bash -e {0}
2026-10-06T13:13:09.2106193Z env:
2026-10-06T13:13:09.2106459Z   CARGO_BUILD_JOBS: 1
2026-10-06T13:13:09.2106858Z ##[endgroup]
2026-10-06T13:13:09.3182171Z    Compiling simd-adler32 v0.3.10
2026-10-06T13:13:09.3967982Z    Compiling adler2 v2.0.1
2026-10-06T13:13:09.4295230Z    Compiling cfg-if v1.0.5
2026-10-06T13:13:09.4433182Z    Compiling crc32fast v1.5.2
2026-10-06T13:13:09.5210646Z    Compiling miniz_oxide v0.9.1
2026-10-06T13:13:09.8601134Z    Compiling flate2 v1.1.10
2026-10-06T13:13:10.0473901Z    Compiling miniz_oxide v0.8.9
2026-10-06T13:13:10.3708860Z    Compiling fdeflate v0.3.7
2026-10-06T13:13:10.5655424Z    Compiling bitflags v2.13.2
2026-10-06T13:13:10.6386596Z    Compiling png v0.18.1
2026-10-06T13:13:11.2747488Z    Compiling rheon v0.1.0 (/home/runner/work/Rheon/Rheon)
2026-10-06T13:13:50.9629394Z     Finished `test` profile [unoptimized + debuginfo] target(s) in 41.72s
2026-10-06T13:13:50.9693123Z      Running unittests src/lib.rs (target/debug/deps/rheon-8ed16ce15336730d)
2026-10-06T13:13:50.9702258Z 
2026-10-06T13:13:50.9702944Z running 3 tests
2026-10-06T13:13:50.9711189Z test forces::tests::finite_step_work_can_be_negative_and_uses_both_velocity_endpoints ... ok
2026-10-06T13:13:50.9711927Z      Running unittests src/bin/rheon.rs (target/debug/deps/rheon-de516448fdc7120f)
2026-10-06T13:13:50.9712528Z test forces::tests::work_accounts_for_actual_storage_rounding_and_closed_wall_faces ... ok
2026-10-06T13:13:50.9713101Z test pressure::comparison_tests::sgs_matches_independently_assembled_triangular_system ... ok
2026-10-06T13:13:50.9713430Z 
2026-10-06T13:13:50.9713698Z test result: ok. 3 passed; 0 failed; 0 ignored; 0 measured; 0 filtered out; finished in 0.00s
2026-10-06T13:13:50.9713972Z 
2026-10-06T13:13:50.9716157Z 
2026-10-06T13:13:50.9716263Z running 0 tests
2026-10-06T13:13:50.9716505Z 
2026-10-06T13:13:50.9716920Z test result: ok. 0 passed; 0 failed; 0 ignored; 0 measured; 0 filtered out; finished in 0.00s
2026-10-06T13:13:50.9717321Z 
2026-10-06T13:13:50.9717754Z      Running tests/advection_contract.rs (target/debug/deps/advection_contract-c4d98615c10e3923)
2026-10-06T13:13:50.9724458Z 
2026-10-06T13:13:50.9724667Z running 3 tests
2026-10-06T13:13:50.9727998Z test cancellation_and_output_shape_are_explicit ... ok
2026-10-06T13:13:50.9728535Z test rest_state_is_preserved_on_degenerate_grid ... ok
2026-10-06T13:13:50.9729160Z test constant_translation_advects_an_interior_pulse_one_cell ... ok
2026-10-06T13:13:50.9729502Z 
2026-10-06T13:13:50.9729772Z test result: ok. 3 passed; 0 failed; 0 ignored; 0 measured; 0 filtered out; finished in 0.00s
2026-10-06T13:13:50.9730043Z 
2026-10-06T13:13:50.9730361Z      Running tests/box_flux_contract.rs (target/debug/deps/box_flux_contract-eb7ec7b15ffb06c1)
2026-10-06T13:13:50.9736411Z 
2026-10-06T13:13:50.9743901Z running 11 tests
2026-10-06T13:13:50.9744381Z test affine_adjoint_requires_boundary_work_and_is_gauge_invariant_when_balanced ... ok
2026-10-06T13:13:50.9745177Z test invalid_inputs_reject_before_output_mutation ... ok
2026-10-06T13:13:50.9747462Z test iteration_budget_failure_precedes_any_face_output_write ... ok
2026-10-06T13:13:50.9748272Z test cancellation_has_explicit_partial_output_semantics_and_retry_preserves_inputs ... ok
2026-10-06T13:13:50.9749163Z test known_net_flux_rejects_even_when_provisional_rhs_rounding_scale_is_enormous ... ok
2026-10-06T13:13:50.9749806Z test nonzero_boundary_flux_cannot_underflow_out_of_the_compatibility_gate ... ok
2026-10-06T13:13:50.9750479Z test singleton_flow_and_exact_capacity_limits_are_supported ... ok
2026-10-06T13:13:50.9751031Z test physical_stored_divergence_gate_rejects_after_solver_acceptance ... ok
2026-10-06T13:13:50.9751755Z      Running tests/box_flux_step_contract.rs (target/debug/deps/box_flux_step_contract-abdd3b6ce7311a99)
2026-10-06T13:13:50.9752551Z test signed_through_flow_on_each_axis_matches_hand_pressure_energy_and_boundary_values ... ok
2026-10-06T13:13:50.9753352Z test unequal_side_areas_match_independent_dense_projection_and_all_cell_divergence ... ok
2026-10-06T13:13:50.9754083Z test zero_flux_matches_preserved_operator_solver_and_stored_face_bits ... ok
2026-10-06T13:13:50.9754384Z 
2026-10-06T13:13:50.9754635Z test result: ok. 11 passed; 0 failed; 0 ignored; 0 measured; 0 filtered out; finished in 0.00s
2026-10-06T13:13:50.9755025Z 
2026-10-06T13:13:50.9759537Z 
2026-10-06T13:13:50.9759734Z running 13 tests
2026-10-06T13:13:50.9777724Z test box_flux_divergence_conversion_preserves_shared_error_payload ... ok
2026-10-06T13:13:50.9778535Z test clamped_appearance_transport_and_saturated_source_have_separate_integrals ... ok
2026-10-06T13:13:50.9779400Z test copied_changing_boundary_versions_are_published_only_on_success ... ok
2026-10-06T13:13:50.9780168Z test balanced_volume_flux_does_not_certify_tracer_mass_conservation ... ok
2026-10-06T13:13:50.9785079Z test incompatible_flux_solver_exhaustion_and_late_source_overflow_never_publish ... ok
2026-10-06T13:13:50.9788047Z test independently_capped_workspace_retains_legacy_capacity_and_supports_reset_pause ... ok
2026-10-06T13:13:50.9817741Z test current_boundary_speed_controls_initial_dt_and_accepted_courant ... ok
2026-10-06T13:13:50.9818528Z test external_and_smoke_force_terms_join_the_projection_work_ledger ... ok
2026-10-06T13:13:50.9819311Z test signed_end_boundary_commits_hand_flow_and_full_step_work_in_all_axes ... ok
2026-10-06T13:13:50.9820111Z test workspace_matches_geometry_density_and_solver_before_any_callback ... ok
2026-10-06T13:13:50.9820881Z test stored_divergence_rejection_after_projection_preserves_all_accepted_bits ... ok
2026-10-06T13:13:50.9849424Z test zero_boundary_agrees_with_legacy_fields_and_default_callbacks_stay_legacy ... ok
2026-10-06T13:13:51.0105677Z test cancellation_through_partial_stages_preserves_state_and_retry_matches_fresh ... ok
2026-10-06T13:13:51.0106195Z 
2026-10-06T13:13:51.0106513Z test result: ok. 13 passed; 0 failed; 0 ignored; 0 measured; 0 filtered out; finished in 0.03s
2026-10-06T13:13:51.0107027Z 
2026-10-06T13:13:51.0107672Z      Running tests/cli_contract.rs (target/debug/deps/cli_contract-6726b21014c508e4)
2026-10-06T13:13:51.0114928Z 
2026-10-06T13:13:51.0115108Z running 4 tests
2026-10-06T13:13:51.0128994Z test existing_output_is_not_overwritten ... ok
2026-10-06T13:13:51.0167486Z test bad_cli_values_and_cap_fail_before_output_creation ... ok
2026-10-06T13:13:51.0289193Z test executable_exports_reproducible_png_csv_and_completion_manifest ... ok
2026-10-06T13:13:51.3087692Z test explicit_original_selection_replays_default_and_unknown_is_rejected ... ok
2026-10-06T13:13:51.3088039Z 
2026-10-06T13:13:51.3088408Z test result: ok. 4 passed; 0 failed; 0 ignored; 0 measured; 0 filtered out; finished in 0.30s
2026-10-06T13:13:51.3088699Z 
2026-10-06T13:13:51.3089657Z      Running tests/collision_contract.rs (target/debug/deps/collision_contract-2aa67519373a8631)
2026-10-06T13:13:51.3097794Z 
2026-10-06T13:13:51.3097926Z running 13 tests
2026-10-06T13:13:51.3101575Z test an_ambiguous_facet_prevents_publishing_another_facets_definite_hit ... ok
2026-10-06T13:13:51.3102273Z test cancellation_after_a_found_hit_returns_no_partial_result_or_mesh_mutation ... ok
2026-10-06T13:13:51.3103013Z test clipping_returns_first_contact_and_preserves_end_on_a_definite_miss ... ok
2026-10-06T13:13:51.3103672Z test conditioning_is_relative_across_small_large_scales_and_translated_geometry ... ok
2026-10-06T13:13:51.3104364Z test earliest_contact_is_independent_of_order_and_exact_ties_use_lowest_index ... ok
2026-10-06T13:13:51.3105075Z test coplanar_near_parallel_and_near_boundary_candidates_are_not_silent_misses ... ok
2026-10-06T13:13:51.3105647Z test invalid_admission_and_queries_report_the_actual_unsupported_input ... ok
2026-10-06T13:13:51.3107824Z      Running tests/column_mac_contract.rs (target/debug/deps/column_mac_contract-9bd70885721aea2a)
2026-10-06T13:13:51.3109435Z test memory_limit_accounts_for_owned_capacities_not_only_lengths ... ok
2026-10-06T13:13:51.3110004Z test book_cube_outside_crossing_miss_and_inside_exit_match_hand_arithmetic ... ok
2026-10-06T13:13:51.3110647Z test reversed_winding_changes_normal_and_facing_but_preserves_contact ... ok
2026-10-06T13:13:51.3111384Z test oblique_facet_reconstructs_barycentric_point_and_unit_geometric_normal ... ok
2026-10-06T13:13:51.3112259Z test transverse_interior_edges_vertices_and_segment_endpoints_are_explicit_hits ... ok
2026-10-06T13:13:51.3113002Z test unresolved_large_segment_interpolation_rejects_off_facet_hits ... ok
2026-10-06T13:13:51.3113395Z 
2026-10-06T13:13:51.3113912Z test result: ok. 13 passed; 0 failed; 0 ignored; 0 measured; 0 filtered out; finished in 0.00s
2026-10-06T13:13:51.3114328Z 
2026-10-06T13:13:51.3117395Z 
2026-10-06T13:13:51.3117884Z running 8 tests
2026-10-06T13:13:51.3147031Z test independently_assembled_partial_mass_flux_pressure_matrix_and_adjoint ... ok
2026-10-06T13:13:51.3167233Z test hand_transfer_and_lossy_roundtrip_wall_ledgers_all_axes ... ok
2026-10-06T13:13:51.3167780Z test owner_export_revision_omission_and_dynamic_refusal ... ok
2026-10-06T13:13:51.3168405Z test owner_nonflat_paused_version_shape_and_late_projection_failures ... ok
2026-10-06T13:13:51.3169038Z test single_wet_node_decimal_geometry_phase_mass_and_legacy_transition_guard ... ok
2026-10-06T13:13:51.3242582Z test transfer_cancellation_all_occurrences_shape_and_scale_failures ... ok
2026-10-06T13:13:51.3336127Z test both_solvers_publish_velocity_pressure_and_geometry_revisions_all_axes ... ok
2026-10-06T13:13:51.4889347Z test every_owner_callback_preserves_nonzero_accepted_state_and_retry ... ok
2026-10-06T13:13:51.4889697Z 
2026-10-06T13:13:51.4890008Z test result: ok. 8 passed; 0 failed; 0 ignored; 0 measured; 0 filtered out; finished in 0.18s
2026-10-06T13:13:51.4890558Z 
2026-10-06T13:13:51.4892072Z      Running tests/column_momentum_contract.rs (target/debug/deps/column_momentum_contract-bb38dac32d5e400e)
2026-10-06T13:13:51.4900823Z 
2026-10-06T13:13:51.4901087Z running 8 tests
2026-10-06T13:13:51.4907920Z test hand_derived_closed_exchange_all_axes ... ok
2026-10-06T13:13:51.4908783Z test every_callback_rolls_back_and_retry_is_identical ... ok
2026-10-06T13:13:51.4915083Z test large_support_change_uses_explicit_parcels ... ok
2026-10-06T13:13:51.4915667Z test ordinary_decimal_scale_constant_parcels_are_preserved ... ok
2026-10-06T13:13:51.4916571Z test ordinary_unit_geometry_nonbinary_constant_parcels_are_preserved ... ok
2026-10-06T13:13:51.4917534Z test refused_inputs_and_late_scale_failure_preserve_outputs ... ok
2026-10-06T13:13:51.4918419Z test identity_and_constants_cover_cut_classification_and_single_node ... ok
2026-10-06T13:13:51.4919094Z test affine_parcel_means_refine_without_claiming_linear_exactness ... ok
2026-10-06T13:13:51.4919798Z      Running tests/column_shear_contract.rs (target/debug/deps/column_shear_contract-898b4b81d19ad912)
2026-10-06T13:13:51.4920333Z 
2026-10-06T13:13:51.4920861Z test result: ok. 8 passed; 0 failed; 0 ignored; 0 measured; 0 filtered out; finished in 0.00s
2026-10-06T13:13:51.4921505Z 
2026-10-06T13:13:51.4927923Z 
2026-10-06T13:13:51.4928120Z running 6 tests
2026-10-06T13:13:51.4935070Z test cut_heights_cover_both_center_classifications_and_single_node ... ok
2026-10-06T13:13:51.4939150Z test explicit_admission_scale_and_stability_failures_preserve_output ... ok
2026-10-06T13:13:51.4940016Z test independent_partial_dual_mass_matrix_force_and_energy_all_axes ... ok
2026-10-06T13:13:51.4940805Z test local_affine_shear_force_and_translation_null_mode ... ok
2026-10-06T13:13:51.4943971Z test every_callback_occurrence_cancels_output_and_retry_is_equal ... ok
2026-10-06T13:13:51.5105892Z test analytic_traction_free_shear_refines_with_liquid_only_weights ... ok
2026-10-06T13:13:51.5106236Z 
2026-10-06T13:13:51.5106511Z test result: ok. 6 passed; 0 failed; 0 ignored; 0 measured; 0 filtered out; finished in 0.02s
2026-10-06T13:13:51.5107031Z 
2026-10-06T13:13:51.5107938Z      Running tests/column_surface_contract.rs (target/debug/deps/column_surface_contract-0b46645015386958)
2026-10-06T13:13:51.5116003Z 
2026-10-06T13:13:51.5116126Z running 10 tests
2026-10-06T13:13:51.5131149Z test admission_and_memory_are_bounded_and_explicit ... ok
2026-10-06T13:13:51.5158423Z test independent_variable_distance_matrix_and_air_storage ... ok
2026-10-06T13:13:51.5169571Z test geometric_vertical_translation_crosses_layers_with_exact_volume_ledger ... ok
2026-10-06T13:13:51.5170896Z test a_moving_column_activates_a_new_pressure_center_on_the_next_interval ... ok
2026-10-06T13:13:51.5175827Z test rectangular_manufactured_variable_ghost_distances_match_independent_assembly ... ok
2026-10-06T13:13:51.5189764Z test late_unsupported_reconstruction_keeps_accepted_pressure_phase_and_both_geometries ... ok
2026-10-06T13:13:51.5190439Z test unequal_spacing_column_hydrostatics_work_on_all_three_axes ... ok
2026-10-06T13:13:51.5191164Z test unrepresentable_ghost_distance_coefficient_rejects_without_clamping ... ok
2026-10-06T13:13:51.5280313Z test mixed_hydrostatic_columns_repeat_and_track_both_geometry_versions ... ok
2026-10-06T13:13:51.5449338Z test consecutive_coupled_pulses_advance_mixed_fractions_and_preserve_geometry_on_cancel ... ok
2026-10-06T13:13:51.5449862Z 
2026-10-06T13:13:51.5450190Z test result: ok. 10 passed; 0 failed; 0 ignored; 0 measured; 0 filtered out; finished in 0.03s
2026-10-06T13:13:51.5450578Z 
2026-10-06T13:13:51.5451577Z      Running tests/coupled_discrete_contract.rs (target/debug/deps/coupled_discrete_contract-45a658831415fd6d)
2026-10-06T13:13:51.5459827Z 
2026-10-06T13:13:51.5460010Z running 8 tests
2026-10-06T13:13:51.7707470Z test converged_seed_retains_historical_one_pass_counter ... ok
2026-10-06T13:13:57.2992840Z test bounded_iteration_failure_preserves_initial_frame_pressure_clock ... ok
2026-10-06T13:14:02.9428062Z test genuine_coupled_pressure_strain_mass_and_work_publish_together ... ok
2026-10-06T13:14:02.9628041Z test memory_and_unsupported_field_fail_before_owner_creation ... ok
2026-10-06T13:14:08.7532570Z test invalid_scale_intervals_preserve_nonzero_accepted_state ... ok
2026-10-06T13:14:12.9583812Z test final_authorized_correction_matches_larger_budget_without_another_correction ... ok
2026-10-06T13:14:26.7509171Z test terminal_validation_cancellation_preserves_state_and_resumes ... ok
2026-10-06T13:14:48.5004819Z test every_barrier_preserves_all_accepted_bits_after_nonzero_state_and_resumes ... ok
2026-10-06T13:14:48.5005271Z 
2026-10-06T13:14:48.5005519Z test result: ok. 8 passed; 0 failed; 0 ignored; 0 measured; 0 filtered out; finished in 56.95s
2026-10-06T13:14:48.5006295Z 
2026-10-06T13:14:48.5006571Z      Running tests/export_contract.rs (target/debug/deps/export_contract-1d020d3727dcb843)
2026-10-06T13:14:48.5017365Z 
2026-10-06T13:14:48.5017715Z running 1 test
2026-10-06T13:14:48.5022371Z test raw_export_limit_rejects_before_writing ... ok
2026-10-06T13:14:48.5022561Z 
2026-10-06T13:14:48.5022785Z test result: ok. 1 passed; 0 failed; 0 ignored; 0 measured; 0 filtered out; finished in 0.00s
2026-10-06T13:14:48.5023056Z 
2026-10-06T13:14:48.5024386Z      Running tests/extruded_third_contract.rs (target/debug/deps/extruded_third_contract-ff6278b68b44ebb1)
2026-10-06T13:14:48.5032636Z 
2026-10-06T13:14:48.5032753Z running 8 tests
2026-10-06T13:14:48.5087190Z test additional_scratch_budget_and_initial_trace_are_enforced ... ok
2026-10-06T13:14:53.6438083Z test bounded_solve_failure_preserves_all_initial_components ... ok
2026-10-06T13:14:59.5337923Z test actual_third_linear_failure_preserves_the_published_constructor_state ... ok
2026-10-06T13:14:59.6348013Z test actual_published_full_velocity_has_both_shears_and_total_work ... ok
2026-10-06T13:15:02.0698116Z test constant_nonzero_third_velocity_survives_actual_moving_mass_publications ... ok
2026-10-06T13:15:07.5893764Z test invalid_arithmetic_and_wrong_api_preserve_nonzero_accepted_state ... ok
2026-10-06T13:15:16.6835348Z test zero_third_opt_in_matches_legacy_actual_state_bit_for_bit ... ok
2026-10-06T13:15:53.6438626Z test every_old_and_third_barrier_preserves_nonzero_published_state_and_retry_bits has been running for over 60 seconds
2026-10-06T13:16:11.3913332Z test every_old_and_third_barrier_preserves_nonzero_published_state_and_retry_bits ... ok
2026-10-06T13:16:11.3913954Z 
2026-10-06T13:16:11.3914208Z test result: ok. 8 passed; 0 failed; 0 ignored; 0 measured; 0 filtered out; finished in 82.89s
2026-10-06T13:16:11.3915168Z 
2026-10-06T13:16:11.3916553Z      Running tests/fitted_height_contract.rs (target/debug/deps/fitted_height_contract-0a183ff455097439)
2026-10-06T13:16:11.3927449Z 
2026-10-06T13:16:11.3927785Z running 15 tests
2026-10-06T13:16:11.4007605Z test actual_graph_translation_has_shared_gcl_and_full_vector_work ... ok
2026-10-06T13:16:11.4030643Z test constant_velocity_carries_every_component_with_changing_masses ... ok
2026-10-06T13:16:11.4047422Z test arithmetic_kinematic_shape_failures_preserve_output ... ok
2026-10-06T13:16:11.4048246Z test declared_capacity_and_real_payload_are_bounded ... ok
2026-10-06T13:16:11.4049120Z test divergence_defect_is_reported_and_nonzero_pressure_work_is_adjoint ... ok
2026-10-06T13:16:11.4050378Z test actual_rebuilt_geometry_matches_mass_derivative ... ok
2026-10-06T13:16:11.4051156Z test invalid_geometry_and_uncertain_pressure_rank_are_rejections ... ok
2026-10-06T13:16:11.4076999Z test density_width_viscosity_scaling_and_zero_viscosity_are_explicit ... ok
2026-10-06T13:16:11.4117283Z test marginal_correct_wrong_flux_circulation_is_rejected ... ok
2026-10-06T13:16:11.4137246Z test full_vector_affine_strain_and_prescribed_traction_patch ... ok
2026-10-06T13:16:11.4167729Z test periodic_seam_is_neighbor_center_intersection_with_true_derivative ... ok
2026-10-06T13:16:11.4207318Z test rigid_rotation_and_full_vector_translation_are_strain_null_modes ... ok
2026-10-06T13:16:11.4214017Z test shared_geometry_mass_and_affine_gradient_partition ... ok
2026-10-06T13:16:11.4346968Z test every_cancellation_preserves_output_and_retry_matches ... ok
2026-10-06T13:16:11.5744629Z test numerical_pressure_image_rank_constant_mode_and_transpose ... ok
2026-10-06T13:16:11.5745059Z 
2026-10-06T13:16:11.5745351Z test result: ok. 15 passed; 0 failed; 0 ignored; 0 measured; 0 filtered out; finished in 0.18s
2026-10-06T13:16:11.5745723Z 
2026-10-06T13:16:11.5750462Z      Running tests/fixed_bottom_ale_contract.rs (target/debug/deps/fixed_bottom_ale_contract-0f905c438f75c917)
2026-10-06T13:16:11.5756885Z 
2026-10-06T13:16:11.5757048Z running 7 tests
2026-10-06T13:16:11.9177720Z test arithmetic_iteration_and_path_failures_preserve_state ... ok
2026-10-06T13:16:11.9228713Z test memory_budget_and_unsupported_carrier_reject_before_owner_creation ... ok
2026-10-06T13:16:12.2915490Z test constants_remain_constant_and_zero_viscosity_still_transports ... ok
2026-10-06T13:16:12.4544358Z test strict_acceptance_failure_preserves_the_accepted_pair ... ok
2026-10-06T13:16:13.3102356Z test constrained_velocity_convex_bound_failure_is_retained_as_a_limit ... ok
2026-10-06T13:16:13.8795288Z test nonzero_relative_transport_and_viscosity_publish_one_geometry ... ok
2026-10-06T13:16:14.5007851Z test cancellation_preserves_nonzero_accepted_geometry_and_recovers_cleanly ... ok
2026-10-06T13:16:14.5008422Z 
2026-10-06T13:16:14.5008702Z test result: ok. 7 passed; 0 failed; 0 ignored; 0 measured; 0 filtered out; finished in 2.92s
2026-10-06T13:16:14.5008997Z 
2026-10-06T13:16:14.5012416Z      Running tests/forces_contract.rs (target/debug/deps/forces_contract-37ed09b9663bd286)
2026-10-06T13:16:14.5021663Z 
2026-10-06T13:16:14.5022192Z running 9 tests
2026-10-06T13:16:14.5039487Z test empty_forces_keep_legacy_stages_fields_reports_and_array_memory ... ok
2026-10-06T13:16:14.5043007Z test invalid_or_unrepresentable_forces_reject_without_accepted_mutation ... ok
2026-10-06T13:16:14.5043872Z test legacy_smoke_force_precedes_external_stage_and_its_work_is_separate ... ok
2026-10-06T13:16:14.5050090Z test localized_force_projects_to_the_independently_derived_four_edge_cycle ... ok
2026-10-06T13:16:14.5050863Z test force_cancellation_and_pressure_exhaustion_preserve_state_and_retry ... ok
2026-10-06T13:16:14.5052072Z test overlapping_vectors_add_and_forcing_budget_covers_each_axis_and_units ... ok
2026-10-06T13:16:14.5058573Z test force_density_divides_by_constant_density_and_matches_acceleration_bits ... ok
2026-10-06T13:16:14.5059307Z test support_is_sampled_on_own_face_lattices_and_excludes_upper_planes_and_walls ... ok
2026-10-06T13:16:14.5092900Z test signed_uniform_forces_on_each_axis_have_hand_computed_work_and_hydrostatic_rest ... ok
2026-10-06T13:16:14.5093284Z 
2026-10-06T13:16:14.5093622Z test result: ok. 9 passed; 0 failed; 0 ignored; 0 measured; 0 filtered out; finished in 0.01s
2026-10-06T13:16:14.5093894Z 
2026-10-06T13:16:14.5097344Z      Running tests/free_surface_contract.rs (target/debug/deps/free_surface_contract-35fb69756b626248)
2026-10-06T13:16:14.5107548Z 
2026-10-06T13:16:14.5107920Z running 7 tests
2026-10-06T13:16:14.5118214Z test free_surface_admission_is_explicit_and_uses_existing_array_inventory ... ok
2026-10-06T13:16:14.5118865Z test coupled_surface_redistribution_conserves_volume_and_rejects_unresolved_next_geometry ... ok
2026-10-06T13:16:14.5120097Z test hydrostatic_columns_match_pressure_at_cell_centers_and_zero_air_pressure ... ok
2026-10-06T13:16:14.5120712Z test independent_anchored_matrix_has_half_distance_surface_and_no_wet_gauge ... ok
2026-10-06T13:16:14.5123631Z test late_volume_rejection_retains_previous_free_surface_pressure_and_liquid ... ok
2026-10-06T13:16:14.5124128Z test rectangular_manufactured_pressure_matches_independent_wet_air_assembly ... ok
2026-10-06T13:16:14.5162313Z test resolved_hydrostatic_interval_replays_and_cancelled_pair_preserves_pressure_and_phase ... ok
2026-10-06T13:16:14.5162691Z 
2026-10-06T13:16:14.5163066Z test result: ok. 7 passed; 0 failed; 0 ignored; 0 measured; 0 filtered out; finished in 0.01s
2026-10-06T13:16:14.5163449Z 
2026-10-06T13:16:14.5163770Z      Running tests/geometry_contract.rs (target/debug/deps/geometry_contract-a0745f3c91fee3fb)
2026-10-06T13:16:14.5173001Z 
2026-10-06T13:16:14.5173555Z running 7 tests
2026-10-06T13:16:14.5174196Z test half_cell_resolution_regression_requires_no_allocation ... ok
2026-10-06T13:16:14.5182459Z      Running tests/implementation_contract.rs (target/debug/deps/implementation_contract-46d92ef2e4b2be68)
2026-10-06T13:16:14.5183027Z test conservative_axis_margin_covers_large_origins_and_adjacent_samples ... ok
2026-10-06T13:16:14.5183663Z test invalid_source_values_fail_before_allocation ... ok
2026-10-06T13:16:14.5184260Z test face_offsets_are_distinct_from_cell_offsets ... ok
2026-10-06T13:16:14.5184808Z test planned_payload_is_exact_and_cap_is_explicit ... ok
2026-10-06T13:16:14.5185313Z test rectangular_shapes_and_maximum_indices ... ok
2026-10-06T13:16:14.5185877Z test single_cell_and_one_cell_wide_domains_are_valid ... ok
2026-10-06T13:16:14.5186283Z 
2026-10-06T13:16:14.5186963Z test result: ok. 7 passed; 0 failed; 0 ignored; 0 measured; 0 filtered out; finished in 0.00s
2026-10-06T13:16:14.5187262Z 
2026-10-06T13:16:14.5187265Z 
2026-10-06T13:16:14.5187383Z running 5 tests
2026-10-06T13:16:14.5220375Z test all_methods_recover_anisotropic_manufactured_pressure_and_failure_contracts ... ok
2026-10-06T13:16:14.5221355Z test registry_has_stable_unique_ids_and_explicit_unknown_rejection ... ok
2026-10-06T13:16:14.8471796Z test approaches_agree_with_equal_inputs_and_retained_budget ... ok
2026-10-06T13:16:14.8689199Z test every_implementation_preserves_transactional_cancellation_and_replay ... ok
2026-10-06T13:16:15.2716296Z test cancellation_after_accepted_work_preserves_both_implementations ... ok
2026-10-06T13:16:15.2716818Z 
2026-10-06T13:16:15.2717847Z test result: ok. 5 passed; 0 failed; 0 ignored; 0 measured; 0 filtered out; finished in 0.75s
2026-10-06T13:16:15.2718202Z 
2026-10-06T13:16:15.2719585Z      Running tests/liquid_scale_division_contract.rs (target/debug/deps/liquid_scale_division_contract-b56071f84f8a53dd)
2026-10-06T13:16:15.2730945Z 
2026-10-06T13:16:15.2732025Z running 1 test
2026-10-06T13:16:15.2733820Z test unsupported_candidate_courant_and_divergence_quotients_preserve_accepted_state ... ok
2026-10-06T13:16:15.2734251Z 
2026-10-06T13:16:15.2734584Z test result: ok. 1 passed; 0 failed; 0 ignored; 0 measured; 0 filtered out; finished in 0.00s
2026-10-06T13:16:15.2735017Z 
2026-10-06T13:16:15.2735421Z      Running tests/liquid_step_contract.rs (target/debug/deps/liquid_step_contract-b2bc010d79ab5939)
2026-10-06T13:16:15.2744955Z 
2026-10-06T13:16:15.2745237Z running 8 tests
2026-10-06T13:16:15.2764462Z test combined_capacity_cap_counts_transferred_capacity_and_pressure ... ok
2026-10-06T13:16:15.2765232Z test carrier_failure_and_pause_preserve_volume_pressure_and_clocks ... ok
2026-10-06T13:16:15.2765976Z test accepted_actual_dt_controls_volume_interval_and_closed_step_is_coherent ... ok
2026-10-06T13:16:15.2767007Z test liquid_failure_after_new_pressure_prepare_preserves_all_accepted_bits_and_retry ... ok
2026-10-06T13:16:15.2767804Z test volume_input_failure_and_version_overflow_precede_carrier_callbacks ... ok
2026-10-06T13:16:15.2768559Z test liquid_guidance_integrates_accepted_fraction_with_explicit_pixel_budget ... ok
2026-10-06T13:16:15.2769269Z test signed_axis_transport_publishes_hand_pressure_and_synchronized_states ... ok
2026-10-06T13:16:15.3311690Z test every_exercised_carrier_volume_and_final_checkpoint_rolls_back_and_replays ... ok
2026-10-06T13:16:15.3312209Z 
2026-10-06T13:16:15.3313295Z test result: ok. 8 passed; 0 failed; 0 ignored; 0 measured; 0 filtered out; finished in 0.06s
2026-10-06T13:16:15.3313623Z 
2026-10-06T13:16:15.3313959Z      Running tests/liquid_volume_contract.rs (target/debug/deps/liquid_volume_contract-da9567f5f476901f)
2026-10-06T13:16:15.3323610Z 
2026-10-06T13:16:15.3323738Z running 18 tests
2026-10-06T13:16:15.3327304Z test actual_owned_capacity_invalid_inputs_and_resolved_clock_are_checked ... ok
2026-10-06T13:16:15.3328117Z test closed_anisotropic_circulation_reuses_shared_faces_and_preserves_volume ... ok
2026-10-06T13:16:15.3329171Z test courant_divergence_and_raw_source_bounds_fail_without_changing_accepted_state ... ok
2026-10-06T13:16:15.3329864Z test geometry_interval_source_identity_and_version_limits_reject_before_callbacks ... ok
2026-10-06T13:16:15.3333305Z test normal_initial_amount_is_supported_but_subnormal_initial_amount_is_rejected ... ok
2026-10-06T13:16:15.3334456Z test both_accepted_pressure_methods_supply_read_only_carrier_not_free_surface_feedback ... ok
2026-10-06T13:16:15.3335326Z test oblique_constant_fraction_preserves_constant_and_balanced_boundary_transfer ... ok
2026-10-06T13:16:15.3336208Z test partial_flux_and_cell_cancellation_preserve_bits_and_retry_matches_fresh ... ok
2026-10-06T13:16:15.3337089Z test signed_sources_are_volume_per_second_and_density_scales_mass_only ... ok
2026-10-06T13:16:15.3337823Z test signed_all_axis_upwind_inlet_outlet_matches_hand_volume_and_occupancy ... ok
2026-10-06T13:16:15.3338712Z test signed_zero_is_valid_empty_liquid_with_zero_volume_transfer ... ok
2026-10-06T13:16:15.3339448Z test subnormal_face_area_rejects_instead_of_distorting_representable_inflow ... ok
2026-10-06T13:16:15.3340118Z test thin_positive_fractions_and_merging_supports_are_not_erased_by_clamping ... ok
2026-10-06T13:16:15.3340811Z test unrepresentable_initial_amount_or_nonzero_face_transfer_cannot_disappear ... ok
2026-10-06T13:16:15.3341467Z test underflowed_courant_intermediate_rejects_and_supported_retry_matches_fresh ... ok
2026-10-06T13:16:15.3342142Z test unsplit_three_dimensional_transfer_is_bounded_but_diffuses_geometric_cube ... ok
2026-10-06T13:16:15.3347795Z test underflowed_face_area_rejects_instead_of_losing_representable_inflow ... ok
2026-10-06T13:16:15.3366365Z test translated_slab_has_exact_binomial_oracle_and_independent_spatial_refinement ... ok
2026-10-06T13:16:15.3367179Z 
2026-10-06T13:16:15.3367531Z test result: ok. 18 passed; 0 failed; 0 ignored; 0 measured; 0 filtered out; finished in 0.00s
2026-10-06T13:16:15.3367901Z 
2026-10-06T13:16:15.3369136Z      Running tests/operator_contract.rs (target/debug/deps/operator_contract-8854ebac8914412a)
2026-10-06T13:16:15.3377794Z 
2026-10-06T13:16:15.3378248Z running 5 tests
2026-10-06T13:16:15.3381091Z test integrated_rhs_matches_independent_physical_divergence ... ok
2026-10-06T13:16:15.3381675Z test independent_rectangular_dense_operator ... ok
2026-10-06T13:16:15.3382726Z test nonfinite_fields_density_and_lengths_are_rejected ... ok
2026-10-06T13:16:15.3383204Z test all_six_faces_of_single_cell_are_walls ... ok
2026-10-06T13:16:15.3384170Z test three_cell_hand_calculation_and_residual_identity ... ok
2026-10-06T13:16:15.3384513Z 
2026-10-06T13:16:15.3384786Z test result: ok. 5 passed; 0 failed; 0 ignored; 0 measured; 0 filtered out; finished in 0.00s
2026-10-06T13:16:15.3385192Z 
2026-10-06T13:16:15.3385529Z      Running tests/pressure_contract.rs (target/debug/deps/pressure_contract-7099cae9f7db8865)
2026-10-06T13:16:15.3393475Z 
2026-10-06T13:16:15.3393653Z running 10 tests
2026-10-06T13:16:15.3396887Z test a_rectangular_cycle_retains_circulation ... ok
2026-10-06T13:16:15.3397430Z test incompatible_rhs_is_not_mean_shifted ... ok
2026-10-06T13:16:15.3398015Z test cancellation_and_iteration_exhaustion_are_explicit ... ok
2026-10-06T13:16:15.3398594Z test eliminated_gauge_row_participates_in_physical_stopping ... ok
2026-10-06T13:16:15.3417374Z test solves_hand_chain_and_reports_full_residual ... ok
2026-10-06T13:16:15.3418087Z test manufactured_three_dimensional_pressure_recovers_modulo_gauge ... ok
2026-10-06T13:16:15.3418747Z test single_cell_zero_rhs_returns_without_iteration ... ok
2026-10-06T13:16:15.3419422Z test workspace_budget_and_invalid_tolerance_fail ... ok
2026-10-06T13:16:15.3430413Z test tighter_divergence_gate_keeps_conjugate_gradient_progress ... ok
2026-10-06T13:16:15.3545951Z test random_three_dimensional_projection_checks_actual_f32_divergence ... ok
2026-10-06T13:16:15.3546479Z 
2026-10-06T13:16:15.3546858Z test result: ok. 10 passed; 0 failed; 0 ignored; 0 measured; 0 filtered out; finished in 0.02s
2026-10-06T13:16:15.3547220Z 
2026-10-06T13:16:15.3547600Z      Running tests/sampling_contract.rs (target/debug/deps/sampling_contract-4d8894f909b2a798)
2026-10-06T13:16:15.3555578Z 
2026-10-06T13:16:15.3555803Z running 5 tests
2026-10-06T13:16:15.3558341Z test convex_bounds_and_singleton_axes_hold ... ok
2026-10-06T13:16:15.3559025Z test invalid_input_is_rejected_at_sampler_construction ... ok
2026-10-06T13:16:15.3560015Z test component_offsets_reproduce_affine_fields ... ok
2026-10-06T13:16:15.3560725Z test midpoint_rotation_matches_independent_polynomial ... ok
2026-10-06T13:16:15.3561340Z test midpoint_backtrace_matches_constant_translation ... ok
2026-10-06T13:16:15.3561651Z 
2026-10-06T13:16:15.3562009Z test result: ok. 5 passed; 0 failed; 0 ignored; 0 measured; 0 filtered out; finished in 0.00s
2026-10-06T13:16:15.3562437Z 
2026-10-06T13:16:15.3563316Z      Running tests/simulation_contract.rs (target/debug/deps/simulation_contract-f9b7535eea2c996f)
2026-10-06T13:16:15.3571433Z 
2026-10-06T13:16:15.3571570Z running 9 tests
2026-10-06T13:16:15.3574492Z test all_owned_capacities_are_accounted_and_cap_checked ... ok
2026-10-06T13:16:15.3617225Z test in_place_candidate_matches_separate_output_and_scratch_diagnostic ... ok
2026-10-06T13:16:15.4197564Z test actual_float_divergence_rejection_preserves_accepted_state ... ok
2026-10-06T13:16:15.4208636Z test single_cell_rest_and_saturating_source_are_supported ... ok
2026-10-06T13:16:15.4388060Z test solver_exhaustion_and_invalid_source_are_transactional ... ok
2026-10-06T13:16:15.4817963Z test time_step_policy_reports_reduced_dt_for_large_forcing ... ok
2026-10-06T13:16:15.5601052Z test localized_smoke_is_nontrivial_finite_and_independently_divergence_checked ... ok
2026-10-06T13:16:15.6758061Z test exact_replay_pause_reset_and_source_toggle ... ok
2026-10-06T13:16:16.2026488Z test cancellation_at_every_stage_preserves_all_accepted_bits_and_metadata ... ok
2026-10-06T13:16:16.2027445Z 
2026-10-06T13:16:16.2027802Z test result: ok. 9 passed; 0 failed; 0 ignored; 0 measured; 0 filtered out; finished in 0.85s
2026-10-06T13:16:16.2028128Z 
2026-10-06T13:16:16.2029532Z      Running tests/tracer_barrier_contract.rs (target/debug/deps/tracer_barrier_contract-b563b99c72a61e58)
2026-10-06T13:16:16.2040419Z 
2026-10-06T13:16:16.2041174Z running 12 tests
2026-10-06T13:16:16.2054963Z test blocked_midpoint_and_departure_legs_revert_without_wall_pushout ... ok
2026-10-06T13:16:16.2055657Z test admission_failures_precede_any_output_write ... ok
2026-10-06T13:16:16.2057064Z test clear_trace_still_filters_a_stencil_that_crosses_the_barrier ... ok
2026-10-06T13:16:16.2057769Z test contacts_no_visible_donor_and_ambiguous_visibility_fail_explicitly ... ok
2026-10-06T13:16:16.2058583Z test low_level_cancellation_can_leave_scratch_partial_but_inputs_retry_unchanged ... ok
2026-10-06T13:16:16.2062760Z test accepted_simulation_filters_tracer_while_preserving_force_pressure_and_memory ... ok
2026-10-06T13:16:16.2063558Z test visible_donors_renormalize_on_both_sides_and_remove_thin_sheet_leakage ... ok
2026-10-06T13:16:16.2064368Z test none_barrier_preserves_every_accepted_bit_report_and_callback_sequence ... ok
2026-10-06T13:16:16.2065155Z test visible_interpolation_preserves_constants_and_visible_range_with_3d_weights ... ok
2026-10-06T13:16:16.2065925Z test zero_weight_extremes_cannot_relax_the_positive_donor_range ... ok
2026-10-06T13:16:16.2067246Z test no_obstruction_preserves_legacy_midpoint_and_sample_bits ... ok
2026-10-06T13:16:16.2070015Z test barrier_error_and_late_cancellation_preserve_owner_and_allow_clean_retry ... ok
2026-10-06T13:16:16.2070464Z 
2026-10-06T13:16:16.2070757Z test result: ok. 12 passed; 0 failed; 0 ignored; 0 measured; 0 filtered out; finished in 0.00s
2026-10-06T13:16:16.2071093Z 
2026-10-06T13:16:16.2072641Z      Running tests/translated_viscous_contract.rs (target/debug/deps/translated_viscous_contract-3883379598ce2687)
2026-10-06T13:16:16.2081249Z 
2026-10-06T13:16:16.2081591Z running 8 tests
2026-10-06T13:16:16.3227894Z test lost_physical_geometry_and_clock_resolution_preserve_state ... ok
2026-10-06T13:16:16.3257652Z test arithmetic_and_iteration_failures_preserve_accepted_state ... ok
2026-10-06T13:16:16.4097617Z test strict_acceptance_failure_preserves_both_states ... ok
2026-10-06T13:16:16.4337163Z test inviscid_and_constant_fields_are_preserved_without_solver_drift ... ok
2026-10-06T13:16:16.4457338Z test unsupported_xy_and_trace_and_insufficient_memory_are_rejected ... ok
2026-10-06T13:16:16.4642971Z test unrepresentable_initial_energy_is_rejected ... ok
2026-10-06T13:16:16.7398541Z test repeated_translation_and_viscous_decay_publish_one_state ... ok
2026-10-06T13:16:16.8426794Z test each_cancellation_preserves_velocity_geometry_pressure_clock_and_identity ... ok
2026-10-06T13:16:16.8427202Z 
2026-10-06T13:16:16.8427504Z test result: ok. 8 passed; 0 failed; 0 ignored; 0 measured; 0 filtered out; finished in 0.63s
2026-10-06T13:16:16.8427852Z 
2026-10-06T13:16:16.8429544Z      Running tests/translation_contract.rs (target/debug/deps/translation_contract-b09600552d9d2f65)
2026-10-06T13:16:16.8447154Z 
2026-10-06T13:16:16.8447831Z running 10 tests
2026-10-06T13:16:16.8448339Z test endpoint_contacts_and_clipping_keep_space_time_coordinates ... ok
2026-10-06T13:16:16.8448944Z test final_pose_query_misses_an_actual_space_time_crossing ... ok
2026-10-06T13:16:16.8449543Z test common_linear_frame_shift_preserves_contact_parameter_normal_and_weights ... ok
2026-10-06T13:16:16.8450196Z test invalid_intervals_trajectories_and_zero_relative_motion_are_explicit ... ok
2026-10-06T13:16:16.8450928Z test cancellation_after_contact_exposes_no_result_and_preserves_retry ... ok
2026-10-06T13:16:16.8451550Z test moving_wall_crosses_stationary_world_point_at_physical_time ... ok
2026-10-06T13:16:16.8452117Z test reversed_winding_changes_facing_but_not_translated_contact ... ok
2026-10-06T13:16:16.8452674Z test unrepresentable_endpoint_pose_rejects_before_query ... ok
2026-10-06T13:16:16.8453219Z test zero_translation_preserves_every_static_hit_field_and_miss ... ok
2026-10-06T13:16:16.8455449Z test axis_permuted_hand_oracles_cover_signed_and_tangential_translation ... ok
2026-10-06T13:16:16.8455837Z 
2026-10-06T13:16:16.8456362Z test result: ok. 10 passed; 0 failed; 0 ignored; 0 measured; 0 filtered out; finished in 0.00s
2026-10-06T13:16:16.8456788Z 
2026-10-06T13:16:16.8457668Z      Running tests/viscosity_contract.rs (target/debug/deps/viscosity_contract-1bbc0354777bb497)
2026-10-06T13:16:16.8466626Z 
2026-10-06T13:16:16.8467307Z running 8 tests
2026-10-06T13:16:16.8497176Z test cancellation_all_stage_occurrences_and_failures_preserve_output ... ok
2026-10-06T13:16:16.8527648Z test anisotropic_three_dimensional_shear_matches_all_component_pairs ... ok
2026-10-06T13:16:16.8660299Z test coupled_viscosity_preserves_both_owners_on_every_callback_and_retries ... ok
2026-10-06T13:16:16.8687503Z test symmetric_strain_cross_derivative_and_independent_dense_energy ... ok
2026-10-06T13:16:16.8717196Z test viscosity_rejects_surface_partial_fill_density_mismatch_and_nonzero_walls ... ok
2026-10-06T13:16:16.9493228Z test fixed_grid_time_refinement_and_zero_coefficient ... ok
2026-10-06T13:16:17.2344558Z test divergence_free_mode_matches_discrete_decay_and_refines ... ok
2026-10-06T13:16:18.6375324Z test large_mesh_compensated_energy_gate_preserves_fixed_budget ... ok
2026-10-06T13:16:18.6375747Z 
2026-10-06T13:16:18.6376018Z test result: ok. 8 passed; 0 failed; 0 ignored; 0 measured; 0 filtered out; finished in 1.79s
2026-10-06T13:16:18.6376357Z 
2026-10-06T13:16:18.6377255Z    Doc-tests rheon
2026-10-06T13:16:18.7416001Z 
2026-10-06T13:16:18.7416972Z running 0 tests
2026-10-06T13:16:18.7417211Z 
2026-10-06T13:16:18.7417533Z test result: ok. 0 passed; 0 failed; 0 ignored; 0 measured; 0 filtered out; finished in 0.00s
2026-10-06T13:16:18.7418018Z 
2026-10-06T13:16:18.7553844Z Post job cleanup.
2026-10-06T13:16:18.8177879Z [command]/usr/bin/git version
2026-10-06T13:16:18.8197502Z git version 2.55.0
2026-10-06T13:16:18.8221555Z Temporarily overriding HOME='/home/runner/work/_temp/2f236ec7-a012-4ebe-baf2-aeab1ab47465' before making global git config changes
2026-10-06T13:16:18.8222615Z Adding repository directory to the temporary git global config as a safe directory
2026-10-06T13:16:18.8225452Z [command]/usr/bin/git config --global --add safe.directory /home/runner/work/Rheon/Rheon
2026-10-06T13:16:18.8253831Z [command]/usr/bin/git config --local --name-only --get-regexp core\.sshCommand
2026-10-06T13:16:18.8277691Z [command]/usr/bin/git submodule foreach --recursive sh -c "git config --local --name-only --get-regexp 'core\.sshCommand' && git config --local --unset-all 'core.sshCommand' || :"
2026-10-06T13:16:18.8438272Z [command]/usr/bin/git config --local --name-only --get-regexp http\.https\:\/\/github\.com\/\.extraheader
2026-10-06T13:16:18.8461634Z [command]/usr/bin/git submodule foreach --recursive sh -c "git config --local --name-only --get-regexp 'http\.https\:\/\/github\.com\/\.extraheader' && git config --local --unset-all 'http.https://github.com/.extraheader' || :"
2026-10-06T13:16:18.8763292Z Cleaning up orphan processes
2026-10-06T13:16:18.8977340Z ##[warning]Node.js 20 is deprecated. The following actions target Node.js 20 but are being forced to run on Node.js 24: actions/checkout@11bd71901bbe5b1630ceea73d27597364c9af683. For more information see: https://github.blog/changelog/2025-09-19-deprecation-of-node-20-on-github-actions-runners/

