2026-10-06T13:12:50.8162262Z Current runner version: '2.337.0'
2026-10-06T13:12:50.8188438Z ##[group]Runner Image Provisioner
2026-10-06T13:12:50.8189381Z Hosted Compute Agent
2026-10-06T13:12:50.8190355Z Version: 20260901.588
2026-10-06T13:12:50.8191058Z Commit: f88ec8081b781fac6c440065ac7ff9e710ce3d0b
2026-10-06T13:12:50.8191844Z Build Date: 2026-09-01T19:56:44Z
2026-10-06T13:12:50.8192679Z Worker ID: {cdf9946d-649e-45f4-9a85-6f0665b3864e}
2026-10-06T13:12:50.8193427Z Azure Region: centralus
2026-10-06T13:12:50.8194084Z ##[endgroup]
2026-10-06T13:12:50.8195648Z ##[group]Operating System
2026-10-06T13:12:50.8196344Z Ubuntu
2026-10-06T13:12:50.8197022Z 24.04.5
2026-10-06T13:12:50.8197628Z LTS
2026-10-06T13:12:50.8198617Z ##[endgroup]
2026-10-06T13:12:50.8199266Z ##[group]Runner Image
2026-10-06T13:12:50.8200149Z Image: ubuntu-24.04
2026-10-06T13:12:50.8200877Z Version: 20260927.320.1
2026-10-06T13:12:50.8202225Z Included Software: https://github.com/actions/runner-images/blob/ubuntu24/20260927.320/images/ubuntu/Ubuntu2404-Readme.md
2026-10-06T13:12:50.8203867Z Image Release: https://github.com/actions/runner-images/releases/tag/ubuntu24%2F20260927.320
2026-10-06T13:12:50.8204868Z ##[endgroup]
2026-10-06T13:12:50.8206166Z ##[group]GITHUB_TOKEN Permissions
2026-10-06T13:12:50.8208383Z Contents: read
2026-10-06T13:12:50.8209130Z Metadata: read
2026-10-06T13:12:50.8210188Z ##[endgroup]
2026-10-06T13:12:50.8213333Z Secret source: Actions
2026-10-06T13:12:50.8214528Z Cache mode: write
2026-10-06T13:12:50.8215564Z Prepare workflow directory
2026-10-06T13:12:50.8626404Z Prepare all required actions
2026-10-06T13:12:50.8676237Z Getting action download info
2026-10-06T13:12:51.1539946Z Download action repository 'actions/checkout@11bd71901bbe5b1630ceea73d27597364c9af683' (SHA:11bd71901bbe5b1630ceea73d27597364c9af683)
2026-10-06T13:12:51.3065815Z Download action repository 'actions/upload-artifact@ea165f8d65b6e75b540449e92b4886f43607fa02' (SHA:ea165f8d65b6e75b540449e92b4886f43607fa02)
2026-10-06T13:12:51.5105566Z Complete job name: executable-contracts
2026-10-06T13:12:51.5892431Z ##[group]Run actions/checkout@11bd71901bbe5b1630ceea73d27597364c9af683
2026-10-06T13:12:51.5893532Z with:
2026-10-06T13:12:51.5893997Z   persist-credentials: false
2026-10-06T13:12:51.5894533Z   repository: MrScripty/Rheon
2026-10-06T13:12:51.5898162Z   token: ***
2026-10-06T13:12:51.5898622Z   ssh-strict: true
2026-10-06T13:12:51.5899089Z   ssh-user: git
2026-10-06T13:12:51.5899921Z   clean: true
2026-10-06T13:12:51.5900496Z   sparse-checkout-cone-mode: true
2026-10-06T13:12:51.5901039Z   fetch-depth: 1
2026-10-06T13:12:51.5901479Z   fetch-tags: false
2026-10-06T13:12:51.5901952Z   show-progress: true
2026-10-06T13:12:51.5902428Z   lfs: false
2026-10-06T13:12:51.5902870Z   submodules: false
2026-10-06T13:12:51.5903348Z   set-safe-directory: true
2026-10-06T13:12:51.5904148Z env:
2026-10-06T13:12:51.5904590Z   CARGO_BUILD_JOBS: 1
2026-10-06T13:12:51.5905080Z ##[endgroup]
2026-10-06T13:12:51.6928896Z Syncing repository: MrScripty/Rheon
2026-10-06T13:12:51.6931432Z ##[group]Getting Git version info
2026-10-06T13:12:51.6932215Z Working directory is '/home/runner/work/Rheon/Rheon'
2026-10-06T13:12:51.6933896Z [command]/usr/bin/git version
2026-10-06T13:12:51.7075472Z git version 2.55.0
2026-10-06T13:12:51.7100798Z ##[endgroup]
2026-10-06T13:12:51.7116545Z Temporarily overriding HOME='/home/runner/work/_temp/cc159adc-d348-4ace-8b63-a07774294cfe' before making global git config changes
2026-10-06T13:12:51.7118828Z Adding repository directory to the temporary git global config as a safe directory
2026-10-06T13:12:51.7122635Z [command]/usr/bin/git config --global --add safe.directory /home/runner/work/Rheon/Rheon
2026-10-06T13:12:51.7178435Z Deleting the contents of '/home/runner/work/Rheon/Rheon'
2026-10-06T13:12:51.7183691Z ##[group]Initializing the repository
2026-10-06T13:12:51.7188260Z [command]/usr/bin/git init /home/runner/work/Rheon/Rheon
2026-10-06T13:12:51.7308050Z hint: Using 'master' as the name for the initial branch. This default branch name
2026-10-06T13:12:51.7310259Z hint: will change to "main" in Git 3.0. To configure the initial branch name
2026-10-06T13:12:51.7311579Z hint: to use in all of your new repositories, which will suppress this warning,
2026-10-06T13:12:51.7312608Z hint: call:
2026-10-06T13:12:51.7313035Z hint:
2026-10-06T13:12:51.7313582Z hint: 	git config --global init.defaultBranch <name>
2026-10-06T13:12:51.7314220Z hint:
2026-10-06T13:12:51.7314828Z hint: Names commonly chosen instead of 'master' are 'main', 'trunk' and
2026-10-06T13:12:51.7315781Z hint: 'development'. The just-created branch can be renamed via this command:
2026-10-06T13:12:51.7316538Z hint:
2026-10-06T13:12:51.7316963Z hint: 	git branch -m <name>
2026-10-06T13:12:51.7317451Z hint:
2026-10-06T13:12:51.7318098Z hint: Disable this message with "git config set advice.defaultBranchName false"
2026-10-06T13:12:51.7322668Z Initialized empty Git repository in /home/runner/work/Rheon/Rheon/.git/
2026-10-06T13:12:51.7334638Z [command]/usr/bin/git remote add origin https://github.com/MrScripty/Rheon
2026-10-06T13:12:51.7385174Z ##[endgroup]
2026-10-06T13:12:51.7386609Z ##[group]Disabling automatic garbage collection
2026-10-06T13:12:51.7389788Z [command]/usr/bin/git config --local gc.auto 0
2026-10-06T13:12:51.7427975Z ##[endgroup]
2026-10-06T13:12:51.7429110Z ##[group]Setting up auth
2026-10-06T13:12:51.7435744Z [command]/usr/bin/git config --local --name-only --get-regexp core\.sshCommand
2026-10-06T13:12:51.7472209Z [command]/usr/bin/git submodule foreach --recursive sh -c "git config --local --name-only --get-regexp 'core\.sshCommand' && git config --local --unset-all 'core.sshCommand' || :"
2026-10-06T13:12:51.7911868Z [command]/usr/bin/git config --local --name-only --get-regexp http\.https\:\/\/github\.com\/\.extraheader
2026-10-06T13:12:51.7949105Z [command]/usr/bin/git submodule foreach --recursive sh -c "git config --local --name-only --get-regexp 'http\.https\:\/\/github\.com\/\.extraheader' && git config --local --unset-all 'http.https://github.com/.extraheader' || :"
2026-10-06T13:12:51.8179224Z [command]/usr/bin/git config --local http.https://github.com/.extraheader AUTHORIZATION: basic ***
2026-10-06T13:12:51.8222599Z ##[endgroup]
2026-10-06T13:12:51.8224048Z ##[group]Fetching the repository
2026-10-06T13:12:51.8234754Z [command]/usr/bin/git -c protocol.version=2 fetch --no-tags --prune --no-recurse-submodules --depth=1 origin +c0591ebc4c2619d5ad6e6decfe9d3957ace8db5b:refs/remotes/origin/repair/coupled-terminal-validation
2026-10-06T13:12:53.3972592Z From https://github.com/MrScripty/Rheon
2026-10-06T13:12:53.3975000Z  * [new ref]         c0591ebc4c2619d5ad6e6decfe9d3957ace8db5b -> origin/repair/coupled-terminal-validation
2026-10-06T13:12:53.3980726Z ##[endgroup]
2026-10-06T13:12:53.3982843Z ##[group]Determining the checkout info
2026-10-06T13:12:53.3985096Z ##[endgroup]
2026-10-06T13:12:53.3986562Z [command]/usr/bin/git sparse-checkout disable
2026-10-06T13:12:53.4047784Z [command]/usr/bin/git config --local --unset-all extensions.worktreeConfig
2026-10-06T13:12:53.4083303Z ##[group]Checking out the ref
2026-10-06T13:12:53.4089179Z [command]/usr/bin/git checkout --progress --force -B repair/coupled-terminal-validation refs/remotes/origin/repair/coupled-terminal-validation
2026-10-06T13:12:54.0373455Z Switched to a new branch 'repair/coupled-terminal-validation'
2026-10-06T13:12:54.0379164Z branch 'repair/coupled-terminal-validation' set up to track 'origin/repair/coupled-terminal-validation'.
2026-10-06T13:12:54.0407079Z ##[endgroup]
2026-10-06T13:12:54.0481715Z [command]/usr/bin/git log -1 --format=%H
2026-10-06T13:12:54.0517835Z c0591ebc4c2619d5ad6e6decfe9d3957ace8db5b
2026-10-06T13:12:54.0527684Z ##[group]Removing auth
2026-10-06T13:12:54.0531942Z [command]/usr/bin/git config --local --name-only --get-regexp core\.sshCommand
2026-10-06T13:12:54.0567982Z [command]/usr/bin/git submodule foreach --recursive sh -c "git config --local --name-only --get-regexp 'core\.sshCommand' && git config --local --unset-all 'core.sshCommand' || :"
2026-10-06T13:12:54.0804516Z [command]/usr/bin/git config --local --name-only --get-regexp http\.https\:\/\/github\.com\/\.extraheader
2026-10-06T13:12:54.0834120Z http.https://github.com/.extraheader
2026-10-06T13:12:54.0841841Z [command]/usr/bin/git config --local --unset-all http.https://github.com/.extraheader
2026-10-06T13:12:54.0879273Z [command]/usr/bin/git submodule foreach --recursive sh -c "git config --local --name-only --get-regexp 'http\.https\:\/\/github\.com\/\.extraheader' && git config --local --unset-all 'http.https://github.com/.extraheader' || :"
2026-10-06T13:12:54.1108848Z ##[endgroup]
2026-10-06T13:12:54.1359795Z ##[group]Run python3 -m venv "$RUNNER_TEMP/rheon-tests"
2026-10-06T13:12:54.1361669Z [36;1mpython3 -m venv "$RUNNER_TEMP/rheon-tests"[0m
2026-10-06T13:12:54.1364728Z [36;1m"$RUNNER_TEMP/rheon-tests/bin/python" -m pip install --index-url https://pypi.org/simple --only-binary=:all: Pillow==12.3.0 numpy==2.3.5[0m
2026-10-06T13:12:54.1656600Z shell: /usr/bin/bash -e {0}
2026-10-06T13:12:54.1657870Z env:
2026-10-06T13:12:54.1658857Z   CARGO_BUILD_JOBS: 1
2026-10-06T13:12:54.1660248Z ##[endgroup]
2026-10-06T13:12:58.2128185Z Collecting Pillow==12.3.0
2026-10-06T13:12:58.2777183Z   Downloading pillow-12.3.0-cp312-cp312-manylinux_2_27_x86_64.manylinux_2_28_x86_64.whl.metadata (9.1 kB)
2026-10-06T13:12:58.5371211Z Collecting numpy==2.3.5
2026-10-06T13:12:58.5516131Z   Downloading numpy-2.3.5-cp312-cp312-manylinux_2_27_x86_64.manylinux_2_28_x86_64.whl.metadata (62 kB)
2026-10-06T13:12:58.5687138Z      ━━━━━━━━━━━━━━━━━━━━━━━━━━━━━━━━━━━━━━━━ 62.1/62.1 kB 4.1 MB/s eta 0:00:00
2026-10-06T13:12:58.6110726Z Downloading pillow-12.3.0-cp312-cp312-manylinux_2_27_x86_64.manylinux_2_28_x86_64.whl (6.9 MB)
2026-10-06T13:12:58.8921276Z    ━━━━━━━━━━━━━━━━━━━━━━━━━━━━━━━━━━━━━━━━ 6.9/6.9 MB 24.8 MB/s eta 0:00:00
2026-10-06T13:12:58.9054980Z Downloading numpy-2.3.5-cp312-cp312-manylinux_2_27_x86_64.manylinux_2_28_x86_64.whl (16.6 MB)
2026-10-06T13:12:59.2884339Z    ━━━━━━━━━━━━━━━━━━━━━━━━━━━━━━━━━━━━━━━━ 16.6/16.6 MB 42.4 MB/s eta 0:00:00
2026-10-06T13:12:59.3495848Z Installing collected packages: Pillow, numpy
2026-10-06T13:13:01.3578723Z Successfully installed Pillow-12.3.0 numpy-2.3.5
2026-10-06T13:13:01.4606412Z ##[group]Run rustup toolchain install 1.92.0 --profile minimal --component rustfmt --component clippy
2026-10-06T13:13:01.4607194Z [36;1mrustup toolchain install 1.92.0 --profile minimal --component rustfmt --component clippy[0m
2026-10-06T13:13:01.4607715Z [36;1mrustc --version --verbose[0m
2026-10-06T13:13:01.4608014Z [36;1mcargo --version[0m
2026-10-06T13:13:01.4675412Z shell: /usr/bin/bash -e {0}
2026-10-06T13:13:01.4675682Z env:
2026-10-06T13:13:01.4675881Z   CARGO_BUILD_JOBS: 1
2026-10-06T13:13:01.4676117Z ##[endgroup]
2026-10-06T13:13:01.6083732Z info: syncing channel updates for 1.92.0-x86_64-unknown-linux-gnu
2026-10-06T13:13:01.8029928Z info: latest update on 2025-12-11 for version 1.92.0 (ded5c06cf 2025-12-08)
2026-10-06T13:13:01.8030804Z info: downloading 5 components
2026-10-06T13:13:09.5926738Z 
2026-10-06T13:13:09.6005342Z   1.92.0-x86_64-unknown-linux-gnu installed - rustc 1.92.0 (ded5c06cf 2025-12-08)
2026-10-06T13:13:09.6006139Z 
2026-10-06T13:13:09.6390063Z rustc 1.92.0 (ded5c06cf 2025-12-08)
2026-10-06T13:13:09.6391063Z binary: rustc
2026-10-06T13:13:09.6391595Z commit-hash: ded5c06cf21d2b93bffd5d884aa6e96934ee4234
2026-10-06T13:13:09.6392333Z commit-date: 2025-12-08
2026-10-06T13:13:09.6393084Z host: x86_64-unknown-linux-gnu
2026-10-06T13:13:09.6393859Z release: 1.92.0
2026-10-06T13:13:09.6394569Z LLVM version: 21.1.3
2026-10-06T13:13:09.6688419Z cargo 1.92.0 (344c4567c 2025-10-21)
2026-10-06T13:13:09.6736250Z ##[group]Run cargo fmt --all --check
2026-10-06T13:13:09.6736632Z [36;1mcargo fmt --all --check[0m
2026-10-06T13:13:09.6800438Z shell: /usr/bin/bash -e {0}
2026-10-06T13:13:09.6800715Z env:
2026-10-06T13:13:09.6800921Z   CARGO_BUILD_JOBS: 1
2026-10-06T13:13:09.6801162Z ##[endgroup]
2026-10-06T13:13:10.0547678Z ##[group]Run cargo run --locked --release --bin rheon -- --size 16 --steps 12 --source-off-at 8 --output "$RUNNER_TEMP/rheon-smoke"
2026-10-06T13:13:10.0548827Z [36;1mcargo run --locked --release --bin rheon -- --size 16 --steps 12 --source-off-at 8 --output "$RUNNER_TEMP/rheon-smoke"[0m
2026-10-06T13:13:10.0549382Z [36;1mpython3 - <<'PY'[0m
2026-10-06T13:13:10.0549994Z [36;1mimport csv, json, os, pathlib, struct[0m
2026-10-06T13:13:10.0550378Z [36;1mp = pathlib.Path(os.environ['RUNNER_TEMP']) / 'rheon-smoke'[0m
2026-10-06T13:13:10.0550830Z [36;1mresult = json.loads((p / 'run.json').read_text(encoding='utf-8'))[0m
2026-10-06T13:13:10.0551268Z [36;1massert result['size'] == 16 and result['steps'] == 12[0m
2026-10-06T13:13:10.0551662Z [36;1massert result['managed_simulation_bytes'] == 333824[0m
2026-10-06T13:13:10.0552028Z [36;1massert result['last_divergence_max'] <= 1e-5[0m
2026-10-06T13:13:10.0552445Z [36;1massert result['whole_process_memory_cap_claimed'] is False[0m
2026-10-06T13:13:10.0552874Z [36;1massert result['real_time_performance_claimed'] is False[0m
2026-10-06T13:13:10.0553384Z [36;1mrows = list(csv.DictReader((p / 'steps.csv').read_text(encoding='utf-8').splitlines()))[0m
2026-10-06T13:13:10.0553837Z [36;1massert len(rows) == 12[0m
2026-10-06T13:13:10.0554200Z [36;1massert all(float(row['actual_divergence_max']) <= 1e-5 for row in rows)[0m
2026-10-06T13:13:10.0554620Z [36;1mimage = (p / 'opacity.png').read_bytes()[0m
2026-10-06T13:13:10.0554942Z [36;1massert image[:8] == b'\x89PNG\r\n\x1a\n'[0m
2026-10-06T13:13:10.0555289Z [36;1massert struct.unpack('>II', image[16:24]) == (16, 16)[0m
2026-10-06T13:13:10.0555798Z [36;1mprint('PASS executable completion manifest, all-step divergence and PNG dimensions')[0m
2026-10-06T13:13:10.0556242Z [36;1mPY[0m
2026-10-06T13:13:10.0619867Z shell: /usr/bin/bash -e {0}
2026-10-06T13:13:10.0620132Z env:
2026-10-06T13:13:10.0620330Z   CARGO_BUILD_JOBS: 1
2026-10-06T13:13:10.0620547Z ##[endgroup]
2026-10-06T13:13:10.1299383Z     Updating crates.io index
2026-10-06T13:13:11.5513098Z  Downloading crates ...
2026-10-06T13:13:11.5971687Z   Downloaded fdeflate v0.3.7
2026-10-06T13:13:11.6111099Z   Downloaded miniz_oxide v0.9.1
2026-10-06T13:13:11.6137430Z   Downloaded cfg-if v1.0.5
2026-10-06T13:13:11.6151579Z   Downloaded bitflags v2.13.2
2026-10-06T13:13:11.6209705Z   Downloaded adler2 v2.0.1
2026-10-06T13:13:11.6284199Z   Downloaded simd-adler32 v0.3.10
2026-10-06T13:13:11.6306592Z   Downloaded crc32fast v1.5.2
2026-10-06T13:13:11.6368779Z   Downloaded miniz_oxide v0.8.9
2026-10-06T13:13:11.6395676Z   Downloaded flate2 v1.1.10
2026-10-06T13:13:11.6446543Z   Downloaded png v0.18.1
2026-10-06T13:13:11.6488442Z   Downloaded zlib-rs v0.6.8
2026-10-06T13:13:11.6678150Z    Compiling simd-adler32 v0.3.10
2026-10-06T13:13:11.8268964Z    Compiling adler2 v2.0.1
2026-10-06T13:13:11.8860384Z    Compiling crc32fast v1.5.2
2026-10-06T13:13:11.9978651Z    Compiling cfg-if v1.0.5
2026-10-06T13:13:12.1914213Z    Compiling miniz_oxide v0.9.1
2026-10-06T13:13:13.3082323Z    Compiling flate2 v1.1.10
2026-10-06T13:13:13.6620469Z    Compiling miniz_oxide v0.8.9
2026-10-06T13:13:14.7288250Z    Compiling fdeflate v0.3.7
2026-10-06T13:13:15.3755738Z    Compiling bitflags v2.13.2
2026-10-06T13:13:15.5720957Z    Compiling png v0.18.1
2026-10-06T13:13:17.5367456Z    Compiling rheon v0.1.0 (/home/runner/work/Rheon/Rheon)
2026-10-06T13:13:26.1740330Z     Finished `release` profile [optimized] target(s) in 16.07s
2026-10-06T13:13:26.2236504Z      Running `target/release/rheon --size 16 --steps 12 --source-off-at 8 --output /home/runner/work/_temp/rheon-smoke`
2026-10-06T13:13:26.8353515Z Accepted 12 steps; time 0.240000; managed arrays 333824 bytes; step wall time 0.601s. Wrote /home/runner/work/_temp/rheon-smoke
2026-10-06T13:13:26.8600545Z PASS executable completion manifest, all-step divergence and PNG dimensions
2026-10-06T13:13:26.8670362Z ##[group]Run cargo build --locked --release --bin rheon
2026-10-06T13:13:26.8670829Z [36;1mcargo build --locked --release --bin rheon[0m
2026-10-06T13:13:26.8671327Z [36;1m"$RUNNER_TEMP/rheon-tests/bin/python" -m unittest discover -s tools -p 'test_*.py' -v[0m
2026-10-06T13:13:26.8733418Z shell: /usr/bin/bash -e {0}
2026-10-06T13:13:26.8733669Z env:
2026-10-06T13:13:26.8733862Z   CARGO_BUILD_JOBS: 1
2026-10-06T13:13:26.8734080Z ##[endgroup]
2026-10-06T13:13:26.9886835Z     Finished `release` profile [optimized] target(s) in 0.08s
2026-10-06T13:13:27.6172902Z test_actual_consecutive_reconstruction_and_convergence (test_column_interface_verifier.ColumnVerifierTest.test_actual_consecutive_reconstruction_and_convergence) ... ok
2026-10-06T13:13:32.1882190Z test_adversarial_finite_fields_ledgers_geometry_and_pixels (test_column_interface_verifier.ColumnVerifierTest.test_adversarial_finite_fields_ledgers_geometry_and_pixels) ... ok
2026-10-06T13:13:32.2105808Z test_ci_budget_preserves_every_existing_job_check (test_column_interface_verifier.ColumnVerifierTest.test_ci_budget_preserves_every_existing_job_check) ... FAIL
2026-10-06T13:13:47.6711521Z test_every_coupled_final_artifact_matches_last_accepted_frame (test_column_interface_verifier.ColumnVerifierTest.test_every_coupled_final_artifact_matches_last_accepted_frame) ... ok
2026-10-06T13:13:47.6743215Z test_rust_ci_triggers_for_each_example_and_column_verifier (test_column_interface_verifier.ColumnVerifierTest.test_rust_ci_triggers_for_each_example_and_column_verifier) ... 
2026-10-06T13:13:47.6745824Z   test_rust_ci_triggers_for_each_example_and_column_verifier (test_column_interface_verifier.ColumnVerifierTest.test_rust_ci_triggers_for_each_example_and_column_verifier) (event='pull_request', path='examples/box_flux.rs') ... FAIL
2026-10-06T13:13:47.6748930Z   test_rust_ci_triggers_for_each_example_and_column_verifier (test_column_interface_verifier.ColumnVerifierTest.test_rust_ci_triggers_for_each_example_and_column_verifier) (event='pull_request', path='examples/box_flux_step.rs') ... FAIL
2026-10-06T13:13:47.6752397Z   test_rust_ci_triggers_for_each_example_and_column_verifier (test_column_interface_verifier.ColumnVerifierTest.test_rust_ci_triggers_for_each_example_and_column_verifier) (event='pull_request', path='examples/column_interface.rs') ... FAIL
2026-10-06T13:13:47.6755492Z   test_rust_ci_triggers_for_each_example_and_column_verifier (test_column_interface_verifier.ColumnVerifierTest.test_rust_ci_triggers_for_each_example_and_column_verifier) (event='pull_request', path='examples/column_mac.rs') ... FAIL
2026-10-06T13:13:47.6758518Z   test_rust_ci_triggers_for_each_example_and_column_verifier (test_column_interface_verifier.ColumnVerifierTest.test_rust_ci_triggers_for_each_example_and_column_verifier) (event='pull_request', path='examples/column_momentum.rs') ... FAIL
2026-10-06T13:13:47.6761953Z   test_rust_ci_triggers_for_each_example_and_column_verifier (test_column_interface_verifier.ColumnVerifierTest.test_rust_ci_triggers_for_each_example_and_column_verifier) (event='pull_request', path='examples/column_shear.rs') ... FAIL
2026-10-06T13:13:47.6764993Z   test_rust_ci_triggers_for_each_example_and_column_verifier (test_column_interface_verifier.ColumnVerifierTest.test_rust_ci_triggers_for_each_example_and_column_verifier) (event='pull_request', path='examples/coupled_discrete.rs') ... FAIL
2026-10-06T13:13:47.6768105Z   test_rust_ci_triggers_for_each_example_and_column_verifier (test_column_interface_verifier.ColumnVerifierTest.test_rust_ci_triggers_for_each_example_and_column_verifier) (event='pull_request', path='examples/coupled_discrete_identity.rs') ... FAIL
2026-10-06T13:13:47.6771416Z   test_rust_ci_triggers_for_each_example_and_column_verifier (test_column_interface_verifier.ColumnVerifierTest.test_rust_ci_triggers_for_each_example_and_column_verifier) (event='pull_request', path='examples/coupled_layout_probe.rs') ... FAIL
2026-10-06T13:13:47.6774816Z   test_rust_ci_triggers_for_each_example_and_column_verifier (test_column_interface_verifier.ColumnVerifierTest.test_rust_ci_triggers_for_each_example_and_column_verifier) (event='pull_request', path='examples/extruded_third.rs') ... FAIL
2026-10-06T13:13:47.6777862Z   test_rust_ci_triggers_for_each_example_and_column_verifier (test_column_interface_verifier.ColumnVerifierTest.test_rust_ci_triggers_for_each_example_and_column_verifier) (event='pull_request', path='examples/fitted_height.rs') ... FAIL
2026-10-06T13:13:47.6781483Z   test_rust_ci_triggers_for_each_example_and_column_verifier (test_column_interface_verifier.ColumnVerifierTest.test_rust_ci_triggers_for_each_example_and_column_verifier) (event='pull_request', path='examples/fitted_pressure_path.rs') ... FAIL
2026-10-06T13:13:47.6784567Z   test_rust_ci_triggers_for_each_example_and_column_verifier (test_column_interface_verifier.ColumnVerifierTest.test_rust_ci_triggers_for_each_example_and_column_verifier) (event='pull_request', path='examples/fixed_bottom_ale.rs') ... FAIL
2026-10-06T13:13:47.6787604Z   test_rust_ci_triggers_for_each_example_and_column_verifier (test_column_interface_verifier.ColumnVerifierTest.test_rust_ci_triggers_for_each_example_and_column_verifier) (event='pull_request', path='examples/forced_smoke.rs') ... FAIL
2026-10-06T13:13:47.6790815Z   test_rust_ci_triggers_for_each_example_and_column_verifier (test_column_interface_verifier.ColumnVerifierTest.test_rust_ci_triggers_for_each_example_and_column_verifier) (event='pull_request', path='examples/free_surface.rs') ... FAIL
2026-10-06T13:13:47.6793828Z   test_rust_ci_triggers_for_each_example_and_column_verifier (test_column_interface_verifier.ColumnVerifierTest.test_rust_ci_triggers_for_each_example_and_column_verifier) (event='pull_request', path='examples/liquid_step.rs') ... FAIL
2026-10-06T13:13:47.6796824Z   test_rust_ci_triggers_for_each_example_and_column_verifier (test_column_interface_verifier.ColumnVerifierTest.test_rust_ci_triggers_for_each_example_and_column_verifier) (event='pull_request', path='examples/liquid_volume.rs') ... FAIL
2026-10-06T13:13:47.6800032Z   test_rust_ci_triggers_for_each_example_and_column_verifier (test_column_interface_verifier.ColumnVerifierTest.test_rust_ci_triggers_for_each_example_and_column_verifier) (event='pull_request', path='examples/surface_queries.rs') ... FAIL
2026-10-06T13:13:47.6803090Z   test_rust_ci_triggers_for_each_example_and_column_verifier (test_column_interface_verifier.ColumnVerifierTest.test_rust_ci_triggers_for_each_example_and_column_verifier) (event='pull_request', path='examples/tracer_barrier.rs') ... FAIL
2026-10-06T13:13:47.6806175Z   test_rust_ci_triggers_for_each_example_and_column_verifier (test_column_interface_verifier.ColumnVerifierTest.test_rust_ci_triggers_for_each_example_and_column_verifier) (event='pull_request', path='examples/translated_viscous.rs') ... FAIL
2026-10-06T13:13:47.6809259Z   test_rust_ci_triggers_for_each_example_and_column_verifier (test_column_interface_verifier.ColumnVerifierTest.test_rust_ci_triggers_for_each_example_and_column_verifier) (event='pull_request', path='examples/translating_surface.rs') ... FAIL
2026-10-06T13:13:47.6812557Z   test_rust_ci_triggers_for_each_example_and_column_verifier (test_column_interface_verifier.ColumnVerifierTest.test_rust_ci_triggers_for_each_example_and_column_verifier) (event='pull_request', path='examples/viscosity.rs') ... FAIL
2026-10-06T13:13:47.6815647Z   test_rust_ci_triggers_for_each_example_and_column_verifier (test_column_interface_verifier.ColumnVerifierTest.test_rust_ci_triggers_for_each_example_and_column_verifier) (event='pull_request', path='tools/verify_column_interface.py') ... FAIL
2026-10-06T13:13:47.6818724Z   test_rust_ci_triggers_for_each_example_and_column_verifier (test_column_interface_verifier.ColumnVerifierTest.test_rust_ci_triggers_for_each_example_and_column_verifier) (event='pull_request', path='tools/test_column_interface_verifier.py') ... FAIL
2026-10-06T13:13:47.6822484Z   test_rust_ci_triggers_for_each_example_and_column_verifier (test_column_interface_verifier.ColumnVerifierTest.test_rust_ci_triggers_for_each_example_and_column_verifier) (event='pull_request', path='evidence/column-interface/demo/jacobi-pcg-v1-activation/final.png') ... FAIL
2026-10-06T13:13:47.6825523Z   test_rust_ci_triggers_for_each_example_and_column_verifier (test_column_interface_verifier.ColumnVerifierTest.test_rust_ci_triggers_for_each_example_and_column_verifier) (event='push', path='examples/box_flux.rs') ... FAIL
2026-10-06T13:13:47.6828520Z   test_rust_ci_triggers_for_each_example_and_column_verifier (test_column_interface_verifier.ColumnVerifierTest.test_rust_ci_triggers_for_each_example_and_column_verifier) (event='push', path='examples/box_flux_step.rs') ... FAIL
2026-10-06T13:13:47.6831647Z   test_rust_ci_triggers_for_each_example_and_column_verifier (test_column_interface_verifier.ColumnVerifierTest.test_rust_ci_triggers_for_each_example_and_column_verifier) (event='push', path='examples/column_interface.rs') ... FAIL
2026-10-06T13:13:47.6834559Z   test_rust_ci_triggers_for_each_example_and_column_verifier (test_column_interface_verifier.ColumnVerifierTest.test_rust_ci_triggers_for_each_example_and_column_verifier) (event='push', path='examples/column_mac.rs') ... FAIL
2026-10-06T13:13:47.6837422Z   test_rust_ci_triggers_for_each_example_and_column_verifier (test_column_interface_verifier.ColumnVerifierTest.test_rust_ci_triggers_for_each_example_and_column_verifier) (event='push', path='examples/column_momentum.rs') ... FAIL
2026-10-06T13:13:47.6840539Z   test_rust_ci_triggers_for_each_example_and_column_verifier (test_column_interface_verifier.ColumnVerifierTest.test_rust_ci_triggers_for_each_example_and_column_verifier) (event='push', path='examples/column_shear.rs') ... FAIL
2026-10-06T13:13:47.6843409Z   test_rust_ci_triggers_for_each_example_and_column_verifier (test_column_interface_verifier.ColumnVerifierTest.test_rust_ci_triggers_for_each_example_and_column_verifier) (event='push', path='examples/coupled_discrete.rs') ... FAIL
2026-10-06T13:13:47.6846355Z   test_rust_ci_triggers_for_each_example_and_column_verifier (test_column_interface_verifier.ColumnVerifierTest.test_rust_ci_triggers_for_each_example_and_column_verifier) (event='push', path='examples/coupled_discrete_identity.rs') ... FAIL
2026-10-06T13:13:47.6849289Z   test_rust_ci_triggers_for_each_example_and_column_verifier (test_column_interface_verifier.ColumnVerifierTest.test_rust_ci_triggers_for_each_example_and_column_verifier) (event='push', path='examples/coupled_layout_probe.rs') ... FAIL
2026-10-06T13:13:47.6852269Z   test_rust_ci_triggers_for_each_example_and_column_verifier (test_column_interface_verifier.ColumnVerifierTest.test_rust_ci_triggers_for_each_example_and_column_verifier) (event='push', path='examples/extruded_third.rs') ... FAIL
2026-10-06T13:13:47.6855059Z   test_rust_ci_triggers_for_each_example_and_column_verifier (test_column_interface_verifier.ColumnVerifierTest.test_rust_ci_triggers_for_each_example_and_column_verifier) (event='push', path='examples/fitted_height.rs') ... FAIL
2026-10-06T13:13:47.6857876Z   test_rust_ci_triggers_for_each_example_and_column_verifier (test_column_interface_verifier.ColumnVerifierTest.test_rust_ci_triggers_for_each_example_and_column_verifier) (event='push', path='examples/fitted_pressure_path.rs') ... FAIL
2026-10-06T13:13:47.6860971Z   test_rust_ci_triggers_for_each_example_and_column_verifier (test_column_interface_verifier.ColumnVerifierTest.test_rust_ci_triggers_for_each_example_and_column_verifier) (event='push', path='examples/fixed_bottom_ale.rs') ... FAIL
2026-10-06T13:13:47.6863852Z   test_rust_ci_triggers_for_each_example_and_column_verifier (test_column_interface_verifier.ColumnVerifierTest.test_rust_ci_triggers_for_each_example_and_column_verifier) (event='push', path='examples/forced_smoke.rs') ... FAIL
2026-10-06T13:13:47.6866422Z   test_rust_ci_triggers_for_each_example_and_column_verifier (test_column_interface_verifier.ColumnVerifierTest.test_rust_ci_triggers_for_each_example_and_column_verifier) (event='push', path='examples/free_surface.rs') ... FAIL
2026-10-06T13:13:47.6869782Z   test_rust_ci_triggers_for_each_example_and_column_verifier (test_column_interface_verifier.ColumnVerifierTest.test_rust_ci_triggers_for_each_example_and_column_verifier) (event='push', path='examples/liquid_step.rs') ... FAIL
2026-10-06T13:13:47.6872725Z   test_rust_ci_triggers_for_each_example_and_column_verifier (test_column_interface_verifier.ColumnVerifierTest.test_rust_ci_triggers_for_each_example_and_column_verifier) (event='push', path='examples/liquid_volume.rs') ... FAIL
2026-10-06T13:13:47.6875810Z   test_rust_ci_triggers_for_each_example_and_column_verifier (test_column_interface_verifier.ColumnVerifierTest.test_rust_ci_triggers_for_each_example_and_column_verifier) (event='push', path='examples/surface_queries.rs') ... FAIL
2026-10-06T13:13:47.6878682Z   test_rust_ci_triggers_for_each_example_and_column_verifier (test_column_interface_verifier.ColumnVerifierTest.test_rust_ci_triggers_for_each_example_and_column_verifier) (event='push', path='examples/tracer_barrier.rs') ... FAIL
2026-10-06T13:13:47.6881840Z   test_rust_ci_triggers_for_each_example_and_column_verifier (test_column_interface_verifier.ColumnVerifierTest.test_rust_ci_triggers_for_each_example_and_column_verifier) (event='push', path='examples/translated_viscous.rs') ... FAIL
2026-10-06T13:13:47.6884743Z   test_rust_ci_triggers_for_each_example_and_column_verifier (test_column_interface_verifier.ColumnVerifierTest.test_rust_ci_triggers_for_each_example_and_column_verifier) (event='push', path='examples/translating_surface.rs') ... FAIL
2026-10-06T13:13:47.6887573Z   test_rust_ci_triggers_for_each_example_and_column_verifier (test_column_interface_verifier.ColumnVerifierTest.test_rust_ci_triggers_for_each_example_and_column_verifier) (event='push', path='examples/viscosity.rs') ... FAIL
2026-10-06T13:13:47.6890619Z   test_rust_ci_triggers_for_each_example_and_column_verifier (test_column_interface_verifier.ColumnVerifierTest.test_rust_ci_triggers_for_each_example_and_column_verifier) (event='push', path='tools/verify_column_interface.py') ... FAIL
2026-10-06T13:13:47.6893563Z   test_rust_ci_triggers_for_each_example_and_column_verifier (test_column_interface_verifier.ColumnVerifierTest.test_rust_ci_triggers_for_each_example_and_column_verifier) (event='push', path='tools/test_column_interface_verifier.py') ... FAIL
2026-10-06T13:13:47.6896666Z   test_rust_ci_triggers_for_each_example_and_column_verifier (test_column_interface_verifier.ColumnVerifierTest.test_rust_ci_triggers_for_each_example_and_column_verifier) (event='push', path='evidence/column-interface/demo/jacobi-pcg-v1-activation/final.png') ... FAIL
2026-10-06T13:13:47.8098477Z test_mass_pressure_epochs_ledgers_and_pixels_reject_tampering (test_column_mac_verifier.ColumnMacVerifier.test_mass_pressure_epochs_ledgers_and_pixels_reject_tampering) ... ok
2026-10-06T13:13:49.1470441Z test_real_native_owner_records (test_column_mac_verifier.ColumnMacVerifier.test_real_native_owner_records) ... ok
2026-10-06T13:13:49.2700666Z test_finite_overlap_geometry_ledgers_and_pixels_reject_tampering (test_column_momentum_verifier.ColumnMomentumVerifier.test_finite_overlap_geometry_ledgers_and_pixels_reject_tampering) ... ok
2026-10-06T13:13:49.3246403Z test_real_native_records (test_column_momentum_verifier.ColumnMomentumVerifier.test_real_native_records) ... ok
2026-10-06T13:14:19.4391118Z test_adversarial_geometry_force_energy_momentum_and_pixels (test_column_shear_verifier.ColumnShearVerifierTest.test_adversarial_geometry_force_energy_momentum_and_pixels) ... ok
2026-10-06T13:14:20.6942370Z test_native_liquid_masses_forces_energy_and_convergence (test_column_shear_verifier.ColumnShearVerifierTest.test_native_liquid_masses_forces_energy_and_convergence) ... ok
2026-10-06T13:14:20.6979983Z test_actual_slab_evidence (test_free_surface_verifier.FreeSurfaceVerifierTest.test_actual_slab_evidence) ... ok
2026-10-06T13:14:20.7659138Z test_adversarial_fields_ledgers_render_and_rejection (test_free_surface_verifier.FreeSurfaceVerifierTest.test_adversarial_fields_ledgers_render_and_rejection) ... ok
2026-10-06T13:14:20.8654572Z test_adversarial_pressure_and_ledger_changes_are_rejected (test_liquid_transport_verifier.LiquidVerifierTest.test_adversarial_pressure_and_ledger_changes_are_rejected) ... ok
2026-10-06T13:14:21.2562218Z test_frozen_committed_data_passes_stronger_gate (test_liquid_transport_verifier.LiquidVerifierTest.test_frozen_committed_data_passes_stronger_gate) ... ok
2026-10-06T13:14:21.3320813Z test_changed_workload_settings_are_rejected (test_result_qualification.ResultQualification.test_changed_workload_settings_are_rejected) ... ok
2026-10-06T13:14:21.3398285Z test_child_command_pins_iteration_and_memory_limits (test_result_qualification.ResultQualification.test_child_command_pins_iteration_and_memory_limits) ... ok
2026-10-06T13:14:21.3645418Z test_combined_publication_cleanup_failures_stay_terminal (test_result_qualification.ResultQualification.test_combined_publication_cleanup_failures_stay_terminal) ... ok
2026-10-06T13:14:21.3954214Z test_malformed_csv_has_terminal_failure (test_result_qualification.ResultQualification.test_malformed_csv_has_terminal_failure) ... ok
2026-10-06T13:14:21.5697931Z test_manifest_diagnostics_match_the_accepted_steps (test_result_qualification.ResultQualification.test_manifest_diagnostics_match_the_accepted_steps) ... ok
2026-10-06T13:14:21.6079292Z test_missing_or_incomplete_png_is_rejected (test_result_qualification.ResultQualification.test_missing_or_incomplete_png_is_rejected) ... ok
2026-10-06T13:14:21.6533036Z test_missing_workload_settings_are_rejected (test_result_qualification.ResultQualification.test_missing_workload_settings_are_rejected) ... ok
2026-10-06T13:14:21.8762026Z test_nonfinite_or_negative_step_diagnostics_are_rejected (test_result_qualification.ResultQualification.test_nonfinite_or_negative_step_diagnostics_are_rejected) ... ok
2026-10-06T13:14:21.9123177Z test_publication_failure_has_no_owned_success_or_summary (test_result_qualification.ResultQualification.test_publication_failure_has_no_owned_success_or_summary) ... ok
2026-10-06T13:14:22.0173946Z test_step_order_time_and_admission_limits_are_checked (test_result_qualification.ResultQualification.test_step_order_time_and_admission_limits_are_checked) ... ok
2026-10-06T13:14:22.0253041Z test_unrepresentable_manifest_number_has_terminal_failure (test_result_qualification.ResultQualification.test_unrepresentable_manifest_number_has_terminal_failure) ... ok
2026-10-06T13:14:22.1227138Z test_valid_zero_and_active_source_runs_for_both_methods (test_result_qualification.ResultQualification.test_valid_zero_and_active_source_runs_for_both_methods) ... ok
2026-10-06T13:14:22.1328101Z test_cancel_before_spawn_and_during_real_work (test_rheon_compare.ComparisonTest.test_cancel_before_spawn_and_during_real_work) ... ok
2026-10-06T13:14:22.3920805Z test_cli_deadline_is_explicit_and_recorded (test_rheon_compare.ComparisonTest.test_cli_deadline_is_explicit_and_recorded) ... ok
2026-10-06T13:14:22.5471351Z test_cli_timeout_returns_failure_without_completion (test_rheon_compare.ComparisonTest.test_cli_timeout_returns_failure_without_completion) ... ok
2026-10-06T13:14:22.5633745Z test_explicit_dt_and_rejection_of_wrong_or_missing_manifest_dt (test_rheon_compare.ComparisonTest.test_explicit_dt_and_rejection_of_wrong_or_missing_manifest_dt) ... ok
2026-10-06T13:14:22.5637984Z test_invalid_deadlines_create_no_output (test_rheon_compare.ComparisonTest.test_invalid_deadlines_create_no_output) ... ok
2026-10-06T13:14:22.5659767Z test_invalid_selection_creates_no_output (test_rheon_compare.ComparisonTest.test_invalid_selection_creates_no_output) ... ok
2026-10-06T13:14:22.6088669Z test_real_comparison_and_preserved_outputs (test_rheon_compare.ComparisonTest.test_real_comparison_and_preserved_outputs) ... ok
2026-10-06T13:14:28.6345216Z test_timeout_terminates_or_kills_then_reaps_without_more_jobs (test_rheon_compare.ComparisonTest.test_timeout_terminates_or_kills_then_reaps_without_more_jobs) ... ok
2026-10-06T13:14:30.3892633Z test_adversarial_fields_energy_units_ledger_and_pixels (test_viscosity_verifier.ViscosityVerifierTest.test_adversarial_fields_energy_units_ledger_and_pixels) ... ok
2026-10-06T13:14:31.1165297Z test_native_shear_decay_refinement_and_coupled_box (test_viscosity_verifier.ViscosityVerifierTest.test_native_shear_decay_refinement_and_coupled_box) ... ok
2026-10-06T13:14:31.1167031Z 
2026-10-06T13:14:31.1167243Z ======================================================================
2026-10-06T13:14:31.1168540Z FAIL: test_ci_budget_preserves_every_existing_job_check (test_column_interface_verifier.ColumnVerifierTest.test_ci_budget_preserves_every_existing_job_check)
2026-10-06T13:14:31.1170370Z ----------------------------------------------------------------------
2026-10-06T13:14:31.1171024Z Traceback (most recent call last):
2026-10-06T13:14:31.1172086Z   File "/home/runner/work/Rheon/Rheon/tools/test_column_interface_verifier.py", line 66, in test_ci_budget_preserves_every_existing_job_check
2026-10-06T13:14:31.1173695Z     self.assertEqual(current.split('jobs:\n',1)[1].replace('timeout-minutes: 30','timeout-minutes: 15'),frozen.split('jobs:\n',1)[1])
2026-10-06T13:14:31.1175236Z AssertionError: '  feature-contracts:\n    name: Feature con[6089 chars]ll\n' != '  core-and-executable:\n    runs-on: ubuntu[3136 chars]14\n'
2026-10-06T13:14:31.1176331Z Diff is 9727 characters long. Set self.maxDiff to None to see it.
2026-10-06T13:14:31.1176812Z 
2026-10-06T13:14:31.1176984Z ======================================================================
2026-10-06T13:14:31.1178484Z FAIL: test_rust_ci_triggers_for_each_example_and_column_verifier (test_column_interface_verifier.ColumnVerifierTest.test_rust_ci_triggers_for_each_example_and_column_verifier) (event='pull_request', path='examples/box_flux.rs')
2026-10-06T13:14:31.1180258Z ----------------------------------------------------------------------
2026-10-06T13:14:31.1180763Z Traceback (most recent call last):
2026-10-06T13:14:31.1181726Z   File "/home/runner/work/Rheon/Rheon/tools/test_column_interface_verifier.py", line 62, in test_rust_ci_triggers_for_each_example_and_column_verifier
2026-10-06T13:14:31.1182778Z     self.assertTrue(row['matched_patterns'])
2026-10-06T13:14:31.1183240Z AssertionError: [] is not true
2026-10-06T13:14:31.1183475Z 
2026-10-06T13:14:31.1183643Z ======================================================================
2026-10-06T13:14:31.1185171Z FAIL: test_rust_ci_triggers_for_each_example_and_column_verifier (test_column_interface_verifier.ColumnVerifierTest.test_rust_ci_triggers_for_each_example_and_column_verifier) (event='pull_request', path='examples/box_flux_step.rs')
2026-10-06T13:14:31.1186732Z ----------------------------------------------------------------------
2026-10-06T13:14:31.1187331Z Traceback (most recent call last):
2026-10-06T13:14:31.1188277Z   File "/home/runner/work/Rheon/Rheon/tools/test_column_interface_verifier.py", line 62, in test_rust_ci_triggers_for_each_example_and_column_verifier
2026-10-06T13:14:31.1189237Z     self.assertTrue(row['matched_patterns'])
2026-10-06T13:14:31.1189862Z AssertionError: [] is not true
2026-10-06T13:14:31.1190118Z 
2026-10-06T13:14:31.1190272Z ======================================================================
2026-10-06T13:14:31.1191773Z FAIL: test_rust_ci_triggers_for_each_example_and_column_verifier (test_column_interface_verifier.ColumnVerifierTest.test_rust_ci_triggers_for_each_example_and_column_verifier) (event='pull_request', path='examples/column_interface.rs')
2026-10-06T13:14:31.1193329Z ----------------------------------------------------------------------
2026-10-06T13:14:31.1193826Z Traceback (most recent call last):
2026-10-06T13:14:31.1194742Z   File "/home/runner/work/Rheon/Rheon/tools/test_column_interface_verifier.py", line 62, in test_rust_ci_triggers_for_each_example_and_column_verifier
2026-10-06T13:14:31.1195732Z     self.assertTrue(row['matched_patterns'])
2026-10-06T13:14:31.1196161Z AssertionError: [] is not true
2026-10-06T13:14:31.1196388Z 
2026-10-06T13:14:31.1196550Z ======================================================================
2026-10-06T13:14:31.1198258Z FAIL: test_rust_ci_triggers_for_each_example_and_column_verifier (test_column_interface_verifier.ColumnVerifierTest.test_rust_ci_triggers_for_each_example_and_column_verifier) (event='pull_request', path='examples/column_mac.rs')
2026-10-06T13:14:31.1199987Z ----------------------------------------------------------------------
2026-10-06T13:14:31.1200688Z Traceback (most recent call last):
2026-10-06T13:14:31.1201601Z   File "/home/runner/work/Rheon/Rheon/tools/test_column_interface_verifier.py", line 62, in test_rust_ci_triggers_for_each_example_and_column_verifier
2026-10-06T13:14:31.1202580Z     self.assertTrue(row['matched_patterns'])
2026-10-06T13:14:31.1203002Z AssertionError: [] is not true
2026-10-06T13:14:31.1203227Z 
2026-10-06T13:14:31.1203389Z ======================================================================
2026-10-06T13:14:31.1204859Z FAIL: test_rust_ci_triggers_for_each_example_and_column_verifier (test_column_interface_verifier.ColumnVerifierTest.test_rust_ci_triggers_for_each_example_and_column_verifier) (event='pull_request', path='examples/column_momentum.rs')
2026-10-06T13:14:31.1206382Z ----------------------------------------------------------------------
2026-10-06T13:14:31.1206902Z Traceback (most recent call last):
2026-10-06T13:14:31.1207823Z   File "/home/runner/work/Rheon/Rheon/tools/test_column_interface_verifier.py", line 62, in test_rust_ci_triggers_for_each_example_and_column_verifier
2026-10-06T13:14:31.1208815Z     self.assertTrue(row['matched_patterns'])
2026-10-06T13:14:31.1209239Z AssertionError: [] is not true
2026-10-06T13:14:31.1209664Z 
2026-10-06T13:14:31.1209833Z ======================================================================
2026-10-06T13:14:31.1211391Z FAIL: test_rust_ci_triggers_for_each_example_and_column_verifier (test_column_interface_verifier.ColumnVerifierTest.test_rust_ci_triggers_for_each_example_and_column_verifier) (event='pull_request', path='examples/column_shear.rs')
2026-10-06T13:14:31.1212862Z ----------------------------------------------------------------------
2026-10-06T13:14:31.1213352Z Traceback (most recent call last):
2026-10-06T13:14:31.1214259Z   File "/home/runner/work/Rheon/Rheon/tools/test_column_interface_verifier.py", line 62, in test_rust_ci_triggers_for_each_example_and_column_verifier
2026-10-06T13:14:31.1215255Z     self.assertTrue(row['matched_patterns'])
2026-10-06T13:14:31.1215682Z AssertionError: [] is not true
2026-10-06T13:14:31.1215908Z 
2026-10-06T13:14:31.1216067Z ======================================================================
2026-10-06T13:14:31.1217490Z FAIL: test_rust_ci_triggers_for_each_example_and_column_verifier (test_column_interface_verifier.ColumnVerifierTest.test_rust_ci_triggers_for_each_example_and_column_verifier) (event='pull_request', path='examples/coupled_discrete.rs')
2026-10-06T13:14:31.1218994Z ----------------------------------------------------------------------
2026-10-06T13:14:31.1219671Z Traceback (most recent call last):
2026-10-06T13:14:31.1220589Z   File "/home/runner/work/Rheon/Rheon/tools/test_column_interface_verifier.py", line 62, in test_rust_ci_triggers_for_each_example_and_column_verifier
2026-10-06T13:14:31.1221537Z     self.assertTrue(row['matched_patterns'])
2026-10-06T13:14:31.1221963Z AssertionError: [] is not true
2026-10-06T13:14:31.1222193Z 
2026-10-06T13:14:31.1222361Z ======================================================================
2026-10-06T13:14:31.1223888Z FAIL: test_rust_ci_triggers_for_each_example_and_column_verifier (test_column_interface_verifier.ColumnVerifierTest.test_rust_ci_triggers_for_each_example_and_column_verifier) (event='pull_request', path='examples/coupled_discrete_identity.rs')
2026-10-06T13:14:31.1225536Z ----------------------------------------------------------------------
2026-10-06T13:14:31.1226054Z Traceback (most recent call last):
2026-10-06T13:14:31.1226999Z   File "/home/runner/work/Rheon/Rheon/tools/test_column_interface_verifier.py", line 62, in test_rust_ci_triggers_for_each_example_and_column_verifier
2026-10-06T13:14:31.1228200Z     self.assertTrue(row['matched_patterns'])
2026-10-06T13:14:31.1228653Z AssertionError: [] is not true
2026-10-06T13:14:31.1228911Z 
2026-10-06T13:14:31.1229094Z ======================================================================
2026-10-06T13:14:31.1230900Z FAIL: test_rust_ci_triggers_for_each_example_and_column_verifier (test_column_interface_verifier.ColumnVerifierTest.test_rust_ci_triggers_for_each_example_and_column_verifier) (event='pull_request', path='examples/coupled_layout_probe.rs')
2026-10-06T13:14:31.1232768Z ----------------------------------------------------------------------
2026-10-06T13:14:31.1233288Z Traceback (most recent call last):
2026-10-06T13:14:31.1234246Z   File "/home/runner/work/Rheon/Rheon/tools/test_column_interface_verifier.py", line 62, in test_rust_ci_triggers_for_each_example_and_column_verifier
2026-10-06T13:14:31.1235305Z     self.assertTrue(row['matched_patterns'])
2026-10-06T13:14:31.1235765Z AssertionError: [] is not true
2026-10-06T13:14:31.1236021Z 
2026-10-06T13:14:31.1236211Z ======================================================================
2026-10-06T13:14:31.1237717Z FAIL: test_rust_ci_triggers_for_each_example_and_column_verifier (test_column_interface_verifier.ColumnVerifierTest.test_rust_ci_triggers_for_each_example_and_column_verifier) (event='pull_request', path='examples/extruded_third.rs')
2026-10-06T13:14:31.1239331Z ----------------------------------------------------------------------
2026-10-06T13:14:31.1240072Z Traceback (most recent call last):
2026-10-06T13:14:31.1241025Z   File "/home/runner/work/Rheon/Rheon/tools/test_column_interface_verifier.py", line 62, in test_rust_ci_triggers_for_each_example_and_column_verifier
2026-10-06T13:14:31.1242071Z     self.assertTrue(row['matched_patterns'])
2026-10-06T13:14:31.1242524Z AssertionError: [] is not true
2026-10-06T13:14:31.1242767Z 
2026-10-06T13:14:31.1242941Z ======================================================================
2026-10-06T13:14:31.1244574Z FAIL: test_rust_ci_triggers_for_each_example_and_column_verifier (test_column_interface_verifier.ColumnVerifierTest.test_rust_ci_triggers_for_each_example_and_column_verifier) (event='pull_request', path='examples/fitted_height.rs')
2026-10-06T13:14:31.1246148Z ----------------------------------------------------------------------
2026-10-06T13:14:31.1246686Z Traceback (most recent call last):
2026-10-06T13:14:31.1247666Z   File "/home/runner/work/Rheon/Rheon/tools/test_column_interface_verifier.py", line 62, in test_rust_ci_triggers_for_each_example_and_column_verifier
2026-10-06T13:14:31.1248696Z     self.assertTrue(row['matched_patterns'])
2026-10-06T13:14:31.1249156Z AssertionError: [] is not true
2026-10-06T13:14:31.1249622Z 
2026-10-06T13:14:31.1249815Z ======================================================================
2026-10-06T13:14:31.1251408Z FAIL: test_rust_ci_triggers_for_each_example_and_column_verifier (test_column_interface_verifier.ColumnVerifierTest.test_rust_ci_triggers_for_each_example_and_column_verifier) (event='pull_request', path='examples/fitted_pressure_path.rs')
2026-10-06T13:14:31.1253055Z ----------------------------------------------------------------------
2026-10-06T13:14:31.1253645Z Traceback (most recent call last):
2026-10-06T13:14:31.1254569Z   File "/home/runner/work/Rheon/Rheon/tools/test_column_interface_verifier.py", line 62, in test_rust_ci_triggers_for_each_example_and_column_verifier
2026-10-06T13:14:31.1255490Z     self.assertTrue(row['matched_patterns'])
2026-10-06T13:14:31.1255887Z AssertionError: [] is not true
2026-10-06T13:14:31.1256100Z 
2026-10-06T13:14:31.1256259Z ======================================================================
2026-10-06T13:14:31.1257732Z FAIL: test_rust_ci_triggers_for_each_example_and_column_verifier (test_column_interface_verifier.ColumnVerifierTest.test_rust_ci_triggers_for_each_example_and_column_verifier) (event='pull_request', path='examples/fixed_bottom_ale.rs')
2026-10-06T13:14:31.1259985Z ----------------------------------------------------------------------
2026-10-06T13:14:31.1260539Z Traceback (most recent call last):
2026-10-06T13:14:31.1261616Z   File "/home/runner/work/Rheon/Rheon/tools/test_column_interface_verifier.py", line 62, in test_rust_ci_triggers_for_each_example_and_column_verifier
2026-10-06T13:14:31.1262846Z     self.assertTrue(row['matched_patterns'])
2026-10-06T13:14:31.1263315Z AssertionError: [] is not true
2026-10-06T13:14:31.1263550Z 
2026-10-06T13:14:31.1263725Z ======================================================================
2026-10-06T13:14:31.1265281Z FAIL: test_rust_ci_triggers_for_each_example_and_column_verifier (test_column_interface_verifier.ColumnVerifierTest.test_rust_ci_triggers_for_each_example_and_column_verifier) (event='pull_request', path='examples/forced_smoke.rs')
2026-10-06T13:14:31.1266875Z ----------------------------------------------------------------------
2026-10-06T13:14:31.1267406Z Traceback (most recent call last):
2026-10-06T13:14:31.1268415Z   File "/home/runner/work/Rheon/Rheon/tools/test_column_interface_verifier.py", line 62, in test_rust_ci_triggers_for_each_example_and_column_verifier
2026-10-06T13:14:31.1269687Z     self.assertTrue(row['matched_patterns'])
2026-10-06T13:14:31.1270150Z AssertionError: [] is not true
2026-10-06T13:14:31.1270401Z 
2026-10-06T13:14:31.1270590Z ======================================================================
2026-10-06T13:14:31.1272169Z FAIL: test_rust_ci_triggers_for_each_example_and_column_verifier (test_column_interface_verifier.ColumnVerifierTest.test_rust_ci_triggers_for_each_example_and_column_verifier) (event='pull_request', path='examples/free_surface.rs')
2026-10-06T13:14:31.1273798Z ----------------------------------------------------------------------
2026-10-06T13:14:31.1274349Z Traceback (most recent call last):
2026-10-06T13:14:31.1275407Z   File "/home/runner/work/Rheon/Rheon/tools/test_column_interface_verifier.py", line 62, in test_rust_ci_triggers_for_each_example_and_column_verifier
2026-10-06T13:14:31.1276516Z     self.assertTrue(row['matched_patterns'])
2026-10-06T13:14:31.1276981Z AssertionError: [] is not true
2026-10-06T13:14:31.1277237Z 
2026-10-06T13:14:31.1277422Z ======================================================================
2026-10-06T13:14:31.1279055Z FAIL: test_rust_ci_triggers_for_each_example_and_column_verifier (test_column_interface_verifier.ColumnVerifierTest.test_rust_ci_triggers_for_each_example_and_column_verifier) (event='pull_request', path='examples/liquid_step.rs')
2026-10-06T13:14:31.1280921Z ----------------------------------------------------------------------
2026-10-06T13:14:31.1281484Z Traceback (most recent call last):
2026-10-06T13:14:31.1282529Z   File "/home/runner/work/Rheon/Rheon/tools/test_column_interface_verifier.py", line 62, in test_rust_ci_triggers_for_each_example_and_column_verifier
2026-10-06T13:14:31.1283633Z     self.assertTrue(row['matched_patterns'])
2026-10-06T13:14:31.1284115Z AssertionError: [] is not true
2026-10-06T13:14:31.1284382Z 
2026-10-06T13:14:31.1284582Z ======================================================================
2026-10-06T13:14:31.1286212Z FAIL: test_rust_ci_triggers_for_each_example_and_column_verifier (test_column_interface_verifier.ColumnVerifierTest.test_rust_ci_triggers_for_each_example_and_column_verifier) (event='pull_request', path='examples/liquid_volume.rs')
2026-10-06T13:14:31.1287914Z ----------------------------------------------------------------------
2026-10-06T13:14:31.1288463Z Traceback (most recent call last):
2026-10-06T13:14:31.1289687Z   File "/home/runner/work/Rheon/Rheon/tools/test_column_interface_verifier.py", line 62, in test_rust_ci_triggers_for_each_example_and_column_verifier
2026-10-06T13:14:31.1290795Z     self.assertTrue(row['matched_patterns'])
2026-10-06T13:14:31.1291280Z AssertionError: [] is not true
2026-10-06T13:14:31.1291549Z 
2026-10-06T13:14:31.1291741Z ======================================================================
2026-10-06T13:14:31.1293618Z FAIL: test_rust_ci_triggers_for_each_example_and_column_verifier (test_column_interface_verifier.ColumnVerifierTest.test_rust_ci_triggers_for_each_example_and_column_verifier) (event='pull_request', path='examples/surface_queries.rs')
2026-10-06T13:14:31.1295355Z ----------------------------------------------------------------------
2026-10-06T13:14:31.1296106Z Traceback (most recent call last):
2026-10-06T13:14:31.1297179Z   File "/home/runner/work/Rheon/Rheon/tools/test_column_interface_verifier.py", line 62, in test_rust_ci_triggers_for_each_example_and_column_verifier
2026-10-06T13:14:31.1298311Z     self.assertTrue(row['matched_patterns'])
2026-10-06T13:14:31.1298809Z AssertionError: [] is not true
2026-10-06T13:14:31.1299080Z 
2026-10-06T13:14:31.1299271Z ======================================================================
2026-10-06T13:14:31.1301146Z FAIL: test_rust_ci_triggers_for_each_example_and_column_verifier (test_column_interface_verifier.ColumnVerifierTest.test_rust_ci_triggers_for_each_example_and_column_verifier) (event='pull_request', path='examples/tracer_barrier.rs')
2026-10-06T13:14:31.1302743Z ----------------------------------------------------------------------
2026-10-06T13:14:31.1303272Z Traceback (most recent call last):
2026-10-06T13:14:31.1304244Z   File "/home/runner/work/Rheon/Rheon/tools/test_column_interface_verifier.py", line 62, in test_rust_ci_triggers_for_each_example_and_column_verifier
2026-10-06T13:14:31.1305296Z     self.assertTrue(row['matched_patterns'])
2026-10-06T13:14:31.1305751Z AssertionError: [] is not true
2026-10-06T13:14:31.1305997Z 
2026-10-06T13:14:31.1306172Z ======================================================================
2026-10-06T13:14:31.1307717Z FAIL: test_rust_ci_triggers_for_each_example_and_column_verifier (test_column_interface_verifier.ColumnVerifierTest.test_rust_ci_triggers_for_each_example_and_column_verifier) (event='pull_request', path='examples/translated_viscous.rs')
2026-10-06T13:14:31.1309234Z ----------------------------------------------------------------------
2026-10-06T13:14:31.1309899Z Traceback (most recent call last):
2026-10-06T13:14:31.1310822Z   File "/home/runner/work/Rheon/Rheon/tools/test_column_interface_verifier.py", line 62, in test_rust_ci_triggers_for_each_example_and_column_verifier
2026-10-06T13:14:31.1311723Z     self.assertTrue(row['matched_patterns'])
2026-10-06T13:14:31.1312172Z AssertionError: [] is not true
2026-10-06T13:14:31.1312438Z 
2026-10-06T13:14:31.1312630Z ======================================================================
2026-10-06T13:14:31.1314285Z FAIL: test_rust_ci_triggers_for_each_example_and_column_verifier (test_column_interface_verifier.ColumnVerifierTest.test_rust_ci_triggers_for_each_example_and_column_verifier) (event='pull_request', path='examples/translating_surface.rs')
2026-10-06T13:14:31.1315999Z ----------------------------------------------------------------------
2026-10-06T13:14:31.1316566Z Traceback (most recent call last):
2026-10-06T13:14:31.1317561Z   File "/home/runner/work/Rheon/Rheon/tools/test_column_interface_verifier.py", line 62, in test_rust_ci_triggers_for_each_example_and_column_verifier
2026-10-06T13:14:31.1318630Z     self.assertTrue(row['matched_patterns'])
2026-10-06T13:14:31.1319088Z AssertionError: [] is not true
2026-10-06T13:14:31.1319339Z 
2026-10-06T13:14:31.1319700Z ======================================================================
2026-10-06T13:14:31.1321270Z FAIL: test_rust_ci_triggers_for_each_example_and_column_verifier (test_column_interface_verifier.ColumnVerifierTest.test_rust_ci_triggers_for_each_example_and_column_verifier) (event='pull_request', path='examples/viscosity.rs')
2026-10-06T13:14:31.1322864Z ----------------------------------------------------------------------
2026-10-06T13:14:31.1323422Z Traceback (most recent call last):
2026-10-06T13:14:31.1324392Z   File "/home/runner/work/Rheon/Rheon/tools/test_column_interface_verifier.py", line 62, in test_rust_ci_triggers_for_each_example_and_column_verifier
2026-10-06T13:14:31.1325408Z     self.assertTrue(row['matched_patterns'])
2026-10-06T13:14:31.1326045Z AssertionError: [] is not true
2026-10-06T13:14:31.1326304Z 
2026-10-06T13:14:31.1326486Z ======================================================================
2026-10-06T13:14:31.1328087Z FAIL: test_rust_ci_triggers_for_each_example_and_column_verifier (test_column_interface_verifier.ColumnVerifierTest.test_rust_ci_triggers_for_each_example_and_column_verifier) (event='pull_request', path='tools/verify_column_interface.py')
2026-10-06T13:14:31.1330097Z ----------------------------------------------------------------------
2026-10-06T13:14:31.1330649Z Traceback (most recent call last):
2026-10-06T13:14:31.1331607Z   File "/home/runner/work/Rheon/Rheon/tools/test_column_interface_verifier.py", line 62, in test_rust_ci_triggers_for_each_example_and_column_verifier
2026-10-06T13:14:31.1332635Z     self.assertTrue(row['matched_patterns'])
2026-10-06T13:14:31.1333086Z AssertionError: [] is not true
2026-10-06T13:14:31.1333326Z 
2026-10-06T13:14:31.1333512Z ======================================================================
2026-10-06T13:14:31.1335160Z FAIL: test_rust_ci_triggers_for_each_example_and_column_verifier (test_column_interface_verifier.ColumnVerifierTest.test_rust_ci_triggers_for_each_example_and_column_verifier) (event='pull_request', path='tools/test_column_interface_verifier.py')
2026-10-06T13:14:31.1336843Z ----------------------------------------------------------------------
2026-10-06T13:14:31.1337368Z Traceback (most recent call last):
2026-10-06T13:14:31.1338345Z   File "/home/runner/work/Rheon/Rheon/tools/test_column_interface_verifier.py", line 62, in test_rust_ci_triggers_for_each_example_and_column_verifier
2026-10-06T13:14:31.1339372Z     self.assertTrue(row['matched_patterns'])
2026-10-06T13:14:31.1340022Z AssertionError: [] is not true
2026-10-06T13:14:31.1340272Z 
2026-10-06T13:14:31.1340455Z ======================================================================
2026-10-06T13:14:31.1342274Z FAIL: test_rust_ci_triggers_for_each_example_and_column_verifier (test_column_interface_verifier.ColumnVerifierTest.test_rust_ci_triggers_for_each_example_and_column_verifier) (event='pull_request', path='evidence/column-interface/demo/jacobi-pcg-v1-activation/final.png')
2026-10-06T13:14:31.1344105Z ----------------------------------------------------------------------
2026-10-06T13:14:31.1344636Z Traceback (most recent call last):
2026-10-06T13:14:31.1345643Z   File "/home/runner/work/Rheon/Rheon/tools/test_column_interface_verifier.py", line 62, in test_rust_ci_triggers_for_each_example_and_column_verifier
2026-10-06T13:14:31.1346702Z     self.assertTrue(row['matched_patterns'])
2026-10-06T13:14:31.1347153Z AssertionError: [] is not true
2026-10-06T13:14:31.1347401Z 
2026-10-06T13:14:31.1347584Z ======================================================================
2026-10-06T13:14:31.1349074Z FAIL: test_rust_ci_triggers_for_each_example_and_column_verifier (test_column_interface_verifier.ColumnVerifierTest.test_rust_ci_triggers_for_each_example_and_column_verifier) (event='push', path='examples/box_flux.rs')
2026-10-06T13:14:31.1350795Z ----------------------------------------------------------------------
2026-10-06T13:14:31.1351347Z Traceback (most recent call last):
2026-10-06T13:14:31.1352369Z   File "/home/runner/work/Rheon/Rheon/tools/test_column_interface_verifier.py", line 62, in test_rust_ci_triggers_for_each_example_and_column_verifier
2026-10-06T13:14:31.1353467Z     self.assertTrue(row['matched_patterns'])
2026-10-06T13:14:31.1379028Z AssertionError: [] is not true
2026-10-06T13:14:31.1379385Z 
2026-10-06T13:14:31.1379859Z ======================================================================
2026-10-06T13:14:31.1381395Z FAIL: test_rust_ci_triggers_for_each_example_and_column_verifier (test_column_interface_verifier.ColumnVerifierTest.test_rust_ci_triggers_for_each_example_and_column_verifier) (event='push', path='examples/box_flux_step.rs')
2026-10-06T13:14:31.1382957Z ----------------------------------------------------------------------
2026-10-06T13:14:31.1383770Z Traceback (most recent call last):
2026-10-06T13:14:31.1384857Z   File "/home/runner/work/Rheon/Rheon/tools/test_column_interface_verifier.py", line 62, in test_rust_ci_triggers_for_each_example_and_column_verifier
2026-10-06T13:14:31.1386022Z     self.assertTrue(row['matched_patterns'])
2026-10-06T13:14:31.1386711Z AssertionError: [] is not true
2026-10-06T13:14:31.1386988Z 
2026-10-06T13:14:31.1387170Z ======================================================================
2026-10-06T13:14:31.1388852Z FAIL: test_rust_ci_triggers_for_each_example_and_column_verifier (test_column_interface_verifier.ColumnVerifierTest.test_rust_ci_triggers_for_each_example_and_column_verifier) (event='push', path='examples/column_interface.rs')
2026-10-06T13:14:31.1390811Z ----------------------------------------------------------------------
2026-10-06T13:14:31.1391256Z Traceback (most recent call last):
2026-10-06T13:14:31.1392031Z   File "/home/runner/work/Rheon/Rheon/tools/test_column_interface_verifier.py", line 62, in test_rust_ci_triggers_for_each_example_and_column_verifier
2026-10-06T13:14:31.1392846Z     self.assertTrue(row['matched_patterns'])
2026-10-06T13:14:31.1393192Z AssertionError: [] is not true
2026-10-06T13:14:31.1393383Z 
2026-10-06T13:14:31.1393512Z ======================================================================
2026-10-06T13:14:31.1394663Z FAIL: test_rust_ci_triggers_for_each_example_and_column_verifier (test_column_interface_verifier.ColumnVerifierTest.test_rust_ci_triggers_for_each_example_and_column_verifier) (event='push', path='examples/column_mac.rs')
2026-10-06T13:14:31.1395844Z ----------------------------------------------------------------------
2026-10-06T13:14:31.1396246Z Traceback (most recent call last):
2026-10-06T13:14:31.1396990Z   File "/home/runner/work/Rheon/Rheon/tools/test_column_interface_verifier.py", line 62, in test_rust_ci_triggers_for_each_example_and_column_verifier
2026-10-06T13:14:31.1397778Z     self.assertTrue(row['matched_patterns'])
2026-10-06T13:14:31.1398118Z AssertionError: [] is not true
2026-10-06T13:14:31.1398309Z 
2026-10-06T13:14:31.1398435Z ======================================================================
2026-10-06T13:14:31.1399768Z FAIL: test_rust_ci_triggers_for_each_example_and_column_verifier (test_column_interface_verifier.ColumnVerifierTest.test_rust_ci_triggers_for_each_example_and_column_verifier) (event='push', path='examples/column_momentum.rs')
2026-10-06T13:14:31.1400974Z ----------------------------------------------------------------------
2026-10-06T13:14:31.1401370Z Traceback (most recent call last):
2026-10-06T13:14:31.1402099Z   File "/home/runner/work/Rheon/Rheon/tools/test_column_interface_verifier.py", line 62, in test_rust_ci_triggers_for_each_example_and_column_verifier
2026-10-06T13:14:31.1402881Z     self.assertTrue(row['matched_patterns'])
2026-10-06T13:14:31.1403210Z AssertionError: [] is not true
2026-10-06T13:14:31.1403381Z 
2026-10-06T13:14:31.1403483Z ======================================================================
2026-10-06T13:14:31.1404405Z FAIL: test_rust_ci_triggers_for_each_example_and_column_verifier (test_column_interface_verifier.ColumnVerifierTest.test_rust_ci_triggers_for_each_example_and_column_verifier) (event='push', path='examples/column_shear.rs')
2026-10-06T13:14:31.1405346Z ----------------------------------------------------------------------
2026-10-06T13:14:31.1405676Z Traceback (most recent call last):
2026-10-06T13:14:31.1406273Z   File "/home/runner/work/Rheon/Rheon/tools/test_column_interface_verifier.py", line 62, in test_rust_ci_triggers_for_each_example_and_column_verifier
2026-10-06T13:14:31.1406897Z     self.assertTrue(row['matched_patterns'])
2026-10-06T13:14:31.1407169Z AssertionError: [] is not true
2026-10-06T13:14:31.1407327Z 
2026-10-06T13:14:31.1407426Z ======================================================================
2026-10-06T13:14:31.1408550Z FAIL: test_rust_ci_triggers_for_each_example_and_column_verifier (test_column_interface_verifier.ColumnVerifierTest.test_rust_ci_triggers_for_each_example_and_column_verifier) (event='push', path='examples/coupled_discrete.rs')
2026-10-06T13:14:31.1409819Z ----------------------------------------------------------------------
2026-10-06T13:14:31.1410163Z Traceback (most recent call last):
2026-10-06T13:14:31.1410757Z   File "/home/runner/work/Rheon/Rheon/tools/test_column_interface_verifier.py", line 62, in test_rust_ci_triggers_for_each_example_and_column_verifier
2026-10-06T13:14:31.1411537Z     self.assertTrue(row['matched_patterns'])
2026-10-06T13:14:31.1411809Z AssertionError: [] is not true
2026-10-06T13:14:31.1411961Z 
2026-10-06T13:14:31.1412061Z ======================================================================
2026-10-06T13:14:31.1413003Z FAIL: test_rust_ci_triggers_for_each_example_and_column_verifier (test_column_interface_verifier.ColumnVerifierTest.test_rust_ci_triggers_for_each_example_and_column_verifier) (event='push', path='examples/coupled_discrete_identity.rs')
2026-10-06T13:14:31.1413973Z ----------------------------------------------------------------------
2026-10-06T13:14:31.1414288Z Traceback (most recent call last):
2026-10-06T13:14:31.1414864Z   File "/home/runner/work/Rheon/Rheon/tools/test_column_interface_verifier.py", line 62, in test_rust_ci_triggers_for_each_example_and_column_verifier
2026-10-06T13:14:31.1415482Z     self.assertTrue(row['matched_patterns'])
2026-10-06T13:14:31.1415747Z AssertionError: [] is not true
2026-10-06T13:14:31.1415895Z 
2026-10-06T13:14:31.1415994Z ======================================================================
2026-10-06T13:14:31.1416903Z FAIL: test_rust_ci_triggers_for_each_example_and_column_verifier (test_column_interface_verifier.ColumnVerifierTest.test_rust_ci_triggers_for_each_example_and_column_verifier) (event='push', path='examples/coupled_layout_probe.rs')
2026-10-06T13:14:31.1417846Z ----------------------------------------------------------------------
2026-10-06T13:14:31.1418155Z Traceback (most recent call last):
2026-10-06T13:14:31.1418732Z   File "/home/runner/work/Rheon/Rheon/tools/test_column_interface_verifier.py", line 62, in test_rust_ci_triggers_for_each_example_and_column_verifier
2026-10-06T13:14:31.1419365Z     self.assertTrue(row['matched_patterns'])
2026-10-06T13:14:31.1419947Z AssertionError: [] is not true
2026-10-06T13:14:31.1420105Z 
2026-10-06T13:14:31.1420211Z ======================================================================
2026-10-06T13:14:31.1421111Z FAIL: test_rust_ci_triggers_for_each_example_and_column_verifier (test_column_interface_verifier.ColumnVerifierTest.test_rust_ci_triggers_for_each_example_and_column_verifier) (event='push', path='examples/extruded_third.rs')
2026-10-06T13:14:31.1422034Z ----------------------------------------------------------------------
2026-10-06T13:14:31.1422347Z Traceback (most recent call last):
2026-10-06T13:14:31.1422921Z   File "/home/runner/work/Rheon/Rheon/tools/test_column_interface_verifier.py", line 62, in test_rust_ci_triggers_for_each_example_and_column_verifier
2026-10-06T13:14:31.1423540Z     self.assertTrue(row['matched_patterns'])
2026-10-06T13:14:31.1423807Z AssertionError: [] is not true
2026-10-06T13:14:31.1423957Z 
2026-10-06T13:14:31.1424056Z ======================================================================
2026-10-06T13:14:31.1424935Z FAIL: test_rust_ci_triggers_for_each_example_and_column_verifier (test_column_interface_verifier.ColumnVerifierTest.test_rust_ci_triggers_for_each_example_and_column_verifier) (event='push', path='examples/fitted_height.rs')
2026-10-06T13:14:31.1425864Z ----------------------------------------------------------------------
2026-10-06T13:14:31.1426173Z Traceback (most recent call last):
2026-10-06T13:14:31.1426748Z   File "/home/runner/work/Rheon/Rheon/tools/test_column_interface_verifier.py", line 62, in test_rust_ci_triggers_for_each_example_and_column_verifier
2026-10-06T13:14:31.1427361Z     self.assertTrue(row['matched_patterns'])
2026-10-06T13:14:31.1427624Z AssertionError: [] is not true
2026-10-06T13:14:31.1427774Z 
2026-10-06T13:14:31.1428013Z ======================================================================
2026-10-06T13:14:31.1428934Z FAIL: test_rust_ci_triggers_for_each_example_and_column_verifier (test_column_interface_verifier.ColumnVerifierTest.test_rust_ci_triggers_for_each_example_and_column_verifier) (event='push', path='examples/fitted_pressure_path.rs')
2026-10-06T13:14:31.1430335Z ----------------------------------------------------------------------
2026-10-06T13:14:31.1430670Z Traceback (most recent call last):
2026-10-06T13:14:31.1431254Z   File "/home/runner/work/Rheon/Rheon/tools/test_column_interface_verifier.py", line 62, in test_rust_ci_triggers_for_each_example_and_column_verifier
2026-10-06T13:14:31.1431877Z     self.assertTrue(row['matched_patterns'])
2026-10-06T13:14:31.1432151Z AssertionError: [] is not true
2026-10-06T13:14:31.1432305Z 
2026-10-06T13:14:31.1432406Z ======================================================================
2026-10-06T13:14:31.1433311Z FAIL: test_rust_ci_triggers_for_each_example_and_column_verifier (test_column_interface_verifier.ColumnVerifierTest.test_rust_ci_triggers_for_each_example_and_column_verifier) (event='push', path='examples/fixed_bottom_ale.rs')
2026-10-06T13:14:31.1434236Z ----------------------------------------------------------------------
2026-10-06T13:14:31.1434557Z Traceback (most recent call last):
2026-10-06T13:14:31.1435142Z   File "/home/runner/work/Rheon/Rheon/tools/test_column_interface_verifier.py", line 62, in test_rust_ci_triggers_for_each_example_and_column_verifier
2026-10-06T13:14:31.1435758Z     self.assertTrue(row['matched_patterns'])
2026-10-06T13:14:31.1436025Z AssertionError: [] is not true
2026-10-06T13:14:31.1436174Z 
2026-10-06T13:14:31.1436274Z ======================================================================
2026-10-06T13:14:31.1437159Z FAIL: test_rust_ci_triggers_for_each_example_and_column_verifier (test_column_interface_verifier.ColumnVerifierTest.test_rust_ci_triggers_for_each_example_and_column_verifier) (event='push', path='examples/forced_smoke.rs')
2026-10-06T13:14:31.1438070Z ----------------------------------------------------------------------
2026-10-06T13:14:31.1438390Z Traceback (most recent call last):
2026-10-06T13:14:31.1438965Z   File "/home/runner/work/Rheon/Rheon/tools/test_column_interface_verifier.py", line 62, in test_rust_ci_triggers_for_each_example_and_column_verifier
2026-10-06T13:14:31.1439753Z     self.assertTrue(row['matched_patterns'])
2026-10-06T13:14:31.1440024Z AssertionError: [] is not true
2026-10-06T13:14:31.1440173Z 
2026-10-06T13:14:31.1440272Z ======================================================================
2026-10-06T13:14:31.1441152Z FAIL: test_rust_ci_triggers_for_each_example_and_column_verifier (test_column_interface_verifier.ColumnVerifierTest.test_rust_ci_triggers_for_each_example_and_column_verifier) (event='push', path='examples/free_surface.rs')
2026-10-06T13:14:31.1442098Z ----------------------------------------------------------------------
2026-10-06T13:14:31.1442415Z Traceback (most recent call last):
2026-10-06T13:14:31.1442989Z   File "/home/runner/work/Rheon/Rheon/tools/test_column_interface_verifier.py", line 62, in test_rust_ci_triggers_for_each_example_and_column_verifier
2026-10-06T13:14:31.1443607Z     self.assertTrue(row['matched_patterns'])
2026-10-06T13:14:31.1443893Z AssertionError: [] is not true
2026-10-06T13:14:31.1444046Z 
2026-10-06T13:14:31.1444145Z ======================================================================
2026-10-06T13:14:31.1445526Z FAIL: test_rust_ci_triggers_for_each_example_and_column_verifier (test_column_interface_verifier.ColumnVerifierTest.test_rust_ci_triggers_for_each_example_and_column_verifier) (event='push', path='examples/liquid_step.rs')
2026-10-06T13:14:31.1446512Z ----------------------------------------------------------------------
2026-10-06T13:14:31.1446839Z Traceback (most recent call last):
2026-10-06T13:14:31.1447414Z   File "/home/runner/work/Rheon/Rheon/tools/test_column_interface_verifier.py", line 62, in test_rust_ci_triggers_for_each_example_and_column_verifier
2026-10-06T13:14:31.1448195Z     self.assertTrue(row['matched_patterns'])
2026-10-06T13:14:31.1448474Z AssertionError: [] is not true
2026-10-06T13:14:31.1448620Z 
2026-10-06T13:14:31.1448726Z ======================================================================
2026-10-06T13:14:31.1450045Z FAIL: test_rust_ci_triggers_for_each_example_and_column_verifier (test_column_interface_verifier.ColumnVerifierTest.test_rust_ci_triggers_for_each_example_and_column_verifier) (event='push', path='examples/liquid_volume.rs')
2026-10-06T13:14:31.1450985Z ----------------------------------------------------------------------
2026-10-06T13:14:31.1451312Z Traceback (most recent call last):
2026-10-06T13:14:31.1451886Z   File "/home/runner/work/Rheon/Rheon/tools/test_column_interface_verifier.py", line 62, in test_rust_ci_triggers_for_each_example_and_column_verifier
2026-10-06T13:14:31.1452498Z     self.assertTrue(row['matched_patterns'])
2026-10-06T13:14:31.1452765Z AssertionError: [] is not true
2026-10-06T13:14:31.1452920Z 
2026-10-06T13:14:31.1453027Z ======================================================================
2026-10-06T13:14:31.1453923Z FAIL: test_rust_ci_triggers_for_each_example_and_column_verifier (test_column_interface_verifier.ColumnVerifierTest.test_rust_ci_triggers_for_each_example_and_column_verifier) (event='push', path='examples/surface_queries.rs')
2026-10-06T13:14:31.1454854Z ----------------------------------------------------------------------
2026-10-06T13:14:31.1455172Z Traceback (most recent call last):
2026-10-06T13:14:31.1455748Z   File "/home/runner/work/Rheon/Rheon/tools/test_column_interface_verifier.py", line 62, in test_rust_ci_triggers_for_each_example_and_column_verifier
2026-10-06T13:14:31.1456358Z     self.assertTrue(row['matched_patterns'])
2026-10-06T13:14:31.1456624Z AssertionError: [] is not true
2026-10-06T13:14:31.1456768Z 
2026-10-06T13:14:31.1456878Z ======================================================================
2026-10-06T13:14:31.1457776Z FAIL: test_rust_ci_triggers_for_each_example_and_column_verifier (test_column_interface_verifier.ColumnVerifierTest.test_rust_ci_triggers_for_each_example_and_column_verifier) (event='push', path='examples/tracer_barrier.rs')
2026-10-06T13:14:31.1458688Z ----------------------------------------------------------------------
2026-10-06T13:14:31.1459002Z Traceback (most recent call last):
2026-10-06T13:14:31.1459940Z   File "/home/runner/work/Rheon/Rheon/tools/test_column_interface_verifier.py", line 62, in test_rust_ci_triggers_for_each_example_and_column_verifier
2026-10-06T13:14:31.1460576Z     self.assertTrue(row['matched_patterns'])
2026-10-06T13:14:31.1460850Z AssertionError: [] is not true
2026-10-06T13:14:31.1461000Z 
2026-10-06T13:14:31.1461107Z ======================================================================
2026-10-06T13:14:31.1462043Z FAIL: test_rust_ci_triggers_for_each_example_and_column_verifier (test_column_interface_verifier.ColumnVerifierTest.test_rust_ci_triggers_for_each_example_and_column_verifier) (event='push', path='examples/translated_viscous.rs')
2026-10-06T13:14:31.1462983Z ----------------------------------------------------------------------
2026-10-06T13:14:31.1463298Z Traceback (most recent call last):
2026-10-06T13:14:31.1463877Z   File "/home/runner/work/Rheon/Rheon/tools/test_column_interface_verifier.py", line 62, in test_rust_ci_triggers_for_each_example_and_column_verifier
2026-10-06T13:14:31.1464493Z     self.assertTrue(row['matched_patterns'])
2026-10-06T13:14:31.1464763Z AssertionError: [] is not true
2026-10-06T13:14:31.1464905Z 
2026-10-06T13:14:31.1465011Z ======================================================================
2026-10-06T13:14:31.1465916Z FAIL: test_rust_ci_triggers_for_each_example_and_column_verifier (test_column_interface_verifier.ColumnVerifierTest.test_rust_ci_triggers_for_each_example_and_column_verifier) (event='push', path='examples/translating_surface.rs')
2026-10-06T13:14:31.1466848Z ----------------------------------------------------------------------
2026-10-06T13:14:31.1467333Z Traceback (most recent call last):
2026-10-06T13:14:31.1467921Z   File "/home/runner/work/Rheon/Rheon/tools/test_column_interface_verifier.py", line 62, in test_rust_ci_triggers_for_each_example_and_column_verifier
2026-10-06T13:14:31.1468538Z     self.assertTrue(row['matched_patterns'])
2026-10-06T13:14:31.1468909Z AssertionError: [] is not true
2026-10-06T13:14:31.1469054Z 
2026-10-06T13:14:31.1469159Z ======================================================================
2026-10-06T13:14:31.1470302Z FAIL: test_rust_ci_triggers_for_each_example_and_column_verifier (test_column_interface_verifier.ColumnVerifierTest.test_rust_ci_triggers_for_each_example_and_column_verifier) (event='push', path='examples/viscosity.rs')
2026-10-06T13:14:31.1471314Z ----------------------------------------------------------------------
2026-10-06T13:14:31.1471633Z Traceback (most recent call last):
2026-10-06T13:14:31.1472267Z   File "/home/runner/work/Rheon/Rheon/tools/test_column_interface_verifier.py", line 62, in test_rust_ci_triggers_for_each_example_and_column_verifier
2026-10-06T13:14:31.1472888Z     self.assertTrue(row['matched_patterns'])
2026-10-06T13:14:31.1473153Z AssertionError: [] is not true
2026-10-06T13:14:31.1473297Z 
2026-10-06T13:14:31.1473401Z ======================================================================
2026-10-06T13:14:31.1474328Z FAIL: test_rust_ci_triggers_for_each_example_and_column_verifier (test_column_interface_verifier.ColumnVerifierTest.test_rust_ci_triggers_for_each_example_and_column_verifier) (event='push', path='tools/verify_column_interface.py')
2026-10-06T13:14:31.1475263Z ----------------------------------------------------------------------
2026-10-06T13:14:31.1475590Z Traceback (most recent call last):
2026-10-06T13:14:31.1476167Z   File "/home/runner/work/Rheon/Rheon/tools/test_column_interface_verifier.py", line 62, in test_rust_ci_triggers_for_each_example_and_column_verifier
2026-10-06T13:14:31.1476779Z     self.assertTrue(row['matched_patterns'])
2026-10-06T13:14:31.1477048Z AssertionError: [] is not true
2026-10-06T13:14:31.1477194Z 
2026-10-06T13:14:31.1477298Z ======================================================================
2026-10-06T13:14:31.1478227Z FAIL: test_rust_ci_triggers_for_each_example_and_column_verifier (test_column_interface_verifier.ColumnVerifierTest.test_rust_ci_triggers_for_each_example_and_column_verifier) (event='push', path='tools/test_column_interface_verifier.py')
2026-10-06T13:14:31.1479949Z ----------------------------------------------------------------------
2026-10-06T13:14:31.1480541Z Traceback (most recent call last):
2026-10-06T13:14:31.1481529Z   File "/home/runner/work/Rheon/Rheon/tools/test_column_interface_verifier.py", line 62, in test_rust_ci_triggers_for_each_example_and_column_verifier
2026-10-06T13:14:31.1482186Z     self.assertTrue(row['matched_patterns'])
2026-10-06T13:14:31.1482470Z AssertionError: [] is not true
2026-10-06T13:14:31.1482622Z 
2026-10-06T13:14:31.1482745Z ======================================================================
2026-10-06T13:14:31.1483801Z FAIL: test_rust_ci_triggers_for_each_example_and_column_verifier (test_column_interface_verifier.ColumnVerifierTest.test_rust_ci_triggers_for_each_example_and_column_verifier) (event='push', path='evidence/column-interface/demo/jacobi-pcg-v1-activation/final.png')
2026-10-06T13:14:31.1484872Z ----------------------------------------------------------------------
2026-10-06T13:14:31.1485201Z Traceback (most recent call last):
2026-10-06T13:14:31.1485794Z   File "/home/runner/work/Rheon/Rheon/tools/test_column_interface_verifier.py", line 62, in test_rust_ci_triggers_for_each_example_and_column_verifier
2026-10-06T13:14:31.1486429Z     self.assertTrue(row['matched_patterns'])
2026-10-06T13:14:31.1486703Z AssertionError: [] is not true
2026-10-06T13:14:31.1486858Z 
2026-10-06T13:14:31.1486989Z ----------------------------------------------------------------------
2026-10-06T13:14:31.1487301Z Ran 37 tests in 63.740s
2026-10-06T13:14:31.1487440Z 
2026-10-06T13:14:31.1487670Z FAILED (failures=51)
2026-10-06T13:14:31.1498028Z ##[error]Process completed with exit code 1.
2026-10-06T13:14:31.1630550Z Post job cleanup.
2026-10-06T13:14:31.2466937Z [command]/usr/bin/git version
2026-10-06T13:14:31.2510302Z git version 2.55.0
2026-10-06T13:14:31.2550669Z Temporarily overriding HOME='/home/runner/work/_temp/c6842daf-ffb5-42a6-9a58-fd9520820e05' before making global git config changes
2026-10-06T13:14:31.2551973Z Adding repository directory to the temporary git global config as a safe directory
2026-10-06T13:14:31.2557037Z [command]/usr/bin/git config --global --add safe.directory /home/runner/work/Rheon/Rheon
2026-10-06T13:14:31.2596748Z [command]/usr/bin/git config --local --name-only --get-regexp core\.sshCommand
2026-10-06T13:14:31.2632139Z [command]/usr/bin/git submodule foreach --recursive sh -c "git config --local --name-only --get-regexp 'core\.sshCommand' && git config --local --unset-all 'core.sshCommand' || :"
2026-10-06T13:14:31.2896045Z [command]/usr/bin/git config --local --name-only --get-regexp http\.https\:\/\/github\.com\/\.extraheader
2026-10-06T13:14:31.2936649Z [command]/usr/bin/git submodule foreach --recursive sh -c "git config --local --name-only --get-regexp 'http\.https\:\/\/github\.com\/\.extraheader' && git config --local --unset-all 'http.https://github.com/.extraheader' || :"
2026-10-06T13:14:31.3391451Z Cleaning up orphan processes
2026-10-06T13:14:31.3684649Z ##[warning]Node.js 20 is deprecated. The following actions target Node.js 20 but are being forced to run on Node.js 24: actions/checkout@11bd71901bbe5b1630ceea73d27597364c9af683. For more information see: https://github.blog/changelog/2025-09-19-deprecation-of-node-20-on-github-actions-runners/

