2026-10-06T13:12:51.5175603Z Current runner version: '2.337.0'
2026-10-06T13:12:51.5192331Z ##[group]Runner Image Provisioner
2026-10-06T13:12:51.5192994Z Hosted Compute Agent
2026-10-06T13:12:51.5193415Z Version: 20260901.588
2026-10-06T13:12:51.5193899Z Commit: f88ec8081b781fac6c440065ac7ff9e710ce3d0b
2026-10-06T13:12:51.5194389Z Build Date: 2026-09-01T19:56:44Z
2026-10-06T13:12:51.5194860Z Worker ID: {6942ccff-2d38-491e-a6c4-030e992a7784}
2026-10-06T13:12:51.5195349Z Azure Region: centralus
2026-10-06T13:12:51.5195729Z ##[endgroup]
2026-10-06T13:12:51.5196549Z ##[group]Operating System
2026-10-06T13:12:51.5196955Z Ubuntu
2026-10-06T13:12:51.5197343Z 24.04.5
2026-10-06T13:12:51.5197702Z LTS
2026-10-06T13:12:51.5198041Z ##[endgroup]
2026-10-06T13:12:51.5198755Z ##[group]Runner Image
2026-10-06T13:12:51.5199161Z Image: ubuntu-24.04
2026-10-06T13:12:51.5199555Z Version: 20260927.320.1
2026-10-06T13:12:51.5200437Z Included Software: https://github.com/actions/runner-images/blob/ubuntu24/20260927.320/images/ubuntu/Ubuntu2404-Readme.md
2026-10-06T13:12:51.5201789Z Image Release: https://github.com/actions/runner-images/releases/tag/ubuntu24%2F20260927.320
2026-10-06T13:12:51.5202459Z ##[endgroup]
2026-10-06T13:12:51.5203206Z ##[group]GITHUB_TOKEN Permissions
2026-10-06T13:12:51.5204916Z Contents: read
2026-10-06T13:12:51.5205338Z Metadata: read
2026-10-06T13:12:51.5205713Z ##[endgroup]
2026-10-06T13:12:51.5207132Z Secret source: Actions
2026-10-06T13:12:51.5207815Z Cache mode: write
2026-10-06T13:12:51.5208441Z Prepare workflow directory
2026-10-06T13:12:51.5470926Z Prepare all required actions
2026-10-06T13:12:51.5508742Z Getting action download info
2026-10-06T13:12:51.7940469Z Download action repository 'actions/checkout@11bd71901bbe5b1630ceea73d27597364c9af683' (SHA:11bd71901bbe5b1630ceea73d27597364c9af683)
2026-10-06T13:12:53.7282729Z Complete job name: Feature contracts (desktop)
2026-10-06T13:12:53.7788969Z ##[group]Run actions/checkout@11bd71901bbe5b1630ceea73d27597364c9af683
2026-10-06T13:12:53.7789722Z with:
2026-10-06T13:12:53.7790076Z   persist-credentials: false
2026-10-06T13:12:53.7790434Z   repository: MrScripty/Rheon
2026-10-06T13:12:53.7792214Z   token: ***
2026-10-06T13:12:53.7792529Z   ssh-strict: true
2026-10-06T13:12:53.7792872Z   ssh-user: git
2026-10-06T13:12:53.7793168Z   clean: true
2026-10-06T13:12:53.7793534Z   sparse-checkout-cone-mode: true
2026-10-06T13:12:53.7793887Z   fetch-depth: 1
2026-10-06T13:12:53.7794221Z   fetch-tags: false
2026-10-06T13:12:53.7794549Z   show-progress: true
2026-10-06T13:12:53.7794854Z   lfs: false
2026-10-06T13:12:53.7795159Z   submodules: false
2026-10-06T13:12:53.7795491Z   set-safe-directory: true
2026-10-06T13:12:53.7795938Z env:
2026-10-06T13:12:53.7796245Z   CARGO_BUILD_JOBS: 1
2026-10-06T13:12:53.7796552Z ##[endgroup]
2026-10-06T13:12:53.8574892Z Syncing repository: MrScripty/Rheon
2026-10-06T13:12:53.8576825Z ##[group]Getting Git version info
2026-10-06T13:12:53.8577423Z Working directory is '/home/runner/work/Rheon/Rheon'
2026-10-06T13:12:53.8578575Z [command]/usr/bin/git version
2026-10-06T13:12:54.2360810Z git version 2.55.0
2026-10-06T13:12:54.2375186Z ##[endgroup]
2026-10-06T13:12:54.2387701Z Temporarily overriding HOME='/home/runner/work/_temp/d8daa463-aa02-47e9-a618-ce146883a457' before making global git config changes
2026-10-06T13:12:54.2388949Z Adding repository directory to the temporary git global config as a safe directory
2026-10-06T13:12:54.2392454Z [command]/usr/bin/git config --global --add safe.directory /home/runner/work/Rheon/Rheon
2026-10-06T13:12:54.2515906Z Deleting the contents of '/home/runner/work/Rheon/Rheon'
2026-10-06T13:12:54.2519433Z ##[group]Initializing the repository
2026-10-06T13:12:54.2523194Z [command]/usr/bin/git init /home/runner/work/Rheon/Rheon
2026-10-06T13:12:54.2770646Z hint: Using 'master' as the name for the initial branch. This default branch name
2026-10-06T13:12:54.2771512Z hint: will change to "main" in Git 3.0. To configure the initial branch name
2026-10-06T13:12:54.2772217Z hint: to use in all of your new repositories, which will suppress this warning,
2026-10-06T13:12:54.2772983Z hint: call:
2026-10-06T13:12:54.2773297Z hint:
2026-10-06T13:12:54.2773686Z hint: 	git config --global init.defaultBranch <name>
2026-10-06T13:12:54.2774098Z hint:
2026-10-06T13:12:54.2774560Z hint: Names commonly chosen instead of 'master' are 'main', 'trunk' and
2026-10-06T13:12:54.2775063Z hint: 'development'. The just-created branch can be renamed via this command:
2026-10-06T13:12:54.2775471Z hint:
2026-10-06T13:12:54.2775790Z hint: 	git branch -m <name>
2026-10-06T13:12:54.2776144Z hint:
2026-10-06T13:12:54.2776522Z hint: Disable this message with "git config set advice.defaultBranchName false"
2026-10-06T13:12:54.2777059Z Initialized empty Git repository in /home/runner/work/Rheon/Rheon/.git/
2026-10-06T13:12:54.2779935Z [command]/usr/bin/git remote add origin https://github.com/MrScripty/Rheon
2026-10-06T13:12:54.2821943Z ##[endgroup]
2026-10-06T13:12:54.2825010Z ##[group]Disabling automatic garbage collection
2026-10-06T13:12:54.2825657Z [command]/usr/bin/git config --local gc.auto 0
2026-10-06T13:12:54.2849505Z ##[endgroup]
2026-10-06T13:12:54.2850289Z ##[group]Setting up auth
2026-10-06T13:12:54.2854715Z [command]/usr/bin/git config --local --name-only --get-regexp core\.sshCommand
2026-10-06T13:12:54.2879218Z [command]/usr/bin/git submodule foreach --recursive sh -c "git config --local --name-only --get-regexp 'core\.sshCommand' && git config --local --unset-all 'core.sshCommand' || :"
2026-10-06T13:12:54.7801770Z [command]/usr/bin/git config --local --name-only --get-regexp http\.https\:\/\/github\.com\/\.extraheader
2026-10-06T13:12:54.7824143Z [command]/usr/bin/git submodule foreach --recursive sh -c "git config --local --name-only --get-regexp 'http\.https\:\/\/github\.com\/\.extraheader' && git config --local --unset-all 'http.https://github.com/.extraheader' || :"
2026-10-06T13:12:54.8007176Z [command]/usr/bin/git config --local http.https://github.com/.extraheader AUTHORIZATION: basic ***
2026-10-06T13:12:54.8039634Z ##[endgroup]
2026-10-06T13:12:54.8040471Z ##[group]Fetching the repository
2026-10-06T13:12:54.8046487Z [command]/usr/bin/git -c protocol.version=2 fetch --no-tags --prune --no-recurse-submodules --depth=1 origin +c0591ebc4c2619d5ad6e6decfe9d3957ace8db5b:refs/remotes/origin/repair/coupled-terminal-validation
2026-10-06T13:12:57.1667289Z From https://github.com/MrScripty/Rheon
2026-10-06T13:12:57.1668105Z  * [new ref]         c0591ebc4c2619d5ad6e6decfe9d3957ace8db5b -> origin/repair/coupled-terminal-validation
2026-10-06T13:12:57.1682307Z ##[endgroup]
2026-10-06T13:12:57.1683294Z ##[group]Determining the checkout info
2026-10-06T13:12:57.1684027Z ##[endgroup]
2026-10-06T13:12:57.1684864Z [command]/usr/bin/git sparse-checkout disable
2026-10-06T13:12:57.1725065Z [command]/usr/bin/git config --local --unset-all extensions.worktreeConfig
2026-10-06T13:12:57.1750292Z ##[group]Checking out the ref
2026-10-06T13:12:57.1753257Z [command]/usr/bin/git checkout --progress --force -B repair/coupled-terminal-validation refs/remotes/origin/repair/coupled-terminal-validation
2026-10-06T13:12:58.0631627Z Switched to a new branch 'repair/coupled-terminal-validation'
2026-10-06T13:12:58.0633074Z branch 'repair/coupled-terminal-validation' set up to track 'origin/repair/coupled-terminal-validation'.
2026-10-06T13:12:58.0643281Z ##[endgroup]
2026-10-06T13:12:58.0685338Z [command]/usr/bin/git log -1 --format=%H
2026-10-06T13:12:58.0712075Z c0591ebc4c2619d5ad6e6decfe9d3957ace8db5b
2026-10-06T13:12:58.0719147Z ##[group]Removing auth
2026-10-06T13:12:58.0722735Z [command]/usr/bin/git config --local --name-only --get-regexp core\.sshCommand
2026-10-06T13:12:58.0744768Z [command]/usr/bin/git submodule foreach --recursive sh -c "git config --local --name-only --get-regexp 'core\.sshCommand' && git config --local --unset-all 'core.sshCommand' || :"
2026-10-06T13:12:58.0905817Z [command]/usr/bin/git config --local --name-only --get-regexp http\.https\:\/\/github\.com\/\.extraheader
2026-10-06T13:12:58.0963314Z http.https://github.com/.extraheader
2026-10-06T13:12:58.0967642Z [command]/usr/bin/git config --local --unset-all http.https://github.com/.extraheader
2026-10-06T13:12:58.0993281Z [command]/usr/bin/git submodule foreach --recursive sh -c "git config --local --name-only --get-regexp 'http\.https\:\/\/github\.com\/\.extraheader' && git config --local --unset-all 'http.https://github.com/.extraheader' || :"
2026-10-06T13:12:58.1140477Z ##[endgroup]
2026-10-06T13:12:58.1293080Z ##[group]Run rustup toolchain install 1.92.0 --profile minimal --component rustfmt --component clippy
2026-10-06T13:12:58.1293710Z [36;1mrustup toolchain install 1.92.0 --profile minimal --component rustfmt --component clippy[0m
2026-10-06T13:12:58.1294139Z [36;1mrustc --version --verbose[0m
2026-10-06T13:12:58.1294383Z [36;1mcargo --version[0m
2026-10-06T13:12:59.1603486Z shell: /usr/bin/bash -e {0}
2026-10-06T13:12:59.1603830Z env:
2026-10-06T13:12:59.1604049Z   CARGO_BUILD_JOBS: 1
2026-10-06T13:12:59.1604353Z ##[endgroup]
2026-10-06T13:13:01.8030030Z info: syncing channel updates for 1.92.0-x86_64-unknown-linux-gnu
2026-10-06T13:13:03.0681273Z info: latest update on 2025-12-11 for version 1.92.0 (ded5c06cf 2025-12-08)
2026-10-06T13:13:03.0681727Z info: downloading 5 components
2026-10-06T13:13:10.6296637Z 
2026-10-06T13:13:10.6363392Z   1.92.0-x86_64-unknown-linux-gnu installed - rustc 1.92.0 (ded5c06cf 2025-12-08)
2026-10-06T13:13:10.6364097Z 
2026-10-06T13:13:10.6637133Z rustc 1.92.0 (ded5c06cf 2025-12-08)
2026-10-06T13:13:10.6637610Z binary: rustc
2026-10-06T13:13:10.6637937Z commit-hash: ded5c06cf21d2b93bffd5d884aa6e96934ee4234
2026-10-06T13:13:10.6639115Z commit-date: 2025-12-08
2026-10-06T13:13:10.6639459Z host: x86_64-unknown-linux-gnu
2026-10-06T13:13:10.6639759Z release: 1.92.0
2026-10-06T13:13:10.6640028Z LLVM version: 21.1.3
2026-10-06T13:13:10.6834341Z cargo 1.92.0 (344c4567c 2025-10-21)
2026-10-06T13:13:10.6890867Z ##[group]Run cargo clippy --locked --features desktop --all-targets -- -D warnings
2026-10-06T13:13:10.6891351Z [36;1mcargo clippy --locked --features desktop --all-targets -- -D warnings[0m
2026-10-06T13:13:10.6923967Z shell: /usr/bin/bash -e {0}
2026-10-06T13:13:10.6924282Z env:
2026-10-06T13:13:10.6924503Z   CARGO_BUILD_JOBS: 1
2026-10-06T13:13:10.6924745Z ##[endgroup]
2026-10-06T13:13:10.7524008Z     Updating crates.io index
2026-10-06T13:13:12.0076602Z  Downloading crates ...
2026-10-06T13:13:12.1236811Z   Downloaded ahash v0.8.12
2026-10-06T13:13:12.1274822Z   Downloaded accesskit_consumer v0.31.0
2026-10-06T13:13:12.1293715Z   Downloaded adler2 v2.0.1
2026-10-06T13:13:12.1422643Z   Downloaded jobserver v0.1.35
2026-10-06T13:13:12.1494419Z   Downloaded arboard v3.6.1
2026-10-06T13:13:12.1511894Z   Downloaded idna_adapter v1.2.2
2026-10-06T13:13:12.1539164Z   Downloaded ab_glyph_rasterizer v0.1.10
2026-10-06T13:13:12.1548301Z   Downloaded accesskit_winit v0.29.2
2026-10-06T13:13:12.1562318Z   Downloaded accesskit v0.21.1
2026-10-06T13:13:12.1572202Z   Downloaded ab_glyph v0.2.32
2026-10-06T13:13:12.1584084Z   Downloaded futures-io v0.3.34
2026-10-06T13:13:12.1593632Z   Downloaded renderdoc-sys v1.1.0
2026-10-06T13:13:12.1601859Z   Downloaded potential_utf v0.1.6
2026-10-06T13:13:12.1610491Z   Downloaded accesskit_unix v0.17.2
2026-10-06T13:13:12.1622333Z   Downloaded accesskit_atspi_common v0.14.2
2026-10-06T13:13:12.1633215Z   Downloaded dpi v0.1.2
2026-10-06T13:13:12.1678629Z   Downloaded futures-macro v0.3.34
2026-10-06T13:13:12.1686996Z   Downloaded displaydoc v0.2.7
2026-10-06T13:13:12.1707041Z   Downloaded fax v0.2.7
2026-10-06T13:13:12.1719768Z   Downloaded endi v1.1.1
2026-10-06T13:13:12.1727435Z   Downloaded concurrent-queue v2.5.0
2026-10-06T13:13:12.1739389Z   Downloaded libloading v0.8.9
2026-10-06T13:13:12.1762443Z   Downloaded parking v2.2.1
2026-10-06T13:13:12.1782984Z   Downloaded wayland-protocols-misc v0.3.12
2026-10-06T13:13:12.1792209Z   Downloaded document-features v0.2.12
2026-10-06T13:13:12.1801194Z   Downloaded as-raw-xcb-connection v1.0.1
2026-10-06T13:13:12.1813415Z   Downloaded hexf-parse v0.2.1
2026-10-06T13:13:12.1825745Z   Downloaded dlib v0.5.3
2026-10-06T13:13:12.1833299Z   Downloaded glutin_glx_sys v0.6.1
2026-10-06T13:13:12.1843323Z   Downloaded scoped-tls v1.0.1
2026-10-06T13:13:12.1851654Z   Downloaded thiserror v1.0.69
2026-10-06T13:13:12.1874021Z   Downloaded byteorder-lite v0.1.0
2026-10-06T13:13:12.1881993Z   Downloaded slab v0.4.12
2026-10-06T13:13:12.1890426Z   Downloaded shlex v2.0.1
2026-10-06T13:13:12.1898594Z   Downloaded glutin-winit v0.5.0
2026-10-06T13:13:12.1906799Z   Downloaded downcast-rs v1.2.1
2026-10-06T13:13:12.1916469Z   Downloaded serde_repr v0.1.21
2026-10-06T13:13:12.1929435Z   Downloaded version_check v0.9.5
2026-10-06T13:13:12.1937573Z   Downloaded rustc-hash v2.1.3
2026-10-06T13:13:12.1945436Z   Downloaded profiling v1.0.18
2026-10-06T13:13:12.1953293Z   Downloaded errno v0.3.14
2026-10-06T13:13:12.1963110Z   Downloaded cfg_aliases v0.2.2
2026-10-06T13:13:12.1969646Z   Downloaded calloop-wayland-source v0.3.0
2026-10-06T13:13:12.1977215Z   Downloaded pkg-config v0.3.34
2026-10-06T13:13:12.1986688Z   Downloaded utf8_iter v1.0.4
2026-10-06T13:13:12.1993649Z   Downloaded proc-macro-crate v3.5.0
2026-10-06T13:13:12.2004788Z   Downloaded percent-encoding v2.3.2
2026-10-06T13:13:12.2013812Z   Downloaded wayland-csd-frame v0.3.0
2026-10-06T13:13:12.2020316Z   Downloaded type-map v0.5.1
2026-10-06T13:13:12.2025548Z   Downloaded stable_deref_trait v1.2.1
2026-10-06T13:13:12.2030699Z   Downloaded nohash-hasher v0.2.0
2026-10-06T13:13:12.2035980Z   Downloaded cursor-icon v1.2.0
2026-10-06T13:13:12.2043662Z   Downloaded futures-task v0.3.34
2026-10-06T13:13:12.2050864Z   Downloaded futures-core v0.3.34
2026-10-06T13:13:12.2059312Z   Downloaded hex v0.4.3
2026-10-06T13:13:12.2069038Z   Downloaded owned_ttf_parser v0.25.1
2026-10-06T13:13:12.2078513Z   Downloaded piper v0.2.5
2026-10-06T13:13:12.2093407Z   Downloaded wayland-cursor v0.31.14
2026-10-06T13:13:12.2102437Z   Downloaded smol_str v0.2.2
2026-10-06T13:13:12.2112763Z   Downloaded icu_provider v2.3.1
2026-10-06T13:13:12.2128737Z   Downloaded form_urlencoded v1.2.2
2026-10-06T13:13:12.2134723Z   Downloaded event-listener-strategy v0.5.4
2026-10-06T13:13:12.2142969Z   Downloaded quick-error v2.0.1
2026-10-06T13:13:12.2153345Z   Downloaded quote v1.0.47
2026-10-06T13:13:12.2170349Z   Downloaded thiserror-impl v2.0.21
2026-10-06T13:13:12.2185556Z   Downloaded web-time v1.1.0
2026-10-06T13:13:12.2196071Z   Downloaded wayland-sys v0.31.11
2026-10-06T13:13:12.2202891Z   Downloaded tinystr v0.8.4
2026-10-06T13:13:12.2216673Z   Downloaded equivalent v1.0.2
2026-10-06T13:13:12.2224051Z   Downloaded zcheapstr v1.1.0
2026-10-06T13:13:12.2241423Z   Downloaded tracing-attributes v0.1.31
2026-10-06T13:13:12.2261030Z   Downloaded wayland-scanner v0.31.11
2026-10-06T13:13:12.2274336Z   Downloaded zvariant_derive v5.15.0
2026-10-06T13:13:12.2281837Z   Downloaded wayland-protocols-experimental v20250721.0.1
2026-10-06T13:13:12.2290630Z   Downloaded toml_parser v1.1.3+spec-1.1.0
2026-10-06T13:13:12.2303671Z   Downloaded zerovec-derive v0.11.6
2026-10-06T13:13:12.2328902Z   Downloaded unicode-ident v1.0.26
2026-10-06T13:13:12.2347506Z   Downloaded zbus_xml v5.2.1
2026-10-06T13:13:12.2368913Z   Downloaded xkbcommon-dl v0.4.2
2026-10-06T13:13:12.2377965Z   Downloaded event-listener v5.4.2
2026-10-06T13:13:12.2394129Z   Downloaded yoke-derive v0.8.4
2026-10-06T13:13:12.2409938Z   Downloaded zvariant_utils v4.2.0
2026-10-06T13:13:12.2430212Z   Downloaded zbus-lockstep-macros v0.5.2
2026-10-06T13:13:12.2439911Z   Downloaded zerotrie v0.2.5
2026-10-06T13:13:12.2461135Z   Downloaded xkeysym v0.2.1
2026-10-06T13:13:12.2485197Z   Downloaded smithay-client-toolkit v0.20.0
2026-10-06T13:13:12.2523075Z   Downloaded zerofrom v0.1.8
2026-10-06T13:13:12.2533478Z   Downloaded zvariant v5.15.0
2026-10-06T13:13:12.2567138Z   Downloaded zune-jpeg v0.5.15
2026-10-06T13:13:12.2589233Z   Downloaded quick-xml v0.41.0
2026-10-06T13:13:12.2626164Z   Downloaded yoke v0.8.3
2026-10-06T13:13:12.2641041Z   Downloaded calloop v0.13.0
2026-10-06T13:13:12.2670393Z   Downloaded zune-core v0.5.3
2026-10-06T13:13:12.2683063Z   Downloaded zbus_macros v5.19.0
2026-10-06T13:13:12.2694291Z   Downloaded zerocopy v0.8.59
2026-10-06T13:13:12.2782493Z   Downloaded wgpu-types v27.0.1
2026-10-06T13:13:12.2803344Z   Downloaded hashbrown v0.15.5
2026-10-06T13:13:12.2831946Z   Downloaded rustix v0.38.44
2026-10-06T13:13:12.2934090Z   Downloaded glow v0.16.0
2026-10-06T13:13:12.2963534Z   Downloaded hashbrown v0.17.1
2026-10-06T13:13:12.2993296Z   Downloaded rustix v1.1.5
2026-10-06T13:13:12.3100912Z   Downloaded x11rb v0.13.2
2026-10-06T13:13:12.3145867Z   Downloaded tracing v0.1.44
2026-10-06T13:13:12.3231318Z   Downloaded wgpu v27.0.1
2026-10-06T13:13:12.3294184Z   Downloaded zerocopy-derive v0.8.59
2026-10-06T13:13:12.3346138Z   Downloaded zbus v5.19.0
2026-10-06T13:13:12.3388858Z   Downloaded x11-dl v2.21.0
2026-10-06T13:13:12.3404234Z   Downloaded wgpu-hal v27.0.4
2026-10-06T13:13:12.3460057Z   Downloaded khronos_api v3.1.0
2026-10-06T13:13:12.3555123Z   Downloaded winit v0.30.13
2026-10-06T13:13:12.3653619Z   Downloaded egui v0.33.3
2026-10-06T13:13:12.3710751Z   Downloaded wgpu-core v27.0.3
2026-10-06T13:13:12.3757519Z   Downloaded futures-util v0.3.34
2026-10-06T13:13:12.3809533Z   Downloaded zlib-rs v0.6.8
2026-10-06T13:13:12.3837283Z   Downloaded x11rb-protocol v0.13.2
2026-10-06T13:13:12.3913019Z   Downloaded icu_normalizer v2.3.0
2026-10-06T13:13:12.3975062Z   Downloaded naga v27.0.3
2026-10-06T13:13:12.4075248Z   Downloaded hashbrown v0.16.1
2026-10-06T13:13:12.4100919Z   Downloaded eframe v0.33.3
2026-10-06T13:13:12.4124799Z   Downloaded cc v1.6.0
2026-10-06T13:13:12.4144340Z   Downloaded atspi-common v0.9.0
2026-10-06T13:13:12.4167141Z   Downloaded syn v3.0.6
2026-10-06T13:13:12.4219884Z   Downloaded syn v2.0.119
2026-10-06T13:13:12.4271879Z   Downloaded epaint v0.33.3
2026-10-06T13:13:12.4293699Z   Downloaded calloop v0.14.5
2026-10-06T13:13:12.4311490Z   Downloaded pxfm v0.1.30
2026-10-06T13:13:12.4434072Z   Downloaded webbrowser v1.2.4
2026-10-06T13:13:12.4452559Z   Downloaded unicode-width v0.2.2
2026-10-06T13:13:12.4487197Z   Downloaded libc v0.2.190
2026-10-06T13:13:12.4672192Z   Downloaded epaint_default_fonts v0.33.3
2026-10-06T13:13:12.4733584Z   Downloaded image v0.25.10
2026-10-06T13:13:12.4780470Z   Downloaded icu_normalizer_data v2.3.0
2026-10-06T13:13:12.4792360Z   Downloaded icu_collections v2.3.0
2026-10-06T13:13:12.4818960Z   Downloaded glutin v0.32.3
2026-10-06T13:13:12.4836513Z   Downloaded ttf-parser v0.25.1
2026-10-06T13:13:12.4877075Z   Downloaded icu_locale_core v2.3.0
2026-10-06T13:13:12.4904851Z   Downloaded flate2 v1.1.10
2026-10-06T13:13:12.4926069Z   Downloaded codespan-reporting v0.12.0
2026-10-06T13:13:12.4953882Z   Downloaded zerovec v0.11.8
2026-10-06T13:13:12.4980985Z   Downloaded winnow v1.0.4
2026-10-06T13:13:12.5023476Z   Downloaded wayland-protocols-plasma v0.3.12
2026-10-06T13:13:12.5042241Z   Downloaded moxcms v0.8.1
2026-10-06T13:13:12.5084886Z   Downloaded getrandom v0.3.4
2026-10-06T13:13:12.5099662Z   Downloaded crossbeam-utils v0.8.23
2026-10-06T13:13:12.5113147Z   Downloaded bytemuck v1.25.2
2026-10-06T13:13:12.5127430Z   Downloaded bitflags v2.13.2
2026-10-06T13:13:12.5145683Z   Downloaded async-task v4.7.1
2026-10-06T13:13:12.5157394Z   Downloaded async-io v2.6.0
2026-10-06T13:13:12.5171315Z   Downloaded zbus_names v4.3.4
2026-10-06T13:13:12.5178714Z   Downloaded writeable v0.6.4
2026-10-06T13:13:12.5188118Z   Downloaded weezl v0.1.12
2026-10-06T13:13:12.5199353Z   Downloaded wayland-protocols v0.32.13
2026-10-06T13:13:12.5234340Z   Downloaded libm v0.2.16
2026-10-06T13:13:12.5277831Z   Downloaded half v2.7.1
2026-10-06T13:13:12.5291371Z   Downloaded icu_properties_data v2.3.0
2026-10-06T13:13:12.5335957Z   Downloaded smithay-client-toolkit v0.19.2
2026-10-06T13:13:12.5364154Z   Downloaded png v0.18.1
2026-10-06T13:13:12.5385046Z   Downloaded async-trait v0.1.92
2026-10-06T13:13:12.5399884Z   Downloaded zbus-lockstep v0.5.2
2026-10-06T13:13:12.5405049Z   Downloaded tiff v0.11.3
2026-10-06T13:13:12.5425112Z   Downloaded memchr v2.8.3
2026-10-06T13:13:12.5448117Z   Downloaded indexmap v2.14.2
2026-10-06T13:13:12.5468273Z   Downloaded zerofrom-derive v0.1.8
2026-10-06T13:13:12.5473666Z   Downloaded wayland-backend v0.3.17
2026-10-06T13:13:12.5491548Z   Downloaded unicode-segmentation v1.13.3
2026-10-06T13:13:12.5507770Z   Downloaded idna v1.1.0
2026-10-06T13:13:12.5528440Z   Downloaded xml-rs v0.8.29
2026-10-06T13:13:12.5541411Z   Downloaded url v2.5.8
2026-10-06T13:13:12.5555983Z   Downloaded polling v3.11.0
2026-10-06T13:13:12.5570477Z   Downloaded enumflags2 v0.7.12
2026-10-06T13:13:12.5577089Z   Downloaded egui-winit v0.33.3
2026-10-06T13:13:12.5589129Z   Downloaded egui-wgpu v0.33.3
2026-10-06T13:13:12.5600233Z   Downloaded arrayvec v0.7.8
2026-10-06T13:13:12.5609964Z   Downloaded emath v0.33.3
2026-10-06T13:13:12.5620724Z   Downloaded crc32fast v1.5.2
2026-10-06T13:13:12.5630928Z   Downloaded bytemuck_derive v1.12.1
2026-10-06T13:13:12.5640470Z   Downloaded blocking v1.7.0
2026-10-06T13:13:12.5646660Z   Downloaded async-recursion v1.2.0
2026-10-06T13:13:12.5660591Z   Downloaded async-lock v3.4.2
2026-10-06T13:13:12.5670894Z   Downloaded xcursor v0.3.11
2026-10-06T13:13:12.5675015Z   Downloaded wgpu-core-deps-windows-linux-android v27.0.0
2026-10-06T13:13:12.5679491Z   Downloaded wayland-protocols-wlr v0.3.12
2026-10-06T13:13:12.5689547Z   Downloaded toml_edit v0.25.15+spec-1.1.0
2026-10-06T13:13:12.5706969Z   Downloaded futures-lite v2.6.1
2026-10-06T13:13:12.5716412Z   Downloaded foldhash v0.1.5
2026-10-06T13:13:12.5722717Z   Downloaded find-msvc-tools v0.1.14
2026-10-06T13:13:12.5730576Z   Downloaded fdeflate v0.3.7
2026-10-06T13:13:12.5737865Z   Downloaded egui_glow v0.33.3
2026-10-06T13:13:12.5749104Z   Downloaded async-broadcast v0.7.2
2026-10-06T13:13:12.5756641Z   Downloaded wayland-client v0.31.15
2026-10-06T13:13:12.5767539Z   Downloaded uuid v1.27.0
2026-10-06T13:13:12.5782856Z   Downloaded tracing-core v0.1.36
2026-10-06T13:13:12.5799788Z   Downloaded serde_derive v1.0.229
2026-10-06T13:13:12.5813753Z   Downloaded serde v1.0.229
2026-10-06T13:13:12.5830301Z   Downloaded proc-macro2 v1.0.107
2026-10-06T13:13:12.5843837Z   Downloaded num-traits v0.2.19
2026-10-06T13:13:12.5855547Z   Downloaded linux-raw-sys v0.4.15
2026-10-06T13:13:12.6102376Z   Downloaded miniz_oxide v0.9.1
2026-10-06T13:13:12.6116229Z   Downloaded miniz_oxide v0.8.9
2026-10-06T13:13:12.6128662Z   Downloaded log v0.4.34
2026-10-06T13:13:12.6140945Z   Downloaded icu_properties v2.3.0
2026-10-06T13:13:12.6157741Z   Downloaded atspi-proxies v0.9.0
2026-10-06T13:13:12.6166797Z   Downloaded serde_core v1.0.229
2026-10-06T13:13:12.6179906Z   Downloaded toml_datetime v1.1.1+spec-1.1.0
2026-10-06T13:13:12.6186172Z   Downloaded smallvec v1.16.2
2026-10-06T13:13:12.6193463Z   Downloaded litemap v0.8.3
2026-10-06T13:13:12.6204080Z   Downloaded gl_generator v0.14.0
2026-10-06T13:13:12.6211650Z   Downloaded gethostname v1.1.0
2026-10-06T13:13:12.6216335Z   Downloaded foldhash v0.2.0
2026-10-06T13:13:12.6222335Z   Downloaded fastrand v2.5.0
2026-10-06T13:13:12.6228962Z   Downloaded cfg-if v1.0.5
2026-10-06T13:13:12.6234365Z   Downloaded bit-vec v0.8.0
2026-10-06T13:13:12.6241595Z   Downloaded async-process v2.5.0
2026-10-06T13:13:12.6249637Z   Downloaded parking_lot v0.12.5
2026-10-06T13:13:12.6260859Z   Downloaded litrs v1.0.0
2026-10-06T13:13:12.6273022Z   Downloaded async-signal v0.2.14
2026-10-06T13:13:12.6279733Z   Downloaded async-executor v1.14.0
2026-10-06T13:13:12.6288364Z   Downloaded async-channel v2.5.0
2026-10-06T13:13:12.6294273Z   Downloaded ecolor v0.33.3
2026-10-06T13:13:12.6302241Z   Downloaded autocfg v1.5.1
2026-10-06T13:13:12.6310424Z   Downloaded atspi-connection v0.9.0
2026-10-06T13:13:12.6315686Z   Downloaded atspi v0.25.0
2026-10-06T13:13:12.6321292Z   Downloaded parking_lot_core v0.9.12
2026-10-06T13:13:12.6330738Z   Downloaded once_cell v1.21.4
2026-10-06T13:13:12.6342253Z   Downloaded thiserror-impl v1.0.69
2026-10-06T13:13:12.6349453Z   Downloaded thiserror v2.0.21
2026-10-06T13:13:12.6372090Z   Downloaded synstructure v0.14.0
2026-10-06T13:13:12.6377551Z   Downloaded static_assertions v1.1.0
2026-10-06T13:13:12.6384279Z   Downloaded smithay-clipboard v0.7.3
2026-10-06T13:13:12.6391416Z   Downloaded simd-adler32 v0.3.10
2026-10-06T13:13:12.6399477Z   Downloaded signal-hook-registry v1.4.8
2026-10-06T13:13:12.6405444Z   Downloaded raw-window-handle v0.6.2
2026-10-06T13:13:12.6413476Z   Downloaded ordered-stream v0.2.0
2026-10-06T13:13:12.6418911Z   Downloaded lock_api v0.4.14
2026-10-06T13:13:12.6425189Z   Downloaded memmap2 v0.9.11
2026-10-06T13:13:12.6435087Z   Downloaded calloop-wayland-source v0.4.1
2026-10-06T13:13:12.6440610Z   Downloaded bit-set v0.8.0
2026-10-06T13:13:12.6446440Z   Downloaded pin-project-lite v0.2.17
2026-10-06T13:13:12.6466928Z   Downloaded scopeguard v1.2.0
2026-10-06T13:13:12.6472120Z   Downloaded enumflags2_derive v0.7.12
2026-10-06T13:13:12.6475789Z   Downloaded atomic-waker v1.1.2
2026-10-06T13:13:12.6481328Z   Downloaded rustc-hash v1.1.0
2026-10-06T13:13:12.6485044Z   Downloaded linux-raw-sys v0.12.1
2026-10-06T13:13:12.6829287Z   Downloaded memoffset v0.9.1
2026-10-06T13:13:12.6834016Z   Downloaded glutin_egl_sys v0.7.1
2026-10-06T13:13:13.4824665Z    Compiling proc-macro2 v1.0.107
2026-10-06T13:13:14.0223057Z    Compiling quote v1.0.47
2026-10-06T13:13:14.1000534Z    Compiling unicode-ident v1.0.26
2026-10-06T13:13:14.5182310Z    Compiling syn v3.0.6
2026-10-06T13:13:17.1055895Z     Checking cfg-if v1.0.5
2026-10-06T13:13:17.1215373Z     Checking bitflags v2.13.2
2026-10-06T13:13:17.1758824Z     Checking once_cell v1.21.4
2026-10-06T13:13:17.2328686Z    Compiling rustix v1.1.5
2026-10-06T13:13:17.3360643Z     Checking log v0.4.34
2026-10-06T13:13:17.4259138Z    Compiling syn v2.0.119
2026-10-06T13:13:19.6128879Z     Checking linux-raw-sys v0.12.1
2026-10-06T13:13:21.6024679Z    Compiling libc v0.2.190
2026-10-06T13:13:21.7597526Z    Compiling serde_core v1.0.229
2026-10-06T13:13:22.3054381Z     Checking smallvec v1.16.2
2026-10-06T13:13:22.3738576Z    Compiling serde v1.0.229
2026-10-06T13:13:22.4569579Z     Checking pin-project-lite v0.2.17
2026-10-06T13:13:22.4853885Z    Compiling serde_derive v1.0.229
2026-10-06T13:13:23.7604421Z    Compiling pkg-config v0.3.34
2026-10-06T13:13:24.9489671Z     Checking libloading v0.8.9
2026-10-06T13:13:24.9950412Z    Compiling autocfg v1.5.1
2026-10-06T13:13:25.1438811Z    Compiling winnow v1.0.4
2026-10-06T13:13:25.9350971Z    Compiling equivalent v1.0.2
2026-10-06T13:13:25.9538623Z    Compiling hashbrown v0.17.1
2026-10-06T13:13:26.2252035Z    Compiling indexmap v2.14.2
2026-10-06T13:13:26.5313995Z    Compiling toml_parser v1.1.3+spec-1.1.0
2026-10-06T13:13:26.8131272Z    Compiling toml_datetime v1.1.1+spec-1.1.0
2026-10-06T13:13:26.8977342Z    Compiling toml_edit v0.25.15+spec-1.1.0
2026-10-06T13:13:27.3703642Z     Checking dlib v0.5.3
2026-10-06T13:13:27.3935787Z    Compiling wayland-sys v0.31.11
2026-10-06T13:13:27.4417373Z     Checking polling v3.11.0
2026-10-06T13:13:27.4949156Z    Compiling enumflags2_derive v0.7.12
2026-10-06T13:13:27.6777610Z    Compiling shlex v2.0.1
2026-10-06T13:13:27.7369991Z    Compiling find-msvc-tools v0.1.14
2026-10-06T13:13:27.8258981Z    Compiling cc v1.6.0
2026-10-06T13:13:28.5471087Z    Compiling proc-macro-crate v3.5.0
2026-10-06T13:13:28.7429366Z    Compiling zvariant_utils v4.2.0
2026-10-06T13:13:29.1826309Z     Checking parking v2.2.1
2026-10-06T13:13:29.2124358Z    Compiling zvariant_derive v5.15.0
2026-10-06T13:13:29.3691326Z    Compiling wayland-backend v0.3.17
2026-10-06T13:13:29.4194660Z     Checking futures-core v0.3.34
2026-10-06T13:13:29.4513414Z     Checking slab v0.4.12
2026-10-06T13:13:30.2839734Z    Compiling synstructure v0.14.0
2026-10-06T13:13:30.5232622Z     Checking scoped-tls v1.0.1
2026-10-06T13:13:30.5439255Z     Checking downcast-rs v1.2.1
2026-10-06T13:13:30.5625276Z    Compiling memchr v2.8.3
2026-10-06T13:13:30.8504492Z    Compiling crossbeam-utils v0.8.23
2026-10-06T13:13:30.9329006Z    Compiling quick-xml v0.41.0
2026-10-06T13:13:31.6616145Z    Compiling wayland-client v0.31.15
2026-10-06T13:13:31.8618831Z    Compiling wayland-scanner v0.31.11
2026-10-06T13:13:32.6164851Z    Compiling zerofrom-derive v0.1.8
2026-10-06T13:13:33.2825838Z    Compiling tracing-attributes v0.1.31
2026-10-06T13:13:33.8283459Z     Checking tracing-core v0.1.36
2026-10-06T13:13:33.9635085Z     Checking fastrand v2.5.0
2026-10-06T13:13:34.0228546Z     Checking futures-io v0.3.34
2026-10-06T13:13:34.0526831Z     Checking tracing v0.1.44
2026-10-06T13:13:34.1241135Z     Checking zerofrom v0.1.8
2026-10-06T13:13:34.1538544Z     Checking concurrent-queue v2.5.0
2026-10-06T13:13:34.7667225Z    Compiling yoke-derive v0.8.4
2026-10-06T13:13:35.1669316Z     Checking event-listener v5.4.2
2026-10-06T13:13:35.2458718Z    Compiling enumflags2 v0.7.12
2026-10-06T13:13:35.3114373Z    Compiling zcheapstr v1.1.0
2026-10-06T13:13:35.3619018Z    Compiling endi v1.1.1
2026-10-06T13:13:35.4079655Z     Checking stable_deref_trait v1.2.1
2026-10-06T13:13:35.4233504Z     Checking yoke v0.8.3
2026-10-06T13:13:35.4896108Z    Compiling zvariant v5.15.0
2026-10-06T13:13:36.6832601Z     Checking event-listener-strategy v0.5.4
2026-10-06T13:13:37.8655369Z     Checking futures-lite v2.6.1
2026-10-06T13:13:38.8179260Z    Compiling zbus_names v4.3.4
2026-10-06T13:13:39.1771678Z    Compiling async-io v2.6.0
2026-10-06T13:13:39.2203009Z    Compiling zerovec-derive v0.11.6
2026-10-06T13:13:40.4987622Z     Checking zerovec v0.11.8
2026-10-06T13:13:40.7607530Z     Checking errno v0.3.14
2026-10-06T13:13:40.7935142Z    Compiling displaydoc v0.2.7
2026-10-06T13:13:41.0502079Z    Compiling bytemuck_derive v1.12.1
2026-10-06T13:13:41.5273217Z     Checking async-task v4.7.1
2026-10-06T13:13:41.5961744Z     Checking bytemuck v1.25.2
2026-10-06T13:13:41.6769968Z     Checking signal-hook-registry v1.4.8
2026-10-06T13:13:42.0345523Z     Checking async-channel v2.5.0
2026-10-06T13:13:42.0952056Z     Checking wayland-protocols v0.32.13
2026-10-06T13:13:44.2273923Z     Checking atomic-waker v1.1.2
2026-10-06T13:13:44.2498506Z    Compiling khronos_api v3.1.0
2026-10-06T13:13:44.3100225Z    Compiling thiserror v1.0.69
2026-10-06T13:13:44.3865497Z    Compiling cfg_aliases v0.2.2
2026-10-06T13:13:44.4252525Z     Checking piper v0.2.5
2026-10-06T13:13:44.4622519Z     Checking async-signal v0.2.14
2026-10-06T13:13:44.5069614Z    Compiling zbus_xml v5.2.1
2026-10-06T13:13:44.9733200Z     Checking async-lock v3.4.2
2026-10-06T13:13:45.1490919Z    Compiling thiserror-impl v1.0.69
2026-10-06T13:13:45.6183925Z    Compiling zerocopy v0.8.59
2026-10-06T13:13:45.7346099Z    Compiling version_check v0.9.5
2026-10-06T13:13:45.8460886Z    Compiling getrandom v0.3.4
2026-10-06T13:13:45.9368837Z    Compiling ahash v0.8.12
2026-10-06T13:13:46.0120003Z     Checking async-process v2.5.0
2026-10-06T13:13:46.1045846Z    Compiling zbus-lockstep v0.5.2
2026-10-06T13:13:46.1704116Z     Checking blocking v1.7.0
2026-10-06T13:13:46.5240454Z     Checking async-executor v1.14.0
2026-10-06T13:13:46.5979379Z     Checking tinystr v0.8.4
2026-10-06T13:13:46.6564742Z    Compiling zbus_macros v5.19.0
2026-10-06T13:13:47.7426243Z     Checking async-broadcast v0.7.2
2026-10-06T13:13:47.8141786Z     Checking uuid v1.27.0
2026-10-06T13:13:47.9350648Z     Checking ordered-stream v0.2.0
2026-10-06T13:13:48.0510762Z    Compiling serde_repr v0.1.21
2026-10-06T13:13:48.1983841Z    Compiling async-trait v0.1.92
2026-10-06T13:13:48.5300720Z    Compiling async-recursion v1.2.0
2026-10-06T13:13:48.7179505Z     Checking litemap v0.8.3
2026-10-06T13:13:48.7830712Z     Checking hex v0.4.3
2026-10-06T13:13:48.8599017Z    Compiling rustix v0.38.44
2026-10-06T13:13:48.9573380Z     Checking writeable v0.6.4
2026-10-06T13:13:49.0793734Z    Compiling xml-rs v0.8.29
2026-10-06T13:13:49.4798699Z    Compiling gl_generator v0.14.0
2026-10-06T13:13:49.7170612Z     Checking icu_locale_core v2.3.0
2026-10-06T13:13:50.0443020Z     Checking zbus v5.19.0
2026-10-06T13:13:52.1904843Z    Compiling zbus-lockstep-macros v0.5.2
2026-10-06T13:13:53.9109721Z     Checking zerotrie v0.2.5
2026-10-06T13:13:54.0040553Z     Checking potential_utf v0.1.6
2026-10-06T13:13:54.0356188Z    Compiling x11-dl v2.21.0
2026-10-06T13:13:54.0917900Z     Checking cursor-icon v1.2.0
2026-10-06T13:13:54.1193170Z    Compiling parking_lot_core v0.9.12
2026-10-06T13:13:54.1766886Z     Checking utf8_iter v1.0.4
2026-10-06T13:13:54.2093357Z    Compiling icu_properties_data v2.3.0
2026-10-06T13:13:54.2502306Z     Checking static_assertions v1.1.0
2026-10-06T13:13:54.2647966Z     Checking xcursor v0.3.11
2026-10-06T13:13:54.3128654Z    Compiling icu_normalizer_data v2.3.0
2026-10-06T13:13:54.3516031Z     Checking simd-adler32 v0.3.10
2026-10-06T13:13:54.3970168Z     Checking linux-raw-sys v0.4.15
2026-10-06T13:13:54.5386545Z     Checking percent-encoding v2.3.2
2026-10-06T13:13:54.5787377Z     Checking xkeysym v0.2.1
2026-10-06T13:13:56.1191723Z     Checking wayland-cursor v0.31.14
2026-10-06T13:13:56.1685859Z     Checking atspi-common v0.9.0
2026-10-06T13:13:57.4845456Z     Checking icu_collections v2.3.0
2026-10-06T13:13:57.6160283Z     Checking wayland-csd-frame v0.3.0
2026-10-06T13:13:58.3889793Z     Checking icu_provider v2.3.1
2026-10-06T13:13:58.5667524Z     Checking wayland-protocols-wlr v0.3.12
2026-10-06T13:13:59.0066431Z     Checking memmap2 v0.9.11
2026-10-06T13:13:59.0693039Z    Compiling crc32fast v1.5.2
2026-10-06T13:13:59.1427180Z     Checking accesskit v0.21.1
2026-10-06T13:13:59.2752469Z     Checking scopeguard v1.2.0
2026-10-06T13:13:59.2978578Z     Checking adler2 v2.0.1
2026-10-06T13:13:59.3257941Z     Checking lock_api v0.4.14
2026-10-06T13:14:00.7426821Z     Checking calloop v0.13.0
2026-10-06T13:14:00.9007042Z    Compiling num-traits v0.2.19
2026-10-06T13:14:00.9439937Z     Checking gethostname v1.1.0
2026-10-06T13:14:00.9607990Z     Checking x11rb-protocol v0.13.2
2026-10-06T13:14:05.0220655Z    Compiling smithay-client-toolkit v0.19.2
2026-10-06T13:14:05.0627924Z     Checking foldhash v0.1.5
2026-10-06T13:14:05.1004841Z     Checking ttf-parser v0.25.1
2026-10-06T13:14:05.8382173Z     Checking as-raw-xcb-connection v1.0.1
2026-10-06T13:14:05.8614529Z     Checking x11rb v0.13.2
2026-10-06T13:14:06.5407483Z     Checking owned_ttf_parser v0.25.1
2026-10-06T13:14:06.5835284Z     Checking hashbrown v0.15.5
2026-10-06T13:14:06.8702934Z     Checking calloop-wayland-source v0.3.0
2026-10-06T13:14:06.9071796Z     Checking icu_normalizer v2.3.0
2026-10-06T13:14:07.0356686Z     Checking icu_properties v2.3.0
2026-10-06T13:14:07.4396500Z     Checking parking_lot v0.12.5
2026-10-06T13:14:07.5538902Z     Checking miniz_oxide v0.9.1
2026-10-06T13:14:07.7203268Z     Checking atspi-proxies v0.9.0
2026-10-06T13:14:08.3642783Z    Compiling winit v0.30.13
2026-10-06T13:14:08.4734418Z     Checking emath v0.33.3
2026-10-06T13:14:08.5985933Z    Compiling thiserror v2.0.21
2026-10-06T13:14:08.6940944Z     Checking ab_glyph_rasterizer v0.1.10
2026-10-06T13:14:08.7311414Z     Checking raw-window-handle v0.6.2
2026-10-06T13:14:08.7902626Z     Checking ab_glyph v0.2.32
2026-10-06T13:14:08.8933275Z     Checking ecolor v0.33.3
2026-10-06T13:14:08.9595566Z     Checking atspi-connection v0.9.0
2026-10-06T13:14:09.0227487Z     Checking flate2 v1.1.10
2026-10-06T13:14:09.1459790Z     Checking idna_adapter v1.2.2
2026-10-06T13:14:09.7773624Z     Checking accesskit_consumer v0.31.0
2026-10-06T13:14:09.9086439Z     Checking miniz_oxide v0.8.9
2026-10-06T13:14:10.0696295Z     Checking xkbcommon-dl v0.4.2
2026-10-06T13:14:10.1470871Z     Checking fdeflate v0.3.7
2026-10-06T13:14:10.2459762Z    Compiling glutin_egl_sys v0.7.1
2026-10-06T13:14:10.5067930Z    Compiling glutin_glx_sys v0.6.1
2026-10-06T13:14:10.7682902Z     Checking wayland-protocols-plasma v0.3.12
2026-10-06T13:14:11.6429230Z     Checking calloop v0.14.5
2026-10-06T13:14:11.8521751Z    Compiling futures-macro v0.3.34
2026-10-06T13:14:12.1356435Z    Compiling thiserror-impl v2.0.21
2026-10-06T13:14:12.6439868Z     Checking nohash-hasher v0.2.0
2026-10-06T13:14:12.6707284Z     Checking smol_str v0.2.2
2026-10-06T13:14:12.7219988Z     Checking pxfm v0.1.30
2026-10-06T13:14:13.6299739Z     Checking profiling v1.0.18
2026-10-06T13:14:13.6456993Z     Checking dpi v0.1.2
2026-10-06T13:14:13.7010906Z     Checking futures-task v0.3.34
2026-10-06T13:14:13.7408958Z     Checking epaint_default_fonts v0.33.3
2026-10-06T13:14:13.7741445Z    Compiling smithay-client-toolkit v0.20.0
2026-10-06T13:14:13.8148878Z     Checking epaint v0.33.3
2026-10-06T13:14:14.2525389Z     Checking futures-util v0.3.34
2026-10-06T13:14:16.1318722Z     Checking moxcms v0.8.1
2026-10-06T13:14:17.5555775Z     Checking calloop-wayland-source v0.4.1
2026-10-06T13:14:17.6688442Z     Checking png v0.18.1
2026-10-06T13:14:18.0114312Z     Checking accesskit_atspi_common v0.14.2
2026-10-06T13:14:18.2025875Z     Checking idna v1.1.0
2026-10-06T13:14:18.3078030Z     Checking atspi v0.25.0
2026-10-06T13:14:18.3278056Z     Checking form_urlencoded v1.2.2
2026-10-06T13:14:18.3671882Z    Compiling glutin v0.32.3
2026-10-06T13:14:18.5046302Z     Checking wayland-protocols-experimental v20250721.0.1
2026-10-06T13:14:18.6949412Z     Checking wayland-protocols-misc v0.3.12
2026-10-06T13:14:18.8808079Z    Compiling memoffset v0.9.1
2026-10-06T13:14:18.9282758Z     Checking unicode-segmentation v1.13.3
2026-10-06T13:14:19.0859359Z     Checking byteorder-lite v0.1.0
2026-10-06T13:14:19.1807757Z     Checking image v0.25.10
2026-10-06T13:14:19.7894829Z     Checking egui v0.33.3
2026-10-06T13:14:21.5785994Z     Checking url v2.5.8
2026-10-06T13:14:21.7611283Z     Checking accesskit_unix v0.17.2
2026-10-06T13:14:22.6867400Z    Compiling glutin-winit v0.5.0
2026-10-06T13:14:23.0561904Z     Checking accesskit_winit v0.29.2
2026-10-06T13:14:23.1086103Z     Checking webbrowser v1.2.4
2026-10-06T13:14:23.1856861Z     Checking smithay-clipboard v0.7.3
2026-10-06T13:14:23.2738545Z     Checking arboard v3.6.1
2026-10-06T13:14:23.3848609Z     Checking glow v0.16.0
2026-10-06T13:14:23.8269302Z    Compiling litrs v1.0.0
2026-10-06T13:14:24.0383000Z     Checking web-time v1.1.0
2026-10-06T13:14:24.0543584Z     Checking egui-winit v0.33.3
2026-10-06T13:14:24.1741627Z    Compiling document-features v0.2.12
2026-10-06T13:14:24.3588038Z     Checking egui_glow v0.33.3
2026-10-06T13:14:24.4860926Z     Checking eframe v0.33.3
2026-10-06T13:14:24.6846224Z     Checking rheon v0.1.0 (/home/runner/work/Rheon/Rheon)
2026-10-06T13:14:30.8301139Z     Finished `dev` profile [unoptimized + debuginfo] target(s) in 1m 20s
2026-10-06T13:14:30.9026135Z ##[group]Run cargo test --locked --features desktop
2026-10-06T13:14:30.9026504Z [36;1mcargo test --locked --features desktop[0m
2026-10-06T13:14:30.9059916Z shell: /usr/bin/bash -e {0}
2026-10-06T13:14:30.9060171Z env:
2026-10-06T13:14:30.9060428Z   CARGO_BUILD_JOBS: 1
2026-10-06T13:14:30.9060648Z ##[endgroup]
2026-10-06T13:14:31.0937928Z    Compiling unicode-ident v1.0.26
2026-10-06T13:14:31.1278884Z    Compiling proc-macro2 v1.0.107
2026-10-06T13:14:31.4683443Z    Compiling quote v1.0.47
2026-10-06T13:14:31.5795131Z    Compiling syn v3.0.6
2026-10-06T13:14:33.9937401Z    Compiling cfg-if v1.0.5
2026-10-06T13:14:34.0119344Z    Compiling bitflags v2.13.2
2026-10-06T13:14:34.1058881Z    Compiling once_cell v1.21.4
2026-10-06T13:14:34.1862095Z    Compiling log v0.4.34
2026-10-06T13:14:34.2639335Z    Compiling linux-raw-sys v0.12.1
2026-10-06T13:14:34.8900544Z    Compiling rustix v1.1.5
2026-10-06T13:14:36.9893912Z    Compiling syn v2.0.119
2026-10-06T13:14:39.0713602Z    Compiling libc v0.2.190
2026-10-06T13:14:39.5410555Z    Compiling smallvec v1.16.2
2026-10-06T13:14:39.6195087Z    Compiling pin-project-lite v0.2.17
2026-10-06T13:14:39.6397701Z    Compiling serde_core v1.0.229
2026-10-06T13:14:40.6363894Z    Compiling serde_derive v1.0.229
2026-10-06T13:14:41.9010746Z    Compiling winnow v1.0.4
2026-10-06T13:14:42.4862603Z    Compiling serde v1.0.229
2026-10-06T13:14:42.7372939Z    Compiling libloading v0.8.9
2026-10-06T13:14:42.8117809Z    Compiling toml_parser v1.1.3+spec-1.1.0
2026-10-06T13:14:43.0919075Z    Compiling toml_edit v0.25.15+spec-1.1.0
2026-10-06T13:14:43.5629760Z    Compiling dlib v0.5.3
2026-10-06T13:14:43.5928350Z    Compiling polling v3.11.0
2026-10-06T13:14:43.6987792Z    Compiling proc-macro-crate v3.5.0
2026-10-06T13:14:43.8945677Z    Compiling zvariant_utils v4.2.0
2026-10-06T13:14:44.4965822Z    Compiling enumflags2_derive v0.7.12
2026-10-06T13:14:44.6839263Z    Compiling parking v2.2.1
2026-10-06T13:14:44.7345742Z    Compiling enumflags2 v0.7.12
2026-10-06T13:14:44.7979099Z    Compiling zvariant_derive v5.15.0
2026-10-06T13:14:44.9099702Z    Compiling wayland-sys v0.31.11
2026-10-06T13:14:45.0656130Z    Compiling zcheapstr v1.1.0
2026-10-06T13:14:45.1221154Z    Compiling futures-core v0.3.34
2026-10-06T13:14:45.1621779Z    Compiling slab v0.4.12
2026-10-06T13:14:45.2173817Z    Compiling endi v1.1.1
2026-10-06T13:14:45.2566388Z    Compiling synstructure v0.14.0
2026-10-06T13:14:45.5090711Z    Compiling scoped-tls v1.0.1
2026-10-06T13:14:45.5337776Z    Compiling downcast-rs v1.2.1
2026-10-06T13:14:45.5537704Z    Compiling wayland-backend v0.3.17
2026-10-06T13:14:46.2485511Z    Compiling wayland-scanner v0.31.11
2026-10-06T13:14:46.9410428Z    Compiling crossbeam-utils v0.8.23
2026-10-06T13:14:47.0611256Z    Compiling zerofrom-derive v0.1.8
2026-10-06T13:14:47.5513031Z    Compiling tracing-attributes v0.1.31
2026-10-06T13:14:48.0387743Z    Compiling tracing-core v0.1.36
2026-10-06T13:14:48.3516165Z    Compiling fastrand v2.5.0
2026-10-06T13:14:48.4439172Z    Compiling futures-io v0.3.34
2026-10-06T13:14:48.4961378Z    Compiling tracing v0.1.44
2026-10-06T13:14:48.5982563Z    Compiling zerofrom v0.1.8
2026-10-06T13:14:48.6319092Z    Compiling concurrent-queue v2.5.0
2026-10-06T13:14:48.6990855Z    Compiling wayland-client v0.31.15
2026-10-06T13:14:49.6231108Z    Compiling yoke-derive v0.8.4
2026-10-06T13:14:50.0176412Z    Compiling event-listener v5.4.2
2026-10-06T13:14:50.1200975Z    Compiling stable_deref_trait v1.2.1
2026-10-06T13:14:50.1369284Z    Compiling yoke v0.8.3
2026-10-06T13:14:50.2072753Z    Compiling event-listener-strategy v0.5.4
2026-10-06T13:14:50.2454972Z    Compiling futures-lite v2.6.1
2026-10-06T13:14:50.5984073Z    Compiling zvariant v5.15.0
2026-10-06T13:14:55.0590840Z    Compiling zbus_names v4.3.4
2026-10-06T13:14:55.3621367Z    Compiling zerovec-derive v0.11.6
2026-10-06T13:14:55.7938961Z    Compiling zerovec v0.11.8
2026-10-06T13:14:57.3105219Z    Compiling errno v0.3.14
2026-10-06T13:14:57.3542078Z    Compiling displaydoc v0.2.7
2026-10-06T13:14:57.6137268Z    Compiling bytemuck_derive v1.12.1
2026-10-06T13:14:58.0912106Z    Compiling async-task v4.7.1
2026-10-06T13:14:58.1691577Z    Compiling bytemuck v1.25.2
2026-10-06T13:14:58.2693118Z    Compiling signal-hook-registry v1.4.8
2026-10-06T13:14:58.6810275Z    Compiling async-io v2.6.0
2026-10-06T13:14:59.0696845Z    Compiling async-channel v2.5.0
2026-10-06T13:14:59.1389718Z    Compiling wayland-protocols v0.32.13
2026-10-06T13:15:02.7294821Z    Compiling atomic-waker v1.1.2
2026-10-06T13:15:02.7611155Z    Compiling piper v0.2.5
2026-10-06T13:15:02.8338640Z    Compiling async-signal v0.2.14
2026-10-06T13:15:02.9058094Z    Compiling zbus_xml v5.2.1
2026-10-06T13:15:03.4913565Z    Compiling async-lock v3.4.2
2026-10-06T13:15:03.7440547Z    Compiling thiserror-impl v1.0.69
2026-10-06T13:15:04.2104120Z    Compiling thiserror v1.0.69
2026-10-06T13:15:04.2317203Z    Compiling async-process v2.5.0
2026-10-06T13:15:04.5741438Z    Compiling zbus-lockstep v0.5.2
2026-10-06T13:15:04.6436287Z    Compiling blocking v1.7.0
2026-10-06T13:15:05.4013332Z    Compiling async-executor v1.14.0
2026-10-06T13:15:05.5765304Z    Compiling tinystr v0.8.4
2026-10-06T13:15:05.6426110Z    Compiling zbus_macros v5.19.0
2026-10-06T13:15:06.7357977Z    Compiling async-broadcast v0.7.2
2026-10-06T13:15:06.8187220Z    Compiling ordered-stream v0.2.0
2026-10-06T13:15:06.9441028Z    Compiling uuid v1.27.0
2026-10-06T13:15:07.1281973Z    Compiling async-recursion v1.2.0
2026-10-06T13:15:07.3146903Z    Compiling async-trait v0.1.92
2026-10-06T13:15:07.6470899Z    Compiling serde_repr v0.1.21
2026-10-06T13:15:07.7956538Z    Compiling litemap v0.8.3
2026-10-06T13:15:07.8659380Z    Compiling writeable v0.6.4
2026-10-06T13:15:07.9531637Z    Compiling hex v0.4.3
2026-10-06T13:15:08.0428085Z    Compiling zbus v5.19.0
2026-10-06T13:15:13.3560636Z    Compiling icu_locale_core v2.3.0
2026-10-06T13:15:13.9982614Z    Compiling zbus-lockstep-macros v0.5.2
2026-10-06T13:15:14.2135474Z    Compiling zerocopy v0.8.59
2026-10-06T13:15:15.9476232Z    Compiling getrandom v0.3.4
2026-10-06T13:15:16.0109829Z    Compiling zerotrie v0.2.5
2026-10-06T13:15:16.1324495Z    Compiling potential_utf v0.1.6
2026-10-06T13:15:16.1779027Z    Compiling cursor-icon v1.2.0
2026-10-06T13:15:16.2096671Z    Compiling linux-raw-sys v0.4.15
2026-10-06T13:15:16.3700110Z    Compiling static_assertions v1.1.0
2026-10-06T13:15:16.3870920Z    Compiling utf8_iter v1.0.4
2026-10-06T13:15:16.4291261Z    Compiling simd-adler32 v0.3.10
2026-10-06T13:15:16.5064513Z    Compiling xkeysym v0.2.1
2026-10-06T13:15:16.8111317Z    Compiling xcursor v0.3.11
2026-10-06T13:15:16.9873032Z    Compiling percent-encoding v2.3.2
2026-10-06T13:15:17.0558969Z    Compiling wayland-cursor v0.31.14
2026-10-06T13:15:17.1656415Z    Compiling icu_collections v2.3.0
2026-10-06T13:15:17.4075308Z    Compiling atspi-common v0.9.0
2026-10-06T13:15:19.8907431Z    Compiling rustix v0.38.44
2026-10-06T13:15:21.8171509Z    Compiling wayland-csd-frame v0.3.0
2026-10-06T13:15:21.9146399Z    Compiling icu_provider v2.3.1
2026-10-06T13:15:22.0487651Z    Compiling ahash v0.8.12
2026-10-06T13:15:22.1285365Z    Compiling wayland-protocols-wlr v0.3.12
2026-10-06T13:15:22.8484307Z    Compiling memmap2 v0.9.11
2026-10-06T13:15:22.9296934Z    Compiling accesskit v0.21.1
2026-10-06T13:15:23.1158140Z    Compiling scopeguard v1.2.0
2026-10-06T13:15:23.1369745Z    Compiling adler2 v2.0.1
2026-10-06T13:15:23.1695465Z    Compiling lock_api v0.4.14
2026-10-06T13:15:23.2513624Z    Compiling x11-dl v2.21.0
2026-10-06T13:15:24.8159917Z    Compiling calloop v0.13.0
2026-10-06T13:15:25.1240134Z    Compiling icu_properties_data v2.3.0
2026-10-06T13:15:25.1695813Z    Compiling parking_lot_core v0.9.12
2026-10-06T13:15:25.2653517Z    Compiling icu_normalizer_data v2.3.0
2026-10-06T13:15:25.2824355Z    Compiling gethostname v1.1.0
2026-10-06T13:15:25.3091808Z    Compiling as-raw-xcb-connection v1.0.1
2026-10-06T13:15:25.3273634Z    Compiling ttf-parser v0.25.1
2026-10-06T13:15:26.6689478Z    Compiling foldhash v0.1.5
2026-10-06T13:15:26.7256079Z    Compiling x11rb-protocol v0.13.2
2026-10-06T13:15:34.5087045Z    Compiling x11rb v0.13.2
2026-10-06T13:15:35.4896093Z    Compiling hashbrown v0.15.5
2026-10-06T13:15:35.7462762Z    Compiling owned_ttf_parser v0.25.1
2026-10-06T13:15:35.8249239Z    Compiling icu_normalizer v2.3.0
2026-10-06T13:15:36.1206928Z    Compiling parking_lot v0.12.5
2026-10-06T13:15:36.3354618Z    Compiling icu_properties v2.3.0
2026-10-06T13:15:36.9019868Z    Compiling calloop-wayland-source v0.3.0
2026-10-06T13:15:36.9395676Z    Compiling crc32fast v1.5.2
2026-10-06T13:15:37.0196025Z    Compiling miniz_oxide v0.9.1
2026-10-06T13:15:37.3576835Z    Compiling atspi-proxies v0.9.0
2026-10-06T13:15:38.2152067Z    Compiling emath v0.33.3
2026-10-06T13:15:38.3913378Z    Compiling raw-window-handle v0.6.2
2026-10-06T13:15:38.4709573Z    Compiling ab_glyph_rasterizer v0.1.10
2026-10-06T13:15:38.5299594Z    Compiling ab_glyph v0.2.32
2026-10-06T13:15:38.7582922Z    Compiling ecolor v0.33.3
2026-10-06T13:15:38.8820178Z    Compiling atspi-connection v0.9.0
2026-10-06T13:15:39.3792264Z    Compiling flate2 v1.1.10
2026-10-06T13:15:39.5677501Z    Compiling smithay-client-toolkit v0.19.2
2026-10-06T13:15:40.2830258Z    Compiling idna_adapter v1.2.2
2026-10-06T13:15:40.3168819Z    Compiling num-traits v0.2.19
2026-10-06T13:15:40.5973333Z    Compiling accesskit_consumer v0.31.0
2026-10-06T13:15:40.9768036Z    Compiling miniz_oxide v0.8.9
2026-10-06T13:15:41.3101366Z    Compiling xkbcommon-dl v0.4.2
2026-10-06T13:15:41.5541505Z    Compiling fdeflate v0.3.7
2026-10-06T13:15:41.7514021Z    Compiling wayland-protocols-plasma v0.3.12
2026-10-06T13:15:43.3630431Z    Compiling calloop v0.14.5
2026-10-06T13:15:43.7457512Z    Compiling thiserror-impl v2.0.21
2026-10-06T13:15:44.3303477Z    Compiling futures-macro v0.3.34
2026-10-06T13:15:44.6433685Z    Compiling pxfm v0.1.30
2026-10-06T13:15:46.4411558Z    Compiling epaint_default_fonts v0.33.3
2026-10-06T13:15:46.4849144Z    Compiling smol_str v0.2.2
2026-10-06T13:15:46.5733998Z    Compiling nohash-hasher v0.2.0
2026-10-06T13:15:46.6014479Z    Compiling dpi v0.1.2
2026-10-06T13:15:46.6640519Z    Compiling profiling v1.0.18
2026-10-06T13:15:46.6796062Z    Compiling futures-task v0.3.34
2026-10-06T13:15:46.7311457Z    Compiling futures-util v0.3.34
2026-10-06T13:15:47.6162226Z    Compiling epaint v0.33.3
2026-10-06T13:15:48.8798383Z    Compiling winit v0.30.13
2026-10-06T13:15:52.2865933Z    Compiling moxcms v0.8.1
2026-10-06T13:15:56.5584251Z    Compiling thiserror v2.0.21
2026-10-06T13:15:56.5848036Z    Compiling calloop-wayland-source v0.4.1
2026-10-06T13:15:56.6249933Z    Compiling png v0.18.1
2026-10-06T13:15:57.3379203Z    Compiling accesskit_atspi_common v0.14.2
2026-10-06T13:15:57.8620293Z    Compiling idna v1.1.0
2026-10-06T13:15:58.2917521Z    Compiling atspi v0.25.0
2026-10-06T13:15:58.3139814Z    Compiling form_urlencoded v1.2.2
2026-10-06T13:15:58.3741574Z    Compiling wayland-protocols-experimental v20250721.0.1
2026-10-06T13:15:58.6430236Z    Compiling wayland-protocols-misc v0.3.12
2026-10-06T13:15:58.9531360Z    Compiling unicode-segmentation v1.13.3
2026-10-06T13:15:59.1408283Z    Compiling byteorder-lite v0.1.0
2026-10-06T13:15:59.2421787Z    Compiling image v0.25.10
2026-10-06T13:16:01.7205872Z    Compiling egui v0.33.3
2026-10-06T13:16:06.3223938Z    Compiling smithay-client-toolkit v0.20.0
2026-10-06T13:16:07.1045981Z    Compiling url v2.5.8
2026-10-06T13:16:07.5207248Z    Compiling accesskit_unix v0.17.2
2026-10-06T13:16:09.8352270Z    Compiling glutin_egl_sys v0.7.1
2026-10-06T13:16:09.8892398Z    Compiling glutin_glx_sys v0.6.1
2026-10-06T13:16:09.9458065Z    Compiling glutin v0.32.3
2026-10-06T13:16:10.5754100Z    Compiling accesskit_winit v0.29.2
2026-10-06T13:16:10.6962373Z    Compiling webbrowser v1.2.4
2026-10-06T13:16:10.9873011Z    Compiling smithay-clipboard v0.7.3
2026-10-06T13:16:11.7605608Z    Compiling memoffset v0.9.1
2026-10-06T13:16:11.7786592Z    Compiling arboard v3.6.1
2026-10-06T13:16:12.3998352Z    Compiling glow v0.16.0
2026-10-06T13:16:13.2226912Z    Compiling web-time v1.1.0
2026-10-06T13:16:13.2420605Z    Compiling egui-winit v0.33.3
2026-10-06T13:16:13.8866880Z    Compiling egui_glow v0.33.3
2026-10-06T13:16:14.0713935Z    Compiling glutin-winit v0.5.0
2026-10-06T13:16:14.1919912Z    Compiling eframe v0.33.3
2026-10-06T13:16:16.3689346Z    Compiling rheon v0.1.0 (/home/runner/work/Rheon/Rheon)
2026-10-06T13:16:59.1178357Z     Finished `test` profile [unoptimized + debuginfo] target(s) in 2m 28s
2026-10-06T13:16:59.1332426Z      Running unittests src/lib.rs (target/debug/deps/rheon-c3147dbbcb05ee21)
2026-10-06T13:16:59.1342487Z 
2026-10-06T13:16:59.1343360Z running 3 tests
2026-10-06T13:16:59.1351109Z test forces::tests::work_accounts_for_actual_storage_rounding_and_closed_wall_faces ... ok
2026-10-06T13:16:59.1351819Z      Running unittests src/bin/rheon.rs (target/debug/deps/rheon-c4a0ddf597429b65)
2026-10-06T13:16:59.1352418Z test forces::tests::finite_step_work_can_be_negative_and_uses_both_velocity_endpoints ... ok
2026-10-06T13:16:59.1353088Z test pressure::comparison_tests::sgs_matches_independently_assembled_triangular_system ... ok
2026-10-06T13:16:59.1353458Z 
2026-10-06T13:16:59.1353704Z test result: ok. 3 passed; 0 failed; 0 ignored; 0 measured; 0 filtered out; finished in 0.00s
2026-10-06T13:16:59.1354023Z 
2026-10-06T13:16:59.1354028Z 
2026-10-06T13:16:59.1354166Z running 0 tests
2026-10-06T13:16:59.1354335Z 
2026-10-06T13:16:59.1354586Z test result: ok. 0 passed; 0 failed; 0 ignored; 0 measured; 0 filtered out; finished in 0.00s
2026-10-06T13:16:59.1354917Z 
2026-10-06T13:16:59.1355204Z      Running unittests src/bin/rheon-desktop.rs (target/debug/deps/rheon_desktop-8f64e18ee0436a18)
2026-10-06T13:16:59.1362424Z 
2026-10-06T13:16:59.1362694Z running 6 tests
2026-10-06T13:16:59.1365031Z test tests::cancelled_worker_never_publishes_rows ... ok
2026-10-06T13:16:59.1388903Z test tests::dropping_app_cancels_and_joins_owned_worker ... ok
2026-10-06T13:16:59.1389836Z test tests::repeated_start_cannot_replace_active_work ... ok
2026-10-06T13:16:59.1421127Z test tests::cancellation_before_publication_suppresses_already_finished_result ... ok
2026-10-06T13:16:59.1639033Z test tests::cancel_after_progress_joins_without_rows_and_allows_restart ... ok
2026-10-06T13:16:59.3142866Z test tests::worker_runs_selected_and_equal_input_comparison ... ok
2026-10-06T13:16:59.3143090Z 
2026-10-06T13:16:59.3143345Z test result: ok. 6 passed; 0 failed; 0 ignored; 0 measured; 0 filtered out; finished in 0.18s
2026-10-06T13:16:59.3143591Z 
2026-10-06T13:16:59.3146894Z      Running tests/advection_contract.rs (target/debug/deps/advection_contract-225c15c5b5f70bf2)
2026-10-06T13:16:59.3153502Z 
2026-10-06T13:16:59.3153902Z running 3 tests
2026-10-06T13:16:59.3154254Z test cancellation_and_output_shape_are_explicit ... ok
2026-10-06T13:16:59.3154658Z test rest_state_is_preserved_on_degenerate_grid ... ok
2026-10-06T13:16:59.3155223Z test constant_translation_advects_an_interior_pulse_one_cell ... ok
2026-10-06T13:16:59.3155566Z 
2026-10-06T13:16:59.3155874Z test result: ok. 3 passed; 0 failed; 0 ignored; 0 measured; 0 filtered out; finished in 0.00s
2026-10-06T13:16:59.3156130Z 
2026-10-06T13:16:59.3156534Z      Running tests/box_flux_contract.rs (target/debug/deps/box_flux_contract-d9daa3190bb0368b)
2026-10-06T13:16:59.3163492Z 
2026-10-06T13:16:59.3163600Z running 11 tests
2026-10-06T13:16:59.3171042Z test affine_adjoint_requires_boundary_work_and_is_gauge_invariant_when_balanced ... ok
2026-10-06T13:16:59.3171959Z test iteration_budget_failure_precedes_any_face_output_write ... ok
2026-10-06T13:16:59.3172757Z test cancellation_has_explicit_partial_output_semantics_and_retry_preserves_inputs ... ok
2026-10-06T13:16:59.3173510Z test known_net_flux_rejects_even_when_provisional_rhs_rounding_scale_is_enormous ... ok
2026-10-06T13:16:59.3174045Z test invalid_inputs_reject_before_output_mutation ... ok
2026-10-06T13:16:59.3174582Z test nonzero_boundary_flux_cannot_underflow_out_of_the_compatibility_gate ... ok
2026-10-06T13:16:59.3175161Z test singleton_flow_and_exact_capacity_limits_are_supported ... ok
2026-10-06T13:16:59.3175995Z test physical_stored_divergence_gate_rejects_after_solver_acceptance ... ok
2026-10-06T13:16:59.3176539Z test unequal_side_areas_match_independent_dense_projection_and_all_cell_divergence ... ok
2026-10-06T13:16:59.3177112Z      Running tests/box_flux_step_contract.rs (target/debug/deps/box_flux_step_contract-52fc4a4a39f26494)
2026-10-06T13:16:59.3177855Z test signed_through_flow_on_each_axis_matches_hand_pressure_energy_and_boundary_values ... ok
2026-10-06T13:16:59.3178797Z test zero_flux_matches_preserved_operator_solver_and_stored_face_bits ... ok
2026-10-06T13:16:59.3179157Z 
2026-10-06T13:16:59.3179514Z test result: ok. 11 passed; 0 failed; 0 ignored; 0 measured; 0 filtered out; finished in 0.00s
2026-10-06T13:16:59.3179938Z 
2026-10-06T13:16:59.3186149Z 
2026-10-06T13:16:59.3186513Z running 13 tests
2026-10-06T13:16:59.3199865Z test box_flux_divergence_conversion_preserves_shared_error_payload ... ok
2026-10-06T13:16:59.3200675Z test clamped_appearance_transport_and_saturated_source_have_separate_integrals ... ok
2026-10-06T13:16:59.3201321Z test balanced_volume_flux_does_not_certify_tracer_mass_conservation ... ok
2026-10-06T13:16:59.3212951Z test copied_changing_boundary_versions_are_published_only_on_success ... ok
2026-10-06T13:16:59.3213766Z test current_boundary_speed_controls_initial_dt_and_accepted_courant ... ok
2026-10-06T13:16:59.3214396Z test external_and_smoke_force_terms_join_the_projection_work_ledger ... ok
2026-10-06T13:16:59.3218716Z test incompatible_flux_solver_exhaustion_and_late_source_overflow_never_publish ... ok
2026-10-06T13:16:59.3228550Z test stored_divergence_rejection_after_projection_preserves_all_accepted_bits ... ok
2026-10-06T13:16:59.3229963Z test workspace_matches_geometry_density_and_solver_before_any_callback ... ok
2026-10-06T13:16:59.3241682Z test independently_capped_workspace_retains_legacy_capacity_and_supports_reset_pause ... ok
2026-10-06T13:16:59.3255327Z test signed_end_boundary_commits_hand_flow_and_full_step_work_in_all_axes ... ok
2026-10-06T13:16:59.3266434Z test zero_boundary_agrees_with_legacy_fields_and_default_callbacks_stay_legacy ... ok
2026-10-06T13:16:59.3484526Z test cancellation_through_partial_stages_preserves_state_and_retry_matches_fresh ... ok
2026-10-06T13:16:59.3484946Z 
2026-10-06T13:16:59.3485191Z test result: ok. 13 passed; 0 failed; 0 ignored; 0 measured; 0 filtered out; finished in 0.03s
2026-10-06T13:16:59.3485567Z 
2026-10-06T13:16:59.3486128Z      Running tests/cli_contract.rs (target/debug/deps/cli_contract-ea673c6ccdb279e4)
2026-10-06T13:16:59.3493296Z 
2026-10-06T13:16:59.3493532Z running 4 tests
2026-10-06T13:16:59.3520216Z test existing_output_is_not_overwritten ... ok
2026-10-06T13:16:59.3543996Z test bad_cli_values_and_cap_fail_before_output_creation ... ok
2026-10-06T13:16:59.3641710Z test executable_exports_reproducible_png_csv_and_completion_manifest ... ok
2026-10-06T13:16:59.6097670Z test explicit_original_selection_replays_default_and_unknown_is_rejected ... ok
2026-10-06T13:16:59.6098042Z 
2026-10-06T13:16:59.6098447Z test result: ok. 4 passed; 0 failed; 0 ignored; 0 measured; 0 filtered out; finished in 0.26s
2026-10-06T13:16:59.6098873Z 
2026-10-06T13:16:59.6099357Z      Running tests/collision_contract.rs (target/debug/deps/collision_contract-ec1d57f50f7c22ec)
2026-10-06T13:16:59.6107849Z 
2026-10-06T13:16:59.6108444Z running 13 tests
2026-10-06T13:16:59.6110138Z test an_ambiguous_facet_prevents_publishing_another_facets_definite_hit ... ok
2026-10-06T13:16:59.6110783Z test book_cube_outside_crossing_miss_and_inside_exit_match_hand_arithmetic ... ok
2026-10-06T13:16:59.6113279Z test coplanar_near_parallel_and_near_boundary_candidates_are_not_silent_misses ... ok
2026-10-06T13:16:59.6114270Z test cancellation_after_a_found_hit_returns_no_partial_result_or_mesh_mutation ... ok
2026-10-06T13:16:59.6114711Z test clipping_returns_first_contact_and_preserves_end_on_a_definite_miss ... ok
2026-10-06T13:16:59.6115151Z test invalid_admission_and_queries_report_the_actual_unsupported_input ... ok
2026-10-06T13:16:59.6115805Z test earliest_contact_is_independent_of_order_and_exact_ties_use_lowest_index ... ok
2026-10-06T13:16:59.6116228Z test conditioning_is_relative_across_small_large_scales_and_translated_geometry ... ok
2026-10-06T13:16:59.6116679Z test memory_limit_accounts_for_owned_capacities_not_only_lengths ... ok
2026-10-06T13:16:59.6117076Z test oblique_facet_reconstructs_barycentric_point_and_unit_geometric_normal ... ok
2026-10-06T13:16:59.6117473Z test reversed_winding_changes_normal_and_facing_but_preserves_contact ... ok
2026-10-06T13:16:59.6119651Z test transverse_interior_edges_vertices_and_segment_endpoints_are_explicit_hits ... ok
2026-10-06T13:16:59.6120293Z test unresolved_large_segment_interpolation_rejects_off_facet_hits ... ok
2026-10-06T13:16:59.6120626Z 
2026-10-06T13:16:59.6120861Z test result: ok. 13 passed; 0 failed; 0 ignored; 0 measured; 0 filtered out; finished in 0.00s
2026-10-06T13:16:59.6121200Z 
2026-10-06T13:16:59.6121742Z      Running tests/column_mac_contract.rs (target/debug/deps/column_mac_contract-84c0efa63f242805)
2026-10-06T13:16:59.6128405Z 
2026-10-06T13:16:59.6128727Z running 8 tests
2026-10-06T13:16:59.6139089Z test independently_assembled_partial_mass_flux_pressure_matrix_and_adjoint ... ok
2026-10-06T13:16:59.6139793Z test hand_transfer_and_lossy_roundtrip_wall_ledgers_all_axes ... ok
2026-10-06T13:16:59.6159114Z test owner_export_revision_omission_and_dynamic_refusal ... ok
2026-10-06T13:16:59.6177748Z test single_wet_node_decimal_geometry_phase_mass_and_legacy_transition_guard ... ok
2026-10-06T13:16:59.6189493Z test owner_nonflat_paused_version_shape_and_late_projection_failures ... ok
2026-10-06T13:16:59.6268503Z test transfer_cancellation_all_occurrences_shape_and_scale_failures ... ok
2026-10-06T13:16:59.6341087Z test both_solvers_publish_velocity_pressure_and_geometry_revisions_all_axes ... ok
2026-10-06T13:16:59.7770476Z test every_owner_callback_preserves_nonzero_accepted_state_and_retry ... ok
2026-10-06T13:16:59.7770792Z 
2026-10-06T13:16:59.7771069Z test result: ok. 8 passed; 0 failed; 0 ignored; 0 measured; 0 filtered out; finished in 0.16s
2026-10-06T13:16:59.7771379Z 
2026-10-06T13:16:59.7773145Z      Running tests/column_momentum_contract.rs (target/debug/deps/column_momentum_contract-2479918279c1d934)
2026-10-06T13:16:59.7781321Z 
2026-10-06T13:16:59.7781580Z running 8 tests
2026-10-06T13:16:59.7785209Z test hand_derived_closed_exchange_all_axes ... ok
2026-10-06T13:16:59.7794195Z test large_support_change_uses_explicit_parcels ... ok
2026-10-06T13:16:59.7794826Z test every_callback_rolls_back_and_retry_is_identical ... ok
2026-10-06T13:16:59.7795564Z test identity_and_constants_cover_cut_classification_and_single_node ... ok
2026-10-06T13:16:59.7797926Z test affine_parcel_means_refine_without_claiming_linear_exactness ... ok
2026-10-06T13:16:59.7798561Z test ordinary_decimal_scale_constant_parcels_are_preserved ... ok
2026-10-06T13:16:59.7799232Z test ordinary_unit_geometry_nonbinary_constant_parcels_are_preserved ... ok
2026-10-06T13:16:59.7799858Z test refused_inputs_and_late_scale_failure_preserve_outputs ... ok
2026-10-06T13:16:59.7800154Z 
2026-10-06T13:16:59.7800387Z test result: ok. 8 passed; 0 failed; 0 ignored; 0 measured; 0 filtered out; finished in 0.00s
2026-10-06T13:16:59.7800709Z 
2026-10-06T13:16:59.7800932Z      Running tests/column_shear_contract.rs (target/debug/deps/column_shear_contract-fa45691cee60a018)
2026-10-06T13:16:59.7807661Z 
2026-10-06T13:16:59.7808069Z running 6 tests
2026-10-06T13:16:59.7819716Z test explicit_admission_scale_and_stability_failures_preserve_output ... ok
2026-10-06T13:16:59.7820344Z test cut_heights_cover_both_center_classifications_and_single_node ... ok
2026-10-06T13:16:59.7820917Z test independent_partial_dual_mass_matrix_force_and_energy_all_axes ... ok
2026-10-06T13:16:59.7821490Z test local_affine_shear_force_and_translation_null_mode ... ok
2026-10-06T13:16:59.7822053Z test every_callback_occurrence_cancels_output_and_retry_is_equal ... ok
2026-10-06T13:16:59.7954666Z test analytic_traction_free_shear_refines_with_liquid_only_weights ... ok
2026-10-06T13:16:59.7954966Z 
2026-10-06T13:16:59.7955240Z test result: ok. 6 passed; 0 failed; 0 ignored; 0 measured; 0 filtered out; finished in 0.01s
2026-10-06T13:16:59.7955573Z 
2026-10-06T13:16:59.7955990Z      Running tests/column_surface_contract.rs (target/debug/deps/column_surface_contract-e6ac370714eade6b)
2026-10-06T13:16:59.7963412Z 
2026-10-06T13:16:59.7963567Z running 10 tests
2026-10-06T13:16:59.7989318Z test admission_and_memory_are_bounded_and_explicit ... ok
2026-10-06T13:16:59.7989985Z test geometric_vertical_translation_crosses_layers_with_exact_volume_ledger ... ok
2026-10-06T13:16:59.7991006Z test independent_variable_distance_matrix_and_air_storage ... ok
2026-10-06T13:16:59.8009229Z test a_moving_column_activates_a_new_pressure_center_on_the_next_interval ... ok
2026-10-06T13:16:59.8010079Z test rectangular_manufactured_variable_ghost_distances_match_independent_assembly ... ok
2026-10-06T13:16:59.8020829Z test unequal_spacing_column_hydrostatics_work_on_all_three_axes ... ok
2026-10-06T13:16:59.8022342Z test unrepresentable_ghost_distance_coefficient_rejects_without_clamping ... ok
2026-10-06T13:16:59.8023248Z test late_unsupported_reconstruction_keeps_accepted_pressure_phase_and_both_geometries ... ok
2026-10-06T13:16:59.8067974Z test mixed_hydrostatic_columns_repeat_and_track_both_geometry_versions ... ok
2026-10-06T13:16:59.8225500Z test consecutive_coupled_pulses_advance_mixed_fractions_and_preserve_geometry_on_cancel ... ok
2026-10-06T13:16:59.8225844Z 
2026-10-06T13:16:59.8226048Z test result: ok. 10 passed; 0 failed; 0 ignored; 0 measured; 0 filtered out; finished in 0.03s
2026-10-06T13:16:59.8226349Z 
2026-10-06T13:16:59.8227023Z      Running tests/coupled_discrete_contract.rs (target/debug/deps/coupled_discrete_contract-10613f4cceb906e8)
2026-10-06T13:16:59.8234201Z 
2026-10-06T13:16:59.8234618Z running 8 tests
2026-10-06T13:17:00.0189441Z test converged_seed_retains_historical_one_pass_counter ... ok
2026-10-06T13:17:05.1679550Z test bounded_iteration_failure_preserves_initial_frame_pressure_clock ... ok
2026-10-06T13:17:11.1419520Z test genuine_coupled_pressure_strain_mass_and_work_publish_together ... ok
2026-10-06T13:17:11.1568953Z test memory_and_unsupported_field_fail_before_owner_creation ... ok
2026-10-06T13:17:16.8079409Z test invalid_scale_intervals_preserve_nonzero_accepted_state ... ok
2026-10-06T13:17:21.6270618Z test final_authorized_correction_matches_larger_budget_without_another_correction ... ok
2026-10-06T13:17:33.3677690Z test terminal_validation_cancellation_preserves_state_and_resumes ... ok
2026-10-06T13:17:58.8115986Z test every_barrier_preserves_all_accepted_bits_after_nonzero_state_and_resumes ... ok
2026-10-06T13:17:58.8116681Z 
2026-10-06T13:17:58.8116907Z test result: ok. 8 passed; 0 failed; 0 ignored; 0 measured; 0 filtered out; finished in 58.99s
2026-10-06T13:17:58.8117269Z 
2026-10-06T13:17:58.8119443Z      Running tests/export_contract.rs (target/debug/deps/export_contract-28cb0dbf0e593aa9)
2026-10-06T13:17:58.8129739Z 
2026-10-06T13:17:58.8130043Z running 1 test
2026-10-06T13:17:58.8135921Z test raw_export_limit_rejects_before_writing ... ok
2026-10-06T13:17:58.8136160Z 
2026-10-06T13:17:58.8136537Z test result: ok. 1 passed; 0 failed; 0 ignored; 0 measured; 0 filtered out; finished in 0.00s
2026-10-06T13:17:58.8136906Z 
2026-10-06T13:17:58.8137278Z      Running tests/extruded_third_contract.rs (target/debug/deps/extruded_third_contract-c83d5583037c9eb4)
2026-10-06T13:17:58.8144900Z 
2026-10-06T13:17:58.8145394Z running 8 tests
2026-10-06T13:17:58.8200623Z test additional_scratch_budget_and_initial_trace_are_enforced ... ok
2026-10-06T13:18:04.3280241Z test bounded_solve_failure_preserves_all_initial_components ... ok
2026-10-06T13:18:09.5531640Z test actual_published_full_velocity_has_both_shears_and_total_work ... ok
2026-10-06T13:18:10.0749788Z test actual_third_linear_failure_preserves_the_published_constructor_state ... ok
2026-10-06T13:18:12.8086322Z test constant_nonzero_third_velocity_survives_actual_moving_mass_publications ... ok
2026-10-06T13:18:21.0846135Z test invalid_arithmetic_and_wrong_api_preserve_nonzero_accepted_state ... ok
2026-10-06T13:18:24.9723446Z test zero_third_opt_in_matches_legacy_actual_state_bit_for_bit ... ok
2026-10-06T13:19:04.3285197Z test every_old_and_third_barrier_preserves_nonzero_published_state_and_retry_bits has been running for over 60 seconds
2026-10-06T13:19:23.3818967Z test every_old_and_third_barrier_preserves_nonzero_published_state_and_retry_bits ... ok
2026-10-06T13:19:23.3819470Z 
2026-10-06T13:19:23.3819734Z test result: ok. 8 passed; 0 failed; 0 ignored; 0 measured; 0 filtered out; finished in 84.57s
2026-10-06T13:19:23.3820118Z 
2026-10-06T13:19:23.3823794Z      Running tests/fitted_height_contract.rs (target/debug/deps/fitted_height_contract-dedb6c246a44cb5d)
2026-10-06T13:19:23.3833318Z 
2026-10-06T13:19:23.3833926Z running 15 tests
2026-10-06T13:19:23.3868530Z test actual_graph_translation_has_shared_gcl_and_full_vector_work ... ok
2026-10-06T13:19:23.3884015Z test arithmetic_kinematic_shape_failures_preserve_output ... ok
2026-10-06T13:19:23.3890952Z test constant_velocity_carries_every_component_with_changing_masses ... ok
2026-10-06T13:19:23.3908719Z test actual_rebuilt_geometry_matches_mass_derivative ... ok
2026-10-06T13:19:23.3909447Z test declared_capacity_and_real_payload_are_bounded ... ok
2026-10-06T13:19:23.3919516Z test divergence_defect_is_reported_and_nonzero_pressure_work_is_adjoint ... ok
2026-10-06T13:19:23.3939200Z test invalid_geometry_and_uncertain_pressure_rank_are_rejections ... ok
2026-10-06T13:19:23.3994659Z test density_width_viscosity_scaling_and_zero_viscosity_are_explicit ... ok
2026-10-06T13:19:23.4002415Z test marginal_correct_wrong_flux_circulation_is_rejected ... ok
2026-10-06T13:19:23.4018588Z test full_vector_affine_strain_and_prescribed_traction_patch ... ok
2026-10-06T13:19:23.4041125Z test periodic_seam_is_neighbor_center_intersection_with_true_derivative ... ok
2026-10-06T13:19:23.4068941Z test rigid_rotation_and_full_vector_translation_are_strain_null_modes ... ok
2026-10-06T13:19:23.4069519Z test shared_geometry_mass_and_affine_gradient_partition ... ok
2026-10-06T13:19:23.4217697Z test every_cancellation_preserves_output_and_retry_matches ... ok
2026-10-06T13:19:23.5491100Z test numerical_pressure_image_rank_constant_mode_and_transpose ... ok
2026-10-06T13:19:23.5491531Z 
2026-10-06T13:19:23.5491890Z test result: ok. 15 passed; 0 failed; 0 ignored; 0 measured; 0 filtered out; finished in 0.17s
2026-10-06T13:19:23.5492184Z 
2026-10-06T13:19:23.5496089Z      Running tests/fixed_bottom_ale_contract.rs (target/debug/deps/fixed_bottom_ale_contract-6df4403b23f6196c)
2026-10-06T13:19:23.5505531Z 
2026-10-06T13:19:23.5506243Z running 7 tests
2026-10-06T13:19:23.8609391Z test arithmetic_iteration_and_path_failures_preserve_state ... ok
2026-10-06T13:19:23.8668781Z test memory_budget_and_unsupported_carrier_reject_before_owner_creation ... ok
2026-10-06T13:19:24.2039411Z test constants_remain_constant_and_zero_viscosity_still_transports ... ok
2026-10-06T13:19:24.3649370Z test strict_acceptance_failure_preserves_the_accepted_pair ... ok
2026-10-06T13:19:25.9314387Z test constrained_velocity_convex_bound_failure_is_retained_as_a_limit ... ok
2026-10-06T13:19:26.0527637Z test nonzero_relative_transport_and_viscosity_publish_one_geometry ... ok
2026-10-06T13:19:26.1629088Z test cancellation_preserves_nonzero_accepted_geometry_and_recovers_cleanly ... ok
2026-10-06T13:19:26.1629439Z 
2026-10-06T13:19:26.1629666Z test result: ok. 7 passed; 0 failed; 0 ignored; 0 measured; 0 filtered out; finished in 2.61s
2026-10-06T13:19:26.1629996Z 
2026-10-06T13:19:26.1633988Z      Running tests/forces_contract.rs (target/debug/deps/forces_contract-9aed3fd324e79eb4)
2026-10-06T13:19:26.1641571Z 
2026-10-06T13:19:26.1641919Z running 9 tests
2026-10-06T13:19:26.1646936Z test invalid_or_unrepresentable_forces_reject_without_accepted_mutation ... ok
2026-10-06T13:19:26.1650634Z test legacy_smoke_force_precedes_external_stage_and_its_work_is_separate ... ok
2026-10-06T13:19:26.1654332Z test localized_force_projects_to_the_independently_derived_four_edge_cycle ... ok
2026-10-06T13:19:26.1657955Z test empty_forces_keep_legacy_stages_fields_reports_and_array_memory ... ok
2026-10-06T13:19:26.1659189Z test overlapping_vectors_add_and_forcing_budget_covers_each_axis_and_units ... ok
2026-10-06T13:19:26.1661203Z test support_is_sampled_on_own_face_lattices_and_excludes_upper_planes_and_walls ... ok
2026-10-06T13:19:26.1686223Z test force_cancellation_and_pressure_exhaustion_preserve_state_and_retry ... ok
2026-10-06T13:19:26.1692657Z test force_density_divides_by_constant_density_and_matches_acceleration_bits ... ok
2026-10-06T13:19:26.1702862Z test signed_uniform_forces_on_each_axis_have_hand_computed_work_and_hydrostatic_rest ... ok
2026-10-06T13:19:26.1703292Z 
2026-10-06T13:19:26.1703604Z test result: ok. 9 passed; 0 failed; 0 ignored; 0 measured; 0 filtered out; finished in 0.01s
2026-10-06T13:19:26.1703938Z 
2026-10-06T13:19:26.1705259Z      Running tests/free_surface_contract.rs (target/debug/deps/free_surface_contract-6ecf559bc9265e49)
2026-10-06T13:19:26.1713565Z 
2026-10-06T13:19:26.1719521Z running 7 tests
2026-10-06T13:19:26.1724323Z test free_surface_admission_is_explicit_and_uses_existing_array_inventory ... ok
2026-10-06T13:19:26.1724882Z test independent_anchored_matrix_has_half_distance_surface_and_no_wet_gauge ... ok
2026-10-06T13:19:26.1725569Z test coupled_surface_redistribution_conserves_volume_and_rejects_unresolved_next_geometry ... ok
2026-10-06T13:19:26.1726179Z test hydrostatic_columns_match_pressure_at_cell_centers_and_zero_air_pressure ... ok
2026-10-06T13:19:26.1729594Z test late_volume_rejection_retains_previous_free_surface_pressure_and_liquid ... ok
2026-10-06T13:19:26.1730029Z test rectangular_manufactured_pressure_matches_independent_wet_air_assembly ... ok
2026-10-06T13:19:26.1768041Z test resolved_hydrostatic_interval_replays_and_cancelled_pair_preserves_pressure_and_phase ... ok
2026-10-06T13:19:26.1768712Z 
2026-10-06T13:19:26.1769019Z test result: ok. 7 passed; 0 failed; 0 ignored; 0 measured; 0 filtered out; finished in 0.01s
2026-10-06T13:19:26.1769290Z 
2026-10-06T13:19:26.1770392Z      Running tests/geometry_contract.rs (target/debug/deps/geometry_contract-a09149dd6d763813)
2026-10-06T13:19:26.1778298Z 
2026-10-06T13:19:26.1778872Z running 7 tests
2026-10-06T13:19:26.1780996Z test half_cell_resolution_regression_requires_no_allocation ... ok
2026-10-06T13:19:26.1781552Z test face_offsets_are_distinct_from_cell_offsets ... ok
2026-10-06T13:19:26.1782103Z test conservative_axis_margin_covers_large_origins_and_adjacent_samples ... ok
2026-10-06T13:19:26.1783020Z test invalid_source_values_fail_before_allocation ... ok
2026-10-06T13:19:26.1783429Z test planned_payload_is_exact_and_cap_is_explicit ... ok
2026-10-06T13:19:26.1783822Z test single_cell_and_one_cell_wide_domains_are_valid ... ok
2026-10-06T13:19:26.1784176Z test rectangular_shapes_and_maximum_indices ... ok
2026-10-06T13:19:26.1784364Z 
2026-10-06T13:19:26.1784559Z test result: ok. 7 passed; 0 failed; 0 ignored; 0 measured; 0 filtered out; finished in 0.00s
2026-10-06T13:19:26.1784819Z 
2026-10-06T13:19:26.1785044Z      Running tests/implementation_contract.rs (target/debug/deps/implementation_contract-2c4da4efe4818e2e)
2026-10-06T13:19:26.1791278Z 
2026-10-06T13:19:26.1791467Z running 5 tests
2026-10-06T13:19:26.1839120Z test all_methods_recover_anisotropic_manufactured_pressure_and_failure_contracts ... ok
2026-10-06T13:19:26.1840133Z test registry_has_stable_unique_ids_and_explicit_unknown_rejection ... ok
2026-10-06T13:19:26.3574661Z test approaches_agree_with_equal_inputs_and_retained_budget ... ok
2026-10-06T13:19:26.6177259Z test every_implementation_preserves_transactional_cancellation_and_replay ... ok
2026-10-06T13:19:26.8538829Z test cancellation_after_accepted_work_preserves_both_implementations ... ok
2026-10-06T13:19:26.8539160Z 
2026-10-06T13:19:26.8539374Z test result: ok. 5 passed; 0 failed; 0 ignored; 0 measured; 0 filtered out; finished in 0.67s
2026-10-06T13:19:26.8539678Z 
2026-10-06T13:19:26.8544307Z      Running tests/liquid_scale_division_contract.rs (target/debug/deps/liquid_scale_division_contract-28d905a85561cde9)
2026-10-06T13:19:26.8553738Z 
2026-10-06T13:19:26.8553996Z running 1 test
2026-10-06T13:19:26.8556505Z test unsupported_candidate_courant_and_divergence_quotients_preserve_accepted_state ... ok
2026-10-06T13:19:26.8556963Z 
2026-10-06T13:19:26.8557369Z test result: ok. 1 passed; 0 failed; 0 ignored; 0 measured; 0 filtered out; finished in 0.00s
2026-10-06T13:19:26.8557870Z 
2026-10-06T13:19:26.8558345Z      Running tests/liquid_step_contract.rs (target/debug/deps/liquid_step_contract-2376a13465b2ee89)
2026-10-06T13:19:26.8568613Z 
2026-10-06T13:19:26.8568734Z running 8 tests
2026-10-06T13:19:26.8582762Z test combined_capacity_cap_counts_transferred_capacity_and_pressure ... ok
2026-10-06T13:19:26.8584491Z test accepted_actual_dt_controls_volume_interval_and_closed_step_is_coherent ... ok
2026-10-06T13:19:26.8589109Z test carrier_failure_and_pause_preserve_volume_pressure_and_clocks ... ok
2026-10-06T13:19:26.8589876Z test liquid_failure_after_new_pressure_prepare_preserves_all_accepted_bits_and_retry ... ok
2026-10-06T13:19:26.8590605Z test liquid_guidance_integrates_accepted_fraction_with_explicit_pixel_budget ... ok
2026-10-06T13:19:26.8594476Z test signed_axis_transport_publishes_hand_pressure_and_synchronized_states ... ok
2026-10-06T13:19:26.8595413Z test volume_input_failure_and_version_overflow_precede_carrier_callbacks ... ok
2026-10-06T13:19:26.9113541Z test every_exercised_carrier_volume_and_final_checkpoint_rolls_back_and_replays ... ok
2026-10-06T13:19:26.9113862Z 
2026-10-06T13:19:26.9114194Z test result: ok. 8 passed; 0 failed; 0 ignored; 0 measured; 0 filtered out; finished in 0.05s
2026-10-06T13:19:26.9114510Z 
2026-10-06T13:19:26.9119052Z      Running tests/liquid_volume_contract.rs (target/debug/deps/liquid_volume_contract-d90f78f6e3c4db6d)
2026-10-06T13:19:26.9126847Z 
2026-10-06T13:19:26.9127407Z running 18 tests
2026-10-06T13:19:26.9129839Z test actual_owned_capacity_invalid_inputs_and_resolved_clock_are_checked ... ok
2026-10-06T13:19:26.9130846Z test geometry_interval_source_identity_and_version_limits_reject_before_callbacks ... ok
2026-10-06T13:19:26.9131664Z test courant_divergence_and_raw_source_bounds_fail_without_changing_accepted_state ... ok
2026-10-06T13:19:26.9132303Z test closed_anisotropic_circulation_reuses_shared_faces_and_preserves_volume ... ok
2026-10-06T13:19:26.9133451Z test normal_initial_amount_is_supported_but_subnormal_initial_amount_is_rejected ... ok
2026-10-06T13:19:26.9134195Z test oblique_constant_fraction_preserves_constant_and_balanced_boundary_transfer ... ok
2026-10-06T13:19:26.9135084Z test both_accepted_pressure_methods_supply_read_only_carrier_not_free_surface_feedback ... ok
2026-10-06T13:19:26.9135967Z test partial_flux_and_cell_cancellation_preserve_bits_and_retry_matches_fresh ... ok
2026-10-06T13:19:26.9136822Z test signed_zero_is_valid_empty_liquid_with_zero_volume_transfer ... ok
2026-10-06T13:19:26.9137675Z test signed_sources_are_volume_per_second_and_density_scales_mass_only ... ok
2026-10-06T13:19:26.9138733Z test signed_all_axis_upwind_inlet_outlet_matches_hand_volume_and_occupancy ... ok
2026-10-06T13:19:26.9139676Z test subnormal_face_area_rejects_instead_of_distorting_representable_inflow ... ok
2026-10-06T13:19:26.9140540Z test thin_positive_fractions_and_merging_supports_are_not_erased_by_clamping ... ok
2026-10-06T13:19:26.9141467Z test underflowed_courant_intermediate_rejects_and_supported_retry_matches_fresh ... ok
2026-10-06T13:19:26.9142448Z test underflowed_face_area_rejects_instead_of_losing_representable_inflow ... ok
2026-10-06T13:19:26.9143510Z test unrepresentable_initial_amount_or_nonzero_face_transfer_cannot_disappear ... ok
2026-10-06T13:19:26.9144573Z test unsplit_three_dimensional_transfer_is_bounded_but_diffuses_geometric_cube ... ok
2026-10-06T13:19:26.9170542Z test translated_slab_has_exact_binomial_oracle_and_independent_spatial_refinement ... ok
2026-10-06T13:19:26.9171002Z 
2026-10-06T13:19:26.9171675Z test result: ok. 18 passed; 0 failed; 0 ignored; 0 measured; 0 filtered out; finished in 0.00s
2026-10-06T13:19:26.9172255Z 
2026-10-06T13:19:26.9172577Z      Running tests/operator_contract.rs (target/debug/deps/operator_contract-f1b33944ac98063e)
2026-10-06T13:19:26.9180189Z 
2026-10-06T13:19:26.9180335Z running 5 tests
2026-10-06T13:19:26.9183470Z test all_six_faces_of_single_cell_are_walls ... ok
2026-10-06T13:19:26.9184246Z test integrated_rhs_matches_independent_physical_divergence ... ok
2026-10-06T13:19:26.9184924Z test independent_rectangular_dense_operator ... ok
2026-10-06T13:19:26.9185459Z test nonfinite_fields_density_and_lengths_are_rejected ... ok
2026-10-06T13:19:26.9186142Z      Running tests/pressure_contract.rs (target/debug/deps/pressure_contract-98bf10ed96cc360a)
2026-10-06T13:19:26.9186633Z test three_cell_hand_calculation_and_residual_identity ... ok
2026-10-06T13:19:26.9186975Z 
2026-10-06T13:19:26.9189120Z test result: ok. 5 passed; 0 failed; 0 ignored; 0 measured; 0 filtered out; finished in 0.00s
2026-10-06T13:19:26.9189397Z 
2026-10-06T13:19:26.9194187Z 
2026-10-06T13:19:26.9194450Z running 10 tests
2026-10-06T13:19:26.9196737Z test a_rectangular_cycle_retains_circulation ... ok
2026-10-06T13:19:26.9197323Z test eliminated_gauge_row_participates_in_physical_stopping ... ok
2026-10-06T13:19:26.9198061Z test cancellation_and_iteration_exhaustion_are_explicit ... ok
2026-10-06T13:19:26.9199259Z test incompatible_rhs_is_not_mean_shifted ... ok
2026-10-06T13:19:26.9208987Z test solves_hand_chain_and_reports_full_residual ... ok
2026-10-06T13:19:26.9221457Z test single_cell_zero_rhs_returns_without_iteration ... ok
2026-10-06T13:19:26.9222080Z test manufactured_three_dimensional_pressure_recovers_modulo_gauge ... ok
2026-10-06T13:19:26.9222788Z test tighter_divergence_gate_keeps_conjugate_gradient_progress ... ok
2026-10-06T13:19:26.9223587Z test workspace_budget_and_invalid_tolerance_fail ... ok
2026-10-06T13:19:26.9338386Z test random_three_dimensional_projection_checks_actual_f32_divergence ... ok
2026-10-06T13:19:26.9338825Z 
2026-10-06T13:19:26.9339066Z test result: ok. 10 passed; 0 failed; 0 ignored; 0 measured; 0 filtered out; finished in 0.01s
2026-10-06T13:19:26.9339377Z 
2026-10-06T13:19:26.9340037Z      Running tests/sampling_contract.rs (target/debug/deps/sampling_contract-ac80565e28e12260)
2026-10-06T13:19:26.9347313Z 
2026-10-06T13:19:26.9347492Z running 5 tests
2026-10-06T13:19:26.9350447Z test convex_bounds_and_singleton_axes_hold ... ok
2026-10-06T13:19:26.9351292Z test invalid_input_is_rejected_at_sampler_construction ... ok
2026-10-06T13:19:26.9351987Z test component_offsets_reproduce_affine_fields ... ok
2026-10-06T13:19:26.9352771Z test midpoint_rotation_matches_independent_polynomial ... ok
2026-10-06T13:19:26.9353876Z test midpoint_backtrace_matches_constant_translation ... ok
2026-10-06T13:19:26.9354162Z 
2026-10-06T13:19:26.9354582Z test result: ok. 5 passed; 0 failed; 0 ignored; 0 measured; 0 filtered out; finished in 0.00s
2026-10-06T13:19:26.9355549Z      Running tests/simulation_contract.rs (target/debug/deps/simulation_contract-8363144a7dcd92c8)
2026-10-06T13:19:26.9355881Z 
2026-10-06T13:19:26.9363698Z 
2026-10-06T13:19:26.9363899Z running 9 tests
2026-10-06T13:19:26.9379005Z test all_owned_capacities_are_accounted_and_cap_checked ... ok
2026-10-06T13:19:26.9398870Z test in_place_candidate_matches_separate_output_and_scratch_diagnostic ... ok
2026-10-06T13:19:27.0049687Z test actual_float_divergence_rejection_preserves_accepted_state ... ok
2026-10-06T13:19:27.0060154Z test single_cell_rest_and_saturating_source_are_supported ... ok
2026-10-06T13:19:27.0236340Z test solver_exhaustion_and_invalid_source_are_transactional ... ok
2026-10-06T13:19:27.0728721Z test time_step_policy_reports_reduced_dt_for_large_forcing ... ok
2026-10-06T13:19:27.2404032Z test localized_smoke_is_nontrivial_finite_and_independently_divergence_checked ... ok
2026-10-06T13:19:27.3285249Z test exact_replay_pause_reset_and_source_toggle ... ok
2026-10-06T13:19:27.8354362Z test cancellation_at_every_stage_preserves_all_accepted_bits_and_metadata ... ok
2026-10-06T13:19:27.8354801Z 
2026-10-06T13:19:27.8355133Z test result: ok. 9 passed; 0 failed; 0 ignored; 0 measured; 0 filtered out; finished in 0.90s
2026-10-06T13:19:27.8355530Z 
2026-10-06T13:19:27.8359702Z      Running tests/tracer_barrier_contract.rs (target/debug/deps/tracer_barrier_contract-6b0eba546143e9b3)
2026-10-06T13:19:27.8369411Z 
2026-10-06T13:19:27.8370004Z running 12 tests
2026-10-06T13:19:27.8372083Z test admission_failures_precede_any_output_write ... ok
2026-10-06T13:19:27.8374374Z test clear_trace_still_filters_a_stencil_that_crosses_the_barrier ... ok
2026-10-06T13:19:27.8375252Z test blocked_midpoint_and_departure_legs_revert_without_wall_pushout ... ok
2026-10-06T13:19:27.8376321Z test contacts_no_visible_donor_and_ambiguous_visibility_fail_explicitly ... ok
2026-10-06T13:19:27.8378142Z test low_level_cancellation_can_leave_scratch_partial_but_inputs_retry_unchanged ... ok
2026-10-06T13:19:27.8384423Z test no_obstruction_preserves_legacy_midpoint_and_sample_bits ... ok
2026-10-06T13:19:27.8385239Z test none_barrier_preserves_every_accepted_bit_report_and_callback_sequence ... ok
2026-10-06T13:19:27.8386071Z test visible_donors_renormalize_on_both_sides_and_remove_thin_sheet_leakage ... ok
2026-10-06T13:19:27.8386869Z test zero_weight_extremes_cannot_relax_the_positive_donor_range ... ok
2026-10-06T13:19:27.8387468Z test visible_interpolation_preserves_constants_and_visible_range_with_3d_weights ... ok
2026-10-06T13:19:27.8395309Z test barrier_error_and_late_cancellation_preserve_owner_and_allow_clean_retry ... ok
2026-10-06T13:19:27.8398623Z test accepted_simulation_filters_tracer_while_preserving_force_pressure_and_memory ... ok
2026-10-06T13:19:27.8399084Z 
2026-10-06T13:19:27.8399405Z test result: ok. 12 passed; 0 failed; 0 ignored; 0 measured; 0 filtered out; finished in 0.00s
2026-10-06T13:19:27.8400051Z 
2026-10-06T13:19:27.8401977Z      Running tests/translated_viscous_contract.rs (target/debug/deps/translated_viscous_contract-df01259cbdae83bb)
2026-10-06T13:19:27.8411610Z 
2026-10-06T13:19:27.8412149Z running 8 tests
2026-10-06T13:19:27.9599127Z test arithmetic_and_iteration_failures_preserve_accepted_state ... ok
2026-10-06T13:19:27.9628684Z test lost_physical_geometry_and_clock_resolution_preserve_state ... ok
2026-10-06T13:19:28.0428629Z test strict_acceptance_failure_preserves_both_states ... ok
2026-10-06T13:19:28.0785906Z test inviscid_and_constant_fields_are_preserved_without_solver_drift ... ok
2026-10-06T13:19:28.0898812Z test unsupported_xy_and_trace_and_insufficient_memory_are_rejected ... ok
2026-10-06T13:19:28.0968941Z test unrepresentable_initial_energy_is_rejected ... ok
2026-10-06T13:19:28.3885470Z test repeated_translation_and_viscous_decay_publish_one_state ... ok
2026-10-06T13:19:28.5129274Z test each_cancellation_preserves_velocity_geometry_pressure_clock_and_identity ... ok
2026-10-06T13:19:28.5129744Z 
2026-10-06T13:19:28.5130091Z test result: ok. 8 passed; 0 failed; 0 ignored; 0 measured; 0 filtered out; finished in 0.67s
2026-10-06T13:19:28.5130480Z 
2026-10-06T13:19:28.5134517Z      Running tests/translation_contract.rs (target/debug/deps/translation_contract-f255d91a13159707)
2026-10-06T13:19:28.5146774Z 
2026-10-06T13:19:28.5147354Z running 10 tests
2026-10-06T13:19:28.5148717Z test common_linear_frame_shift_preserves_contact_parameter_normal_and_weights ... ok
2026-10-06T13:19:28.5149635Z test endpoint_contacts_and_clipping_keep_space_time_coordinates ... ok
2026-10-06T13:19:28.5150235Z test cancellation_after_contact_exposes_no_result_and_preserves_retry ... ok
2026-10-06T13:19:28.5151007Z test final_pose_query_misses_an_actual_space_time_crossing ... ok
2026-10-06T13:19:28.5151528Z test invalid_intervals_trajectories_and_zero_relative_motion_are_explicit ... ok
2026-10-06T13:19:28.5152067Z test moving_wall_crosses_stationary_world_point_at_physical_time ... ok
2026-10-06T13:19:28.5152622Z test reversed_winding_changes_facing_but_not_translated_contact ... ok
2026-10-06T13:19:28.5153430Z test unrepresentable_endpoint_pose_rejects_before_query ... ok
2026-10-06T13:19:28.5153911Z test zero_translation_preserves_every_static_hit_field_and_miss ... ok
2026-10-06T13:19:28.5162146Z test axis_permuted_hand_oracles_cover_signed_and_tangential_translation ... ok
2026-10-06T13:19:28.5162485Z 
2026-10-06T13:19:28.5162711Z test result: ok. 10 passed; 0 failed; 0 ignored; 0 measured; 0 filtered out; finished in 0.00s
2026-10-06T13:19:28.5163063Z 
2026-10-06T13:19:28.5163541Z      Running tests/viscosity_contract.rs (target/debug/deps/viscosity_contract-adfd0b6fa9566a8f)
2026-10-06T13:19:28.5171824Z 
2026-10-06T13:19:28.5171968Z running 8 tests
2026-10-06T13:19:28.5218672Z test cancellation_all_stage_occurrences_and_failures_preserve_output ... ok
2026-10-06T13:19:28.5219596Z test anisotropic_three_dimensional_shear_matches_all_component_pairs ... ok
2026-10-06T13:19:28.5392287Z test coupled_viscosity_preserves_both_owners_on_every_callback_and_retries ... ok
2026-10-06T13:19:28.5400866Z test symmetric_strain_cross_derivative_and_independent_dense_energy ... ok
2026-10-06T13:19:28.5418890Z test viscosity_rejects_surface_partial_fill_density_mismatch_and_nonzero_walls ... ok
2026-10-06T13:19:28.7145893Z test fixed_grid_time_refinement_and_zero_coefficient ... ok
2026-10-06T13:19:28.9781233Z test divergence_free_mode_matches_discrete_decay_and_refines ... ok
2026-10-06T13:19:30.3625372Z test large_mesh_compensated_energy_gate_preserves_fixed_budget ... ok
2026-10-06T13:19:30.3626040Z    Doc-tests rheon
2026-10-06T13:19:30.3626242Z 
2026-10-06T13:19:30.3626481Z test result: ok. 8 passed; 0 failed; 0 ignored; 0 measured; 0 filtered out; finished in 1.85s
2026-10-06T13:19:30.3626790Z 
2026-10-06T13:19:30.4653511Z 
2026-10-06T13:19:30.4654392Z running 0 tests
2026-10-06T13:19:30.4654799Z 
2026-10-06T13:19:30.4655111Z test result: ok. 0 passed; 0 failed; 0 ignored; 0 measured; 0 filtered out; finished in 0.00s
2026-10-06T13:19:30.4655806Z 
2026-10-06T13:19:30.4811715Z Post job cleanup.
2026-10-06T13:19:30.5415297Z [command]/usr/bin/git version
2026-10-06T13:19:30.5445058Z git version 2.55.0
2026-10-06T13:19:30.5470466Z Temporarily overriding HOME='/home/runner/work/_temp/9f07494e-749c-40cb-a4ca-89f83058ed71' before making global git config changes
2026-10-06T13:19:30.5471319Z Adding repository directory to the temporary git global config as a safe directory
2026-10-06T13:19:30.5481290Z [command]/usr/bin/git config --global --add safe.directory /home/runner/work/Rheon/Rheon
2026-10-06T13:19:30.5507593Z [command]/usr/bin/git config --local --name-only --get-regexp core\.sshCommand
2026-10-06T13:19:30.5527088Z [command]/usr/bin/git submodule foreach --recursive sh -c "git config --local --name-only --get-regexp 'core\.sshCommand' && git config --local --unset-all 'core.sshCommand' || :"
2026-10-06T13:19:30.5688527Z [command]/usr/bin/git config --local --name-only --get-regexp http\.https\:\/\/github\.com\/\.extraheader
2026-10-06T13:19:30.5710579Z [command]/usr/bin/git submodule foreach --recursive sh -c "git config --local --name-only --get-regexp 'http\.https\:\/\/github\.com\/\.extraheader' && git config --local --unset-all 'http.https://github.com/.extraheader' || :"
2026-10-06T13:19:30.6026196Z Cleaning up orphan processes
2026-10-06T13:19:30.6243209Z ##[warning]Node.js 20 is deprecated. The following actions target Node.js 20 but are being forced to run on Node.js 24: actions/checkout@11bd71901bbe5b1630ceea73d27597364c9af683. For more information see: https://github.blog/changelog/2025-09-19-deprecation-of-node-20-on-github-actions-runners/

