2026-10-06T13:36:28.4624367Z Current runner version: '2.337.0'
2026-10-06T13:36:28.4644371Z ##[group]Runner Image Provisioner
2026-10-06T13:36:28.4645140Z Hosted Compute Agent
2026-10-06T13:36:28.4645539Z Version: 20260901.588
2026-10-06T13:36:28.4646153Z Commit: f88ec8081b781fac6c440065ac7ff9e710ce3d0b
2026-10-06T13:36:28.4646733Z Build Date: 2026-09-01T19:56:44Z
2026-10-06T13:36:28.4647270Z Worker ID: {667e67e8-4a6c-4dc1-9ef9-912f54059717}
2026-10-06T13:36:28.4647899Z Azure Region: centralus
2026-10-06T13:36:28.4648312Z ##[endgroup]
2026-10-06T13:36:28.4649363Z ##[group]Operating System
2026-10-06T13:36:28.4649875Z Ubuntu
2026-10-06T13:36:28.4650322Z 24.04.5
2026-10-06T13:36:28.4650796Z LTS
2026-10-06T13:36:28.4651264Z ##[endgroup]
2026-10-06T13:36:28.4651749Z ##[group]Runner Image
2026-10-06T13:36:28.4652341Z Image: ubuntu-24.04
2026-10-06T13:36:28.4652890Z Version: 20260927.320.1
2026-10-06T13:36:28.4654007Z Included Software: https://github.com/actions/runner-images/blob/ubuntu24/20260927.320/images/ubuntu/Ubuntu2404-Readme.md
2026-10-06T13:36:28.4655437Z Image Release: https://github.com/actions/runner-images/releases/tag/ubuntu24%2F20260927.320
2026-10-06T13:36:28.4656554Z ##[endgroup]
2026-10-06T13:36:28.4657587Z ##[group]GITHUB_TOKEN Permissions
2026-10-06T13:36:28.4660222Z Contents: read
2026-10-06T13:36:28.4660849Z Metadata: read
2026-10-06T13:36:28.4661423Z ##[endgroup]
2026-10-06T13:36:28.4667093Z Secret source: Actions
2026-10-06T13:36:28.4667985Z Cache mode: write
2026-10-06T13:36:28.4668695Z Prepare workflow directory
2026-10-06T13:36:28.5006174Z Prepare all required actions
2026-10-06T13:36:28.5047225Z Getting action download info
2026-10-06T13:36:28.7317856Z Download action repository 'actions/checkout@11bd71901bbe5b1630ceea73d27597364c9af683' (SHA:11bd71901bbe5b1630ceea73d27597364c9af683)
2026-10-06T13:36:29.0125109Z Complete job name: Feature contracts (desktop)
2026-10-06T13:36:29.0682583Z ##[group]Run actions/checkout@11bd71901bbe5b1630ceea73d27597364c9af683
2026-10-06T13:36:29.0683384Z with:
2026-10-06T13:36:29.0683779Z   persist-credentials: false
2026-10-06T13:36:29.0684220Z   repository: MrScripty/Rheon
2026-10-06T13:36:29.0687310Z   token: ***
2026-10-06T13:36:29.0687673Z   ssh-strict: true
2026-10-06T13:36:29.0688113Z   ssh-user: git
2026-10-06T13:36:29.0688466Z   clean: true
2026-10-06T13:36:29.0688844Z   sparse-checkout-cone-mode: true
2026-10-06T13:36:29.0689263Z   fetch-depth: 1
2026-10-06T13:36:29.0689608Z   fetch-tags: false
2026-10-06T13:36:29.0690015Z   show-progress: true
2026-10-06T13:36:29.0690381Z   lfs: false
2026-10-06T13:36:29.0690730Z   submodules: false
2026-10-06T13:36:29.0691106Z   set-safe-directory: true
2026-10-06T13:36:29.0691643Z env:
2026-10-06T13:36:29.0692029Z   CARGO_BUILD_JOBS: 1
2026-10-06T13:36:29.0692397Z ##[endgroup]
2026-10-06T13:36:29.1513322Z Syncing repository: MrScripty/Rheon
2026-10-06T13:36:29.1515215Z ##[group]Getting Git version info
2026-10-06T13:36:29.1515777Z Working directory is '/home/runner/work/Rheon/Rheon'
2026-10-06T13:36:29.1516800Z [command]/usr/bin/git version
2026-10-06T13:36:29.1557258Z git version 2.55.0
2026-10-06T13:36:29.1573203Z ##[endgroup]
2026-10-06T13:36:29.1586650Z Temporarily overriding HOME='/home/runner/work/_temp/4a798a52-1fdc-457f-90ae-3687f29bb336' before making global git config changes
2026-10-06T13:36:29.1590435Z Adding repository directory to the temporary git global config as a safe directory
2026-10-06T13:36:29.1591270Z [command]/usr/bin/git config --global --add safe.directory /home/runner/work/Rheon/Rheon
2026-10-06T13:36:29.2600029Z Deleting the contents of '/home/runner/work/Rheon/Rheon'
2026-10-06T13:36:29.2603942Z ##[group]Initializing the repository
2026-10-06T13:36:29.2608964Z [command]/usr/bin/git init /home/runner/work/Rheon/Rheon
2026-10-06T13:36:29.3717543Z hint: Using 'master' as the name for the initial branch. This default branch name
2026-10-06T13:36:29.3718621Z hint: will change to "main" in Git 3.0. To configure the initial branch name
2026-10-06T13:36:29.3719722Z hint: to use in all of your new repositories, which will suppress this warning,
2026-10-06T13:36:29.3720611Z hint: call:
2026-10-06T13:36:29.3721172Z hint:
2026-10-06T13:36:29.3721723Z hint: 	git config --global init.defaultBranch <name>
2026-10-06T13:36:29.3722261Z hint:
2026-10-06T13:36:29.3722794Z hint: Names commonly chosen instead of 'master' are 'main', 'trunk' and
2026-10-06T13:36:29.3723563Z hint: 'development'. The just-created branch can be renamed via this command:
2026-10-06T13:36:29.3724349Z hint:
2026-10-06T13:36:29.3724951Z hint: 	git branch -m <name>
2026-10-06T13:36:29.3725483Z hint:
2026-10-06T13:36:29.3726218Z hint: Disable this message with "git config set advice.defaultBranchName false"
2026-10-06T13:36:29.3727459Z Initialized empty Git repository in /home/runner/work/Rheon/Rheon/.git/
2026-10-06T13:36:29.3728875Z [command]/usr/bin/git remote add origin https://github.com/MrScripty/Rheon
2026-10-06T13:36:29.4397110Z ##[endgroup]
2026-10-06T13:36:29.4398248Z ##[group]Disabling automatic garbage collection
2026-10-06T13:36:29.4402044Z [command]/usr/bin/git config --local gc.auto 0
2026-10-06T13:36:29.4513542Z ##[endgroup]
2026-10-06T13:36:29.4514174Z ##[group]Setting up auth
2026-10-06T13:36:29.4519832Z [command]/usr/bin/git config --local --name-only --get-regexp core\.sshCommand
2026-10-06T13:36:29.4545533Z [command]/usr/bin/git submodule foreach --recursive sh -c "git config --local --name-only --get-regexp 'core\.sshCommand' && git config --local --unset-all 'core.sshCommand' || :"
2026-10-06T13:36:29.4824256Z [command]/usr/bin/git config --local --name-only --get-regexp http\.https\:\/\/github\.com\/\.extraheader
2026-10-06T13:36:29.4847831Z [command]/usr/bin/git submodule foreach --recursive sh -c "git config --local --name-only --get-regexp 'http\.https\:\/\/github\.com\/\.extraheader' && git config --local --unset-all 'http.https://github.com/.extraheader' || :"
2026-10-06T13:36:29.5007505Z [command]/usr/bin/git config --local http.https://github.com/.extraheader AUTHORIZATION: basic ***
2026-10-06T13:36:29.5586916Z ##[endgroup]
2026-10-06T13:36:29.5588003Z ##[group]Fetching the repository
2026-10-06T13:36:29.5594378Z [command]/usr/bin/git -c protocol.version=2 fetch --no-tags --prune --no-recurse-submodules --depth=1 origin +feb304e77c2870ac7f464617130d61591bd77992:refs/remotes/origin/repair/coupled-terminal-validation
2026-10-06T13:36:31.1968519Z From https://github.com/MrScripty/Rheon
2026-10-06T13:36:31.1970112Z  * [new ref]         feb304e77c2870ac7f464617130d61591bd77992 -> origin/repair/coupled-terminal-validation
2026-10-06T13:36:31.1972827Z ##[endgroup]
2026-10-06T13:36:31.1977454Z ##[group]Determining the checkout info
2026-10-06T13:36:31.1978619Z ##[endgroup]
2026-10-06T13:36:31.1980153Z [command]/usr/bin/git sparse-checkout disable
2026-10-06T13:36:31.2064373Z [command]/usr/bin/git config --local --unset-all extensions.worktreeConfig
2026-10-06T13:36:31.2090267Z ##[group]Checking out the ref
2026-10-06T13:36:31.2094587Z [command]/usr/bin/git checkout --progress --force -B repair/coupled-terminal-validation refs/remotes/origin/repair/coupled-terminal-validation
2026-10-06T13:36:31.6482719Z Switched to a new branch 'repair/coupled-terminal-validation'
2026-10-06T13:36:31.6484217Z branch 'repair/coupled-terminal-validation' set up to track 'origin/repair/coupled-terminal-validation'.
2026-10-06T13:36:31.6502068Z ##[endgroup]
2026-10-06T13:36:31.6539130Z [command]/usr/bin/git log -1 --format=%H
2026-10-06T13:36:31.6560034Z feb304e77c2870ac7f464617130d61591bd77992
2026-10-06T13:36:31.6566901Z ##[group]Removing auth
2026-10-06T13:36:31.6570209Z [command]/usr/bin/git config --local --name-only --get-regexp core\.sshCommand
2026-10-06T13:36:31.6591871Z [command]/usr/bin/git submodule foreach --recursive sh -c "git config --local --name-only --get-regexp 'core\.sshCommand' && git config --local --unset-all 'core.sshCommand' || :"
2026-10-06T13:36:31.6746938Z [command]/usr/bin/git config --local --name-only --get-regexp http\.https\:\/\/github\.com\/\.extraheader
2026-10-06T13:36:31.6765788Z http.https://github.com/.extraheader
2026-10-06T13:36:31.6769983Z [command]/usr/bin/git config --local --unset-all http.https://github.com/.extraheader
2026-10-06T13:36:31.6795274Z [command]/usr/bin/git submodule foreach --recursive sh -c "git config --local --name-only --get-regexp 'http\.https\:\/\/github\.com\/\.extraheader' && git config --local --unset-all 'http.https://github.com/.extraheader' || :"
2026-10-06T13:36:31.6939356Z ##[endgroup]
2026-10-06T13:36:31.7093181Z ##[group]Run rustup toolchain install 1.92.0 --profile minimal --component rustfmt --component clippy
2026-10-06T13:36:31.7093992Z [36;1mrustup toolchain install 1.92.0 --profile minimal --component rustfmt --component clippy[0m
2026-10-06T13:36:31.7094488Z [36;1mrustc --version --verbose[0m
2026-10-06T13:36:31.7094843Z [36;1mcargo --version[0m
2026-10-06T13:36:31.7264399Z shell: /usr/bin/bash -e {0}
2026-10-06T13:36:31.7264848Z env:
2026-10-06T13:36:31.7265143Z   CARGO_BUILD_JOBS: 1
2026-10-06T13:36:31.7265459Z ##[endgroup]
2026-10-06T13:36:31.7748679Z info: syncing channel updates for 1.92.0-x86_64-unknown-linux-gnu
2026-10-06T13:36:32.0124487Z info: latest update on 2025-12-11 for version 1.92.0 (ded5c06cf 2025-12-08)
2026-10-06T13:36:32.0125168Z info: downloading 5 components
2026-10-06T13:36:39.1687562Z 
2026-10-06T13:36:39.1754413Z   1.92.0-x86_64-unknown-linux-gnu installed - rustc 1.92.0 (ded5c06cf 2025-12-08)
2026-10-06T13:36:39.1754919Z 
2026-10-06T13:36:39.2015216Z rustc 1.92.0 (ded5c06cf 2025-12-08)
2026-10-06T13:36:39.2015781Z binary: rustc
2026-10-06T13:36:39.2016428Z commit-hash: ded5c06cf21d2b93bffd5d884aa6e96934ee4234
2026-10-06T13:36:39.2016845Z commit-date: 2025-12-08
2026-10-06T13:36:39.2017136Z host: x86_64-unknown-linux-gnu
2026-10-06T13:36:39.2017420Z release: 1.92.0
2026-10-06T13:36:39.2017681Z LLVM version: 21.1.3
2026-10-06T13:36:39.2230767Z cargo 1.92.0 (344c4567c 2025-10-21)
2026-10-06T13:36:39.2293218Z ##[group]Run cargo clippy --locked --features desktop --all-targets -- -D warnings
2026-10-06T13:36:39.2293716Z [36;1mcargo clippy --locked --features desktop --all-targets -- -D warnings[0m
2026-10-06T13:36:39.2331975Z shell: /usr/bin/bash -e {0}
2026-10-06T13:36:39.2332253Z env:
2026-10-06T13:36:39.2332480Z   CARGO_BUILD_JOBS: 1
2026-10-06T13:36:39.2332707Z ##[endgroup]
2026-10-06T13:36:39.2970462Z     Updating crates.io index
2026-10-06T13:36:40.0640803Z  Downloading crates ...
2026-10-06T13:36:40.1886691Z   Downloaded adler2 v2.0.1
2026-10-06T13:36:40.1951570Z   Downloaded ahash v0.8.12
2026-10-06T13:36:40.1968666Z   Downloaded ab_glyph v0.2.32
2026-10-06T13:36:40.2017777Z   Downloaded ab_glyph_rasterizer v0.1.10
2026-10-06T13:36:40.2180898Z   Downloaded accesskit_winit v0.29.2
2026-10-06T13:36:40.2194218Z   Downloaded accesskit_unix v0.17.2
2026-10-06T13:36:40.2208072Z   Downloaded accesskit_consumer v0.31.0
2026-10-06T13:36:40.2220060Z   Downloaded accesskit_atspi_common v0.14.2
2026-10-06T13:36:40.2230519Z   Downloaded accesskit v0.21.1
2026-10-06T13:36:40.2262492Z   Downloaded atomic-waker v1.1.2
2026-10-06T13:36:40.2296604Z   Downloaded idna_adapter v1.2.2
2026-10-06T13:36:40.2305451Z   Downloaded calloop-wayland-source v0.3.0
2026-10-06T13:36:40.2314384Z   Downloaded atspi v0.25.0
2026-10-06T13:36:40.2322680Z   Downloaded async-executor v1.14.0
2026-10-06T13:36:40.2344295Z   Downloaded egui-wgpu v0.33.3
2026-10-06T13:36:40.2358810Z   Downloaded async-process v2.5.0
2026-10-06T13:36:40.2370974Z   Downloaded atspi-proxies v0.9.0
2026-10-06T13:36:40.2389476Z   Downloaded document-features v0.2.12
2026-10-06T13:36:40.2399947Z   Downloaded downcast-rs v1.2.1
2026-10-06T13:36:40.2408486Z   Downloaded dlib v0.5.3
2026-10-06T13:36:40.2415224Z   Downloaded calloop-wayland-source v0.4.1
2026-10-06T13:36:40.2423933Z   Downloaded async-task v4.7.1
2026-10-06T13:36:40.2440664Z   Downloaded dpi v0.1.2
2026-10-06T13:36:40.2448929Z   Downloaded async-signal v0.2.14
2026-10-06T13:36:40.2460101Z   Downloaded jobserver v0.1.35
2026-10-06T13:36:40.2480217Z   Downloaded equivalent v1.0.2
2026-10-06T13:36:40.2488488Z   Downloaded async-lock v3.4.2
2026-10-06T13:36:40.2501398Z   Downloaded async-channel v2.5.0
2026-10-06T13:36:40.2511020Z   Downloaded as-raw-xcb-connection v1.0.1
2026-10-06T13:36:40.2517653Z   Downloaded autocfg v1.5.1
2026-10-06T13:36:40.2530044Z   Downloaded scopeguard v1.2.0
2026-10-06T13:36:40.2538742Z   Downloaded quick-error v2.0.1
2026-10-06T13:36:40.2550741Z   Downloaded enumflags2_derive v0.7.12
2026-10-06T13:36:40.2564548Z   Downloaded hexf-parse v0.2.1
2026-10-06T13:36:40.2570542Z   Downloaded gethostname v1.1.0
2026-10-06T13:36:40.2577394Z   Downloaded futures-task v0.3.34
2026-10-06T13:36:40.2584500Z   Downloaded hex v0.4.3
2026-10-06T13:36:40.2596485Z   Downloaded futures-macro v0.3.34
2026-10-06T13:36:40.2603626Z   Downloaded async-trait v0.1.92
2026-10-06T13:36:40.2622210Z   Downloaded memoffset v0.9.1
2026-10-06T13:36:40.2629948Z   Downloaded displaydoc v0.2.7
2026-10-06T13:36:40.2648830Z   Downloaded glutin_glx_sys v0.6.1
2026-10-06T13:36:40.2655920Z   Downloaded owned_ttf_parser v0.25.1
2026-10-06T13:36:40.2662557Z   Downloaded nohash-hasher v0.2.0
2026-10-06T13:36:40.2668903Z   Downloaded atspi-connection v0.9.0
2026-10-06T13:36:40.2675491Z   Downloaded errno v0.3.14
2026-10-06T13:36:40.2684278Z   Downloaded cfg-if v1.0.5
2026-10-06T13:36:40.2692892Z   Downloaded bit-vec v0.8.0
2026-10-06T13:36:40.2703862Z   Downloaded glutin_egl_sys v0.7.1
2026-10-06T13:36:40.2711866Z   Downloaded glutin-winit v0.5.0
2026-10-06T13:36:40.2718082Z   Downloaded event-listener-strategy v0.5.4
2026-10-06T13:36:40.2730468Z   Downloaded rustc-hash v1.1.0
2026-10-06T13:36:40.2741842Z   Downloaded web-time v1.1.0
2026-10-06T13:36:40.2755322Z   Downloaded wayland-scanner v0.31.11
2026-10-06T13:36:40.2767772Z   Downloaded percent-encoding v2.3.2
2026-10-06T13:36:40.2774517Z   Downloaded event-listener v5.4.2
2026-10-06T13:36:40.2786685Z   Downloaded serde_repr v0.1.21
2026-10-06T13:36:40.2798115Z   Downloaded wayland-protocols-wlr v0.3.12
2026-10-06T13:36:40.2815326Z   Downloaded yoke-derive v0.8.4
2026-10-06T13:36:40.2829821Z   Downloaded zcheapstr v1.1.0
2026-10-06T13:36:40.2840265Z   Downloaded half v2.7.1
2026-10-06T13:36:40.2856265Z   Downloaded wayland-cursor v0.31.14
2026-10-06T13:36:40.2862295Z   Downloaded getrandom v0.3.4
2026-10-06T13:36:40.2879921Z   Downloaded wayland-csd-frame v0.3.0
2026-10-06T13:36:40.2885773Z   Downloaded version_check v0.9.5
2026-10-06T13:36:40.2904695Z   Downloaded zbus_names v4.3.4
2026-10-06T13:36:40.2917049Z   Downloaded zvariant_derive v5.15.0
2026-10-06T13:36:40.2926330Z   Downloaded zerovec-derive v0.11.6
2026-10-06T13:36:40.2935491Z   Downloaded zbus_xml v5.2.1
2026-10-06T13:36:40.2951982Z   Downloaded wayland-protocols-misc v0.3.12
2026-10-06T13:36:40.2959633Z   Downloaded proc-macro-crate v3.5.0
2026-10-06T13:36:40.2967983Z   Downloaded lock_api v0.4.14
2026-10-06T13:36:40.2983261Z   Downloaded pkg-config v0.3.34
2026-10-06T13:36:40.2998120Z   Downloaded zvariant_utils v4.2.0
2026-10-06T13:36:40.3011314Z   Downloaded zune-core v0.5.3
2026-10-06T13:36:40.3027701Z   Downloaded libloading v0.8.9
2026-10-06T13:36:40.3043031Z   Downloaded xkeysym v0.2.1
2026-10-06T13:36:40.3065875Z   Downloaded winnow v1.0.4
2026-10-06T13:36:40.3116028Z   Downloaded zbus-lockstep v0.5.2
2026-10-06T13:36:40.3124993Z   Downloaded x11rb v0.13.2
2026-10-06T13:36:40.3168298Z   Downloaded zbus v5.19.0
2026-10-06T13:36:40.3217291Z   Downloaded zerofrom-derive v0.1.8
2026-10-06T13:36:40.3226538Z   Downloaded wgpu-hal v27.0.4
2026-10-06T13:36:40.3290169Z   Downloaded unicode-ident v1.0.26
2026-10-06T13:36:40.3309471Z   Downloaded toml_parser v1.1.3+spec-1.1.0
2026-10-06T13:36:40.3323060Z   Downloaded x11rb-protocol v0.13.2
2026-10-06T13:36:40.3399502Z   Downloaded wayland-backend v0.3.17
2026-10-06T13:36:40.3423625Z   Downloaded wayland-client v0.31.15
2026-10-06T13:36:40.3435506Z   Downloaded zerovec v0.11.8
2026-10-06T13:36:40.3463786Z   Downloaded zvariant v5.15.0
2026-10-06T13:36:40.3498030Z   Downloaded zune-jpeg v0.5.15
2026-10-06T13:36:40.3519969Z   Downloaded smithay-client-toolkit v0.19.2
2026-10-06T13:36:40.3551076Z   Downloaded zerotrie v0.2.5
2026-10-06T13:36:40.3572726Z   Downloaded png v0.18.1
2026-10-06T13:36:40.3597044Z   Downloaded zerocopy v0.8.59
2026-10-06T13:36:40.3681077Z   Downloaded wayland-protocols v0.32.13
2026-10-06T13:36:40.3719087Z   Downloaded moxcms v0.8.1
2026-10-06T13:36:40.3765068Z   Downloaded ttf-parser v0.25.1
2026-10-06T13:36:40.3809436Z   Downloaded zlib-rs v0.6.8
2026-10-06T13:36:40.3840127Z   Downloaded quick-xml v0.41.0
2026-10-06T13:36:40.3874542Z   Downloaded unicode-width v0.2.2
2026-10-06T13:36:40.3914309Z   Downloaded smithay-client-toolkit v0.20.0
2026-10-06T13:36:40.3947380Z   Downloaded image v0.25.10
2026-10-06T13:36:40.3997567Z   Downloaded syn v2.0.119
2026-10-06T13:36:40.4050063Z   Downloaded syn v3.0.6
2026-10-06T13:36:40.4103498Z   Downloaded libm v0.2.16
2026-10-06T13:36:40.4148016Z   Downloaded rustix v0.38.44
2026-10-06T13:36:40.4250463Z   Downloaded unicode-segmentation v1.13.3
2026-10-06T13:36:40.4267914Z   Downloaded rustix v1.1.5
2026-10-06T13:36:40.4387158Z   Downloaded tiff v0.11.3
2026-10-06T13:36:40.4408499Z   Downloaded serde v1.0.229
2026-10-06T13:36:40.4426307Z   Downloaded zerocopy-derive v0.8.59
2026-10-06T13:36:40.4475130Z   Downloaded tracing v0.1.44
2026-10-06T13:36:40.4557090Z   Downloaded serde_derive v1.0.229
2026-10-06T13:36:40.4572018Z   Downloaded memchr v2.8.3
2026-10-06T13:36:40.4597798Z   Downloaded khronos_api v3.1.0
2026-10-06T13:36:40.4692500Z   Downloaded icu_properties v2.3.0
2026-10-06T13:36:40.4709166Z   Downloaded uuid v1.27.0
2026-10-06T13:36:40.4724623Z   Downloaded url v2.5.8
2026-10-06T13:36:40.4739447Z   Downloaded tracing-core v0.1.36
2026-10-06T13:36:40.4752534Z   Downloaded polling v3.11.0
2026-10-06T13:36:40.4767852Z   Downloaded num-traits v0.2.19
2026-10-06T13:36:40.4782259Z   Downloaded log v0.4.34
2026-10-06T13:36:40.4796181Z   Downloaded idna v1.1.0
2026-10-06T13:36:40.4817507Z   Downloaded epaint_default_fonts v0.33.3
2026-10-06T13:36:40.4879492Z   Downloaded toml_edit v0.25.15+spec-1.1.0
2026-10-06T13:36:40.4897867Z   Downloaded miniz_oxide v0.9.1
2026-10-06T13:36:40.4911314Z   Downloaded naga v27.0.3
2026-10-06T13:36:40.5013004Z   Downloaded miniz_oxide v0.8.9
2026-10-06T13:36:40.5025489Z   Downloaded winit v0.30.13
2026-10-06T13:36:40.5126235Z   Downloaded serde_core v1.0.229
2026-10-06T13:36:40.5139581Z   Downloaded proc-macro2 v1.0.107
2026-10-06T13:36:40.5153090Z   Downloaded pxfm v0.1.30
2026-10-06T13:36:40.5281051Z   Downloaded libc v0.2.190
2026-10-06T13:36:40.5472768Z   Downloaded indexmap v2.14.2
2026-10-06T13:36:40.5493781Z   Downloaded icu_normalizer v2.3.0
2026-10-06T13:36:40.5553743Z   Downloaded smallvec v1.16.2
2026-10-06T13:36:40.5561418Z   Downloaded tracing-attributes v0.1.31
2026-10-06T13:36:40.5573385Z   Downloaded thiserror-impl v1.0.69
2026-10-06T13:36:40.5581257Z   Downloaded parking_lot_core v0.9.12
2026-10-06T13:36:40.5590636Z   Downloaded litrs v1.0.0
2026-10-06T13:36:40.5603103Z   Downloaded static_assertions v1.1.0
2026-10-06T13:36:40.5611437Z   Downloaded smithay-clipboard v0.7.3
2026-10-06T13:36:40.5618932Z   Downloaded slab v0.4.12
2026-10-06T13:36:40.5624905Z   Downloaded parking_lot v0.12.5
2026-10-06T13:36:40.5637063Z   Downloaded zerofrom v0.1.8
2026-10-06T13:36:40.5641557Z   Downloaded utf8_iter v1.0.4
2026-10-06T13:36:40.5646706Z   Downloaded tinystr v0.8.4
2026-10-06T13:36:40.5656344Z   Downloaded thiserror v2.0.21
2026-10-06T13:36:40.5679295Z   Downloaded thiserror v1.0.69
2026-10-06T13:36:40.5699047Z   Downloaded rustc-hash v2.1.3
2026-10-06T13:36:40.5705308Z   Downloaded raw-window-handle v0.6.2
2026-10-06T13:36:40.5713281Z   Downloaded once_cell v1.21.4
2026-10-06T13:36:40.5724899Z   Downloaded memmap2 v0.9.11
2026-10-06T13:36:40.5737579Z   Downloaded litemap v0.8.3
2026-10-06T13:36:40.5749248Z   Downloaded egui v0.33.3
2026-10-06T13:36:40.5808253Z   Downloaded wgpu-core v27.0.3
2026-10-06T13:36:40.5854388Z   Downloaded toml_datetime v1.1.1+spec-1.1.0
2026-10-06T13:36:40.5861707Z   Downloaded thiserror-impl v2.0.21
2026-10-06T13:36:40.5868769Z   Downloaded synstructure v0.14.0
2026-10-06T13:36:40.5874524Z   Downloaded simd-adler32 v0.3.10
2026-10-06T13:36:40.5883230Z   Downloaded signal-hook-registry v1.4.8
2026-10-06T13:36:40.5889298Z   Downloaded shlex v2.0.1
2026-10-06T13:36:40.5895292Z   Downloaded quote v1.0.47
2026-10-06T13:36:40.5906636Z   Downloaded piper v0.2.5
2026-10-06T13:36:40.5913942Z   Downloaded ordered-stream v0.2.0
2026-10-06T13:36:40.5920022Z   Downloaded wayland-protocols-experimental v20250721.0.1
2026-10-06T13:36:40.5927731Z   Downloaded icu_provider v2.3.1
2026-10-06T13:36:40.5940933Z   Downloaded wgpu-core-deps-windows-linux-android v27.0.0
2026-10-06T13:36:40.5945218Z   Downloaded smol_str v0.2.2
2026-10-06T13:36:40.5951839Z   Downloaded wgpu v27.0.1
2026-10-06T13:36:40.6008082Z   Downloaded type-map v0.5.1
2026-10-06T13:36:40.6012587Z   Downloaded stable_deref_trait v1.2.1
2026-10-06T13:36:40.6016582Z   Downloaded parking v2.2.1
2026-10-06T13:36:40.6021371Z   Downloaded futures-util v0.3.34
2026-10-06T13:36:40.6071380Z   Downloaded icu_properties_data v2.3.0
2026-10-06T13:36:40.6115285Z   Downloaded hashbrown v0.17.1
2026-10-06T13:36:40.6142380Z   Downloaded hashbrown v0.16.1
2026-10-06T13:36:40.6167686Z   Downloaded glow v0.16.0
2026-10-06T13:36:40.6193887Z   Downloaded x11-dl v2.21.0
2026-10-06T13:36:40.6208440Z   Downloaded wgpu-types v27.0.1
2026-10-06T13:36:40.6223874Z   Downloaded eframe v0.33.3
2026-10-06T13:36:40.6246634Z   Downloaded cc v1.6.0
2026-10-06T13:36:40.6265100Z   Downloaded atspi-common v0.9.0
2026-10-06T13:36:40.6287884Z   Downloaded epaint v0.33.3
2026-10-06T13:36:40.6309451Z   Downloaded zbus_macros v5.19.0
2026-10-06T13:36:40.6318385Z   Downloaded xml-rs v0.8.29
2026-10-06T13:36:40.6331288Z   Downloaded webbrowser v1.2.4
2026-10-06T13:36:40.6348553Z   Downloaded icu_collections v2.3.0
2026-10-06T13:36:40.6374734Z   Downloaded hashbrown v0.15.5
2026-10-06T13:36:40.6399477Z   Downloaded yoke v0.8.3
2026-10-06T13:36:40.6409630Z   Downloaded wayland-protocols-plasma v0.3.12
2026-10-06T13:36:40.6428680Z   Downloaded potential_utf v0.1.6
2026-10-06T13:36:40.6434698Z   Downloaded icu_normalizer_data v2.3.0
2026-10-06T13:36:40.6446750Z   Downloaded icu_locale_core v2.3.0
2026-10-06T13:36:40.6473831Z   Downloaded glutin v0.32.3
2026-10-06T13:36:40.6491902Z   Downloaded flate2 v1.1.10
2026-10-06T13:36:40.6512823Z   Downloaded profiling v1.0.18
2026-10-06T13:36:40.6519010Z   Downloaded linux-raw-sys v0.4.15
2026-10-06T13:36:40.6778465Z   Downloaded egui_glow v0.33.3
2026-10-06T13:36:40.6789118Z   Downloaded crossbeam-utils v0.8.23
2026-10-06T13:36:40.6801844Z   Downloaded codespan-reporting v0.12.0
2026-10-06T13:36:40.6831914Z   Downloaded calloop v0.14.5
2026-10-06T13:36:40.6848741Z   Downloaded bitflags v2.13.2
2026-10-06T13:36:40.6866504Z   Downloaded zbus-lockstep-macros v0.5.2
2026-10-06T13:36:40.6870574Z   Downloaded writeable v0.6.4
2026-10-06T13:36:40.6880556Z   Downloaded weezl v0.1.12
2026-10-06T13:36:40.6892256Z   Downloaded futures-lite v2.6.1
2026-10-06T13:36:40.6901468Z   Downloaded egui-winit v0.33.3
2026-10-06T13:36:40.6912060Z   Downloaded calloop v0.13.0
2026-10-06T13:36:40.6927819Z   Downloaded xkbcommon-dl v0.4.2
2026-10-06T13:36:40.6932934Z   Downloaded xcursor v0.3.11
2026-10-06T13:36:40.6936781Z   Downloaded bytemuck v1.25.2
2026-10-06T13:36:40.6950889Z   Downloaded scoped-tls v1.0.1
2026-10-06T13:36:40.6955226Z   Downloaded renderdoc-sys v1.1.0
2026-10-06T13:36:40.6959888Z   Downloaded emath v0.33.3
2026-10-06T13:36:40.6970599Z   Downloaded crc32fast v1.5.2
2026-10-06T13:36:40.6980974Z   Downloaded async-io v2.6.0
2026-10-06T13:36:40.6994235Z   Downloaded wayland-sys v0.31.11
2026-10-06T13:36:40.7000207Z   Downloaded find-msvc-tools v0.1.14
2026-10-06T13:36:40.7007989Z   Downloaded fax v0.2.7
2026-10-06T13:36:40.7016679Z   Downloaded fastrand v2.5.0
2026-10-06T13:36:40.7023271Z   Downloaded enumflags2 v0.7.12
2026-10-06T13:36:40.7029803Z   Downloaded ecolor v0.33.3
2026-10-06T13:36:40.7037349Z   Downloaded blocking v1.7.0
2026-10-06T13:36:40.7044250Z   Downloaded arrayvec v0.7.8
2026-10-06T13:36:40.7054369Z   Downloaded pin-project-lite v0.2.17
2026-10-06T13:36:40.7075400Z   Downloaded gl_generator v0.14.0
2026-10-06T13:36:40.7083762Z   Downloaded foldhash v0.2.0
2026-10-06T13:36:40.7089765Z   Downloaded foldhash v0.1.5
2026-10-06T13:36:40.7095637Z   Downloaded fdeflate v0.3.7
2026-10-06T13:36:40.7104498Z   Downloaded concurrent-queue v2.5.0
2026-10-06T13:36:40.7113351Z   Downloaded async-recursion v1.2.0
2026-10-06T13:36:40.7127133Z   Downloaded async-broadcast v0.7.2
2026-10-06T13:36:40.7134863Z   Downloaded bytemuck_derive v1.12.1
2026-10-06T13:36:40.7141547Z   Downloaded futures-io v0.3.34
2026-10-06T13:36:40.7146287Z   Downloaded futures-core v0.3.34
2026-10-06T13:36:40.7152523Z   Downloaded form_urlencoded v1.2.2
2026-10-06T13:36:40.7156477Z   Downloaded byteorder-lite v0.1.0
2026-10-06T13:36:40.7162048Z   Downloaded cfg_aliases v0.2.2
2026-10-06T13:36:40.7166597Z   Downloaded endi v1.1.1
2026-10-06T13:36:40.7171155Z   Downloaded cursor-icon v1.2.0
2026-10-06T13:36:40.7176549Z   Downloaded arboard v3.6.1
2026-10-06T13:36:40.7189763Z   Downloaded bit-set v0.8.0
2026-10-06T13:36:40.7197858Z   Downloaded linux-raw-sys v0.12.1
2026-10-06T13:36:41.2891831Z    Compiling proc-macro2 v1.0.107
2026-10-06T13:36:41.4482493Z    Compiling quote v1.0.47
2026-10-06T13:36:41.5265698Z    Compiling unicode-ident v1.0.26
2026-10-06T13:36:41.9284237Z    Compiling syn v3.0.6
2026-10-06T13:36:44.5085585Z     Checking cfg-if v1.0.5
2026-10-06T13:36:44.5242342Z     Checking bitflags v2.13.2
2026-10-06T13:36:44.5801935Z     Checking once_cell v1.21.4
2026-10-06T13:36:44.6410466Z    Compiling rustix v1.1.5
2026-10-06T13:36:44.7457322Z     Checking log v0.4.34
2026-10-06T13:36:44.8366713Z    Compiling syn v2.0.119
2026-10-06T13:36:47.1714637Z     Checking linux-raw-sys v0.12.1
2026-10-06T13:36:49.3580005Z    Compiling libc v0.2.190
2026-10-06T13:36:49.5142924Z    Compiling serde_core v1.0.229
2026-10-06T13:36:50.0700570Z     Checking smallvec v1.16.2
2026-10-06T13:36:50.1391226Z    Compiling serde v1.0.229
2026-10-06T13:36:50.2238664Z     Checking pin-project-lite v0.2.17
2026-10-06T13:36:50.2546754Z    Compiling serde_derive v1.0.229
2026-10-06T13:36:51.6598251Z    Compiling pkg-config v0.3.34
2026-10-06T13:36:52.9524037Z     Checking libloading v0.8.9
2026-10-06T13:36:53.0002660Z    Compiling winnow v1.0.4
2026-10-06T13:36:53.5948266Z    Compiling autocfg v1.5.1
2026-10-06T13:36:54.0594167Z    Compiling equivalent v1.0.2
2026-10-06T13:36:54.0797286Z    Compiling hashbrown v0.17.1
2026-10-06T13:36:54.3925562Z    Compiling indexmap v2.14.2
2026-10-06T13:36:54.7372267Z    Compiling toml_parser v1.1.3+spec-1.1.0
2026-10-06T13:36:55.0414010Z    Compiling toml_datetime v1.1.1+spec-1.1.0
2026-10-06T13:36:55.1295723Z    Compiling toml_edit v0.25.15+spec-1.1.0
2026-10-06T13:36:55.6404225Z     Checking dlib v0.5.3
2026-10-06T13:36:55.6651938Z    Compiling wayland-sys v0.31.11
2026-10-06T13:36:55.7168247Z     Checking polling v3.11.0
2026-10-06T13:36:55.7762343Z    Compiling enumflags2_derive v0.7.12
2026-10-06T13:36:55.9757804Z    Compiling find-msvc-tools v0.1.14
2026-10-06T13:36:56.0680798Z    Compiling shlex v2.0.1
2026-10-06T13:36:56.1291966Z    Compiling cc v1.6.0
2026-10-06T13:36:56.8844673Z    Compiling proc-macro-crate v3.5.0
2026-10-06T13:36:57.0895525Z    Compiling zvariant_utils v4.2.0
2026-10-06T13:36:57.5587196Z     Checking parking v2.2.1
2026-10-06T13:36:57.5918892Z    Compiling zvariant_derive v5.15.0
2026-10-06T13:36:57.7723103Z    Compiling wayland-backend v0.3.17
2026-10-06T13:36:57.8306545Z     Checking slab v0.4.12
2026-10-06T13:36:57.8877280Z     Checking futures-core v0.3.34
2026-10-06T13:36:58.7960323Z    Compiling synstructure v0.14.0
2026-10-06T13:36:59.0556163Z     Checking scoped-tls v1.0.1
2026-10-06T13:36:59.0785287Z    Compiling crossbeam-utils v0.8.23
2026-10-06T13:36:59.1621616Z     Checking downcast-rs v1.2.1
2026-10-06T13:36:59.1833531Z    Compiling memchr v2.8.3
2026-10-06T13:36:59.4988987Z    Compiling quick-xml v0.41.0
2026-10-06T13:37:00.3895548Z    Compiling wayland-client v0.31.15
2026-10-06T13:37:00.7053527Z    Compiling wayland-scanner v0.31.11
2026-10-06T13:37:01.4656177Z    Compiling zerofrom-derive v0.1.8
2026-10-06T13:37:02.1717405Z    Compiling tracing-attributes v0.1.31
2026-10-06T13:37:02.6849424Z     Checking tracing-core v0.1.36
2026-10-06T13:37:02.8412515Z     Checking futures-io v0.3.34
2026-10-06T13:37:02.8777770Z     Checking fastrand v2.5.0
2026-10-06T13:37:02.9479008Z     Checking tracing v0.1.44
2026-10-06T13:37:03.0299258Z     Checking zerofrom v0.1.8
2026-10-06T13:37:03.6507729Z     Checking concurrent-queue v2.5.0
2026-10-06T13:37:03.7869024Z    Compiling yoke-derive v0.8.4
2026-10-06T13:37:04.2577638Z     Checking event-listener v5.4.2
2026-10-06T13:37:04.3388906Z    Compiling enumflags2 v0.7.12
2026-10-06T13:37:04.4079013Z    Compiling zcheapstr v1.1.0
2026-10-06T13:37:04.4601638Z     Checking stable_deref_trait v1.2.1
2026-10-06T13:37:04.4761989Z    Compiling endi v1.1.1
2026-10-06T13:37:04.5211023Z    Compiling zvariant v5.15.0
2026-10-06T13:37:05.6863171Z     Checking yoke v0.8.3
2026-10-06T13:37:05.7473462Z     Checking event-listener-strategy v0.5.4
2026-10-06T13:37:07.0104691Z     Checking futures-lite v2.6.1
2026-10-06T13:37:08.0242104Z    Compiling zbus_names v4.3.4
2026-10-06T13:37:08.4001685Z    Compiling async-io v2.6.0
2026-10-06T13:37:08.4451889Z    Compiling zerovec-derive v0.11.6
2026-10-06T13:37:09.7625211Z     Checking zerovec v0.11.8
2026-10-06T13:37:10.0205097Z     Checking errno v0.3.14
2026-10-06T13:37:10.0541715Z    Compiling bytemuck_derive v1.12.1
2026-10-06T13:37:10.5566775Z    Compiling displaydoc v0.2.7
2026-10-06T13:37:10.8414905Z     Checking async-task v4.7.1
2026-10-06T13:37:10.9206875Z     Checking bytemuck v1.25.2
2026-10-06T13:37:11.0101754Z     Checking signal-hook-registry v1.4.8
2026-10-06T13:37:11.4052910Z     Checking async-channel v2.5.0
2026-10-06T13:37:11.4707960Z     Checking wayland-protocols v0.32.13
2026-10-06T13:37:13.6477282Z     Checking atomic-waker v1.1.2
2026-10-06T13:37:13.6706456Z    Compiling khronos_api v3.1.0
2026-10-06T13:37:13.8253500Z    Compiling thiserror v1.0.69
2026-10-06T13:37:13.9421349Z    Compiling cfg_aliases v0.2.2
2026-10-06T13:37:13.9853004Z     Checking piper v0.2.5
2026-10-06T13:37:14.0262734Z     Checking async-signal v0.2.14
2026-10-06T13:37:14.0751862Z    Compiling zbus_xml v5.2.1
2026-10-06T13:37:14.5689091Z     Checking async-lock v3.4.2
2026-10-06T13:37:14.7520514Z    Compiling thiserror-impl v1.0.69
2026-10-06T13:37:15.2483887Z    Compiling zerocopy v0.8.59
2026-10-06T13:37:15.3690059Z    Compiling version_check v0.9.5
2026-10-06T13:37:15.4844876Z    Compiling getrandom v0.3.4
2026-10-06T13:37:15.5796876Z    Compiling ahash v0.8.12
2026-10-06T13:37:15.6592302Z     Checking async-process v2.5.0
2026-10-06T13:37:15.7561914Z    Compiling zbus-lockstep v0.5.2
2026-10-06T13:37:15.8230374Z     Checking blocking v1.7.0
2026-10-06T13:37:16.1920023Z     Checking async-executor v1.14.0
2026-10-06T13:37:16.2699317Z     Checking tinystr v0.8.4
2026-10-06T13:37:16.3301751Z    Compiling zbus_macros v5.19.0
2026-10-06T13:37:17.5354430Z     Checking async-broadcast v0.7.2
2026-10-06T13:37:17.6089470Z     Checking uuid v1.27.0
2026-10-06T13:37:17.7338118Z     Checking ordered-stream v0.2.0
2026-10-06T13:37:17.8543975Z    Compiling serde_repr v0.1.21
2026-10-06T13:37:18.0154932Z    Compiling async-recursion v1.2.0
2026-10-06T13:37:18.2145323Z    Compiling async-trait v0.1.92
2026-10-06T13:37:18.5776255Z     Checking hex v0.4.3
2026-10-06T13:37:18.6606333Z    Compiling xml-rs v0.8.29
2026-10-06T13:37:19.1020602Z    Compiling rustix v0.38.44
2026-10-06T13:37:19.2172758Z     Checking litemap v0.8.3
2026-10-06T13:37:19.3586966Z     Checking writeable v0.6.4
2026-10-06T13:37:19.4358228Z     Checking icu_locale_core v2.3.0
2026-10-06T13:37:19.7796926Z    Compiling gl_generator v0.14.0
2026-10-06T13:37:20.0448879Z     Checking zbus v5.19.0
2026-10-06T13:37:22.3678773Z    Compiling zbus-lockstep-macros v0.5.2
2026-10-06T13:37:24.2970115Z     Checking zerotrie v0.2.5
2026-10-06T13:37:24.4100409Z     Checking potential_utf v0.1.6
2026-10-06T13:37:24.4479215Z    Compiling x11-dl v2.21.0
2026-10-06T13:37:24.5148359Z    Compiling parking_lot_core v0.9.12
2026-10-06T13:37:24.5780569Z     Checking xkeysym v0.2.1
2026-10-06T13:37:24.8515377Z     Checking cursor-icon v1.2.0
2026-10-06T13:37:24.8826372Z     Checking percent-encoding v2.3.2
2026-10-06T13:37:24.9275361Z     Checking linux-raw-sys v0.4.15
2026-10-06T13:37:25.0842052Z     Checking utf8_iter v1.0.4
2026-10-06T13:37:25.1212668Z    Compiling icu_properties_data v2.3.0
2026-10-06T13:37:25.1670974Z     Checking static_assertions v1.1.0
2026-10-06T13:37:25.1843512Z     Checking xcursor v0.3.11
2026-10-06T13:37:25.2386251Z     Checking simd-adler32 v0.3.10
2026-10-06T13:37:25.2919283Z    Compiling icu_normalizer_data v2.3.0
2026-10-06T13:37:25.3405243Z     Checking wayland-cursor v0.31.14
2026-10-06T13:37:25.3931584Z     Checking atspi-common v0.9.0
2026-10-06T13:37:26.8582914Z     Checking icu_collections v2.3.0
2026-10-06T13:37:28.4340902Z     Checking wayland-csd-frame v0.3.0
2026-10-06T13:37:28.5569281Z     Checking icu_provider v2.3.1
2026-10-06T13:37:28.7226595Z     Checking wayland-protocols-wlr v0.3.12
2026-10-06T13:37:29.1339640Z     Checking memmap2 v0.9.11
2026-10-06T13:37:29.1932892Z    Compiling crc32fast v1.5.2
2026-10-06T13:37:29.2643974Z     Checking scopeguard v1.2.0
2026-10-06T13:37:29.2865801Z     Checking accesskit v0.21.1
2026-10-06T13:37:29.4165485Z     Checking adler2 v2.0.1
2026-10-06T13:37:29.4455146Z     Checking lock_api v0.4.14
2026-10-06T13:37:30.7786870Z     Checking calloop v0.13.0
2026-10-06T13:37:31.0071025Z    Compiling num-traits v0.2.19
2026-10-06T13:37:31.0516154Z     Checking gethostname v1.1.0
2026-10-06T13:37:31.0701274Z     Checking x11rb-protocol v0.13.2
2026-10-06T13:37:35.2683747Z     Checking foldhash v0.1.5
2026-10-06T13:37:35.3086513Z     Checking ttf-parser v0.25.1
2026-10-06T13:37:36.0893329Z     Checking as-raw-xcb-connection v1.0.1
2026-10-06T13:37:36.1090948Z    Compiling smithay-client-toolkit v0.19.2
2026-10-06T13:37:36.1539123Z     Checking x11rb v0.13.2
2026-10-06T13:37:36.7888577Z     Checking owned_ttf_parser v0.25.1
2026-10-06T13:37:36.8269699Z     Checking hashbrown v0.15.5
2026-10-06T13:37:37.0828133Z     Checking icu_normalizer v2.3.0
2026-10-06T13:37:37.2113089Z     Checking icu_properties v2.3.0
2026-10-06T13:37:37.6465635Z     Checking calloop-wayland-source v0.3.0
2026-10-06T13:37:37.6815440Z     Checking parking_lot v0.12.5
2026-10-06T13:37:37.8008401Z     Checking miniz_oxide v0.9.1
2026-10-06T13:37:37.9775710Z     Checking atspi-proxies v0.9.0
2026-10-06T13:37:38.6318097Z    Compiling winit v0.30.13
2026-10-06T13:37:38.7435605Z     Checking emath v0.33.3
2026-10-06T13:37:38.8678543Z    Compiling thiserror v2.0.21
2026-10-06T13:37:38.9638792Z     Checking ab_glyph_rasterizer v0.1.10
2026-10-06T13:37:39.0022536Z     Checking raw-window-handle v0.6.2
2026-10-06T13:37:39.0644534Z     Checking ab_glyph v0.2.32
2026-10-06T13:37:39.1718275Z     Checking ecolor v0.33.3
2026-10-06T13:37:39.2421406Z     Checking atspi-connection v0.9.0
2026-10-06T13:37:39.3101144Z     Checking flate2 v1.1.10
2026-10-06T13:37:39.8509038Z     Checking idna_adapter v1.2.2
2026-10-06T13:37:40.1267212Z     Checking accesskit_consumer v0.31.0
2026-10-06T13:37:40.2632878Z     Checking miniz_oxide v0.8.9
2026-10-06T13:37:40.4319205Z     Checking fdeflate v0.3.7
2026-10-06T13:37:40.5354870Z     Checking xkbcommon-dl v0.4.2
2026-10-06T13:37:40.6157870Z    Compiling glutin_egl_sys v0.7.1
2026-10-06T13:37:40.8888896Z    Compiling glutin_glx_sys v0.6.1
2026-10-06T13:37:41.1586648Z     Checking wayland-protocols-plasma v0.3.12
2026-10-06T13:37:42.1422046Z     Checking calloop v0.14.5
2026-10-06T13:37:42.3622255Z    Compiling futures-macro v0.3.34
2026-10-06T13:37:42.6661107Z    Compiling thiserror-impl v2.0.21
2026-10-06T13:37:43.2010961Z     Checking profiling v1.0.18
2026-10-06T13:37:43.2165898Z     Checking smol_str v0.2.2
2026-10-06T13:37:43.2691300Z     Checking epaint_default_fonts v0.33.3
2026-10-06T13:37:43.3054308Z     Checking nohash-hasher v0.2.0
2026-10-06T13:37:43.3315178Z     Checking futures-task v0.3.34
2026-10-06T13:37:43.3735628Z     Checking dpi v0.1.2
2026-10-06T13:37:43.4313287Z     Checking pxfm v0.1.30
2026-10-06T13:37:44.4376696Z    Compiling smithay-client-toolkit v0.20.0
2026-10-06T13:37:44.4898345Z     Checking moxcms v0.8.1
2026-10-06T13:37:47.1130915Z     Checking futures-util v0.3.34
2026-10-06T13:37:47.8905735Z     Checking epaint v0.33.3
2026-10-06T13:37:48.2913288Z     Checking calloop-wayland-source v0.4.1
2026-10-06T13:37:48.3939934Z     Checking png v0.18.1
2026-10-06T13:37:48.7264181Z     Checking accesskit_atspi_common v0.14.2
2026-10-06T13:37:48.9123208Z     Checking idna v1.1.0
2026-10-06T13:37:49.0131020Z     Checking atspi v0.25.0
2026-10-06T13:37:49.0347649Z     Checking form_urlencoded v1.2.2
2026-10-06T13:37:49.0734355Z    Compiling glutin v0.32.3
2026-10-06T13:37:49.2042560Z     Checking wayland-protocols-misc v0.3.12
2026-10-06T13:37:49.3772452Z     Checking wayland-protocols-experimental v20250721.0.1
2026-10-06T13:37:49.5406846Z    Compiling memoffset v0.9.1
2026-10-06T13:37:49.5855683Z     Checking byteorder-lite v0.1.0
2026-10-06T13:37:49.6754130Z     Checking unicode-segmentation v1.13.3
2026-10-06T13:37:49.8257530Z     Checking egui v0.33.3
2026-10-06T13:37:51.2810330Z     Checking image v0.25.10
2026-10-06T13:37:52.4427008Z     Checking url v2.5.8
2026-10-06T13:37:52.6336278Z     Checking accesskit_unix v0.17.2
2026-10-06T13:37:53.6784777Z    Compiling glutin-winit v0.5.0
2026-10-06T13:37:54.0830956Z     Checking accesskit_winit v0.29.2
2026-10-06T13:37:54.1405049Z     Checking webbrowser v1.2.4
2026-10-06T13:37:54.2267408Z     Checking smithay-clipboard v0.7.3
2026-10-06T13:37:54.3229081Z     Checking arboard v3.6.1
2026-10-06T13:37:54.4479495Z     Checking web-time v1.1.0
2026-10-06T13:37:54.4645065Z    Compiling litrs v1.0.0
2026-10-06T13:37:54.6844234Z     Checking glow v0.16.0
2026-10-06T13:37:55.1966487Z     Checking egui_glow v0.33.3
2026-10-06T13:37:55.2799443Z    Compiling document-features v0.2.12
2026-10-06T13:37:55.4777771Z     Checking egui-winit v0.33.3
2026-10-06T13:37:55.6670155Z     Checking eframe v0.33.3
2026-10-06T13:37:55.9112985Z     Checking rheon v0.1.0 (/home/runner/work/Rheon/Rheon)
2026-10-06T13:38:02.7861362Z     Finished `dev` profile [unoptimized + debuginfo] target(s) in 1m 23s
2026-10-06T13:38:02.8585775Z ##[group]Run cargo test --locked --features desktop
2026-10-06T13:38:02.8586385Z [36;1mcargo test --locked --features desktop[0m
2026-10-06T13:38:02.8621791Z shell: /usr/bin/bash -e {0}
2026-10-06T13:38:02.8622081Z env:
2026-10-06T13:38:02.8622408Z   CARGO_BUILD_JOBS: 1
2026-10-06T13:38:02.8622640Z ##[endgroup]
2026-10-06T13:38:03.0587082Z    Compiling unicode-ident v1.0.26
2026-10-06T13:38:03.0948678Z    Compiling proc-macro2 v1.0.107
2026-10-06T13:38:03.4635526Z    Compiling quote v1.0.47
2026-10-06T13:38:03.5833398Z    Compiling syn v3.0.6
2026-10-06T13:38:06.2258564Z    Compiling cfg-if v1.0.5
2026-10-06T13:38:06.2426316Z    Compiling bitflags v2.13.2
2026-10-06T13:38:06.3368730Z    Compiling once_cell v1.21.4
2026-10-06T13:38:06.4171731Z    Compiling log v0.4.34
2026-10-06T13:38:06.4934312Z    Compiling linux-raw-sys v0.12.1
2026-10-06T13:38:07.1994767Z    Compiling rustix v1.1.5
2026-10-06T13:38:09.5125752Z    Compiling syn v2.0.119
2026-10-06T13:38:11.8428084Z    Compiling libc v0.2.190
2026-10-06T13:38:12.4022860Z    Compiling pin-project-lite v0.2.17
2026-10-06T13:38:12.4253184Z    Compiling smallvec v1.16.2
2026-10-06T13:38:12.5079826Z    Compiling serde_core v1.0.229
2026-10-06T13:38:13.5829340Z    Compiling serde_derive v1.0.229
2026-10-06T13:38:15.0358748Z    Compiling winnow v1.0.4
2026-10-06T13:38:15.6568909Z    Compiling serde v1.0.229
2026-10-06T13:38:15.9261132Z    Compiling libloading v0.8.9
2026-10-06T13:38:16.0032998Z    Compiling toml_parser v1.1.3+spec-1.1.0
2026-10-06T13:38:16.2967640Z    Compiling toml_edit v0.25.15+spec-1.1.0
2026-10-06T13:38:16.8063015Z    Compiling dlib v0.5.3
2026-10-06T13:38:16.8370470Z    Compiling polling v3.11.0
2026-10-06T13:38:16.9467642Z    Compiling proc-macro-crate v3.5.0
2026-10-06T13:38:17.1548022Z    Compiling zvariant_utils v4.2.0
2026-10-06T13:38:17.7990810Z    Compiling enumflags2_derive v0.7.12
2026-10-06T13:38:17.9934516Z    Compiling parking v2.2.1
2026-10-06T13:38:18.0464626Z    Compiling enumflags2 v0.7.12
2026-10-06T13:38:18.1157916Z    Compiling zvariant_derive v5.15.0
2026-10-06T13:38:18.2372828Z    Compiling wayland-sys v0.31.11
2026-10-06T13:38:18.4022356Z    Compiling zcheapstr v1.1.0
2026-10-06T13:38:18.4653986Z    Compiling endi v1.1.1
2026-10-06T13:38:18.5111490Z    Compiling slab v0.4.12
2026-10-06T13:38:18.5720122Z    Compiling futures-core v0.3.34
2026-10-06T13:38:18.6167410Z    Compiling synstructure v0.14.0
2026-10-06T13:38:18.8663792Z    Compiling downcast-rs v1.2.1
2026-10-06T13:38:18.8882070Z    Compiling scoped-tls v1.0.1
2026-10-06T13:38:18.9135049Z    Compiling wayland-backend v0.3.17
2026-10-06T13:38:19.6522116Z    Compiling wayland-scanner v0.31.11
2026-10-06T13:38:20.3595712Z    Compiling crossbeam-utils v0.8.23
2026-10-06T13:38:20.4762592Z    Compiling zerofrom-derive v0.1.8
2026-10-06T13:38:20.9670772Z    Compiling tracing-attributes v0.1.31
2026-10-06T13:38:21.4776395Z    Compiling tracing-core v0.1.36
2026-10-06T13:38:21.7630201Z    Compiling futures-io v0.3.34
2026-10-06T13:38:21.8125466Z    Compiling fastrand v2.5.0
2026-10-06T13:38:21.9018187Z    Compiling tracing v0.1.44
2026-10-06T13:38:22.0108362Z    Compiling zerofrom v0.1.8
2026-10-06T13:38:22.0490576Z    Compiling concurrent-queue v2.5.0
2026-10-06T13:38:22.1221263Z    Compiling wayland-client v0.31.15
2026-10-06T13:38:23.2021507Z    Compiling yoke-derive v0.8.4
2026-10-06T13:38:23.6231620Z    Compiling event-listener v5.4.2
2026-10-06T13:38:23.7251277Z    Compiling stable_deref_trait v1.2.1
2026-10-06T13:38:23.7428152Z    Compiling yoke v0.8.3
2026-10-06T13:38:23.8109734Z    Compiling event-listener-strategy v0.5.4
2026-10-06T13:38:23.8517607Z    Compiling futures-lite v2.6.1
2026-10-06T13:38:24.2327599Z    Compiling zvariant v5.15.0
2026-10-06T13:38:29.1259200Z    Compiling zbus_names v4.3.4
2026-10-06T13:38:29.4581415Z    Compiling zerovec-derive v0.11.6
2026-10-06T13:38:29.9735570Z    Compiling zerovec v0.11.8
2026-10-06T13:38:31.6100180Z    Compiling errno v0.3.14
2026-10-06T13:38:31.6565189Z    Compiling bytemuck_derive v1.12.1
2026-10-06T13:38:32.1735004Z    Compiling displaydoc v0.2.7
2026-10-06T13:38:32.4573017Z    Compiling async-task v4.7.1
2026-10-06T13:38:32.5409676Z    Compiling bytemuck v1.25.2
2026-10-06T13:38:32.6471677Z    Compiling signal-hook-registry v1.4.8
2026-10-06T13:38:33.0934267Z    Compiling async-io v2.6.0
2026-10-06T13:38:33.5141436Z    Compiling async-channel v2.5.0
2026-10-06T13:38:33.5893794Z    Compiling wayland-protocols v0.32.13
2026-10-06T13:38:37.5409709Z    Compiling atomic-waker v1.1.2
2026-10-06T13:38:37.5732012Z    Compiling piper v0.2.5
2026-10-06T13:38:37.6509649Z    Compiling async-signal v0.2.14
2026-10-06T13:38:37.7297287Z    Compiling zbus_xml v5.2.1
2026-10-06T13:38:38.3988501Z    Compiling async-lock v3.4.2
2026-10-06T13:38:38.6775039Z    Compiling thiserror-impl v1.0.69
2026-10-06T13:38:39.2427671Z    Compiling thiserror v1.0.69
2026-10-06T13:38:39.2662425Z    Compiling async-process v2.5.0
2026-10-06T13:38:39.6302292Z    Compiling zbus-lockstep v0.5.2
2026-10-06T13:38:39.7054960Z    Compiling blocking v1.7.0
2026-10-06T13:38:40.4867365Z    Compiling async-executor v1.14.0
2026-10-06T13:38:40.6575700Z    Compiling tinystr v0.8.4
2026-10-06T13:38:40.7281577Z    Compiling zbus_macros v5.19.0
2026-10-06T13:38:41.9525480Z    Compiling async-broadcast v0.7.2
2026-10-06T13:38:42.0393955Z    Compiling ordered-stream v0.2.0
2026-10-06T13:38:42.1773468Z    Compiling uuid v1.27.0
2026-10-06T13:38:42.3688979Z    Compiling async-trait v0.1.92
2026-10-06T13:38:42.7249858Z    Compiling serde_repr v0.1.21
2026-10-06T13:38:42.8812898Z    Compiling async-recursion v1.2.0
2026-10-06T13:38:43.0888031Z    Compiling writeable v0.6.4
2026-10-06T13:38:43.1963195Z    Compiling litemap v0.8.3
2026-10-06T13:38:43.2764553Z    Compiling hex v0.4.3
2026-10-06T13:38:43.3741054Z    Compiling zbus v5.19.0
2026-10-06T13:38:49.1366299Z    Compiling icu_locale_core v2.3.0
2026-10-06T13:38:49.8200688Z    Compiling zbus-lockstep-macros v0.5.2
2026-10-06T13:38:50.0009427Z    Compiling zerocopy v0.8.59
2026-10-06T13:38:51.7849003Z    Compiling getrandom v0.3.4
2026-10-06T13:38:51.8491710Z    Compiling zerotrie v0.2.5
2026-10-06T13:38:51.9783516Z    Compiling potential_utf v0.1.6
2026-10-06T13:38:52.0264983Z    Compiling utf8_iter v1.0.4
2026-10-06T13:38:52.0703450Z    Compiling cursor-icon v1.2.0
2026-10-06T13:38:52.1059132Z    Compiling xkeysym v0.2.1
2026-10-06T13:38:52.4339417Z    Compiling xcursor v0.3.11
2026-10-06T13:38:52.6237389Z    Compiling static_assertions v1.1.0
2026-10-06T13:38:52.6416409Z    Compiling simd-adler32 v0.3.10
2026-10-06T13:38:52.7241702Z    Compiling linux-raw-sys v0.4.15
2026-10-06T13:38:52.9036489Z    Compiling percent-encoding v2.3.2
2026-10-06T13:38:52.9793094Z    Compiling rustix v0.38.44
2026-10-06T13:38:55.0611062Z    Compiling atspi-common v0.9.0
2026-10-06T13:38:57.7272071Z    Compiling wayland-cursor v0.31.14
2026-10-06T13:38:57.8524905Z    Compiling wayland-csd-frame v0.3.0
2026-10-06T13:38:57.9540200Z    Compiling icu_collections v2.3.0
2026-10-06T13:38:58.2197744Z    Compiling icu_provider v2.3.1
2026-10-06T13:38:58.3588403Z    Compiling ahash v0.8.12
2026-10-06T13:38:58.4446452Z    Compiling wayland-protocols-wlr v0.3.12
2026-10-06T13:38:59.2399431Z    Compiling memmap2 v0.9.11
2026-10-06T13:38:59.3267724Z    Compiling scopeguard v1.2.0
2026-10-06T13:38:59.3515724Z    Compiling adler2 v2.0.1
2026-10-06T13:38:59.3886498Z    Compiling accesskit v0.21.1
2026-10-06T13:38:59.5953141Z    Compiling lock_api v0.4.14
2026-10-06T13:38:59.6875860Z    Compiling x11-dl v2.21.0
2026-10-06T13:39:01.4634987Z    Compiling parking_lot_core v0.9.12
2026-10-06T13:39:01.5703497Z    Compiling icu_normalizer_data v2.3.0
2026-10-06T13:39:01.5921924Z    Compiling calloop v0.13.0
2026-10-06T13:39:01.9318341Z    Compiling icu_properties_data v2.3.0
2026-10-06T13:39:01.9860887Z    Compiling gethostname v1.1.0
2026-10-06T13:39:02.0198223Z    Compiling ttf-parser v0.25.1
2026-10-06T13:39:03.4331202Z    Compiling as-raw-xcb-connection v1.0.1
2026-10-06T13:39:03.4558836Z    Compiling foldhash v0.1.5
2026-10-06T13:39:03.5125314Z    Compiling x11rb-protocol v0.13.2
2026-10-06T13:39:12.0650081Z    Compiling x11rb v0.13.2
2026-10-06T13:39:13.1751963Z    Compiling hashbrown v0.15.5
2026-10-06T13:39:13.4550549Z    Compiling owned_ttf_parser v0.25.1
2026-10-06T13:39:13.5393934Z    Compiling icu_properties v2.3.0
2026-10-06T13:39:14.1702884Z    Compiling calloop-wayland-source v0.3.0
2026-10-06T13:39:14.2106710Z    Compiling icu_normalizer v2.3.0
2026-10-06T13:39:14.5220868Z    Compiling parking_lot v0.12.5
2026-10-06T13:39:14.7189988Z    Compiling crc32fast v1.5.2
2026-10-06T13:39:14.8033386Z    Compiling miniz_oxide v0.9.1
2026-10-06T13:39:15.1706564Z    Compiling atspi-proxies v0.9.0
2026-10-06T13:39:16.0504052Z    Compiling emath v0.33.3
2026-10-06T13:39:16.2431084Z    Compiling ab_glyph_rasterizer v0.1.10
2026-10-06T13:39:16.3107782Z    Compiling raw-window-handle v0.6.2
2026-10-06T13:39:16.3984022Z    Compiling ab_glyph v0.2.32
2026-10-06T13:39:16.6412426Z    Compiling ecolor v0.33.3
2026-10-06T13:39:16.7720215Z    Compiling atspi-connection v0.9.0
2026-10-06T13:39:17.2926299Z    Compiling flate2 v1.1.10
2026-10-06T13:39:17.4922412Z    Compiling idna_adapter v1.2.2
2026-10-06T13:39:17.5264360Z    Compiling smithay-client-toolkit v0.19.2
2026-10-06T13:39:18.2638663Z    Compiling num-traits v0.2.19
2026-10-06T13:39:18.5540739Z    Compiling accesskit_consumer v0.31.0
2026-10-06T13:39:18.9441442Z    Compiling miniz_oxide v0.8.9
2026-10-06T13:39:19.2859550Z    Compiling fdeflate v0.3.7
2026-10-06T13:39:19.4900702Z    Compiling xkbcommon-dl v0.4.2
2026-10-06T13:39:19.7435161Z    Compiling wayland-protocols-plasma v0.3.12
2026-10-06T13:39:21.6235820Z    Compiling calloop v0.14.5
2026-10-06T13:39:22.0239197Z    Compiling futures-macro v0.3.34
2026-10-06T13:39:22.3228303Z    Compiling thiserror-impl v2.0.21
2026-10-06T13:39:22.8690584Z    Compiling futures-task v0.3.34
2026-10-06T13:39:22.9302472Z    Compiling smol_str v0.2.2
2026-10-06T13:39:23.0291520Z    Compiling epaint_default_fonts v0.33.3
2026-10-06T13:39:23.0760512Z    Compiling dpi v0.1.2
2026-10-06T13:39:23.1451986Z    Compiling nohash-hasher v0.2.0
2026-10-06T13:39:23.1750994Z    Compiling profiling v1.0.18
2026-10-06T13:39:23.1914622Z    Compiling pxfm v0.1.30
2026-10-06T13:39:25.1192269Z    Compiling moxcms v0.8.1
2026-10-06T13:39:29.4616734Z    Compiling epaint v0.33.3
2026-10-06T13:39:30.7706341Z    Compiling winit v0.30.13
2026-10-06T13:39:34.5756387Z    Compiling futures-util v0.3.34
2026-10-06T13:39:35.4766634Z    Compiling thiserror v2.0.21
2026-10-06T13:39:35.5015715Z    Compiling calloop-wayland-source v0.4.1
2026-10-06T13:39:35.5393184Z    Compiling png v0.18.1
2026-10-06T13:39:36.1784227Z    Compiling accesskit_atspi_common v0.14.2
2026-10-06T13:39:36.6655158Z    Compiling idna v1.1.0
2026-10-06T13:39:37.0578014Z    Compiling atspi v0.25.0
2026-10-06T13:39:37.0807888Z    Compiling form_urlencoded v1.2.2
2026-10-06T13:39:37.1410181Z    Compiling wayland-protocols-experimental v20250721.0.1
2026-10-06T13:39:37.4150517Z    Compiling wayland-protocols-misc v0.3.12
2026-10-06T13:39:37.7325816Z    Compiling unicode-segmentation v1.13.3
2026-10-06T13:39:37.9485624Z    Compiling byteorder-lite v0.1.0
2026-10-06T13:39:38.0666471Z    Compiling image v0.25.10
2026-10-06T13:39:40.6368640Z    Compiling egui v0.33.3
2026-10-06T13:39:45.5037892Z    Compiling smithay-client-toolkit v0.20.0
2026-10-06T13:39:46.3309862Z    Compiling url v2.5.8
2026-10-06T13:39:46.7674261Z    Compiling accesskit_unix v0.17.2
2026-10-06T13:39:49.2270239Z    Compiling glutin_egl_sys v0.7.1
2026-10-06T13:39:49.2813102Z    Compiling glutin_glx_sys v0.6.1
2026-10-06T13:39:49.3418538Z    Compiling glutin v0.32.3
2026-10-06T13:39:50.0386973Z    Compiling accesskit_winit v0.29.2
2026-10-06T13:39:50.1601442Z    Compiling webbrowser v1.2.4
2026-10-06T13:39:50.4750090Z    Compiling smithay-clipboard v0.7.3
2026-10-06T13:39:51.3742752Z    Compiling memoffset v0.9.1
2026-10-06T13:39:51.3944951Z    Compiling arboard v3.6.1
2026-10-06T13:39:52.0473764Z    Compiling glow v0.16.0
2026-10-06T13:39:52.9138848Z    Compiling web-time v1.1.0
2026-10-06T13:39:52.9316514Z    Compiling egui-winit v0.33.3
2026-10-06T13:39:53.6150898Z    Compiling egui_glow v0.33.3
2026-10-06T13:39:53.8129434Z    Compiling glutin-winit v0.5.0
2026-10-06T13:39:53.9402869Z    Compiling eframe v0.33.3
2026-10-06T13:39:56.2791230Z    Compiling rheon v0.1.0 (/home/runner/work/Rheon/Rheon)
2026-10-06T13:40:39.7648843Z     Finished `test` profile [unoptimized + debuginfo] target(s) in 2m 36s
2026-10-06T13:40:39.7805306Z      Running unittests src/lib.rs (target/debug/deps/rheon-c3147dbbcb05ee21)
2026-10-06T13:40:39.7816210Z 
2026-10-06T13:40:39.7816832Z running 3 tests
2026-10-06T13:40:39.7825375Z test forces::tests::finite_step_work_can_be_negative_and_uses_both_velocity_endpoints ... ok
2026-10-06T13:40:39.7826187Z      Running unittests src/bin/rheon.rs (target/debug/deps/rheon-c4a0ddf597429b65)
2026-10-06T13:40:39.7826876Z test forces::tests::work_accounts_for_actual_storage_rounding_and_closed_wall_faces ... ok
2026-10-06T13:40:39.7827369Z test pressure::comparison_tests::sgs_matches_independently_assembled_triangular_system ... ok
2026-10-06T13:40:39.7827690Z 
2026-10-06T13:40:39.7827981Z test result: ok. 3 passed; 0 failed; 0 ignored; 0 measured; 0 filtered out; finished in 0.00s
2026-10-06T13:40:39.7828207Z 
2026-10-06T13:40:39.7831618Z 
2026-10-06T13:40:39.7831761Z running 0 tests
2026-10-06T13:40:39.7831955Z 
2026-10-06T13:40:39.7832207Z test result: ok. 0 passed; 0 failed; 0 ignored; 0 measured; 0 filtered out; finished in 0.00s
2026-10-06T13:40:39.7832595Z 
2026-10-06T13:40:39.7832924Z      Running unittests src/bin/rheon-desktop.rs (target/debug/deps/rheon_desktop-8f64e18ee0436a18)
2026-10-06T13:40:39.7841206Z 
2026-10-06T13:40:39.7841410Z running 6 tests
2026-10-06T13:40:39.7857092Z test tests::cancelled_worker_never_publishes_rows ... ok
2026-10-06T13:40:39.7857656Z test tests::dropping_app_cancels_and_joins_owned_worker ... ok
2026-10-06T13:40:39.7886690Z test tests::repeated_start_cannot_replace_active_work ... ok
2026-10-06T13:40:39.7926762Z test tests::cancellation_before_publication_suppresses_already_finished_result ... ok
2026-10-06T13:40:39.8249833Z test tests::cancel_after_progress_joins_without_rows_and_allows_restart ... ok
2026-10-06T13:40:39.9693723Z test tests::worker_runs_selected_and_equal_input_comparison ... ok
2026-10-06T13:40:39.9694063Z 
2026-10-06T13:40:39.9694480Z test result: ok. 6 passed; 0 failed; 0 ignored; 0 measured; 0 filtered out; finished in 0.19s
2026-10-06T13:40:39.9694864Z 
2026-10-06T13:40:39.9697611Z      Running tests/advection_contract.rs (target/debug/deps/advection_contract-225c15c5b5f70bf2)
2026-10-06T13:40:39.9707032Z 
2026-10-06T13:40:39.9707360Z running 3 tests
2026-10-06T13:40:39.9709520Z test cancellation_and_output_shape_are_explicit ... ok
2026-10-06T13:40:39.9709955Z test rest_state_is_preserved_on_degenerate_grid ... ok
2026-10-06T13:40:39.9710408Z test constant_translation_advects_an_interior_pulse_one_cell ... ok
2026-10-06T13:40:39.9710771Z 
2026-10-06T13:40:39.9711015Z test result: ok. 3 passed; 0 failed; 0 ignored; 0 measured; 0 filtered out; finished in 0.00s
2026-10-06T13:40:39.9711481Z 
2026-10-06T13:40:39.9712697Z      Running tests/box_flux_contract.rs (target/debug/deps/box_flux_contract-d9daa3190bb0368b)
2026-10-06T13:40:39.9721140Z 
2026-10-06T13:40:39.9724123Z running 11 tests
2026-10-06T13:40:39.9724683Z test affine_adjoint_requires_boundary_work_and_is_gauge_invariant_when_balanced ... ok
2026-10-06T13:40:39.9725246Z test invalid_inputs_reject_before_output_mutation ... ok
2026-10-06T13:40:39.9725705Z test iteration_budget_failure_precedes_any_face_output_write ... ok
2026-10-06T13:40:39.9726509Z test known_net_flux_rejects_even_when_provisional_rhs_rounding_scale_is_enormous ... ok
2026-10-06T13:40:39.9729274Z test nonzero_boundary_flux_cannot_underflow_out_of_the_compatibility_gate ... ok
2026-10-06T13:40:39.9730091Z test signed_through_flow_on_each_axis_matches_hand_pressure_energy_and_boundary_values ... ok
2026-10-06T13:40:39.9731245Z test cancellation_has_explicit_partial_output_semantics_and_retry_preserves_inputs ... ok
2026-10-06T13:40:39.9731995Z test singleton_flow_and_exact_capacity_limits_are_supported ... ok
2026-10-06T13:40:39.9732509Z test physical_stored_divergence_gate_rejects_after_solver_acceptance ... ok
2026-10-06T13:40:39.9733048Z test unequal_side_areas_match_independent_dense_projection_and_all_cell_divergence ... ok
2026-10-06T13:40:39.9733584Z test zero_flux_matches_preserved_operator_solver_and_stored_face_bits ... ok
2026-10-06T13:40:39.9733913Z 
2026-10-06T13:40:39.9734150Z test result: ok. 11 passed; 0 failed; 0 ignored; 0 measured; 0 filtered out; finished in 0.00s
2026-10-06T13:40:39.9734530Z 
2026-10-06T13:40:39.9734844Z      Running tests/box_flux_step_contract.rs (target/debug/deps/box_flux_step_contract-52fc4a4a39f26494)
2026-10-06T13:40:39.9742029Z 
2026-10-06T13:40:39.9742478Z running 13 tests
2026-10-06T13:40:39.9757564Z test box_flux_divergence_conversion_preserves_shared_error_payload ... ok
2026-10-06T13:40:39.9758213Z test balanced_volume_flux_does_not_certify_tracer_mass_conservation ... ok
2026-10-06T13:40:39.9763000Z test clamped_appearance_transport_and_saturated_source_have_separate_integrals ... ok
2026-10-06T13:40:39.9763803Z test copied_changing_boundary_versions_are_published_only_on_success ... ok
2026-10-06T13:40:39.9767175Z test current_boundary_speed_controls_initial_dt_and_accepted_courant ... ok
2026-10-06T13:40:39.9767810Z test external_and_smoke_force_terms_join_the_projection_work_ledger ... ok
2026-10-06T13:40:39.9777552Z test independently_capped_workspace_retains_legacy_capacity_and_supports_reset_pause ... ok
2026-10-06T13:40:39.9778490Z test incompatible_flux_solver_exhaustion_and_late_source_overflow_never_publish ... ok
2026-10-06T13:40:39.9792853Z test signed_end_boundary_commits_hand_flow_and_full_step_work_in_all_axes ... ok
2026-10-06T13:40:39.9793583Z test workspace_matches_geometry_density_and_solver_before_any_callback ... ok
2026-10-06T13:40:39.9799381Z test stored_divergence_rejection_after_projection_preserves_all_accepted_bits ... ok
2026-10-06T13:40:39.9828812Z test zero_boundary_agrees_with_legacy_fields_and_default_callbacks_stay_legacy ... ok
2026-10-06T13:40:40.0033587Z test cancellation_through_partial_stages_preserves_state_and_retry_matches_fresh ... ok
2026-10-06T13:40:40.0034006Z 
2026-10-06T13:40:40.0034210Z test result: ok. 13 passed; 0 failed; 0 ignored; 0 measured; 0 filtered out; finished in 0.03s
2026-10-06T13:40:40.0034646Z 
2026-10-06T13:40:40.0036098Z      Running tests/cli_contract.rs (target/debug/deps/cli_contract-ea673c6ccdb279e4)
2026-10-06T13:40:40.0044200Z 
2026-10-06T13:40:40.0044355Z running 4 tests
2026-10-06T13:40:40.0066991Z test existing_output_is_not_overwritten ... ok
2026-10-06T13:40:40.0086336Z test bad_cli_values_and_cap_fail_before_output_creation ... ok
2026-10-06T13:40:40.0238243Z test executable_exports_reproducible_png_csv_and_completion_manifest ... ok
2026-10-06T13:40:40.2739642Z test explicit_original_selection_replays_default_and_unknown_is_rejected ... ok
2026-10-06T13:40:40.2740009Z 
2026-10-06T13:40:40.2740240Z test result: ok. 4 passed; 0 failed; 0 ignored; 0 measured; 0 filtered out; finished in 0.27s
2026-10-06T13:40:40.2740515Z 
2026-10-06T13:40:40.2740983Z      Running tests/collision_contract.rs (target/debug/deps/collision_contract-ec1d57f50f7c22ec)
2026-10-06T13:40:40.2751665Z 
2026-10-06T13:40:40.2751997Z running 13 tests
2026-10-06T13:40:40.2755424Z test an_ambiguous_facet_prevents_publishing_another_facets_definite_hit ... ok
2026-10-06T13:40:40.2758250Z test clipping_returns_first_contact_and_preserves_end_on_a_definite_miss ... ok
2026-10-06T13:40:40.2758724Z test cancellation_after_a_found_hit_returns_no_partial_result_or_mesh_mutation ... ok
2026-10-06T13:40:40.2759376Z test conditioning_is_relative_across_small_large_scales_and_translated_geometry ... ok
2026-10-06T13:40:40.2761424Z test coplanar_near_parallel_and_near_boundary_candidates_are_not_silent_misses ... ok
2026-10-06T13:40:40.2762638Z      Running tests/column_mac_contract.rs (target/debug/deps/column_mac_contract-84c0efa63f242805)
2026-10-06T13:40:40.2763194Z test book_cube_outside_crossing_miss_and_inside_exit_match_hand_arithmetic ... ok
2026-10-06T13:40:40.2763687Z test earliest_contact_is_independent_of_order_and_exact_ties_use_lowest_index ... ok
2026-10-06T13:40:40.2764302Z test memory_limit_accounts_for_owned_capacities_not_only_lengths ... ok
2026-10-06T13:40:40.2764829Z test invalid_admission_and_queries_report_the_actual_unsupported_input ... ok
2026-10-06T13:40:40.2765306Z test oblique_facet_reconstructs_barycentric_point_and_unit_geometric_normal ... ok
2026-10-06T13:40:40.2765821Z test transverse_interior_edges_vertices_and_segment_endpoints_are_explicit_hits ... ok
2026-10-06T13:40:40.2766536Z test reversed_winding_changes_normal_and_facing_but_preserves_contact ... ok
2026-10-06T13:40:40.2767034Z test unresolved_large_segment_interpolation_rejects_off_facet_hits ... ok
2026-10-06T13:40:40.2767320Z 
2026-10-06T13:40:40.2767536Z test result: ok. 13 passed; 0 failed; 0 ignored; 0 measured; 0 filtered out; finished in 0.00s
2026-10-06T13:40:40.2767770Z 
2026-10-06T13:40:40.2770881Z 
2026-10-06T13:40:40.2771179Z running 8 tests
2026-10-06T13:40:40.2805758Z test independently_assembled_partial_mass_flux_pressure_matrix_and_adjoint ... ok
2026-10-06T13:40:40.2806761Z test hand_transfer_and_lossy_roundtrip_wall_ledgers_all_axes ... ok
2026-10-06T13:40:40.2807222Z test owner_export_revision_omission_and_dynamic_refusal ... ok
2026-10-06T13:40:40.2812886Z test owner_nonflat_paused_version_shape_and_late_projection_failures ... ok
2026-10-06T13:40:40.2834991Z test single_wet_node_decimal_geometry_phase_mass_and_legacy_transition_guard ... ok
2026-10-06T13:40:40.2879734Z test transfer_cancellation_all_occurrences_shape_and_scale_failures ... ok
2026-10-06T13:40:40.3003010Z test both_solvers_publish_velocity_pressure_and_geometry_revisions_all_axes ... ok
2026-10-06T13:40:40.4460488Z test every_owner_callback_preserves_nonzero_accepted_state_and_retry ... ok
2026-10-06T13:40:40.4460881Z 
2026-10-06T13:40:40.4461103Z test result: ok. 8 passed; 0 failed; 0 ignored; 0 measured; 0 filtered out; finished in 0.17s
2026-10-06T13:40:40.4461380Z 
2026-10-06T13:40:40.4462895Z      Running tests/column_momentum_contract.rs (target/debug/deps/column_momentum_contract-2479918279c1d934)
2026-10-06T13:40:40.4473881Z 
2026-10-06T13:40:40.4474665Z running 8 tests
2026-10-06T13:40:40.4487379Z test hand_derived_closed_exchange_all_axes ... ok
2026-10-06T13:40:40.4488101Z test every_callback_rolls_back_and_retry_is_identical ... ok
2026-10-06T13:40:40.4488741Z test identity_and_constants_cover_cut_classification_and_single_node ... ok
2026-10-06T13:40:40.4489200Z test affine_parcel_means_refine_without_claiming_linear_exactness ... ok
2026-10-06T13:40:40.4489878Z test ordinary_decimal_scale_constant_parcels_are_preserved ... ok
2026-10-06T13:40:40.4490542Z      Running tests/column_shear_contract.rs (target/debug/deps/column_shear_contract-fa45691cee60a018)
2026-10-06T13:40:40.4491317Z test ordinary_unit_geometry_nonbinary_constant_parcels_are_preserved ... ok
2026-10-06T13:40:40.4491840Z test large_support_change_uses_explicit_parcels ... ok
2026-10-06T13:40:40.4492268Z test refused_inputs_and_late_scale_failure_preserve_outputs ... ok
2026-10-06T13:40:40.4492726Z 
2026-10-06T13:40:40.4493025Z test result: ok. 8 passed; 0 failed; 0 ignored; 0 measured; 0 filtered out; finished in 0.00s
2026-10-06T13:40:40.4493321Z 
2026-10-06T13:40:40.4500313Z 
2026-10-06T13:40:40.4500618Z running 6 tests
2026-10-06T13:40:40.4504352Z test cut_heights_cover_both_center_classifications_and_single_node ... ok
2026-10-06T13:40:40.4505152Z test explicit_admission_scale_and_stability_failures_preserve_output ... ok
2026-10-06T13:40:40.4517874Z test local_affine_shear_force_and_translation_null_mode ... ok
2026-10-06T13:40:40.4518521Z test every_callback_occurrence_cancels_output_and_retry_is_equal ... ok
2026-10-06T13:40:40.4519057Z test independent_partial_dual_mass_matrix_force_and_energy_all_axes ... ok
2026-10-06T13:40:40.4648699Z test analytic_traction_free_shear_refines_with_liquid_only_weights ... ok
2026-10-06T13:40:40.4649177Z 
2026-10-06T13:40:40.4649578Z test result: ok. 6 passed; 0 failed; 0 ignored; 0 measured; 0 filtered out; finished in 0.01s
2026-10-06T13:40:40.4649959Z 
2026-10-06T13:40:40.4650287Z      Running tests/column_surface_contract.rs (target/debug/deps/column_surface_contract-e6ac370714eade6b)
2026-10-06T13:40:40.4658906Z 
2026-10-06T13:40:40.4659191Z running 10 tests
2026-10-06T13:40:40.4686788Z test admission_and_memory_are_bounded_and_explicit ... ok
2026-10-06T13:40:40.4706551Z test geometric_vertical_translation_crosses_layers_with_exact_volume_ledger ... ok
2026-10-06T13:40:40.4716920Z test independent_variable_distance_matrix_and_air_storage ... ok
2026-10-06T13:40:40.4717667Z test late_unsupported_reconstruction_keeps_accepted_pressure_phase_and_both_geometries ... ok
2026-10-06T13:40:40.4718275Z test a_moving_column_activates_a_new_pressure_center_on_the_next_interval ... ok
2026-10-06T13:40:40.4718857Z test rectangular_manufactured_variable_ghost_distances_match_independent_assembly ... ok
2026-10-06T13:40:40.4719361Z test unequal_spacing_column_hydrostatics_work_on_all_three_axes ... ok
2026-10-06T13:40:40.4719852Z test unrepresentable_ghost_distance_coefficient_rejects_without_clamping ... ok
2026-10-06T13:40:40.4792805Z test mixed_hydrostatic_columns_repeat_and_track_both_geometry_versions ... ok
2026-10-06T13:40:40.4953114Z test consecutive_coupled_pulses_advance_mixed_fractions_and_preserve_geometry_on_cancel ... ok
2026-10-06T13:40:40.4953856Z 
2026-10-06T13:40:40.4954430Z test result: ok. 10 passed; 0 failed; 0 ignored; 0 measured; 0 filtered out; finished in 0.03s
2026-10-06T13:40:40.4954777Z 
2026-10-06T13:40:40.4955412Z      Running tests/coupled_discrete_contract.rs (target/debug/deps/coupled_discrete_contract-10613f4cceb906e8)
2026-10-06T13:40:40.4965090Z 
2026-10-06T13:40:40.4965895Z running 8 tests
2026-10-06T13:40:40.7027014Z test converged_seed_retains_historical_one_pass_counter ... ok
2026-10-06T13:40:45.5289755Z test bounded_iteration_failure_preserves_initial_frame_pressure_clock ... ok
2026-10-06T13:40:51.4347540Z test genuine_coupled_pressure_strain_mass_and_work_publish_together ... ok
2026-10-06T13:40:51.4496601Z test memory_and_unsupported_field_fail_before_owner_creation ... ok
2026-10-06T13:40:57.5779469Z test invalid_scale_intervals_preserve_nonzero_accepted_state ... ok
2026-10-06T13:41:02.9352218Z test final_authorized_correction_matches_larger_budget_without_another_correction ... ok
2026-10-06T13:41:14.5018148Z test terminal_validation_cancellation_preserves_state_and_resumes ... ok
2026-10-06T13:41:40.4767610Z test every_barrier_preserves_all_accepted_bits_after_nonzero_state_and_resumes ... ok
2026-10-06T13:41:40.4768362Z      Running tests/export_contract.rs (target/debug/deps/export_contract-28cb0dbf0e593aa9)
2026-10-06T13:41:40.4769278Z 
2026-10-06T13:41:40.4770152Z test result: ok. 8 passed; 0 failed; 0 ignored; 0 measured; 0 filtered out; finished in 59.98s
2026-10-06T13:41:40.4770433Z 
2026-10-06T13:41:40.4778846Z 
2026-10-06T13:41:40.4778975Z running 1 test
2026-10-06T13:41:40.4784360Z test raw_export_limit_rejects_before_writing ... ok
2026-10-06T13:41:40.4784646Z 
2026-10-06T13:41:40.4784839Z test result: ok. 1 passed; 0 failed; 0 ignored; 0 measured; 0 filtered out; finished in 0.00s
2026-10-06T13:41:40.4785114Z 
2026-10-06T13:41:40.4786885Z      Running tests/extruded_third_contract.rs (target/debug/deps/extruded_third_contract-c83d5583037c9eb4)
2026-10-06T13:41:40.4794328Z 
2026-10-06T13:41:40.4794522Z running 8 tests
2026-10-06T13:41:40.4856688Z test additional_scratch_budget_and_initial_trace_are_enforced ... ok
2026-10-06T13:41:45.5237216Z test bounded_solve_failure_preserves_all_initial_components ... ok
2026-10-06T13:41:51.5017237Z test actual_published_full_velocity_has_both_shears_and_total_work ... ok
2026-10-06T13:41:51.5627639Z test actual_third_linear_failure_preserves_the_published_constructor_state ... ok
2026-10-06T13:41:54.4474161Z test constant_nonzero_third_velocity_survives_actual_moving_mass_publications ... ok
2026-10-06T13:41:59.6796821Z test invalid_arithmetic_and_wrong_api_preserve_nonzero_accepted_state ... ok
2026-10-06T13:42:08.9072619Z test zero_third_opt_in_matches_legacy_actual_state_bit_for_bit ... ok
2026-10-06T13:42:45.5221511Z test every_old_and_third_barrier_preserves_nonzero_published_state_and_retry_bits has been running for over 60 seconds
2026-10-06T13:43:04.4526552Z test every_old_and_third_barrier_preserves_nonzero_published_state_and_retry_bits ... ok
2026-10-06T13:43:04.4527015Z 
2026-10-06T13:43:04.4527291Z test result: ok. 8 passed; 0 failed; 0 ignored; 0 measured; 0 filtered out; finished in 83.97s
2026-10-06T13:43:04.4527901Z 
2026-10-06T13:43:04.4529857Z      Running tests/fitted_height_contract.rs (target/debug/deps/fitted_height_contract-dedb6c246a44cb5d)
2026-10-06T13:43:04.4540560Z 
2026-10-06T13:43:04.4541145Z running 15 tests
2026-10-06T13:43:04.4575683Z test actual_graph_translation_has_shared_gcl_and_full_vector_work ... ok
2026-10-06T13:43:04.4603129Z test arithmetic_kinematic_shape_failures_preserve_output ... ok
2026-10-06T13:43:04.4606948Z test constant_velocity_carries_every_component_with_changing_masses ... ok
2026-10-06T13:43:04.4607670Z test declared_capacity_and_real_payload_are_bounded ... ok
2026-10-06T13:43:04.4626917Z test actual_rebuilt_geometry_matches_mass_derivative ... ok
2026-10-06T13:43:04.4646751Z test divergence_defect_is_reported_and_nonzero_pressure_work_is_adjoint ... ok
2026-10-06T13:43:04.4651906Z test invalid_geometry_and_uncertain_pressure_rank_are_rejections ... ok
2026-10-06T13:43:04.4662506Z test full_vector_affine_strain_and_prescribed_traction_patch ... ok
2026-10-06T13:43:04.4699488Z test density_width_viscosity_scaling_and_zero_viscosity_are_explicit ... ok
2026-10-06T13:43:04.4711651Z test marginal_correct_wrong_flux_circulation_is_rejected ... ok
2026-10-06T13:43:04.4734742Z test periodic_seam_is_neighbor_center_intersection_with_true_derivative ... ok
2026-10-06T13:43:04.4795834Z test shared_geometry_mass_and_affine_gradient_partition ... ok
2026-10-06T13:43:04.4797510Z test rigid_rotation_and_full_vector_translation_are_strain_null_modes ... ok
2026-10-06T13:43:04.4874043Z test every_cancellation_preserves_output_and_retry_matches ... ok
2026-10-06T13:43:04.6118752Z test numerical_pressure_image_rank_constant_mode_and_transpose ... ok
2026-10-06T13:43:04.6119158Z 
2026-10-06T13:43:04.6119359Z test result: ok. 15 passed; 0 failed; 0 ignored; 0 measured; 0 filtered out; finished in 0.16s
2026-10-06T13:43:04.6119675Z 
2026-10-06T13:43:04.6125734Z      Running tests/fixed_bottom_ale_contract.rs (target/debug/deps/fixed_bottom_ale_contract-6df4403b23f6196c)
2026-10-06T13:43:04.6134753Z 
2026-10-06T13:43:04.6135430Z running 7 tests
2026-10-06T13:43:04.9247152Z test arithmetic_iteration_and_path_failures_preserve_state ... ok
2026-10-06T13:43:04.9266981Z test memory_budget_and_unsupported_carrier_reject_before_owner_creation ... ok
2026-10-06T13:43:05.2771009Z test constants_remain_constant_and_zero_viscosity_still_transports ... ok
2026-10-06T13:43:05.4382434Z test strict_acceptance_failure_preserves_the_accepted_pair ... ok
2026-10-06T13:43:07.0524138Z test constrained_velocity_convex_bound_failure_is_retained_as_a_limit ... ok
2026-10-06T13:43:07.2369555Z test cancellation_preserves_nonzero_accepted_geometry_and_recovers_cleanly ... ok
2026-10-06T13:43:07.2433456Z test nonzero_relative_transport_and_viscosity_publish_one_geometry ... ok
2026-10-06T13:43:07.2433954Z 
2026-10-06T13:43:07.2434441Z test result: ok. 7 passed; 0 failed; 0 ignored; 0 measured; 0 filtered out; finished in 2.63s
2026-10-06T13:43:07.2434930Z 
2026-10-06T13:43:07.2437455Z      Running tests/forces_contract.rs (target/debug/deps/forces_contract-9aed3fd324e79eb4)
2026-10-06T13:43:07.2448630Z 
2026-10-06T13:43:07.2448957Z running 9 tests
2026-10-06T13:43:07.2460557Z test invalid_or_unrepresentable_forces_reject_without_accepted_mutation ... ok
2026-10-06T13:43:07.2464603Z test legacy_smoke_force_precedes_external_stage_and_its_work_is_separate ... ok
2026-10-06T13:43:07.2468080Z test localized_force_projects_to_the_independently_derived_four_edge_cycle ... ok
2026-10-06T13:43:07.2472486Z test overlapping_vectors_add_and_forcing_budget_covers_each_axis_and_units ... ok
2026-10-06T13:43:07.2486842Z test empty_forces_keep_legacy_stages_fields_reports_and_array_memory ... ok
2026-10-06T13:43:07.2488643Z test support_is_sampled_on_own_face_lattices_and_excludes_upper_planes_and_walls ... ok
2026-10-06T13:43:07.2504619Z test force_cancellation_and_pressure_exhaustion_preserve_state_and_retry ... ok
2026-10-06T13:43:07.2514664Z test force_density_divides_by_constant_density_and_matches_acceleration_bits ... ok
2026-10-06T13:43:07.2523025Z test signed_uniform_forces_on_each_axis_have_hand_computed_work_and_hydrostatic_rest ... ok
2026-10-06T13:43:07.2523396Z 
2026-10-06T13:43:07.2523606Z test result: ok. 9 passed; 0 failed; 0 ignored; 0 measured; 0 filtered out; finished in 0.01s
2026-10-06T13:43:07.2524066Z 
2026-10-06T13:43:07.2525737Z      Running tests/free_surface_contract.rs (target/debug/deps/free_surface_contract-6ecf559bc9265e49)
2026-10-06T13:43:07.2535272Z 
2026-10-06T13:43:07.2535489Z running 7 tests
2026-10-06T13:43:07.2538661Z test free_surface_admission_is_explicit_and_uses_existing_array_inventory ... ok
2026-10-06T13:43:07.2540147Z test independent_anchored_matrix_has_half_distance_surface_and_no_wet_gauge ... ok
2026-10-06T13:43:07.2547405Z test coupled_surface_redistribution_conserves_volume_and_rejects_unresolved_next_geometry ... ok
2026-10-06T13:43:07.2548245Z test late_volume_rejection_retains_previous_free_surface_pressure_and_liquid ... ok
2026-10-06T13:43:07.2548969Z test rectangular_manufactured_pressure_matches_independent_wet_air_assembly ... ok
2026-10-06T13:43:07.2549530Z test hydrostatic_columns_match_pressure_at_cell_centers_and_zero_air_pressure ... ok
2026-10-06T13:43:07.2592687Z test resolved_hydrostatic_interval_replays_and_cancelled_pair_preserves_pressure_and_phase ... ok
2026-10-06T13:43:07.2593471Z 
2026-10-06T13:43:07.2593778Z test result: ok. 7 passed; 0 failed; 0 ignored; 0 measured; 0 filtered out; finished in 0.01s
2026-10-06T13:43:07.2594152Z 
2026-10-06T13:43:07.2594784Z      Running tests/geometry_contract.rs (target/debug/deps/geometry_contract-a09149dd6d763813)
2026-10-06T13:43:07.2603043Z 
2026-10-06T13:43:07.2603198Z running 7 tests
2026-10-06T13:43:07.2605875Z test face_offsets_are_distinct_from_cell_offsets ... ok
2026-10-06T13:43:07.2606961Z test half_cell_resolution_regression_requires_no_allocation ... ok
2026-10-06T13:43:07.2607514Z test invalid_source_values_fail_before_allocation ... ok
2026-10-06T13:43:07.2608154Z test conservative_axis_margin_covers_large_origins_and_adjacent_samples ... ok
2026-10-06T13:43:07.2608772Z test planned_payload_is_exact_and_cap_is_explicit ... ok
2026-10-06T13:43:07.2609480Z      Running tests/implementation_contract.rs (target/debug/deps/implementation_contract-2c4da4efe4818e2e)
2026-10-06T13:43:07.2610206Z test rectangular_shapes_and_maximum_indices ... ok
2026-10-06T13:43:07.2610674Z test single_cell_and_one_cell_wide_domains_are_valid ... ok
2026-10-06T13:43:07.2611010Z 
2026-10-06T13:43:07.2611340Z test result: ok. 7 passed; 0 failed; 0 ignored; 0 measured; 0 filtered out; finished in 0.00s
2026-10-06T13:43:07.2611753Z 
2026-10-06T13:43:07.2617483Z 
2026-10-06T13:43:07.2617707Z running 5 tests
2026-10-06T13:43:07.2677258Z test all_methods_recover_anisotropic_manufactured_pressure_and_failure_contracts ... ok
2026-10-06T13:43:07.2678308Z test registry_has_stable_unique_ids_and_explicit_unknown_rejection ... ok
2026-10-06T13:43:07.6005349Z test approaches_agree_with_equal_inputs_and_retained_budget ... ok
2026-10-06T13:43:07.7962042Z test every_implementation_preserves_transactional_cancellation_and_replay ... ok
2026-10-06T13:43:07.8666748Z test cancellation_after_accepted_work_preserves_both_implementations ... ok
2026-10-06T13:43:07.8667289Z 
2026-10-06T13:43:07.8667561Z test result: ok. 5 passed; 0 failed; 0 ignored; 0 measured; 0 filtered out; finished in 0.60s
2026-10-06T13:43:07.8667909Z 
2026-10-06T13:43:07.8669713Z      Running tests/liquid_scale_division_contract.rs (target/debug/deps/liquid_scale_division_contract-28d905a85561cde9)
2026-10-06T13:43:07.8679630Z 
2026-10-06T13:43:07.8680368Z running 1 test
2026-10-06T13:43:07.8682960Z test unsupported_candidate_courant_and_divergence_quotients_preserve_accepted_state ... ok
2026-10-06T13:43:07.8683805Z      Running tests/liquid_step_contract.rs (target/debug/deps/liquid_step_contract-2376a13465b2ee89)
2026-10-06T13:43:07.8684254Z 
2026-10-06T13:43:07.8684528Z test result: ok. 1 passed; 0 failed; 0 ignored; 0 measured; 0 filtered out; finished in 0.00s
2026-10-06T13:43:07.8684925Z 
2026-10-06T13:43:07.8693054Z 
2026-10-06T13:43:07.8693352Z running 8 tests
2026-10-06T13:43:07.8701179Z test combined_capacity_cap_counts_transferred_capacity_and_pressure ... ok
2026-10-06T13:43:07.8701847Z test carrier_failure_and_pause_preserve_volume_pressure_and_clocks ... ok
2026-10-06T13:43:07.8715810Z test accepted_actual_dt_controls_volume_interval_and_closed_step_is_coherent ... ok
2026-10-06T13:43:07.8716688Z test liquid_failure_after_new_pressure_prepare_preserves_all_accepted_bits_and_retry ... ok
2026-10-06T13:43:07.8717359Z test volume_input_failure_and_version_overflow_precede_carrier_callbacks ... ok
2026-10-06T13:43:07.8717992Z test signed_axis_transport_publishes_hand_pressure_and_synchronized_states ... ok
2026-10-06T13:43:07.8722472Z test liquid_guidance_integrates_accepted_fraction_with_explicit_pixel_budget ... ok
2026-10-06T13:43:07.9252176Z test every_exercised_carrier_volume_and_final_checkpoint_rolls_back_and_replays ... ok
2026-10-06T13:43:07.9252738Z 
2026-10-06T13:43:07.9253040Z test result: ok. 8 passed; 0 failed; 0 ignored; 0 measured; 0 filtered out; finished in 0.06s
2026-10-06T13:43:07.9253366Z 
2026-10-06T13:43:07.9255093Z      Running tests/liquid_volume_contract.rs (target/debug/deps/liquid_volume_contract-d90f78f6e3c4db6d)
2026-10-06T13:43:07.9266318Z 
2026-10-06T13:43:07.9266767Z running 18 tests
2026-10-06T13:43:07.9270594Z test actual_owned_capacity_invalid_inputs_and_resolved_clock_are_checked ... ok
2026-10-06T13:43:07.9271507Z test both_accepted_pressure_methods_supply_read_only_carrier_not_free_surface_feedback ... ok
2026-10-06T13:43:07.9272357Z test geometry_interval_source_identity_and_version_limits_reject_before_callbacks ... ok
2026-10-06T13:43:07.9273168Z test closed_anisotropic_circulation_reuses_shared_faces_and_preserves_volume ... ok
2026-10-06T13:43:07.9274065Z test courant_divergence_and_raw_source_bounds_fail_without_changing_accepted_state ... ok
2026-10-06T13:43:07.9275018Z test normal_initial_amount_is_supported_but_subnormal_initial_amount_is_rejected ... ok
2026-10-06T13:43:07.9276168Z test oblique_constant_fraction_preserves_constant_and_balanced_boundary_transfer ... ok
2026-10-06T13:43:07.9276907Z test signed_zero_is_valid_empty_liquid_with_zero_volume_transfer ... ok
2026-10-06T13:43:07.9277471Z test subnormal_face_area_rejects_instead_of_distorting_representable_inflow ... ok
2026-10-06T13:43:07.9278251Z test signed_all_axis_upwind_inlet_outlet_matches_hand_volume_and_occupancy ... ok
2026-10-06T13:43:07.9278982Z test signed_sources_are_volume_per_second_and_density_scales_mass_only ... ok
2026-10-06T13:43:07.9279565Z test thin_positive_fractions_and_merging_supports_are_not_erased_by_clamping ... ok
2026-10-06T13:43:07.9280198Z test partial_flux_and_cell_cancellation_preserve_bits_and_retry_matches_fresh ... ok
2026-10-06T13:43:07.9280922Z test underflowed_courant_intermediate_rejects_and_supported_retry_matches_fresh ... ok
2026-10-06T13:43:07.9281711Z test underflowed_face_area_rejects_instead_of_losing_representable_inflow ... ok
2026-10-06T13:43:07.9282428Z test unrepresentable_initial_amount_or_nonzero_face_transfer_cannot_disappear ... ok
2026-10-06T13:43:07.9283228Z test unsplit_three_dimensional_transfer_is_bounded_but_diffuses_geometric_cube ... ok
2026-10-06T13:43:07.9306439Z test translated_slab_has_exact_binomial_oracle_and_independent_spatial_refinement ... ok
2026-10-06T13:43:07.9306823Z 
2026-10-06T13:43:07.9307388Z test result: ok. 18 passed; 0 failed; 0 ignored; 0 measured; 0 filtered out; finished in 0.00s
2026-10-06T13:43:07.9307854Z 
2026-10-06T13:43:07.9308544Z      Running tests/operator_contract.rs (target/debug/deps/operator_contract-f1b33944ac98063e)
2026-10-06T13:43:07.9317269Z 
2026-10-06T13:43:07.9317405Z running 5 tests
2026-10-06T13:43:07.9319993Z test all_six_faces_of_single_cell_are_walls ... ok
2026-10-06T13:43:07.9320615Z test integrated_rhs_matches_independent_physical_divergence ... ok
2026-10-06T13:43:07.9321195Z test three_cell_hand_calculation_and_residual_identity ... ok
2026-10-06T13:43:07.9321796Z test nonfinite_fields_density_and_lengths_are_rejected ... ok
2026-10-06T13:43:07.9322170Z test independent_rectangular_dense_operator ... ok
2026-10-06T13:43:07.9322414Z 
2026-10-06T13:43:07.9322633Z test result: ok. 5 passed; 0 failed; 0 ignored; 0 measured; 0 filtered out; finished in 0.00s
2026-10-06T13:43:07.9322954Z 
2026-10-06T13:43:07.9324474Z      Running tests/pressure_contract.rs (target/debug/deps/pressure_contract-98bf10ed96cc360a)
2026-10-06T13:43:07.9332738Z 
2026-10-06T13:43:07.9332913Z running 10 tests
2026-10-06T13:43:07.9336201Z test a_rectangular_cycle_retains_circulation ... ok
2026-10-06T13:43:07.9337053Z test eliminated_gauge_row_participates_in_physical_stopping ... ok
2026-10-06T13:43:07.9337876Z test cancellation_and_iteration_exhaustion_are_explicit ... ok
2026-10-06T13:43:07.9338637Z test incompatible_rhs_is_not_mean_shifted ... ok
2026-10-06T13:43:07.9339366Z test single_cell_zero_rhs_returns_without_iteration ... ok
2026-10-06T13:43:07.9340052Z test solves_hand_chain_and_reports_full_residual ... ok
2026-10-06T13:43:07.9347228Z test workspace_budget_and_invalid_tolerance_fail ... ok
2026-10-06T13:43:07.9352272Z test tighter_divergence_gate_keeps_conjugate_gradient_progress ... ok
2026-10-06T13:43:07.9354021Z test manufactured_three_dimensional_pressure_recovers_modulo_gauge ... ok
2026-10-06T13:43:07.9470238Z test random_three_dimensional_projection_checks_actual_f32_divergence ... ok
2026-10-06T13:43:07.9470750Z 
2026-10-06T13:43:07.9471113Z test result: ok. 10 passed; 0 failed; 0 ignored; 0 measured; 0 filtered out; finished in 0.01s
2026-10-06T13:43:07.9471402Z 
2026-10-06T13:43:07.9472113Z      Running tests/sampling_contract.rs (target/debug/deps/sampling_contract-ac80565e28e12260)
2026-10-06T13:43:07.9480256Z 
2026-10-06T13:43:07.9480542Z running 5 tests
2026-10-06T13:43:07.9482959Z test convex_bounds_and_singleton_axes_hold ... ok
2026-10-06T13:43:07.9483758Z test invalid_input_is_rejected_at_sampler_construction ... ok
2026-10-06T13:43:07.9484736Z test component_offsets_reproduce_affine_fields ... ok
2026-10-06T13:43:07.9485274Z test midpoint_rotation_matches_independent_polynomial ... ok
2026-10-06T13:43:07.9485869Z test midpoint_backtrace_matches_constant_translation ... ok
2026-10-06T13:43:07.9486488Z 
2026-10-06T13:43:07.9486959Z test result: ok. 5 passed; 0 failed; 0 ignored; 0 measured; 0 filtered out; finished in 0.00s
2026-10-06T13:43:07.9487678Z      Running tests/simulation_contract.rs (target/debug/deps/simulation_contract-8363144a7dcd92c8)
2026-10-06T13:43:07.9488168Z 
2026-10-06T13:43:07.9496308Z 
2026-10-06T13:43:07.9497353Z running 9 tests
2026-10-06T13:43:07.9526462Z test all_owned_capacities_are_accounted_and_cap_checked ... ok
2026-10-06T13:43:07.9556462Z test in_place_candidate_matches_separate_output_and_scratch_diagnostic ... ok
2026-10-06T13:43:08.0175760Z test actual_float_divergence_rejection_preserves_accepted_state ... ok
2026-10-06T13:43:08.0196770Z test single_cell_rest_and_saturating_source_are_supported ... ok
2026-10-06T13:43:08.0412885Z test solver_exhaustion_and_invalid_source_are_transactional ... ok
2026-10-06T13:43:08.0944068Z test time_step_policy_reports_reduced_dt_for_large_forcing ... ok
2026-10-06T13:43:08.1869358Z test localized_smoke_is_nontrivial_finite_and_independently_divergence_checked ... ok
2026-10-06T13:43:08.3957363Z test exact_replay_pause_reset_and_source_toggle ... ok
2026-10-06T13:43:08.9004521Z test cancellation_at_every_stage_preserves_all_accepted_bits_and_metadata ... ok
2026-10-06T13:43:08.9004890Z 
2026-10-06T13:43:08.9005088Z test result: ok. 9 passed; 0 failed; 0 ignored; 0 measured; 0 filtered out; finished in 0.95s
2026-10-06T13:43:08.9005371Z 
2026-10-06T13:43:08.9007233Z      Running tests/tracer_barrier_contract.rs (target/debug/deps/tracer_barrier_contract-6b0eba546143e9b3)
2026-10-06T13:43:08.9019314Z 
2026-10-06T13:43:08.9020204Z running 12 tests
2026-10-06T13:43:08.9039763Z test admission_failures_precede_any_output_write ... ok
2026-10-06T13:43:08.9040733Z test blocked_midpoint_and_departure_legs_revert_without_wall_pushout ... ok
2026-10-06T13:43:08.9041500Z test accepted_simulation_filters_tracer_while_preserving_force_pressure_and_memory ... ok
2026-10-06T13:43:08.9042063Z test barrier_error_and_late_cancellation_preserve_owner_and_allow_clean_retry ... ok
2026-10-06T13:43:08.9042615Z test contacts_no_visible_donor_and_ambiguous_visibility_fail_explicitly ... ok
2026-10-06T13:43:08.9043118Z test clear_trace_still_filters_a_stencil_that_crosses_the_barrier ... ok
2026-10-06T13:43:08.9043921Z test low_level_cancellation_can_leave_scratch_partial_but_inputs_retry_unchanged ... ok
2026-10-06T13:43:08.9044496Z test visible_interpolation_preserves_constants_and_visible_range_with_3d_weights ... ok
2026-10-06T13:43:08.9045083Z test visible_donors_renormalize_on_both_sides_and_remove_thin_sheet_leakage ... ok
2026-10-06T13:43:08.9045670Z test zero_weight_extremes_cannot_relax_the_positive_donor_range ... ok
2026-10-06T13:43:08.9046510Z test none_barrier_preserves_every_accepted_bit_report_and_callback_sequence ... ok
2026-10-06T13:43:08.9047253Z test no_obstruction_preserves_legacy_midpoint_and_sample_bits ... ok
2026-10-06T13:43:08.9047673Z 
2026-10-06T13:43:08.9048078Z test result: ok. 12 passed; 0 failed; 0 ignored; 0 measured; 0 filtered out; finished in 0.00s
2026-10-06T13:43:08.9049150Z      Running tests/translated_viscous_contract.rs (target/debug/deps/translated_viscous_contract-df01259cbdae83bb)
2026-10-06T13:43:08.9049645Z 
2026-10-06T13:43:08.9056739Z 
2026-10-06T13:43:08.9057047Z running 8 tests
2026-10-06T13:43:09.0047030Z test lost_physical_geometry_and_clock_resolution_preserve_state ... ok
2026-10-06T13:43:09.0086532Z test arithmetic_and_iteration_failures_preserve_accepted_state ... ok
2026-10-06T13:43:09.0756958Z test strict_acceptance_failure_preserves_both_states ... ok
2026-10-06T13:43:09.1057027Z test inviscid_and_constant_fields_are_preserved_without_solver_drift ... ok
2026-10-06T13:43:09.1186915Z test unsupported_xy_and_trace_and_insufficient_memory_are_rejected ... ok
2026-10-06T13:43:09.1282742Z test unrepresentable_initial_energy_is_rejected ... ok
2026-10-06T13:43:09.3754500Z test repeated_translation_and_viscous_decay_publish_one_state ... ok
2026-10-06T13:43:09.4848326Z test each_cancellation_preserves_velocity_geometry_pressure_clock_and_identity ... ok
2026-10-06T13:43:09.4848957Z 
2026-10-06T13:43:09.4849175Z test result: ok. 8 passed; 0 failed; 0 ignored; 0 measured; 0 filtered out; finished in 0.58s
2026-10-06T13:43:09.4849450Z 
2026-10-06T13:43:09.4850342Z      Running tests/translation_contract.rs (target/debug/deps/translation_contract-f255d91a13159707)
2026-10-06T13:43:09.4862898Z 
2026-10-06T13:43:09.4863437Z running 10 tests
2026-10-06T13:43:09.4874939Z test axis_permuted_hand_oracles_cover_signed_and_tangential_translation ... ok
2026-10-06T13:43:09.4876110Z test common_linear_frame_shift_preserves_contact_parameter_normal_and_weights ... ok
2026-10-06T13:43:09.4876784Z test cancellation_after_contact_exposes_no_result_and_preserves_retry ... ok
2026-10-06T13:43:09.4877359Z test endpoint_contacts_and_clipping_keep_space_time_coordinates ... ok
2026-10-06T13:43:09.4877912Z test final_pose_query_misses_an_actual_space_time_crossing ... ok
2026-10-06T13:43:09.4878614Z test invalid_intervals_trajectories_and_zero_relative_motion_are_explicit ... ok
2026-10-06T13:43:09.4879693Z      Running tests/viscosity_contract.rs (target/debug/deps/viscosity_contract-adfd0b6fa9566a8f)
2026-10-06T13:43:09.4880408Z test moving_wall_crosses_stationary_world_point_at_physical_time ... ok
2026-10-06T13:43:09.4881006Z test zero_translation_preserves_every_static_hit_field_and_miss ... ok
2026-10-06T13:43:09.4881654Z test reversed_winding_changes_facing_but_not_translated_contact ... ok
2026-10-06T13:43:09.4882337Z test unrepresentable_endpoint_pose_rejects_before_query ... ok
2026-10-06T13:43:09.4882668Z 
2026-10-06T13:43:09.4883010Z test result: ok. 10 passed; 0 failed; 0 ignored; 0 measured; 0 filtered out; finished in 0.00s
2026-10-06T13:43:09.4883431Z 
2026-10-06T13:43:09.4888060Z 
2026-10-06T13:43:09.4888238Z running 8 tests
2026-10-06T13:43:09.4926652Z test cancellation_all_stage_occurrences_and_failures_preserve_output ... ok
2026-10-06T13:43:09.4936774Z test anisotropic_three_dimensional_shear_matches_all_component_pairs ... ok
2026-10-06T13:43:09.5078309Z test coupled_viscosity_preserves_both_owners_on_every_callback_and_retries ... ok
2026-10-06T13:43:09.5087472Z test symmetric_strain_cross_derivative_and_independent_dense_energy ... ok
2026-10-06T13:43:09.5088438Z test viscosity_rejects_surface_partial_fill_density_mismatch_and_nonzero_walls ... ok
2026-10-06T13:43:09.6554741Z test fixed_grid_time_refinement_and_zero_coefficient ... ok
2026-10-06T13:43:09.8844213Z test divergence_free_mode_matches_discrete_decay_and_refines ... ok
2026-10-06T13:43:11.1722849Z test large_mesh_compensated_energy_gate_preserves_fixed_budget ... ok
2026-10-06T13:43:11.1723202Z 
2026-10-06T13:43:11.1723427Z test result: ok. 8 passed; 0 failed; 0 ignored; 0 measured; 0 filtered out; finished in 1.68s
2026-10-06T13:43:11.1723652Z 
2026-10-06T13:43:11.1723911Z    Doc-tests rheon
2026-10-06T13:43:11.2785155Z 
2026-10-06T13:43:11.2786288Z running 0 tests
2026-10-06T13:43:11.2786678Z 
2026-10-06T13:43:11.2786956Z test result: ok. 0 passed; 0 failed; 0 ignored; 0 measured; 0 filtered out; finished in 0.00s
2026-10-06T13:43:11.2787557Z 
2026-10-06T13:43:11.2944382Z Post job cleanup.
2026-10-06T13:43:11.3546844Z [command]/usr/bin/git version
2026-10-06T13:43:11.3575806Z git version 2.55.0
2026-10-06T13:43:11.3601361Z Temporarily overriding HOME='/home/runner/work/_temp/fce99308-8195-4532-94e5-e07f4641050e' before making global git config changes
2026-10-06T13:43:11.3602254Z Adding repository directory to the temporary git global config as a safe directory
2026-10-06T13:43:11.3604854Z [command]/usr/bin/git config --global --add safe.directory /home/runner/work/Rheon/Rheon
2026-10-06T13:43:11.3633677Z [command]/usr/bin/git config --local --name-only --get-regexp core\.sshCommand
2026-10-06T13:43:11.3658843Z [command]/usr/bin/git submodule foreach --recursive sh -c "git config --local --name-only --get-regexp 'core\.sshCommand' && git config --local --unset-all 'core.sshCommand' || :"
2026-10-06T13:43:11.3832357Z [command]/usr/bin/git config --local --name-only --get-regexp http\.https\:\/\/github\.com\/\.extraheader
2026-10-06T13:43:11.3857730Z [command]/usr/bin/git submodule foreach --recursive sh -c "git config --local --name-only --get-regexp 'http\.https\:\/\/github\.com\/\.extraheader' && git config --local --unset-all 'http.https://github.com/.extraheader' || :"
2026-10-06T13:43:11.4188067Z Cleaning up orphan processes
2026-10-06T13:43:11.4449556Z ##[warning]Node.js 20 is deprecated. The following actions target Node.js 20 but are being forced to run on Node.js 24: actions/checkout@11bd71901bbe5b1630ceea73d27597364c9af683. For more information see: https://github.blog/changelog/2025-09-19-deprecation-of-node-20-on-github-actions-runners/

