2026-10-06T13:36:28.7123568Z Current runner version: '2.337.0'
2026-10-06T13:36:28.7151851Z ##[group]Runner Image Provisioner
2026-10-06T13:36:28.7152857Z Hosted Compute Agent
2026-10-06T13:36:28.7153577Z Version: 20260901.588
2026-10-06T13:36:28.7154374Z Commit: f88ec8081b781fac6c440065ac7ff9e710ce3d0b
2026-10-06T13:36:28.7155400Z Build Date: 2026-09-01T19:56:44Z
2026-10-06T13:36:28.7156271Z Worker ID: {14a38fac-576c-48d2-9386-55b35d88642a}
2026-10-06T13:36:28.7157315Z Azure Region: eastus
2026-10-06T13:36:28.7158073Z ##[endgroup]
2026-10-06T13:36:28.7159793Z ##[group]Operating System
2026-10-06T13:36:28.7160669Z Ubuntu
2026-10-06T13:36:28.7161282Z 24.04.5
2026-10-06T13:36:28.7161926Z LTS
2026-10-06T13:36:28.7162555Z ##[endgroup]
2026-10-06T13:36:28.7163197Z ##[group]Runner Image
2026-10-06T13:36:28.7163952Z Image: ubuntu-24.04
2026-10-06T13:36:28.7164611Z Version: 20260927.320.1
2026-10-06T13:36:28.7166631Z Included Software: https://github.com/actions/runner-images/blob/ubuntu24/20260927.320/images/ubuntu/Ubuntu2404-Readme.md
2026-10-06T13:36:28.7168757Z Image Release: https://github.com/actions/runner-images/releases/tag/ubuntu24%2F20260927.320
2026-10-06T13:36:28.7170094Z ##[endgroup]
2026-10-06T13:36:28.7171490Z ##[group]GITHUB_TOKEN Permissions
2026-10-06T13:36:28.7173798Z Contents: read
2026-10-06T13:36:28.7174496Z Metadata: read
2026-10-06T13:36:28.7175299Z ##[endgroup]
2026-10-06T13:36:28.7177895Z Secret source: Actions
2026-10-06T13:36:28.7179059Z Cache mode: write
2026-10-06T13:36:28.7180107Z Prepare workflow directory
2026-10-06T13:36:28.7612411Z Prepare all required actions
2026-10-06T13:36:28.7667826Z Getting action download info
2026-10-06T13:36:28.9762968Z Download action repository 'actions/checkout@11bd71901bbe5b1630ceea73d27597364c9af683' (SHA:11bd71901bbe5b1630ceea73d27597364c9af683)
2026-10-06T13:36:29.3006400Z Complete job name: Feature contracts (core-only)
2026-10-06T13:36:29.3725936Z ##[group]Run actions/checkout@11bd71901bbe5b1630ceea73d27597364c9af683
2026-10-06T13:36:29.3727038Z with:
2026-10-06T13:36:29.3727468Z   persist-credentials: false
2026-10-06T13:36:29.3727923Z   repository: MrScripty/Rheon
2026-10-06T13:36:29.3731437Z   token: ***
2026-10-06T13:36:29.3731820Z   ssh-strict: true
2026-10-06T13:36:29.3732199Z   ssh-user: git
2026-10-06T13:36:29.3732560Z   clean: true
2026-10-06T13:36:29.3732966Z   sparse-checkout-cone-mode: true
2026-10-06T13:36:29.3733428Z   fetch-depth: 1
2026-10-06T13:36:29.3733801Z   fetch-tags: false
2026-10-06T13:36:29.3734424Z   show-progress: true
2026-10-06T13:36:29.3734822Z   lfs: false
2026-10-06T13:36:29.3735191Z   submodules: false
2026-10-06T13:36:29.3735590Z   set-safe-directory: true
2026-10-06T13:36:29.3736328Z env:
2026-10-06T13:36:29.3736802Z   CARGO_BUILD_JOBS: 1
2026-10-06T13:36:29.3737195Z ##[endgroup]
2026-10-06T13:36:29.4571658Z Syncing repository: MrScripty/Rheon
2026-10-06T13:36:29.4573510Z ##[group]Getting Git version info
2026-10-06T13:36:29.4574109Z Working directory is '/home/runner/work/Rheon/Rheon'
2026-10-06T13:36:29.4574957Z [command]/usr/bin/git version
2026-10-06T13:36:29.4620601Z git version 2.55.0
2026-10-06T13:36:29.4637637Z ##[endgroup]
2026-10-06T13:36:29.4659544Z Temporarily overriding HOME='/home/runner/work/_temp/cfcca5c6-0239-4d27-82a4-5ee5e267e58a' before making global git config changes
2026-10-06T13:36:29.4661684Z Adding repository directory to the temporary git global config as a safe directory
2026-10-06T13:36:29.4669236Z [command]/usr/bin/git config --global --add safe.directory /home/runner/work/Rheon/Rheon
2026-10-06T13:36:29.4714544Z Deleting the contents of '/home/runner/work/Rheon/Rheon'
2026-10-06T13:36:29.4719613Z ##[group]Initializing the repository
2026-10-06T13:36:29.4723598Z [command]/usr/bin/git init /home/runner/work/Rheon/Rheon
2026-10-06T13:36:29.4944886Z hint: Using 'master' as the name for the initial branch. This default branch name
2026-10-06T13:36:29.4946953Z hint: will change to "main" in Git 3.0. To configure the initial branch name
2026-10-06T13:36:29.4948424Z hint: to use in all of your new repositories, which will suppress this warning,
2026-10-06T13:36:29.4949966Z hint: call:
2026-10-06T13:36:29.4950761Z hint:
2026-10-06T13:36:29.4951807Z hint: 	git config --global init.defaultBranch <name>
2026-10-06T13:36:29.4953248Z hint:
2026-10-06T13:36:29.4954206Z hint: Names commonly chosen instead of 'master' are 'main', 'trunk' and
2026-10-06T13:36:29.4955682Z hint: 'development'. The just-created branch can be renamed via this command:
2026-10-06T13:36:29.4957345Z hint:
2026-10-06T13:36:29.4958265Z hint: 	git branch -m <name>
2026-10-06T13:36:29.4958980Z hint:
2026-10-06T13:36:29.4959846Z hint: Disable this message with "git config set advice.defaultBranchName false"
2026-10-06T13:36:29.4961465Z Initialized empty Git repository in /home/runner/work/Rheon/Rheon/.git/
2026-10-06T13:36:29.4963148Z [command]/usr/bin/git remote add origin https://github.com/MrScripty/Rheon
2026-10-06T13:36:29.5007839Z ##[endgroup]
2026-10-06T13:36:29.5008945Z ##[group]Disabling automatic garbage collection
2026-10-06T13:36:29.5012306Z [command]/usr/bin/git config --local gc.auto 0
2026-10-06T13:36:29.5049257Z ##[endgroup]
2026-10-06T13:36:29.5049909Z ##[group]Setting up auth
2026-10-06T13:36:29.5062042Z [command]/usr/bin/git config --local --name-only --get-regexp core\.sshCommand
2026-10-06T13:36:29.5097447Z [command]/usr/bin/git submodule foreach --recursive sh -c "git config --local --name-only --get-regexp 'core\.sshCommand' && git config --local --unset-all 'core.sshCommand' || :"
2026-10-06T13:36:29.6140302Z [command]/usr/bin/git config --local --name-only --get-regexp http\.https\:\/\/github\.com\/\.extraheader
2026-10-06T13:36:29.6172650Z [command]/usr/bin/git submodule foreach --recursive sh -c "git config --local --name-only --get-regexp 'http\.https\:\/\/github\.com\/\.extraheader' && git config --local --unset-all 'http.https://github.com/.extraheader' || :"
2026-10-06T13:36:29.6368538Z [command]/usr/bin/git config --local http.https://github.com/.extraheader AUTHORIZATION: basic ***
2026-10-06T13:36:29.6407162Z ##[endgroup]
2026-10-06T13:36:29.6407986Z ##[group]Fetching the repository
2026-10-06T13:36:29.6415702Z [command]/usr/bin/git -c protocol.version=2 fetch --no-tags --prune --no-recurse-submodules --depth=1 origin +feb304e77c2870ac7f464617130d61591bd77992:refs/remotes/origin/repair/coupled-terminal-validation
2026-10-06T13:36:30.9718572Z From https://github.com/MrScripty/Rheon
2026-10-06T13:36:30.9720696Z  * [new ref]         feb304e77c2870ac7f464617130d61591bd77992 -> origin/repair/coupled-terminal-validation
2026-10-06T13:36:30.9724110Z ##[endgroup]
2026-10-06T13:36:30.9725113Z ##[group]Determining the checkout info
2026-10-06T13:36:30.9726218Z ##[endgroup]
2026-10-06T13:36:30.9729403Z [command]/usr/bin/git sparse-checkout disable
2026-10-06T13:36:30.9778137Z [command]/usr/bin/git config --local --unset-all extensions.worktreeConfig
2026-10-06T13:36:30.9808824Z ##[group]Checking out the ref
2026-10-06T13:36:30.9813887Z [command]/usr/bin/git checkout --progress --force -B repair/coupled-terminal-validation refs/remotes/origin/repair/coupled-terminal-validation
2026-10-06T13:36:31.4910038Z Switched to a new branch 'repair/coupled-terminal-validation'
2026-10-06T13:36:31.4928956Z branch 'repair/coupled-terminal-validation' set up to track 'origin/repair/coupled-terminal-validation'.
2026-10-06T13:36:31.4932545Z ##[endgroup]
2026-10-06T13:36:31.4979893Z [command]/usr/bin/git log -1 --format=%H
2026-10-06T13:36:31.5009260Z feb304e77c2870ac7f464617130d61591bd77992
2026-10-06T13:36:31.5016038Z ##[group]Removing auth
2026-10-06T13:36:31.5019955Z [command]/usr/bin/git config --local --name-only --get-regexp core\.sshCommand
2026-10-06T13:36:31.5049798Z [command]/usr/bin/git submodule foreach --recursive sh -c "git config --local --name-only --get-regexp 'core\.sshCommand' && git config --local --unset-all 'core.sshCommand' || :"
2026-10-06T13:36:31.5261436Z [command]/usr/bin/git config --local --name-only --get-regexp http\.https\:\/\/github\.com\/\.extraheader
2026-10-06T13:36:31.5287226Z http.https://github.com/.extraheader
2026-10-06T13:36:31.5293545Z [command]/usr/bin/git config --local --unset-all http.https://github.com/.extraheader
2026-10-06T13:36:31.5323469Z [command]/usr/bin/git submodule foreach --recursive sh -c "git config --local --name-only --get-regexp 'http\.https\:\/\/github\.com\/\.extraheader' && git config --local --unset-all 'http.https://github.com/.extraheader' || :"
2026-10-06T13:36:31.5520360Z ##[endgroup]
2026-10-06T13:36:31.5701408Z ##[group]Run rustup toolchain install 1.92.0 --profile minimal --component rustfmt --component clippy
2026-10-06T13:36:31.5702031Z [36;1mrustup toolchain install 1.92.0 --profile minimal --component rustfmt --component clippy[0m
2026-10-06T13:36:31.5702406Z [36;1mrustc --version --verbose[0m
2026-10-06T13:36:31.5702619Z [36;1mcargo --version[0m
2026-10-06T13:36:31.6162344Z shell: /usr/bin/bash -e {0}
2026-10-06T13:36:31.6162724Z env:
2026-10-06T13:36:31.6162970Z   CARGO_BUILD_JOBS: 1
2026-10-06T13:36:31.6163284Z ##[endgroup]
2026-10-06T13:36:31.7053063Z info: syncing channel updates for 1.92.0-x86_64-unknown-linux-gnu
2026-10-06T13:36:32.1061019Z info: latest update on 2025-12-11 for version 1.92.0 (ded5c06cf 2025-12-08)
2026-10-06T13:36:32.1061648Z info: downloading 5 components
2026-10-06T13:36:39.3789349Z 
2026-10-06T13:36:39.3858661Z   1.92.0-x86_64-unknown-linux-gnu installed - rustc 1.92.0 (ded5c06cf 2025-12-08)
2026-10-06T13:36:39.3859098Z 
2026-10-06T13:36:39.4163082Z rustc 1.92.0 (ded5c06cf 2025-12-08)
2026-10-06T13:36:39.4163902Z binary: rustc
2026-10-06T13:36:39.4164499Z commit-hash: ded5c06cf21d2b93bffd5d884aa6e96934ee4234
2026-10-06T13:36:39.4164937Z commit-date: 2025-12-08
2026-10-06T13:36:39.4165221Z host: x86_64-unknown-linux-gnu
2026-10-06T13:36:39.4165549Z release: 1.92.0
2026-10-06T13:36:39.4165885Z LLVM version: 21.1.3
2026-10-06T13:36:39.4421479Z cargo 1.92.0 (344c4567c 2025-10-21)
2026-10-06T13:36:39.4477281Z ##[group]Run cargo clippy --locked --no-default-features --all-targets -- -D warnings
2026-10-06T13:36:39.4477798Z [36;1mcargo clippy --locked --no-default-features --all-targets -- -D warnings[0m
2026-10-06T13:36:39.4533164Z shell: /usr/bin/bash -e {0}
2026-10-06T13:36:39.4533376Z env:
2026-10-06T13:36:39.4533538Z   CARGO_BUILD_JOBS: 1
2026-10-06T13:36:39.4533720Z ##[endgroup]
2026-10-06T13:36:39.5295667Z     Updating crates.io index
2026-10-06T13:36:40.2754020Z     Checking rheon v0.1.0 (/home/runner/work/Rheon/Rheon)
2026-10-06T13:36:46.7724873Z     Finished `dev` profile [unoptimized + debuginfo] target(s) in 7.27s
2026-10-06T13:36:46.9173670Z ##[group]Run cargo test --locked --no-default-features
2026-10-06T13:36:46.9174020Z [36;1mcargo test --locked --no-default-features[0m
2026-10-06T13:36:46.9229678Z shell: /usr/bin/bash -e {0}
2026-10-06T13:36:46.9229897Z env:
2026-10-06T13:36:46.9230061Z   CARGO_BUILD_JOBS: 1
2026-10-06T13:36:46.9230238Z ##[endgroup]
2026-10-06T13:36:47.0625268Z    Compiling rheon v0.1.0 (/home/runner/work/Rheon/Rheon)
2026-10-06T13:37:25.2696479Z     Finished `test` profile [unoptimized + debuginfo] target(s) in 38.30s
2026-10-06T13:37:25.3125582Z      Running unittests src/lib.rs (target/debug/deps/rheon-dab9426d0e6a92b5)
2026-10-06T13:37:25.3132167Z 
2026-10-06T13:37:25.3132377Z running 3 tests
2026-10-06T13:37:25.3140169Z test forces::tests::finite_step_work_can_be_negative_and_uses_both_velocity_endpoints ... ok
2026-10-06T13:37:25.3140933Z test forces::tests::work_accounts_for_actual_storage_rounding_and_closed_wall_faces ... ok
2026-10-06T13:37:25.3141783Z test pressure::comparison_tests::sgs_matches_independently_assembled_triangular_system ... ok
2026-10-06T13:37:25.3142318Z      Running tests/advection_contract.rs (target/debug/deps/advection_contract-7aab64da84caaff6)
2026-10-06T13:37:25.3142608Z 
2026-10-06T13:37:25.3142828Z test result: ok. 3 passed; 0 failed; 0 ignored; 0 measured; 0 filtered out; finished in 0.00s
2026-10-06T13:37:25.3143105Z 
2026-10-06T13:37:25.3147087Z 
2026-10-06T13:37:25.3147214Z running 3 tests
2026-10-06T13:37:25.3150705Z test cancellation_and_output_shape_are_explicit ... ok
2026-10-06T13:37:25.3151097Z test rest_state_is_preserved_on_degenerate_grid ... ok
2026-10-06T13:37:25.3151705Z test constant_translation_advects_an_interior_pulse_one_cell ... ok
2026-10-06T13:37:25.3151986Z 
2026-10-06T13:37:25.3152278Z test result: ok. 3 passed; 0 failed; 0 ignored; 0 measured; 0 filtered out; finished in 0.00s
2026-10-06T13:37:25.3152688Z 
2026-10-06T13:37:25.3153024Z      Running tests/box_flux_contract.rs (target/debug/deps/box_flux_contract-d60df694a6555765)
2026-10-06T13:37:25.3161168Z 
2026-10-06T13:37:25.3161281Z running 11 tests
2026-10-06T13:37:25.3164768Z test affine_adjoint_requires_boundary_work_and_is_gauge_invariant_when_balanced ... ok
2026-10-06T13:37:25.3165983Z test invalid_inputs_reject_before_output_mutation ... ok
2026-10-06T13:37:25.3166562Z test iteration_budget_failure_precedes_any_face_output_write ... ok
2026-10-06T13:37:25.3167344Z test known_net_flux_rejects_even_when_provisional_rhs_rounding_scale_is_enormous ... ok
2026-10-06T13:37:25.3169724Z test nonzero_boundary_flux_cannot_underflow_out_of_the_compatibility_gate ... ok
2026-10-06T13:37:25.3170648Z test physical_stored_divergence_gate_rejects_after_solver_acceptance ... ok
2026-10-06T13:37:25.3174323Z test signed_through_flow_on_each_axis_matches_hand_pressure_energy_and_boundary_values ... ok
2026-10-06T13:37:25.3174997Z test singleton_flow_and_exact_capacity_limits_are_supported ... ok
2026-10-06T13:37:25.3175697Z test cancellation_has_explicit_partial_output_semantics_and_retry_preserves_inputs ... ok
2026-10-06T13:37:25.3176252Z test unequal_side_areas_match_independent_dense_projection_and_all_cell_divergence ... ok
2026-10-06T13:37:25.3176927Z test zero_flux_matches_preserved_operator_solver_and_stored_face_bits ... ok
2026-10-06T13:37:25.3177416Z      Running tests/box_flux_step_contract.rs (target/debug/deps/box_flux_step_contract-3f9e3b7017f9e59a)
2026-10-06T13:37:25.3177732Z 
2026-10-06T13:37:25.3177933Z test result: ok. 11 passed; 0 failed; 0 ignored; 0 measured; 0 filtered out; finished in 0.00s
2026-10-06T13:37:25.3178202Z 
2026-10-06T13:37:25.3185988Z 
2026-10-06T13:37:25.3186103Z running 13 tests
2026-10-06T13:37:25.3207445Z test box_flux_divergence_conversion_preserves_shared_error_payload ... ok
2026-10-06T13:37:25.3237515Z test clamped_appearance_transport_and_saturated_source_have_separate_integrals ... ok
2026-10-06T13:37:25.3238573Z test copied_changing_boundary_versions_are_published_only_on_success ... ok
2026-10-06T13:37:25.3239799Z test current_boundary_speed_controls_initial_dt_and_accepted_courant ... ok
2026-10-06T13:37:25.3240677Z test balanced_volume_flux_does_not_certify_tracer_mass_conservation ... ok
2026-10-06T13:37:25.3241505Z test external_and_smoke_force_terms_join_the_projection_work_ledger ... ok
2026-10-06T13:37:25.3242380Z test incompatible_flux_solver_exhaustion_and_late_source_overflow_never_publish ... ok
2026-10-06T13:37:25.3243356Z test independently_capped_workspace_retains_legacy_capacity_and_supports_reset_pause ... ok
2026-10-06T13:37:25.3244288Z test workspace_matches_geometry_density_and_solver_before_any_callback ... ok
2026-10-06T13:37:25.3245247Z test stored_divergence_rejection_after_projection_preserves_all_accepted_bits ... ok
2026-10-06T13:37:25.3246149Z test signed_end_boundary_commits_hand_flow_and_full_step_work_in_all_axes ... ok
2026-10-06T13:37:25.3275552Z test zero_boundary_agrees_with_legacy_fields_and_default_callbacks_stay_legacy ... ok
2026-10-06T13:37:25.3614472Z test cancellation_through_partial_stages_preserves_state_and_retry_matches_fresh ... ok
2026-10-06T13:37:25.3614975Z 
2026-10-06T13:37:25.3615264Z test result: ok. 13 passed; 0 failed; 0 ignored; 0 measured; 0 filtered out; finished in 0.04s
2026-10-06T13:37:25.3615712Z 
2026-10-06T13:37:25.3618096Z      Running tests/cli_contract.rs (target/debug/deps/cli_contract-efe37fa02ad070bd)
2026-10-06T13:37:25.3629232Z 
2026-10-06T13:37:25.3629375Z running 0 tests
2026-10-06T13:37:25.3629630Z 
2026-10-06T13:37:25.3630018Z test result: ok. 0 passed; 0 failed; 0 ignored; 0 measured; 0 filtered out; finished in 0.00s
2026-10-06T13:37:25.3630820Z 
2026-10-06T13:37:25.3631650Z      Running tests/collision_contract.rs (target/debug/deps/collision_contract-973c820460ce8e8b)
2026-10-06T13:37:25.3640971Z 
2026-10-06T13:37:25.3641196Z running 13 tests
2026-10-06T13:37:25.3646084Z test an_ambiguous_facet_prevents_publishing_another_facets_definite_hit ... ok
2026-10-06T13:37:25.3649114Z test cancellation_after_a_found_hit_returns_no_partial_result_or_mesh_mutation ... ok
2026-10-06T13:37:25.3649874Z test conditioning_is_relative_across_small_large_scales_and_translated_geometry ... ok
2026-10-06T13:37:25.3650579Z test clipping_returns_first_contact_and_preserves_end_on_a_definite_miss ... ok
2026-10-06T13:37:25.3651415Z test coplanar_near_parallel_and_near_boundary_candidates_are_not_silent_misses ... ok
2026-10-06T13:37:25.3652025Z test invalid_admission_and_queries_report_the_actual_unsupported_input ... ok
2026-10-06T13:37:25.3652783Z      Running tests/column_mac_contract.rs (target/debug/deps/column_mac_contract-fe7d7733d7242edb)
2026-10-06T13:37:25.3653268Z test earliest_contact_is_independent_of_order_and_exact_ties_use_lowest_index ... ok
2026-10-06T13:37:25.3653854Z test memory_limit_accounts_for_owned_capacities_not_only_lengths ... ok
2026-10-06T13:37:25.3654620Z test book_cube_outside_crossing_miss_and_inside_exit_match_hand_arithmetic ... ok
2026-10-06T13:37:25.3655305Z test oblique_facet_reconstructs_barycentric_point_and_unit_geometric_normal ... ok
2026-10-06T13:37:25.3655898Z test reversed_winding_changes_normal_and_facing_but_preserves_contact ... ok
2026-10-06T13:37:25.3656518Z test transverse_interior_edges_vertices_and_segment_endpoints_are_explicit_hits ... ok
2026-10-06T13:37:25.3657677Z test unresolved_large_segment_interpolation_rejects_off_facet_hits ... ok
2026-10-06T13:37:25.3658041Z 
2026-10-06T13:37:25.3658342Z test result: ok. 13 passed; 0 failed; 0 ignored; 0 measured; 0 filtered out; finished in 0.00s
2026-10-06T13:37:25.3658603Z 
2026-10-06T13:37:25.3661567Z 
2026-10-06T13:37:25.3661747Z running 8 tests
2026-10-06T13:37:25.3677532Z test independently_assembled_partial_mass_flux_pressure_matrix_and_adjoint ... ok
2026-10-06T13:37:25.3717748Z test hand_transfer_and_lossy_roundtrip_wall_ledgers_all_axes ... ok
2026-10-06T13:37:25.3743145Z test owner_export_revision_omission_and_dynamic_refusal ... ok
2026-10-06T13:37:25.3767597Z test owner_nonflat_paused_version_shape_and_late_projection_failures ... ok
2026-10-06T13:37:25.3797959Z test single_wet_node_decimal_geometry_phase_mass_and_legacy_transition_guard ... ok
2026-10-06T13:37:25.3855692Z test transfer_cancellation_all_occurrences_shape_and_scale_failures ... ok
2026-10-06T13:37:25.3975686Z test both_solvers_publish_velocity_pressure_and_geometry_revisions_all_axes ... ok
2026-10-06T13:37:25.6005808Z test every_owner_callback_preserves_nonzero_accepted_state_and_retry ... ok
2026-10-06T13:37:25.6006095Z 
2026-10-06T13:37:25.6006302Z test result: ok. 8 passed; 0 failed; 0 ignored; 0 measured; 0 filtered out; finished in 0.23s
2026-10-06T13:37:25.6006594Z 
2026-10-06T13:37:25.6008693Z      Running tests/column_momentum_contract.rs (target/debug/deps/column_momentum_contract-839ea599d1c16e24)
2026-10-06T13:37:25.6020173Z 
2026-10-06T13:37:25.6020324Z running 8 tests
2026-10-06T13:37:25.6033356Z test every_callback_rolls_back_and_retry_is_identical ... ok
2026-10-06T13:37:25.6037378Z test large_support_change_uses_explicit_parcels ... ok
2026-10-06T13:37:25.6037836Z test hand_derived_closed_exchange_all_axes ... ok
2026-10-06T13:37:25.6038490Z test ordinary_decimal_scale_constant_parcels_are_preserved ... ok
2026-10-06T13:37:25.6039196Z test ordinary_unit_geometry_nonbinary_constant_parcels_are_preserved ... ok
2026-10-06T13:37:25.6039876Z test refused_inputs_and_late_scale_failure_preserve_outputs ... ok
2026-10-06T13:37:25.6040481Z test affine_parcel_means_refine_without_claiming_linear_exactness ... ok
2026-10-06T13:37:25.6040918Z test identity_and_constants_cover_cut_classification_and_single_node ... ok
2026-10-06T13:37:25.6041202Z 
2026-10-06T13:37:25.6041667Z test result: ok. 8 passed; 0 failed; 0 ignored; 0 measured; 0 filtered out; finished in 0.00s
2026-10-06T13:37:25.6042404Z 
2026-10-06T13:37:25.6043031Z      Running tests/column_shear_contract.rs (target/debug/deps/column_shear_contract-46f0206964efc4b7)
2026-10-06T13:37:25.6052911Z 
2026-10-06T13:37:25.6053093Z running 6 tests
2026-10-06T13:37:25.6067459Z test explicit_admission_scale_and_stability_failures_preserve_output ... ok
2026-10-06T13:37:25.6068218Z test cut_heights_cover_both_center_classifications_and_single_node ... ok
2026-10-06T13:37:25.6068948Z test independent_partial_dual_mass_matrix_force_and_energy_all_axes ... ok
2026-10-06T13:37:25.6069799Z test local_affine_shear_force_and_translation_null_mode ... ok
2026-10-06T13:37:25.6070565Z test every_callback_occurrence_cancels_output_and_retry_is_equal ... ok
2026-10-06T13:37:25.6258339Z test analytic_traction_free_shear_refines_with_liquid_only_weights ... ok
2026-10-06T13:37:25.6258614Z 
2026-10-06T13:37:25.6258811Z test result: ok. 6 passed; 0 failed; 0 ignored; 0 measured; 0 filtered out; finished in 0.02s
2026-10-06T13:37:25.6259105Z 
2026-10-06T13:37:25.6261325Z      Running tests/column_surface_contract.rs (target/debug/deps/column_surface_contract-0238fa8ec98ab5c9)
2026-10-06T13:37:25.6272663Z 
2026-10-06T13:37:25.6272781Z running 10 tests
2026-10-06T13:37:25.6287275Z test admission_and_memory_are_bounded_and_explicit ... ok
2026-10-06T13:37:25.6317306Z test independent_variable_distance_matrix_and_air_storage ... ok
2026-10-06T13:37:25.6337555Z test geometric_vertical_translation_crosses_layers_with_exact_volume_ledger ... ok
2026-10-06T13:37:25.6355511Z test late_unsupported_reconstruction_keeps_accepted_pressure_phase_and_both_geometries ... ok
2026-10-06T13:37:25.6356053Z test rectangular_manufactured_variable_ghost_distances_match_independent_assembly ... ok
2026-10-06T13:37:25.6356523Z test a_moving_column_activates_a_new_pressure_center_on_the_next_interval ... ok
2026-10-06T13:37:25.6357180Z test unequal_spacing_column_hydrostatics_work_on_all_three_axes ... ok
2026-10-06T13:37:25.6357832Z test unrepresentable_ghost_distance_coefficient_rejects_without_clamping ... ok
2026-10-06T13:37:25.6402827Z test mixed_hydrostatic_columns_repeat_and_track_both_geometry_versions ... ok
2026-10-06T13:37:25.6633417Z test consecutive_coupled_pulses_advance_mixed_fractions_and_preserve_geometry_on_cancel ... ok
2026-10-06T13:37:25.6633897Z 
2026-10-06T13:37:25.6634566Z test result: ok. 10 passed; 0 failed; 0 ignored; 0 measured; 0 filtered out; finished in 0.04s
2026-10-06T13:37:25.6634978Z 
2026-10-06T13:37:25.6636886Z      Running tests/coupled_discrete_contract.rs (target/debug/deps/coupled_discrete_contract-620062d9819a5b49)
2026-10-06T13:37:25.6648138Z 
2026-10-06T13:37:25.6648256Z running 8 tests
2026-10-06T13:37:25.9287713Z test converged_seed_retains_historical_one_pass_counter ... ok
2026-10-06T13:37:32.5237921Z test bounded_iteration_failure_preserves_initial_frame_pressure_clock ... ok
2026-10-06T13:37:40.0696954Z test genuine_coupled_pressure_strain_mass_and_work_publish_together ... ok
2026-10-06T13:37:40.0917488Z test memory_and_unsupported_field_fail_before_owner_creation ... ok
2026-10-06T13:37:47.6723692Z test invalid_scale_intervals_preserve_nonzero_accepted_state ... ok
2026-10-06T13:37:54.2333201Z test final_authorized_correction_matches_larger_budget_without_another_correction ... ok
2026-10-06T13:38:11.5650805Z test terminal_validation_cancellation_preserves_state_and_resumes ... ok
2026-10-06T13:38:25.6652493Z test every_barrier_preserves_all_accepted_bits_after_nonzero_state_and_resumes has been running for over 60 seconds
2026-10-06T13:38:39.8008815Z test every_barrier_preserves_all_accepted_bits_after_nonzero_state_and_resumes ... ok
2026-10-06T13:38:39.8009135Z 
2026-10-06T13:38:39.8009347Z test result: ok. 8 passed; 0 failed; 0 ignored; 0 measured; 0 filtered out; finished in 74.14s
2026-10-06T13:38:39.8009721Z 
2026-10-06T13:38:39.8012684Z      Running tests/export_contract.rs (target/debug/deps/export_contract-02a3b79d51d912d3)
2026-10-06T13:38:39.8023494Z 
2026-10-06T13:38:39.8023634Z running 0 tests
2026-10-06T13:38:39.8023912Z 
2026-10-06T13:38:39.8024292Z test result: ok. 0 passed; 0 failed; 0 ignored; 0 measured; 0 filtered out; finished in 0.00s
2026-10-06T13:38:39.8024712Z 
2026-10-06T13:38:39.8025904Z      Running tests/extruded_third_contract.rs (target/debug/deps/extruded_third_contract-57548c38b7ba1780)
2026-10-06T13:38:39.8035972Z 
2026-10-06T13:38:39.8036181Z running 8 tests
2026-10-06T13:38:39.8067618Z test additional_scratch_budget_and_initial_trace_are_enforced ... ok
2026-10-06T13:38:46.3155749Z test bounded_solve_failure_preserves_all_initial_components ... ok
2026-10-06T13:38:53.7163700Z test actual_third_linear_failure_preserves_the_published_constructor_state ... ok
2026-10-06T13:38:53.7394917Z test actual_published_full_velocity_has_both_shears_and_total_work ... ok
2026-10-06T13:38:57.8547786Z test constant_nonzero_third_velocity_survives_actual_moving_mass_publications ... ok
2026-10-06T13:39:06.0682249Z test invalid_arithmetic_and_wrong_api_preserve_nonzero_accepted_state ... ok
2026-10-06T13:39:15.6533339Z test zero_third_opt_in_matches_legacy_actual_state_bit_for_bit ... ok
2026-10-06T13:39:46.3157628Z test every_old_and_third_barrier_preserves_nonzero_published_state_and_retry_bits has been running for over 60 seconds
2026-10-06T13:40:29.3076251Z test every_old_and_third_barrier_preserves_nonzero_published_state_and_retry_bits ... ok
2026-10-06T13:40:29.3076662Z 
2026-10-06T13:40:29.3077264Z test result: ok. 8 passed; 0 failed; 0 ignored; 0 measured; 0 filtered out; finished in 109.50s
2026-10-06T13:40:29.3077722Z 
2026-10-06T13:40:29.3081359Z      Running tests/fitted_height_contract.rs (target/debug/deps/fitted_height_contract-3f55f09f640588fc)
2026-10-06T13:40:29.3090878Z 
2026-10-06T13:40:29.3090998Z running 15 tests
2026-10-06T13:40:29.3141881Z test actual_graph_translation_has_shared_gcl_and_full_vector_work ... ok
2026-10-06T13:40:29.3167345Z test constant_velocity_carries_every_component_with_changing_masses ... ok
2026-10-06T13:40:29.3197212Z test arithmetic_kinematic_shape_failures_preserve_output ... ok
2026-10-06T13:40:29.3202208Z test declared_capacity_and_real_payload_are_bounded ... ok
2026-10-06T13:40:29.3227363Z test divergence_defect_is_reported_and_nonzero_pressure_work_is_adjoint ... ok
2026-10-06T13:40:29.3328161Z test actual_rebuilt_geometry_matches_mass_derivative ... ok
2026-10-06T13:40:29.3342559Z test invalid_geometry_and_uncertain_pressure_rank_are_rejections ... ok
2026-10-06T13:40:29.3343407Z test density_width_viscosity_scaling_and_zero_viscosity_are_explicit ... ok
2026-10-06T13:40:29.3344179Z test full_vector_affine_strain_and_prescribed_traction_patch ... ok
2026-10-06T13:40:29.3344964Z test marginal_correct_wrong_flux_circulation_is_rejected ... ok
2026-10-06T13:40:29.3409140Z test periodic_seam_is_neighbor_center_intersection_with_true_derivative ... ok
2026-10-06T13:40:29.3410012Z test rigid_rotation_and_full_vector_translation_are_strain_null_modes ... ok
2026-10-06T13:40:29.3412533Z test shared_geometry_mass_and_affine_gradient_partition ... ok
2026-10-06T13:40:29.3613760Z test every_cancellation_preserves_output_and_retry_matches ... ok
2026-10-06T13:40:29.5366913Z test numerical_pressure_image_rank_constant_mode_and_transpose ... ok
2026-10-06T13:40:29.5367330Z 
2026-10-06T13:40:29.5367545Z test result: ok. 15 passed; 0 failed; 0 ignored; 0 measured; 0 filtered out; finished in 0.23s
2026-10-06T13:40:29.5367822Z 
2026-10-06T13:40:29.5369690Z      Running tests/fixed_bottom_ale_contract.rs (target/debug/deps/fixed_bottom_ale_contract-75a061b03659c3d4)
2026-10-06T13:40:29.5381023Z 
2026-10-06T13:40:29.5381208Z running 7 tests
2026-10-06T13:40:29.9374618Z test arithmetic_iteration_and_path_failures_preserve_state ... ok
2026-10-06T13:40:29.9457377Z test memory_budget_and_unsupported_carrier_reject_before_owner_creation ... ok
2026-10-06T13:40:30.3727712Z test constants_remain_constant_and_zero_viscosity_still_transports ... ok
2026-10-06T13:40:30.5877622Z test strict_acceptance_failure_preserves_the_accepted_pair ... ok
2026-10-06T13:40:32.5191002Z test constrained_velocity_convex_bound_failure_is_retained_as_a_limit ... ok
2026-10-06T13:40:32.7804962Z test nonzero_relative_transport_and_viscosity_publish_one_geometry ... ok
2026-10-06T13:40:33.0205343Z test cancellation_preserves_nonzero_accepted_geometry_and_recovers_cleanly ... ok
2026-10-06T13:40:33.0205660Z 
2026-10-06T13:40:33.0205892Z test result: ok. 7 passed; 0 failed; 0 ignored; 0 measured; 0 filtered out; finished in 3.48s
2026-10-06T13:40:33.0206169Z 
2026-10-06T13:40:33.0208945Z      Running tests/forces_contract.rs (target/debug/deps/forces_contract-e5f832b849b34e31)
2026-10-06T13:40:33.0221024Z 
2026-10-06T13:40:33.0221157Z running 9 tests
2026-10-06T13:40:33.0246153Z test invalid_or_unrepresentable_forces_reject_without_accepted_mutation ... ok
2026-10-06T13:40:33.0247336Z test empty_forces_keep_legacy_stages_fields_reports_and_array_memory ... ok
2026-10-06T13:40:33.0248234Z test legacy_smoke_force_precedes_external_stage_and_its_work_is_separate ... ok
2026-10-06T13:40:33.0249315Z test localized_force_projects_to_the_independently_derived_four_edge_cycle ... ok
2026-10-06T13:40:33.0271716Z test overlapping_vectors_add_and_forcing_budget_covers_each_axis_and_units ... ok
2026-10-06T13:40:33.0275470Z test support_is_sampled_on_own_face_lattices_and_excludes_upper_planes_and_walls ... ok
2026-10-06T13:40:33.0277174Z test force_cancellation_and_pressure_exhaustion_preserve_state_and_retry ... ok
2026-10-06T13:40:33.0280349Z test force_density_divides_by_constant_density_and_matches_acceleration_bits ... ok
2026-10-06T13:40:33.0325129Z test signed_uniform_forces_on_each_axis_have_hand_computed_work_and_hydrostatic_rest ... ok
2026-10-06T13:40:33.0325574Z 
2026-10-06T13:40:33.0325875Z test result: ok. 9 passed; 0 failed; 0 ignored; 0 measured; 0 filtered out; finished in 0.01s
2026-10-06T13:40:33.0326302Z 
2026-10-06T13:40:33.0328090Z      Running tests/free_surface_contract.rs (target/debug/deps/free_surface_contract-0e08ac9f6bb8d50c)
2026-10-06T13:40:33.0337646Z 
2026-10-06T13:40:33.0337767Z running 7 tests
2026-10-06T13:40:33.0351138Z test free_surface_admission_is_explicit_and_uses_existing_array_inventory ... ok
2026-10-06T13:40:33.0351867Z test coupled_surface_redistribution_conserves_volume_and_rejects_unresolved_next_geometry ... ok
2026-10-06T13:40:33.0352590Z test late_volume_rejection_retains_previous_free_surface_pressure_and_liquid ... ok
2026-10-06T13:40:33.0353631Z test independent_anchored_matrix_has_half_distance_surface_and_no_wet_gauge ... ok
2026-10-06T13:40:33.0354310Z test hydrostatic_columns_match_pressure_at_cell_centers_and_zero_air_pressure ... ok
2026-10-06T13:40:33.0354979Z test rectangular_manufactured_pressure_matches_independent_wet_air_assembly ... ok
2026-10-06T13:40:33.0403409Z test resolved_hydrostatic_interval_replays_and_cancelled_pair_preserves_pressure_and_phase ... ok
2026-10-06T13:40:33.0403897Z 
2026-10-06T13:40:33.0404184Z test result: ok. 7 passed; 0 failed; 0 ignored; 0 measured; 0 filtered out; finished in 0.01s
2026-10-06T13:40:33.0404632Z 
2026-10-06T13:40:33.0405841Z      Running tests/geometry_contract.rs (target/debug/deps/geometry_contract-6c28068886ea2c64)
2026-10-06T13:40:33.0414397Z 
2026-10-06T13:40:33.0414516Z running 7 tests
2026-10-06T13:40:33.0417663Z test face_offsets_are_distinct_from_cell_offsets ... ok
2026-10-06T13:40:33.0418310Z test half_cell_resolution_regression_requires_no_allocation ... ok
2026-10-06T13:40:33.0419104Z test conservative_axis_margin_covers_large_origins_and_adjacent_samples ... ok
2026-10-06T13:40:33.0419828Z test planned_payload_is_exact_and_cap_is_explicit ... ok
2026-10-06T13:40:33.0420422Z test invalid_source_values_fail_before_allocation ... ok
2026-10-06T13:40:33.0421058Z      Running tests/implementation_contract.rs (target/debug/deps/implementation_contract-28b0732e4faee653)
2026-10-06T13:40:33.0421857Z test single_cell_and_one_cell_wide_domains_are_valid ... ok
2026-10-06T13:40:33.0422469Z test rectangular_shapes_and_maximum_indices ... ok
2026-10-06T13:40:33.0423172Z 
2026-10-06T13:40:33.0423668Z test result: ok. 7 passed; 0 failed; 0 ignored; 0 measured; 0 filtered out; finished in 0.00s
2026-10-06T13:40:33.0424207Z 
2026-10-06T13:40:33.0430527Z 
2026-10-06T13:40:33.0430777Z running 5 tests
2026-10-06T13:40:33.0488010Z test all_methods_recover_anisotropic_manufactured_pressure_and_failure_contracts ... ok
2026-10-06T13:40:33.0488994Z test registry_has_stable_unique_ids_and_explicit_unknown_rejection ... ok
2026-10-06T13:40:33.3484345Z test approaches_agree_with_equal_inputs_and_retained_budget ... ok
2026-10-06T13:40:33.7471696Z test every_implementation_preserves_transactional_cancellation_and_replay ... ok
2026-10-06T13:40:34.1025122Z test cancellation_after_accepted_work_preserves_both_implementations ... ok
2026-10-06T13:40:34.1025412Z 
2026-10-06T13:40:34.1025613Z test result: ok. 5 passed; 0 failed; 0 ignored; 0 measured; 0 filtered out; finished in 1.06s
2026-10-06T13:40:34.1025870Z 
2026-10-06T13:40:34.1028714Z      Running tests/liquid_scale_division_contract.rs (target/debug/deps/liquid_scale_division_contract-8b881e17f84179b6)
2026-10-06T13:40:34.1039545Z 
2026-10-06T13:40:34.1039657Z running 1 test
2026-10-06T13:40:34.1042285Z test unsupported_candidate_courant_and_divergence_quotients_preserve_accepted_state ... ok
2026-10-06T13:40:34.1042752Z 
2026-10-06T13:40:34.1043072Z test result: ok. 1 passed; 0 failed; 0 ignored; 0 measured; 0 filtered out; finished in 0.00s
2026-10-06T13:40:34.1043429Z 
2026-10-06T13:40:34.1044203Z      Running tests/liquid_step_contract.rs (target/debug/deps/liquid_step_contract-7a0a3fbaca4d1e83)
2026-10-06T13:40:34.1054460Z 
2026-10-06T13:40:34.1054594Z running 7 tests
2026-10-06T13:40:34.1087428Z test combined_capacity_cap_counts_transferred_capacity_and_pressure ... ok
2026-10-06T13:40:34.1087955Z test carrier_failure_and_pause_preserve_volume_pressure_and_clocks ... ok
2026-10-06T13:40:34.1088358Z test accepted_actual_dt_controls_volume_interval_and_closed_step_is_coherent ... ok
2026-10-06T13:40:34.1088771Z test volume_input_failure_and_version_overflow_precede_carrier_callbacks ... ok
2026-10-06T13:40:34.1089189Z test signed_axis_transport_publishes_hand_pressure_and_synchronized_states ... ok
2026-10-06T13:40:34.1089621Z test liquid_failure_after_new_pressure_prepare_preserves_all_accepted_bits_and_retry ... ok
2026-10-06T13:40:34.1757858Z test every_exercised_carrier_volume_and_final_checkpoint_rolls_back_and_replays ... ok
2026-10-06T13:40:34.1758300Z 
2026-10-06T13:40:34.1759080Z test result: ok. 7 passed; 0 failed; 0 ignored; 0 measured; 0 filtered out; finished in 0.07s
2026-10-06T13:40:34.1759560Z 
2026-10-06T13:40:34.1761739Z      Running tests/liquid_volume_contract.rs (target/debug/deps/liquid_volume_contract-345e50282e2b5615)
2026-10-06T13:40:34.1773438Z 
2026-10-06T13:40:34.1773558Z running 18 tests
2026-10-06T13:40:34.1778379Z test actual_owned_capacity_invalid_inputs_and_resolved_clock_are_checked ... ok
2026-10-06T13:40:34.1779220Z test closed_anisotropic_circulation_reuses_shared_faces_and_preserves_volume ... ok
2026-10-06T13:40:34.1780006Z test geometry_interval_source_identity_and_version_limits_reject_before_callbacks ... ok
2026-10-06T13:40:34.1780705Z test normal_initial_amount_is_supported_but_subnormal_initial_amount_is_rejected ... ok
2026-10-06T13:40:34.1781333Z test courant_divergence_and_raw_source_bounds_fail_without_changing_accepted_state ... ok
2026-10-06T13:40:34.1784055Z test both_accepted_pressure_methods_supply_read_only_carrier_not_free_surface_feedback ... ok
2026-10-06T13:40:34.1784920Z test oblique_constant_fraction_preserves_constant_and_balanced_boundary_transfer ... ok
2026-10-06T13:40:34.1787114Z test partial_flux_and_cell_cancellation_preserve_bits_and_retry_matches_fresh ... ok
2026-10-06T13:40:34.1787721Z test signed_all_axis_upwind_inlet_outlet_matches_hand_volume_and_occupancy ... ok
2026-10-06T13:40:34.1788263Z test signed_sources_are_volume_per_second_and_density_scales_mass_only ... ok
2026-10-06T13:40:34.1788809Z test subnormal_face_area_rejects_instead_of_distorting_representable_inflow ... ok
2026-10-06T13:40:34.1789551Z test signed_zero_is_valid_empty_liquid_with_zero_volume_transfer ... ok
2026-10-06T13:40:34.1790083Z test underflowed_face_area_rejects_instead_of_losing_representable_inflow ... ok
2026-10-06T13:40:34.1790633Z test thin_positive_fractions_and_merging_supports_are_not_erased_by_clamping ... ok
2026-10-06T13:40:34.1791206Z test underflowed_courant_intermediate_rejects_and_supported_retry_matches_fresh ... ok
2026-10-06T13:40:34.1791814Z test unrepresentable_initial_amount_or_nonzero_face_transfer_cannot_disappear ... ok
2026-10-06T13:40:34.1792379Z test unsplit_three_dimensional_transfer_is_bounded_but_diffuses_geometric_cube ... ok
2026-10-06T13:40:34.1821557Z test translated_slab_has_exact_binomial_oracle_and_independent_spatial_refinement ... ok
2026-10-06T13:40:34.1822016Z 
2026-10-06T13:40:34.1822310Z test result: ok. 18 passed; 0 failed; 0 ignored; 0 measured; 0 filtered out; finished in 0.00s
2026-10-06T13:40:34.1822768Z 
2026-10-06T13:40:34.1823970Z      Running tests/operator_contract.rs (target/debug/deps/operator_contract-fed22eb8d5e2d862)
2026-10-06T13:40:34.1832658Z 
2026-10-06T13:40:34.1832859Z running 5 tests
2026-10-06T13:40:34.1836643Z test all_six_faces_of_single_cell_are_walls ... ok
2026-10-06T13:40:34.1837630Z test integrated_rhs_matches_independent_physical_divergence ... ok
2026-10-06T13:40:34.1838248Z test nonfinite_fields_density_and_lengths_are_rejected ... ok
2026-10-06T13:40:34.1838645Z test independent_rectangular_dense_operator ... ok
2026-10-06T13:40:34.1839037Z test three_cell_hand_calculation_and_residual_identity ... ok
2026-10-06T13:40:34.1839227Z 
2026-10-06T13:40:34.1839416Z test result: ok. 5 passed; 0 failed; 0 ignored; 0 measured; 0 filtered out; finished in 0.00s
2026-10-06T13:40:34.1839842Z 
2026-10-06T13:40:34.1840185Z      Running tests/pressure_contract.rs (target/debug/deps/pressure_contract-b7dd11666eb3297b)
2026-10-06T13:40:34.1848286Z 
2026-10-06T13:40:34.1848492Z running 10 tests
2026-10-06T13:40:34.1851066Z test a_rectangular_cycle_retains_circulation ... ok
2026-10-06T13:40:34.1867647Z test eliminated_gauge_row_participates_in_physical_stopping ... ok
2026-10-06T13:40:34.1868144Z test incompatible_rhs_is_not_mean_shifted ... ok
2026-10-06T13:40:34.1868896Z test cancellation_and_iteration_exhaustion_are_explicit ... ok
2026-10-06T13:40:34.1869654Z test manufactured_three_dimensional_pressure_recovers_modulo_gauge ... ok
2026-10-06T13:40:34.1877677Z test solves_hand_chain_and_reports_full_residual ... ok
2026-10-06T13:40:34.1878302Z test workspace_budget_and_invalid_tolerance_fail ... ok
2026-10-06T13:40:34.1888218Z test tighter_divergence_gate_keeps_conjugate_gradient_progress ... ok
2026-10-06T13:40:34.1888586Z test single_cell_zero_rhs_returns_without_iteration ... ok
2026-10-06T13:40:34.2076535Z test random_three_dimensional_projection_checks_actual_f32_divergence ... ok
2026-10-06T13:40:34.2077040Z 
2026-10-06T13:40:34.2077336Z test result: ok. 10 passed; 0 failed; 0 ignored; 0 measured; 0 filtered out; finished in 0.02s
2026-10-06T13:40:34.2077730Z 
2026-10-06T13:40:34.2079212Z      Running tests/sampling_contract.rs (target/debug/deps/sampling_contract-b613718938c485fc)
2026-10-06T13:40:34.2087873Z 
2026-10-06T13:40:34.2087983Z running 5 tests
2026-10-06T13:40:34.2090865Z test invalid_input_is_rejected_at_sampler_construction ... ok
2026-10-06T13:40:34.2091517Z test convex_bounds_and_singleton_axes_hold ... ok
2026-10-06T13:40:34.2092166Z test component_offsets_reproduce_affine_fields ... ok
2026-10-06T13:40:34.2092647Z test midpoint_rotation_matches_independent_polynomial ... ok
2026-10-06T13:40:34.2094878Z test midpoint_backtrace_matches_constant_translation ... ok
2026-10-06T13:40:34.2095190Z 
2026-10-06T13:40:34.2095680Z test result: ok. 5 passed; 0 failed; 0 ignored; 0 measured; 0 filtered out; finished in 0.00s
2026-10-06T13:40:34.2096138Z 
2026-10-06T13:40:34.2097106Z      Running tests/simulation_contract.rs (target/debug/deps/simulation_contract-e5beb3084f8f5c87)
2026-10-06T13:40:34.2105793Z 
2026-10-06T13:40:34.2106279Z running 9 tests
2026-10-06T13:40:34.2127491Z test all_owned_capacities_are_accounted_and_cap_checked ... ok
2026-10-06T13:40:34.2157282Z test in_place_candidate_matches_separate_output_and_scratch_diagnostic ... ok
2026-10-06T13:40:34.2937434Z test actual_float_divergence_rejection_preserves_accepted_state ... ok
2026-10-06T13:40:34.2967291Z test single_cell_rest_and_saturating_source_are_supported ... ok
2026-10-06T13:40:34.3117151Z test solver_exhaustion_and_invalid_source_are_transactional ... ok
2026-10-06T13:40:34.3722221Z test time_step_policy_reports_reduced_dt_for_large_forcing ... ok
2026-10-06T13:40:34.5859352Z test localized_smoke_is_nontrivial_finite_and_independently_divergence_checked ... ok
2026-10-06T13:40:34.6395742Z test exact_replay_pause_reset_and_source_toggle ... ok
2026-10-06T13:40:35.5897670Z test cancellation_at_every_stage_preserves_all_accepted_bits_and_metadata ... ok
2026-10-06T13:40:35.5898091Z 
2026-10-06T13:40:35.5898321Z test result: ok. 9 passed; 0 failed; 0 ignored; 0 measured; 0 filtered out; finished in 1.38s
2026-10-06T13:40:35.5898634Z 
2026-10-06T13:40:35.5900853Z      Running tests/tracer_barrier_contract.rs (target/debug/deps/tracer_barrier_contract-ddeb90e4aed08b34)
2026-10-06T13:40:35.5912736Z 
2026-10-06T13:40:35.5912863Z running 12 tests
2026-10-06T13:40:35.5919662Z test admission_failures_precede_any_output_write ... ok
2026-10-06T13:40:35.5939703Z test clear_trace_still_filters_a_stencil_that_crosses_the_barrier ... ok
2026-10-06T13:40:35.5940359Z test blocked_midpoint_and_departure_legs_revert_without_wall_pushout ... ok
2026-10-06T13:40:35.5941021Z test contacts_no_visible_donor_and_ambiguous_visibility_fail_explicitly ... ok
2026-10-06T13:40:35.5941720Z test low_level_cancellation_can_leave_scratch_partial_but_inputs_retry_unchanged ... ok
2026-10-06T13:40:35.5942485Z test accepted_simulation_filters_tracer_while_preserving_force_pressure_and_memory ... ok
2026-10-06T13:40:35.5943119Z test no_obstruction_preserves_legacy_midpoint_and_sample_bits ... ok
2026-10-06T13:40:35.5943765Z test barrier_error_and_late_cancellation_preserve_owner_and_allow_clean_retry ... ok
2026-10-06T13:40:35.5944424Z test visible_donors_renormalize_on_both_sides_and_remove_thin_sheet_leakage ... ok
2026-10-06T13:40:35.5945021Z test zero_weight_extremes_cannot_relax_the_positive_donor_range ... ok
2026-10-06T13:40:35.5945649Z test visible_interpolation_preserves_constants_and_visible_range_with_3d_weights ... ok
2026-10-06T13:40:35.5947472Z      Running tests/translated_viscous_contract.rs (target/debug/deps/translated_viscous_contract-0674e1b00eddb5f1)
2026-10-06T13:40:35.5948174Z test none_barrier_preserves_every_accepted_bit_report_and_callback_sequence ... ok
2026-10-06T13:40:35.5948442Z 
2026-10-06T13:40:35.5948635Z test result: ok. 12 passed; 0 failed; 0 ignored; 0 measured; 0 filtered out; finished in 0.00s
2026-10-06T13:40:35.5948900Z 
2026-10-06T13:40:35.5953707Z 
2026-10-06T13:40:35.5953813Z running 8 tests
2026-10-06T13:40:35.7277656Z test arithmetic_and_iteration_failures_preserve_accepted_state ... ok
2026-10-06T13:40:35.7297471Z test lost_physical_geometry_and_clock_resolution_preserve_state ... ok
2026-10-06T13:40:35.8237259Z test strict_acceptance_failure_preserves_both_states ... ok
2026-10-06T13:40:35.8572748Z test inviscid_and_constant_fields_are_preserved_without_solver_drift ... ok
2026-10-06T13:40:35.8707652Z test unsupported_xy_and_trace_and_insufficient_memory_are_rejected ... ok
2026-10-06T13:40:35.8850681Z test unrepresentable_initial_energy_is_rejected ... ok
2026-10-06T13:40:36.2608083Z test repeated_translation_and_viscous_decay_publish_one_state ... ok
2026-10-06T13:40:36.4384433Z test each_cancellation_preserves_velocity_geometry_pressure_clock_and_identity ... ok
2026-10-06T13:40:36.4384729Z 
2026-10-06T13:40:36.4384931Z test result: ok. 8 passed; 0 failed; 0 ignored; 0 measured; 0 filtered out; finished in 0.84s
2026-10-06T13:40:36.4385198Z 
2026-10-06T13:40:36.4388282Z      Running tests/translation_contract.rs (target/debug/deps/translation_contract-e1f583770ae293b8)
2026-10-06T13:40:36.4399548Z 
2026-10-06T13:40:36.4399669Z running 10 tests
2026-10-06T13:40:36.4403445Z test cancellation_after_contact_exposes_no_result_and_preserves_retry ... ok
2026-10-06T13:40:36.4404141Z test common_linear_frame_shift_preserves_contact_parameter_normal_and_weights ... ok
2026-10-06T13:40:36.4405264Z test endpoint_contacts_and_clipping_keep_space_time_coordinates ... ok
2026-10-06T13:40:36.4406262Z test final_pose_query_misses_an_actual_space_time_crossing ... ok
2026-10-06T13:40:36.4406976Z test invalid_intervals_trajectories_and_zero_relative_motion_are_explicit ... ok
2026-10-06T13:40:36.4407570Z test unrepresentable_endpoint_pose_rejects_before_query ... ok
2026-10-06T13:40:36.4408114Z test moving_wall_crosses_stationary_world_point_at_physical_time ... ok
2026-10-06T13:40:36.4408685Z test reversed_winding_changes_facing_but_not_translated_contact ... ok
2026-10-06T13:40:36.4409243Z test zero_translation_preserves_every_static_hit_field_and_miss ... ok
2026-10-06T13:40:36.4420110Z test axis_permuted_hand_oracles_cover_signed_and_tangential_translation ... ok
2026-10-06T13:40:36.4420495Z 
2026-10-06T13:40:36.4420789Z test result: ok. 10 passed; 0 failed; 0 ignored; 0 measured; 0 filtered out; finished in 0.00s
2026-10-06T13:40:36.4421236Z 
2026-10-06T13:40:36.4422050Z      Running tests/viscosity_contract.rs (target/debug/deps/viscosity_contract-f689dd98c112a53e)
2026-10-06T13:40:36.4431329Z 
2026-10-06T13:40:36.4431454Z running 8 tests
2026-10-06T13:40:36.4497532Z test cancellation_all_stage_occurrences_and_failures_preserve_output ... ok
2026-10-06T13:40:36.4527390Z test anisotropic_three_dimensional_shear_matches_all_component_pairs ... ok
2026-10-06T13:40:36.4677662Z test coupled_viscosity_preserves_both_owners_on_every_callback_and_retries ... ok
2026-10-06T13:40:36.4678540Z test symmetric_strain_cross_derivative_and_independent_dense_energy ... ok
2026-10-06T13:40:36.4680440Z test viscosity_rejects_surface_partial_fill_density_mismatch_and_nonzero_walls ... ok
2026-10-06T13:40:36.5999615Z test fixed_grid_time_refinement_and_zero_coefficient ... ok
2026-10-06T13:40:37.0095310Z test divergence_free_mode_matches_discrete_decay_and_refines ... ok
2026-10-06T13:40:39.0945743Z test large_mesh_compensated_energy_gate_preserves_fixed_budget ... ok
2026-10-06T13:40:39.0946020Z 
2026-10-06T13:40:39.0946221Z test result: ok. 8 passed; 0 failed; 0 ignored; 0 measured; 0 filtered out; finished in 2.65s
2026-10-06T13:40:39.0947358Z 
2026-10-06T13:40:39.0951383Z    Doc-tests rheon
2026-10-06T13:40:39.1979161Z 
2026-10-06T13:40:39.1979706Z running 0 tests
2026-10-06T13:40:39.1979876Z 
2026-10-06T13:40:39.1980096Z test result: ok. 0 passed; 0 failed; 0 ignored; 0 measured; 0 filtered out; finished in 0.00s
2026-10-06T13:40:39.1980365Z 
2026-10-06T13:40:39.2050601Z ##[group]Run cargo tree --locked --no-default-features
2026-10-06T13:40:39.2050942Z [36;1mcargo tree --locked --no-default-features[0m
2026-10-06T13:40:39.2106579Z shell: /usr/bin/bash -e {0}
2026-10-06T13:40:39.2106958Z env:
2026-10-06T13:40:39.2107114Z   CARGO_BUILD_JOBS: 1
2026-10-06T13:40:39.2107285Z ##[endgroup]
2026-10-06T13:40:39.3032374Z rheon v0.1.0 (/home/runner/work/Rheon/Rheon)
2026-10-06T13:40:39.3173357Z Post job cleanup.
2026-10-06T13:40:39.3861376Z [command]/usr/bin/git version
2026-10-06T13:40:39.3897694Z git version 2.55.0
2026-10-06T13:40:39.3928979Z Temporarily overriding HOME='/home/runner/work/_temp/2a6b015e-ae18-4d24-ba61-cb2918d6ddfa' before making global git config changes
2026-10-06T13:40:39.3930196Z Adding repository directory to the temporary git global config as a safe directory
2026-10-06T13:40:39.3934290Z [command]/usr/bin/git config --global --add safe.directory /home/runner/work/Rheon/Rheon
2026-10-06T13:40:39.3969764Z [command]/usr/bin/git config --local --name-only --get-regexp core\.sshCommand
2026-10-06T13:40:39.4000170Z [command]/usr/bin/git submodule foreach --recursive sh -c "git config --local --name-only --get-regexp 'core\.sshCommand' && git config --local --unset-all 'core.sshCommand' || :"
2026-10-06T13:40:39.4216942Z [command]/usr/bin/git config --local --name-only --get-regexp http\.https\:\/\/github\.com\/\.extraheader
2026-10-06T13:40:39.4246928Z [command]/usr/bin/git submodule foreach --recursive sh -c "git config --local --name-only --get-regexp 'http\.https\:\/\/github\.com\/\.extraheader' && git config --local --unset-all 'http.https://github.com/.extraheader' || :"
2026-10-06T13:40:39.4639035Z Cleaning up orphan processes
2026-10-06T13:40:39.4893951Z ##[warning]Node.js 20 is deprecated. The following actions target Node.js 20 but are being forced to run on Node.js 24: actions/checkout@11bd71901bbe5b1630ceea73d27597364c9af683. For more information see: https://github.blog/changelog/2025-09-19-deprecation-of-node-20-on-github-actions-runners/

