2026-10-06T13:36:30.0179893Z Current runner version: '2.337.0'
2026-10-06T13:36:30.0203991Z ##[group]Runner Image Provisioner
2026-10-06T13:36:30.0204951Z Hosted Compute Agent
2026-10-06T13:36:30.0205546Z Version: 20260901.588
2026-10-06T13:36:30.0206461Z Commit: f88ec8081b781fac6c440065ac7ff9e710ce3d0b
2026-10-06T13:36:30.0207225Z Build Date: 2026-09-01T19:56:44Z
2026-10-06T13:36:30.0207941Z Worker ID: {20db85ac-5e95-4633-bb8e-f500d0091cde}
2026-10-06T13:36:30.0208740Z Azure Region: westus3
2026-10-06T13:36:30.0209309Z ##[endgroup]
2026-10-06T13:36:30.0211009Z ##[group]Operating System
2026-10-06T13:36:30.0211684Z Ubuntu
2026-10-06T13:36:30.0212239Z 24.04.5
2026-10-06T13:36:30.0212794Z LTS
2026-10-06T13:36:30.0213301Z ##[endgroup]
2026-10-06T13:36:30.0213828Z ##[group]Runner Image
2026-10-06T13:36:30.0214477Z Image: ubuntu-24.04
2026-10-06T13:36:30.0215064Z Version: 20260927.320.1
2026-10-06T13:36:30.0216908Z Included Software: https://github.com/actions/runner-images/blob/ubuntu24/20260927.320/images/ubuntu/Ubuntu2404-Readme.md
2026-10-06T13:36:30.0218482Z Image Release: https://github.com/actions/runner-images/releases/tag/ubuntu24%2F20260927.320
2026-10-06T13:36:30.0219526Z ##[endgroup]
2026-10-06T13:36:30.0220648Z ##[group]GITHUB_TOKEN Permissions
2026-10-06T13:36:30.0222790Z Contents: read
2026-10-06T13:36:30.0223454Z Metadata: read
2026-10-06T13:36:30.0224092Z ##[endgroup]
2026-10-06T13:36:30.0226347Z Secret source: Actions
2026-10-06T13:36:30.0227369Z Cache mode: write
2026-10-06T13:36:30.0228080Z Prepare workflow directory
2026-10-06T13:36:30.0636885Z Prepare all required actions
2026-10-06T13:36:30.0684467Z Getting action download info
2026-10-06T13:36:30.4171301Z Download action repository 'actions/checkout@11bd71901bbe5b1630ceea73d27597364c9af683' (SHA:11bd71901bbe5b1630ceea73d27597364c9af683)
2026-10-06T13:36:30.5872618Z Download action repository 'actions/upload-artifact@ea165f8d65b6e75b540449e92b4886f43607fa02' (SHA:ea165f8d65b6e75b540449e92b4886f43607fa02)
2026-10-06T13:36:30.7863790Z Complete job name: executable-contracts
2026-10-06T13:36:30.8615667Z ##[group]Run actions/checkout@11bd71901bbe5b1630ceea73d27597364c9af683
2026-10-06T13:36:30.8617000Z with:
2026-10-06T13:36:30.8617459Z   persist-credentials: false
2026-10-06T13:36:30.8618001Z   repository: MrScripty/Rheon
2026-10-06T13:36:30.8621981Z   token: ***
2026-10-06T13:36:30.8622411Z   ssh-strict: true
2026-10-06T13:36:30.8622842Z   ssh-user: git
2026-10-06T13:36:30.8623260Z   clean: true
2026-10-06T13:36:30.8623710Z   sparse-checkout-cone-mode: true
2026-10-06T13:36:30.8624249Z   fetch-depth: 1
2026-10-06T13:36:30.8624683Z   fetch-tags: false
2026-10-06T13:36:30.8625128Z   show-progress: true
2026-10-06T13:36:30.8625574Z   lfs: false
2026-10-06T13:36:30.8626150Z   submodules: false
2026-10-06T13:36:30.8626623Z   set-safe-directory: true
2026-10-06T13:36:30.8627352Z env:
2026-10-06T13:36:30.8627764Z   CARGO_BUILD_JOBS: 1
2026-10-06T13:36:30.8628212Z ##[endgroup]
2026-10-06T13:36:30.9637390Z Syncing repository: MrScripty/Rheon
2026-10-06T13:36:30.9639902Z ##[group]Getting Git version info
2026-10-06T13:36:30.9641019Z Working directory is '/home/runner/work/Rheon/Rheon'
2026-10-06T13:36:30.9642673Z [command]/usr/bin/git version
2026-10-06T13:36:30.9702108Z git version 2.55.0
2026-10-06T13:36:30.9724901Z ##[endgroup]
2026-10-06T13:36:30.9742085Z Temporarily overriding HOME='/home/runner/work/_temp/a1c6b2a0-ac69-41e4-a904-406be3b24f6e' before making global git config changes
2026-10-06T13:36:30.9744427Z Adding repository directory to the temporary git global config as a safe directory
2026-10-06T13:36:30.9747388Z [command]/usr/bin/git config --global --add safe.directory /home/runner/work/Rheon/Rheon
2026-10-06T13:36:30.9798551Z Deleting the contents of '/home/runner/work/Rheon/Rheon'
2026-10-06T13:36:30.9802197Z ##[group]Initializing the repository
2026-10-06T13:36:30.9807694Z [command]/usr/bin/git init /home/runner/work/Rheon/Rheon
2026-10-06T13:36:30.9925234Z hint: Using 'master' as the name for the initial branch. This default branch name
2026-10-06T13:36:30.9927360Z hint: will change to "main" in Git 3.0. To configure the initial branch name
2026-10-06T13:36:30.9929332Z hint: to use in all of your new repositories, which will suppress this warning,
2026-10-06T13:36:30.9930899Z hint: call:
2026-10-06T13:36:30.9931820Z hint:
2026-10-06T13:36:30.9932786Z hint: 	git config --global init.defaultBranch <name>
2026-10-06T13:36:30.9933925Z hint:
2026-10-06T13:36:30.9934973Z hint: Names commonly chosen instead of 'master' are 'main', 'trunk' and
2026-10-06T13:36:30.9938275Z hint: 'development'. The just-created branch can be renamed via this command:
2026-10-06T13:36:30.9939672Z hint:
2026-10-06T13:36:30.9940453Z hint: 	git branch -m <name>
2026-10-06T13:36:30.9941424Z hint:
2026-10-06T13:36:30.9942650Z hint: Disable this message with "git config set advice.defaultBranchName false"
2026-10-06T13:36:30.9945199Z Initialized empty Git repository in /home/runner/work/Rheon/Rheon/.git/
2026-10-06T13:36:30.9948498Z [command]/usr/bin/git remote add origin https://github.com/MrScripty/Rheon
2026-10-06T13:36:31.0000176Z ##[endgroup]
2026-10-06T13:36:31.0001502Z ##[group]Disabling automatic garbage collection
2026-10-06T13:36:31.0005345Z [command]/usr/bin/git config --local gc.auto 0
2026-10-06T13:36:31.0057505Z ##[endgroup]
2026-10-06T13:36:31.0058777Z ##[group]Setting up auth
2026-10-06T13:36:31.0060148Z [command]/usr/bin/git config --local --name-only --get-regexp core\.sshCommand
2026-10-06T13:36:31.0085066Z [command]/usr/bin/git submodule foreach --recursive sh -c "git config --local --name-only --get-regexp 'core\.sshCommand' && git config --local --unset-all 'core.sshCommand' || :"
2026-10-06T13:36:31.0441976Z [command]/usr/bin/git config --local --name-only --get-regexp http\.https\:\/\/github\.com\/\.extraheader
2026-10-06T13:36:31.0483519Z [command]/usr/bin/git submodule foreach --recursive sh -c "git config --local --name-only --get-regexp 'http\.https\:\/\/github\.com\/\.extraheader' && git config --local --unset-all 'http.https://github.com/.extraheader' || :"
2026-10-06T13:36:31.0728256Z [command]/usr/bin/git config --local http.https://github.com/.extraheader AUTHORIZATION: basic ***
2026-10-06T13:36:31.0772560Z ##[endgroup]
2026-10-06T13:36:31.0773918Z ##[group]Fetching the repository
2026-10-06T13:36:31.0784967Z [command]/usr/bin/git -c protocol.version=2 fetch --no-tags --prune --no-recurse-submodules --depth=1 origin +feb304e77c2870ac7f464617130d61591bd77992:refs/remotes/origin/repair/coupled-terminal-validation
2026-10-06T13:36:33.0346742Z From https://github.com/MrScripty/Rheon
2026-10-06T13:36:33.0350229Z  * [new ref]         feb304e77c2870ac7f464617130d61591bd77992 -> origin/repair/coupled-terminal-validation
2026-10-06T13:36:33.0357314Z ##[endgroup]
2026-10-06T13:36:33.0359846Z ##[group]Determining the checkout info
2026-10-06T13:36:33.0362146Z ##[endgroup]
2026-10-06T13:36:33.0363287Z [command]/usr/bin/git sparse-checkout disable
2026-10-06T13:36:33.0414102Z [command]/usr/bin/git config --local --unset-all extensions.worktreeConfig
2026-10-06T13:36:33.0447949Z ##[group]Checking out the ref
2026-10-06T13:36:33.0454211Z [command]/usr/bin/git checkout --progress --force -B repair/coupled-terminal-validation refs/remotes/origin/repair/coupled-terminal-validation
2026-10-06T13:36:33.6668229Z Switched to a new branch 'repair/coupled-terminal-validation'
2026-10-06T13:36:33.6671707Z branch 'repair/coupled-terminal-validation' set up to track 'origin/repair/coupled-terminal-validation'.
2026-10-06T13:36:33.6702098Z ##[endgroup]
2026-10-06T13:36:33.6750961Z [command]/usr/bin/git log -1 --format=%H
2026-10-06T13:36:33.6812590Z feb304e77c2870ac7f464617130d61591bd77992
2026-10-06T13:36:33.6822055Z ##[group]Removing auth
2026-10-06T13:36:33.6825485Z [command]/usr/bin/git config --local --name-only --get-regexp core\.sshCommand
2026-10-06T13:36:33.6858001Z [command]/usr/bin/git submodule foreach --recursive sh -c "git config --local --name-only --get-regexp 'core\.sshCommand' && git config --local --unset-all 'core.sshCommand' || :"
2026-10-06T13:36:33.7088008Z [command]/usr/bin/git config --local --name-only --get-regexp http\.https\:\/\/github\.com\/\.extraheader
2026-10-06T13:36:33.7116179Z http.https://github.com/.extraheader
2026-10-06T13:36:33.7123618Z [command]/usr/bin/git config --local --unset-all http.https://github.com/.extraheader
2026-10-06T13:36:33.7158281Z [command]/usr/bin/git submodule foreach --recursive sh -c "git config --local --name-only --get-regexp 'http\.https\:\/\/github\.com\/\.extraheader' && git config --local --unset-all 'http.https://github.com/.extraheader' || :"
2026-10-06T13:36:33.7380390Z ##[endgroup]
2026-10-06T13:36:33.7570921Z ##[group]Run python3 -m venv "$RUNNER_TEMP/rheon-tests"
2026-10-06T13:36:33.7571517Z [36;1mpython3 -m venv "$RUNNER_TEMP/rheon-tests"[0m
2026-10-06T13:36:33.7572318Z [36;1m"$RUNNER_TEMP/rheon-tests/bin/python" -m pip install --index-url https://pypi.org/simple --only-binary=:all: Pillow==12.3.0 numpy==2.3.5[0m
2026-10-06T13:36:33.7821302Z shell: /usr/bin/bash -e {0}
2026-10-06T13:36:33.7821671Z env:
2026-10-06T13:36:33.7821922Z   CARGO_BUILD_JOBS: 1
2026-10-06T13:36:33.7822233Z ##[endgroup]
2026-10-06T13:36:38.4750414Z Collecting Pillow==12.3.0
2026-10-06T13:36:38.5252226Z   Downloading pillow-12.3.0-cp312-cp312-manylinux_2_27_x86_64.manylinux_2_28_x86_64.whl.metadata (9.1 kB)
2026-10-06T13:36:38.7448711Z Collecting numpy==2.3.5
2026-10-06T13:36:38.7554013Z   Downloading numpy-2.3.5-cp312-cp312-manylinux_2_27_x86_64.manylinux_2_28_x86_64.whl.metadata (62 kB)
2026-10-06T13:36:38.7697173Z      ━━━━━━━━━━━━━━━━━━━━━━━━━━━━━━━━━━━━━━━━ 62.1/62.1 kB 4.3 MB/s eta 0:00:00
2026-10-06T13:36:38.8061454Z Downloading pillow-12.3.0-cp312-cp312-manylinux_2_27_x86_64.manylinux_2_28_x86_64.whl (6.9 MB)
2026-10-06T13:36:38.9192716Z    ━━━━━━━━━━━━━━━━━━━━━━━━━━━━━━━━━━━━━━━━ 6.9/6.9 MB 62.4 MB/s eta 0:00:00
2026-10-06T13:36:38.9298307Z Downloading numpy-2.3.5-cp312-cp312-manylinux_2_27_x86_64.manylinux_2_28_x86_64.whl (16.6 MB)
2026-10-06T13:36:39.0292801Z    ━━━━━━━━━━━━━━━━━━━━━━━━━━━━━━━━━━━━━━━━ 16.6/16.6 MB 149.9 MB/s eta 0:00:00
2026-10-06T13:36:39.0859890Z Installing collected packages: Pillow, numpy
2026-10-06T13:36:41.6975496Z Successfully installed Pillow-12.3.0 numpy-2.3.5
2026-10-06T13:36:41.8908674Z ##[group]Run rustup toolchain install 1.92.0 --profile minimal --component rustfmt --component clippy
2026-10-06T13:36:41.8909476Z [36;1mrustup toolchain install 1.92.0 --profile minimal --component rustfmt --component clippy[0m
2026-10-06T13:36:41.8909980Z [36;1mrustc --version --verbose[0m
2026-10-06T13:36:41.8910265Z [36;1mcargo --version[0m
2026-10-06T13:36:41.8975787Z shell: /usr/bin/bash -e {0}
2026-10-06T13:36:41.8976345Z env:
2026-10-06T13:36:41.8976575Z   CARGO_BUILD_JOBS: 1
2026-10-06T13:36:41.8976811Z ##[endgroup]
2026-10-06T13:36:42.2468704Z info: syncing channel updates for 1.92.0-x86_64-unknown-linux-gnu
2026-10-06T13:36:42.4175819Z info: latest update on 2025-12-11 for version 1.92.0 (ded5c06cf 2025-12-08)
2026-10-06T13:36:42.4176911Z info: downloading 5 components
2026-10-06T13:36:50.0723482Z 
2026-10-06T13:36:50.0802552Z   1.92.0-x86_64-unknown-linux-gnu installed - rustc 1.92.0 (ded5c06cf 2025-12-08)
2026-10-06T13:36:50.1178278Z 
2026-10-06T13:36:50.1178905Z rustc 1.92.0 (ded5c06cf 2025-12-08)
2026-10-06T13:36:50.1182500Z binary: rustc
2026-10-06T13:36:50.1182808Z commit-hash: ded5c06cf21d2b93bffd5d884aa6e96934ee4234
2026-10-06T13:36:50.1183162Z commit-date: 2025-12-08
2026-10-06T13:36:50.1183407Z host: x86_64-unknown-linux-gnu
2026-10-06T13:36:50.1183686Z release: 1.92.0
2026-10-06T13:36:50.1183908Z LLVM version: 21.1.3
2026-10-06T13:36:50.1483051Z cargo 1.92.0 (344c4567c 2025-10-21)
2026-10-06T13:36:50.1526239Z ##[group]Run cargo fmt --all --check
2026-10-06T13:36:50.1526618Z [36;1mcargo fmt --all --check[0m
2026-10-06T13:36:50.1590325Z shell: /usr/bin/bash -e {0}
2026-10-06T13:36:50.1590596Z env:
2026-10-06T13:36:50.1590795Z   CARGO_BUILD_JOBS: 1
2026-10-06T13:36:50.1591020Z ##[endgroup]
2026-10-06T13:36:50.5390888Z ##[group]Run cargo run --locked --release --bin rheon -- --size 16 --steps 12 --source-off-at 8 --output "$RUNNER_TEMP/rheon-smoke"
2026-10-06T13:36:50.5392708Z [36;1mcargo run --locked --release --bin rheon -- --size 16 --steps 12 --source-off-at 8 --output "$RUNNER_TEMP/rheon-smoke"[0m
2026-10-06T13:36:50.5393660Z [36;1mpython3 - <<'PY'[0m
2026-10-06T13:36:50.5394106Z [36;1mimport csv, json, os, pathlib, struct[0m
2026-10-06T13:36:50.5394753Z [36;1mp = pathlib.Path(os.environ['RUNNER_TEMP']) / 'rheon-smoke'[0m
2026-10-06T13:36:50.5395535Z [36;1mresult = json.loads((p / 'run.json').read_text(encoding='utf-8'))[0m
2026-10-06T13:36:50.5396553Z [36;1massert result['size'] == 16 and result['steps'] == 12[0m
2026-10-06T13:36:50.5397255Z [36;1massert result['managed_simulation_bytes'] == 333824[0m
2026-10-06T13:36:50.5397887Z [36;1massert result['last_divergence_max'] <= 1e-5[0m
2026-10-06T13:36:50.5398599Z [36;1massert result['whole_process_memory_cap_claimed'] is False[0m
2026-10-06T13:36:50.5399347Z [36;1massert result['real_time_performance_claimed'] is False[0m
2026-10-06T13:36:50.5400230Z [36;1mrows = list(csv.DictReader((p / 'steps.csv').read_text(encoding='utf-8').splitlines()))[0m
2026-10-06T13:36:50.5401015Z [36;1massert len(rows) == 12[0m
2026-10-06T13:36:50.5401643Z [36;1massert all(float(row['actual_divergence_max']) <= 1e-5 for row in rows)[0m
2026-10-06T13:36:50.5402381Z [36;1mimage = (p / 'opacity.png').read_bytes()[0m
2026-10-06T13:36:50.5402930Z [36;1massert image[:8] == b'\x89PNG\r\n\x1a\n'[0m
2026-10-06T13:36:50.5403536Z [36;1massert struct.unpack('>II', image[16:24]) == (16, 16)[0m
2026-10-06T13:36:50.5404431Z [36;1mprint('PASS executable completion manifest, all-step divergence and PNG dimensions')[0m
2026-10-06T13:36:50.5405208Z [36;1mPY[0m
2026-10-06T13:36:50.5489164Z shell: /usr/bin/bash -e {0}
2026-10-06T13:36:50.5489579Z env:
2026-10-06T13:36:50.5489892Z   CARGO_BUILD_JOBS: 1
2026-10-06T13:36:50.5490246Z ##[endgroup]
2026-10-06T13:36:50.6173509Z     Updating crates.io index
2026-10-06T13:36:51.4159036Z  Downloading crates ...
2026-10-06T13:36:51.6164232Z   Downloaded adler2 v2.0.1
2026-10-06T13:36:51.6198684Z   Downloaded cfg-if v1.0.5
2026-10-06T13:36:51.6273730Z   Downloaded bitflags v2.13.2
2026-10-06T13:36:51.6359451Z   Downloaded fdeflate v0.3.7
2026-10-06T13:36:51.6383356Z   Downloaded crc32fast v1.5.2
2026-10-06T13:36:51.6433319Z   Downloaded simd-adler32 v0.3.10
2026-10-06T13:36:51.6461940Z   Downloaded flate2 v1.1.10
2026-10-06T13:36:51.6540381Z   Downloaded png v0.18.1
2026-10-06T13:36:51.6583850Z   Downloaded miniz_oxide v0.9.1
2026-10-06T13:36:51.6609302Z   Downloaded miniz_oxide v0.8.9
2026-10-06T13:36:51.6636597Z   Downloaded zlib-rs v0.6.8
2026-10-06T13:36:51.6823561Z    Compiling simd-adler32 v0.3.10
2026-10-06T13:36:51.8526278Z    Compiling adler2 v2.0.1
2026-10-06T13:36:51.9093873Z    Compiling crc32fast v1.5.2
2026-10-06T13:36:52.2579022Z    Compiling cfg-if v1.0.5
2026-10-06T13:36:52.4477840Z    Compiling miniz_oxide v0.9.1
2026-10-06T13:36:53.5337164Z    Compiling flate2 v1.1.10
2026-10-06T13:36:53.8722558Z    Compiling miniz_oxide v0.8.9
2026-10-06T13:36:54.9338025Z    Compiling fdeflate v0.3.7
2026-10-06T13:36:55.5647249Z    Compiling bitflags v2.13.2
2026-10-06T13:36:55.7556192Z    Compiling png v0.18.1
2026-10-06T13:36:57.6582453Z    Compiling rheon v0.1.0 (/home/runner/work/Rheon/Rheon)
2026-10-06T13:37:05.9790291Z     Finished `release` profile [optimized] target(s) in 15.39s
2026-10-06T13:37:06.0280786Z      Running `target/release/rheon --size 16 --steps 12 --source-off-at 8 --output /home/runner/work/_temp/rheon-smoke`
2026-10-06T13:37:06.6394425Z Accepted 12 steps; time 0.240000; managed arrays 333824 bytes; step wall time 0.601s. Wrote /home/runner/work/_temp/rheon-smoke
2026-10-06T13:37:06.6640794Z PASS executable completion manifest, all-step divergence and PNG dimensions
2026-10-06T13:37:06.6712250Z ##[group]Run cargo build --locked --release --bin rheon
2026-10-06T13:37:06.6712717Z [36;1mcargo build --locked --release --bin rheon[0m
2026-10-06T13:37:06.6713233Z [36;1m"$RUNNER_TEMP/rheon-tests/bin/python" -m unittest discover -s tools -p 'test_*.py' -v[0m
2026-10-06T13:37:06.6774768Z shell: /usr/bin/bash -e {0}
2026-10-06T13:37:06.6775023Z env:
2026-10-06T13:37:06.6775219Z   CARGO_BUILD_JOBS: 1
2026-10-06T13:37:06.6775435Z ##[endgroup]
2026-10-06T13:37:06.7936760Z     Finished `release` profile [optimized] target(s) in 0.07s
2026-10-06T13:37:07.4498919Z test_actual_consecutive_reconstruction_and_convergence (test_column_interface_verifier.ColumnVerifierTest.test_actual_consecutive_reconstruction_and_convergence) ... ok
2026-10-06T13:37:11.9501869Z test_adversarial_finite_fields_ledgers_geometry_and_pixels (test_column_interface_verifier.ColumnVerifierTest.test_adversarial_finite_fields_ledgers_geometry_and_pixels) ... ok
2026-10-06T13:37:11.9514285Z test_ci_budget_preserves_every_existing_job_check (test_column_interface_verifier.ColumnVerifierTest.test_ci_budget_preserves_every_existing_job_check) ... ok
2026-10-06T13:37:27.1909205Z test_every_coupled_final_artifact_matches_last_accepted_frame (test_column_interface_verifier.ColumnVerifierTest.test_every_coupled_final_artifact_matches_last_accepted_frame) ... ok
2026-10-06T13:37:27.1964660Z test_rust_ci_triggers_for_each_example_and_column_verifier (test_column_interface_verifier.ColumnVerifierTest.test_rust_ci_triggers_for_each_example_and_column_verifier) ... ok
2026-10-06T13:37:27.2004067Z test_split_ci_budget_rejects_removed_checks_and_early_success (test_column_interface_verifier.ColumnVerifierTest.test_split_ci_budget_rejects_removed_checks_and_early_success) ... ok
2026-10-06T13:37:27.3243483Z test_mass_pressure_epochs_ledgers_and_pixels_reject_tampering (test_column_mac_verifier.ColumnMacVerifier.test_mass_pressure_epochs_ledgers_and_pixels_reject_tampering) ... ok
2026-10-06T13:37:28.6530006Z test_real_native_owner_records (test_column_mac_verifier.ColumnMacVerifier.test_real_native_owner_records) ... ok
2026-10-06T13:37:28.7664271Z test_finite_overlap_geometry_ledgers_and_pixels_reject_tampering (test_column_momentum_verifier.ColumnMomentumVerifier.test_finite_overlap_geometry_ledgers_and_pixels_reject_tampering) ... ok
2026-10-06T13:37:28.8209535Z test_real_native_records (test_column_momentum_verifier.ColumnMomentumVerifier.test_real_native_records) ... ok
2026-10-06T13:38:00.4641975Z test_adversarial_geometry_force_energy_momentum_and_pixels (test_column_shear_verifier.ColumnShearVerifierTest.test_adversarial_geometry_force_energy_momentum_and_pixels) ... ok
2026-10-06T13:38:01.7827677Z test_native_liquid_masses_forces_energy_and_convergence (test_column_shear_verifier.ColumnShearVerifierTest.test_native_liquid_masses_forces_energy_and_convergence) ... ok
2026-10-06T13:38:01.7864397Z test_actual_slab_evidence (test_free_surface_verifier.FreeSurfaceVerifierTest.test_actual_slab_evidence) ... ok
2026-10-06T13:38:01.8544642Z test_adversarial_fields_ledgers_render_and_rejection (test_free_surface_verifier.FreeSurfaceVerifierTest.test_adversarial_fields_ledgers_render_and_rejection) ... ok
2026-10-06T13:38:01.9540875Z test_adversarial_pressure_and_ledger_changes_are_rejected (test_liquid_transport_verifier.LiquidVerifierTest.test_adversarial_pressure_and_ledger_changes_are_rejected) ... ok
2026-10-06T13:38:02.3476963Z test_frozen_committed_data_passes_stronger_gate (test_liquid_transport_verifier.LiquidVerifierTest.test_frozen_committed_data_passes_stronger_gate) ... ok
2026-10-06T13:38:02.4174000Z test_changed_workload_settings_are_rejected (test_result_qualification.ResultQualification.test_changed_workload_settings_are_rejected) ... ok
2026-10-06T13:38:02.4249739Z test_child_command_pins_iteration_and_memory_limits (test_result_qualification.ResultQualification.test_child_command_pins_iteration_and_memory_limits) ... ok
2026-10-06T13:38:02.4495013Z test_combined_publication_cleanup_failures_stay_terminal (test_result_qualification.ResultQualification.test_combined_publication_cleanup_failures_stay_terminal) ... ok
2026-10-06T13:38:02.4800599Z test_malformed_csv_has_terminal_failure (test_result_qualification.ResultQualification.test_malformed_csv_has_terminal_failure) ... ok
2026-10-06T13:38:02.6492900Z test_manifest_diagnostics_match_the_accepted_steps (test_result_qualification.ResultQualification.test_manifest_diagnostics_match_the_accepted_steps) ... ok
2026-10-06T13:38:02.6891325Z test_missing_or_incomplete_png_is_rejected (test_result_qualification.ResultQualification.test_missing_or_incomplete_png_is_rejected) ... ok
2026-10-06T13:38:02.7385048Z test_missing_workload_settings_are_rejected (test_result_qualification.ResultQualification.test_missing_workload_settings_are_rejected) ... ok
2026-10-06T13:38:02.9648992Z test_nonfinite_or_negative_step_diagnostics_are_rejected (test_result_qualification.ResultQualification.test_nonfinite_or_negative_step_diagnostics_are_rejected) ... ok
2026-10-06T13:38:03.0013213Z test_publication_failure_has_no_owned_success_or_summary (test_result_qualification.ResultQualification.test_publication_failure_has_no_owned_success_or_summary) ... ok
2026-10-06T13:38:03.1017681Z test_step_order_time_and_admission_limits_are_checked (test_result_qualification.ResultQualification.test_step_order_time_and_admission_limits_are_checked) ... ok
2026-10-06T13:38:03.1112471Z test_unrepresentable_manifest_number_has_terminal_failure (test_result_qualification.ResultQualification.test_unrepresentable_manifest_number_has_terminal_failure) ... ok
2026-10-06T13:38:03.2081079Z test_valid_zero_and_active_source_runs_for_both_methods (test_result_qualification.ResultQualification.test_valid_zero_and_active_source_runs_for_both_methods) ... ok
2026-10-06T13:38:03.2164325Z test_cancel_before_spawn_and_during_real_work (test_rheon_compare.ComparisonTest.test_cancel_before_spawn_and_during_real_work) ... ok
2026-10-06T13:38:03.4728307Z test_cli_deadline_is_explicit_and_recorded (test_rheon_compare.ComparisonTest.test_cli_deadline_is_explicit_and_recorded) ... ok
2026-10-06T13:38:03.6252870Z test_cli_timeout_returns_failure_without_completion (test_rheon_compare.ComparisonTest.test_cli_timeout_returns_failure_without_completion) ... ok
2026-10-06T13:38:03.6415320Z test_explicit_dt_and_rejection_of_wrong_or_missing_manifest_dt (test_rheon_compare.ComparisonTest.test_explicit_dt_and_rejection_of_wrong_or_missing_manifest_dt) ... ok
2026-10-06T13:38:03.6421160Z test_invalid_deadlines_create_no_output (test_rheon_compare.ComparisonTest.test_invalid_deadlines_create_no_output) ... ok
2026-10-06T13:38:03.6447211Z test_invalid_selection_creates_no_output (test_rheon_compare.ComparisonTest.test_invalid_selection_creates_no_output) ... ok
2026-10-06T13:38:03.6879369Z test_real_comparison_and_preserved_outputs (test_rheon_compare.ComparisonTest.test_real_comparison_and_preserved_outputs) ... ok
2026-10-06T13:38:09.7090113Z test_timeout_terminates_or_kills_then_reaps_without_more_jobs (test_rheon_compare.ComparisonTest.test_timeout_terminates_or_kills_then_reaps_without_more_jobs) ... ok
2026-10-06T13:38:11.4623619Z test_adversarial_fields_energy_units_ledger_and_pixels (test_viscosity_verifier.ViscosityVerifierTest.test_adversarial_fields_energy_units_ledger_and_pixels) ... ok
2026-10-06T13:38:12.1840358Z test_native_shear_decay_refinement_and_coupled_box (test_viscosity_verifier.ViscosityVerifierTest.test_native_shear_decay_refinement_and_coupled_box) ... ok
2026-10-06T13:38:12.1842081Z 
2026-10-06T13:38:12.1842394Z ----------------------------------------------------------------------
2026-10-06T13:38:12.1843113Z Ran 38 tests in 64.970s
2026-10-06T13:38:12.1843412Z 
2026-10-06T13:38:12.1843568Z OK
2026-10-06T13:38:12.2169204Z ##[group]Run actions/upload-artifact@ea165f8d65b6e75b540449e92b4886f43607fa02
2026-10-06T13:38:12.2169637Z with:
2026-10-06T13:38:12.2169949Z   name: rheon-headless-smoke-feb304e77c2870ac7f464617130d61591bd77992
2026-10-06T13:38:12.2170371Z   path: /home/runner/work/_temp/rheon-smoke/
2026-10-06T13:38:12.2170666Z   if-no-files-found: error
2026-10-06T13:38:12.2170899Z   retention-days: 14
2026-10-06T13:38:12.2171112Z   compression-level: 6
2026-10-06T13:38:12.2171323Z   overwrite: false
2026-10-06T13:38:12.2171535Z   include-hidden-files: false
2026-10-06T13:38:12.2171771Z env:
2026-10-06T13:38:12.2172132Z   CARGO_BUILD_JOBS: 1
2026-10-06T13:38:12.2172339Z ##[endgroup]
2026-10-06T13:38:12.3781166Z (node:3106) [DEP0040] DeprecationWarning: The `punycode` module is deprecated. Please use a userland alternative instead.
2026-10-06T13:38:12.3782082Z (Use `node --trace-deprecation ...` to show where the warning was created)
2026-10-06T13:38:12.3887603Z With the provided path, there will be 3 files uploaded
2026-10-06T13:38:12.3888463Z Artifact name is valid!
2026-10-06T13:38:12.3888858Z Root directory input is valid!
2026-10-06T13:38:12.7572113Z Beginning upload of artifact content to blob storage
2026-10-06T13:38:12.7790332Z (node:3106) [DEP0169] DeprecationWarning: `url.parse()` behavior is not standardized and prone to errors that have security implications. Use the WHATWG URL API instead. CVEs are not issued for `url.parse()` vulnerabilities.
2026-10-06T13:38:13.0006694Z Uploaded bytes 1723
2026-10-06T13:38:13.0642068Z Finished uploading artifact content to blob storage!
2026-10-06T13:38:13.0642992Z SHA256 digest of uploaded artifact zip is dbf23cb10ea5a24ecda5a4b310b8dae5833e57b5cfbdd61e9a63f0f57c049d78
2026-10-06T13:38:13.0644797Z Finalizing artifact upload
2026-10-06T13:38:13.3520642Z Artifact rheon-headless-smoke-feb304e77c2870ac7f464617130d61591bd77992.zip successfully finalized. Artifact ID 11417313395
2026-10-06T13:38:13.3522646Z Artifact rheon-headless-smoke-feb304e77c2870ac7f464617130d61591bd77992 has been successfully uploaded! Final size is 1723 bytes. Artifact ID is 11417313395
2026-10-06T13:38:13.3528385Z Artifact download URL: https://github.com/MrScripty/Rheon/actions/runs/37472132851/artifacts/11417313395
2026-10-06T13:38:13.3736189Z Post job cleanup.
2026-10-06T13:38:13.4584796Z [command]/usr/bin/git version
2026-10-06T13:38:13.4632190Z git version 2.55.0
2026-10-06T13:38:13.4676610Z Temporarily overriding HOME='/home/runner/work/_temp/53c42dba-3160-4ff0-843d-c7aa91992165' before making global git config changes
2026-10-06T13:38:13.4678218Z Adding repository directory to the temporary git global config as a safe directory
2026-10-06T13:38:13.4682489Z [command]/usr/bin/git config --global --add safe.directory /home/runner/work/Rheon/Rheon
2026-10-06T13:38:13.4720859Z [command]/usr/bin/git config --local --name-only --get-regexp core\.sshCommand
2026-10-06T13:38:13.4755656Z [command]/usr/bin/git submodule foreach --recursive sh -c "git config --local --name-only --get-regexp 'core\.sshCommand' && git config --local --unset-all 'core.sshCommand' || :"
2026-10-06T13:38:13.5037968Z [command]/usr/bin/git config --local --name-only --get-regexp http\.https\:\/\/github\.com\/\.extraheader
2026-10-06T13:38:13.5070171Z [command]/usr/bin/git submodule foreach --recursive sh -c "git config --local --name-only --get-regexp 'http\.https\:\/\/github\.com\/\.extraheader' && git config --local --unset-all 'http.https://github.com/.extraheader' || :"
2026-10-06T13:38:13.5452906Z Cleaning up orphan processes
2026-10-06T13:38:13.5891174Z ##[warning]Node.js 20 is deprecated. The following actions target Node.js 20 but are being forced to run on Node.js 24: actions/checkout@11bd71901bbe5b1630ceea73d27597364c9af683, actions/upload-artifact@ea165f8d65b6e75b540449e92b4886f43607fa02. For more information see: https://github.blog/changelog/2025-09-19-deprecation-of-node-20-on-github-actions-runners/

