test_actual_consecutive_reconstruction_and_convergence (test_column_interface_verifier.ColumnVerifierTest.test_actual_consecutive_reconstruction_and_convergence) ... ok
test_adversarial_finite_fields_ledgers_geometry_and_pixels (test_column_interface_verifier.ColumnVerifierTest.test_adversarial_finite_fields_ledgers_geometry_and_pixels) ... ok
test_finite_overlap_geometry_ledgers_and_pixels_reject_tampering (test_column_momentum_verifier.ColumnMomentumVerifier.test_finite_overlap_geometry_ledgers_and_pixels_reject_tampering) ... ok
test_real_native_records (test_column_momentum_verifier.ColumnMomentumVerifier.test_real_native_records) ... ok
test_adversarial_geometry_force_energy_momentum_and_pixels (test_column_shear_verifier.ColumnShearVerifierTest.test_adversarial_geometry_force_energy_momentum_and_pixels) ... ok
test_native_liquid_masses_forces_energy_and_convergence (test_column_shear_verifier.ColumnShearVerifierTest.test_native_liquid_masses_forces_energy_and_convergence) ... ok
test_actual_slab_evidence (test_free_surface_verifier.FreeSurfaceVerifierTest.test_actual_slab_evidence) ... ok
test_adversarial_fields_ledgers_render_and_rejection (test_free_surface_verifier.FreeSurfaceVerifierTest.test_adversarial_fields_ledgers_render_and_rejection) ... ok
test_adversarial_pressure_and_ledger_changes_are_rejected (test_liquid_transport_verifier.LiquidVerifierTest.test_adversarial_pressure_and_ledger_changes_are_rejected) ... ok
test_frozen_committed_data_passes_stronger_gate (test_liquid_transport_verifier.LiquidVerifierTest.test_frozen_committed_data_passes_stronger_gate) ... ok
test_changed_workload_settings_are_rejected (test_result_qualification.ResultQualification.test_changed_workload_settings_are_rejected) ... ok
test_child_command_pins_iteration_and_memory_limits (test_result_qualification.ResultQualification.test_child_command_pins_iteration_and_memory_limits) ... ok
test_combined_publication_cleanup_failures_stay_terminal (test_result_qualification.ResultQualification.test_combined_publication_cleanup_failures_stay_terminal) ... ok
test_malformed_csv_has_terminal_failure (test_result_qualification.ResultQualification.test_malformed_csv_has_terminal_failure) ... ok
test_manifest_diagnostics_match_the_accepted_steps (test_result_qualification.ResultQualification.test_manifest_diagnostics_match_the_accepted_steps) ... ok
test_missing_or_incomplete_png_is_rejected (test_result_qualification.ResultQualification.test_missing_or_incomplete_png_is_rejected) ... ok
test_missing_workload_settings_are_rejected (test_result_qualification.ResultQualification.test_missing_workload_settings_are_rejected) ... ok
test_nonfinite_or_negative_step_diagnostics_are_rejected (test_result_qualification.ResultQualification.test_nonfinite_or_negative_step_diagnostics_are_rejected) ... ok
test_publication_failure_has_no_owned_success_or_summary (test_result_qualification.ResultQualification.test_publication_failure_has_no_owned_success_or_summary) ... ok
test_step_order_time_and_admission_limits_are_checked (test_result_qualification.ResultQualification.test_step_order_time_and_admission_limits_are_checked) ... ok
test_unrepresentable_manifest_number_has_terminal_failure (test_result_qualification.ResultQualification.test_unrepresentable_manifest_number_has_terminal_failure) ... ok
test_valid_zero_and_active_source_runs_for_both_methods (test_result_qualification.ResultQualification.test_valid_zero_and_active_source_runs_for_both_methods) ... ok
test_cancel_before_spawn_and_during_real_work (test_rheon_compare.ComparisonTest.test_cancel_before_spawn_and_during_real_work) ... ok
test_cli_deadline_is_explicit_and_recorded (test_rheon_compare.ComparisonTest.test_cli_deadline_is_explicit_and_recorded) ... ok
test_cli_timeout_returns_failure_without_completion (test_rheon_compare.ComparisonTest.test_cli_timeout_returns_failure_without_completion) ... ok
test_explicit_dt_and_rejection_of_wrong_or_missing_manifest_dt (test_rheon_compare.ComparisonTest.test_explicit_dt_and_rejection_of_wrong_or_missing_manifest_dt) ... ok
test_invalid_deadlines_create_no_output (test_rheon_compare.ComparisonTest.test_invalid_deadlines_create_no_output) ... ok
test_invalid_selection_creates_no_output (test_rheon_compare.ComparisonTest.test_invalid_selection_creates_no_output) ... ok
test_real_comparison_and_preserved_outputs (test_rheon_compare.ComparisonTest.test_real_comparison_and_preserved_outputs) ... ok
test_timeout_terminates_or_kills_then_reaps_without_more_jobs (test_rheon_compare.ComparisonTest.test_timeout_terminates_or_kills_then_reaps_without_more_jobs) ... ok
test_adversarial_fields_energy_units_ledger_and_pixels (test_viscosity_verifier.ViscosityVerifierTest.test_adversarial_fields_energy_units_ledger_and_pixels) ... ok
test_native_shear_decay_refinement_and_coupled_box (test_viscosity_verifier.ViscosityVerifierTest.test_native_shear_decay_refinement_and_coupled_box) ... ok

----------------------------------------------------------------------
Ran 32 tests in 47.564s

OK
