certified box 1 width 9.765625e-05
certified box 2 width 9.765625e-05
certified box 3 width 9.765625e-05
certified box 4 width 9.765625e-05
certified box 5 width 9.765625e-05
certified box 6 width 9.765625e-05
certified box 7 width 9.765625e-05
certified box 8 width 9.765625e-05
certified box 9 width 9.765625e-05
certified box 10 width 9.765625e-05
certified box 11 width 9.765625e-05
certified box 12 width 9.765625e-05
certified box 13 width 9.765625e-05
certified box 14 width 9.765625e-05
certified box 15 width 9.765625e-05
certified box 16 width 9.765625e-05
certified box 17 width 9.765625e-05
certified box 18 width 9.765625e-05
certified box 19 width 9.765625e-05
certified box 20 width 9.765625e-05
certified box 21 width 9.765625e-05
certified box 22 width 9.765625e-05
certified box 23 width 9.765625e-05
certified box 24 width 9.765625e-05
certified box 25 width 9.765625e-05
certified box 26 width 9.765625e-05
certified box 27 width 9.765625e-05
certified box 28 width 9.765625e-05
certified box 29 width 9.765625e-05
certified box 30 width 9.765625e-05
certified box 31 width 9.765625e-05
certified box 32 width 9.765625e-05
certified box 33 width 9.765625e-05
certified box 34 width 9.765625e-05
certified box 35 width 9.765625e-05
certified box 36 width 9.765625e-05
certified box 37 width 9.765625e-05
certified box 38 width 9.765625e-05
certified box 39 width 9.765625e-05
certified box 40 width 9.765625e-05
certified box 41 width 9.765625e-05
certified box 42 width 9.765625e-05
certified box 43 width 9.765625e-05
certified box 44 width 9.765625e-05
certified box 45 width 9.765625e-05
certified box 46 width 9.765625e-05
certified box 47 width 9.765625e-05
certified box 48 width 9.765625e-05
certified box 49 width 9.765625e-05
certified box 50 width 9.765625e-05
certified box 51 width 9.765625e-05
certified box 52 width 9.765625e-05
certified box 53 width 9.765625e-05
certified box 54 width 9.765625e-05
certified box 55 width 9.765625e-05
certified box 56 width 9.765625e-05
certified box 57 width 9.765625e-05
certified box 58 width 9.765625e-05
certified box 59 width 9.765625e-05
certified box 60 width 9.765625e-05
certified box 61 width 9.765625e-05
certified box 62 width 9.765625e-05
certified box 63 width 9.765625e-05
certified box 64 width 9.765625e-05
certified box 65 width 9.765625e-05
certified box 66 width 9.765625e-05
certified box 67 width 9.765625e-05
certified box 68 width 9.765625e-05
certified box 69 width 9.765625e-05
certified box 70 width 9.765625e-05
certified box 71 width 9.765625e-05
certified box 72 width 9.765625e-05
certified box 73 width 9.765625e-05
certified box 74 width 9.765625e-05
certified box 75 width 9.765625e-05
certified box 76 width 9.765625e-05
certified box 77 width 9.765625e-05
certified box 78 width 9.765625e-05
certified box 79 width 9.765625e-05
certified box 80 width 9.765625e-05
certified box 81 width 9.765625e-05
certified box 82 width 9.765625e-05
certified box 83 width 9.765625e-05
certified box 84 width 9.765625e-05
certified box 85 width 9.765625e-05
certified box 86 width 9.765625e-05
certified box 87 width 9.765625e-05
certified box 88 width 9.765625e-05
certified box 89 width 9.765625e-05
certified box 90 width 9.765625e-05
certified box 91 width 9.765625e-05
certified box 92 width 9.765625e-05
certified box 93 width 9.765625e-05
certified box 94 width 9.765625e-05
certified box 95 width 9.765625e-05
certified box 96 width 9.765625e-05
certified box 97 width 9.765625e-05
certified box 98 width 9.765625e-05
certified box 99 width 9.765625e-05
certified box 100 width 9.765625e-05
certified box 101 width 9.765625e-05
certified box 102 width 9.765625e-05
certified box 103 width 9.765625e-05
certified box 104 width 9.765625e-05
certified box 105 width 9.765625e-05
certified box 106 width 9.765625e-05
certified box 107 width 9.765625e-05
certified box 108 width 9.765625e-05
certified box 109 width 9.765625e-05
certified box 110 width 9.765625e-05
certified box 111 width 9.765625e-05
certified box 112 width 9.765625e-05
certified box 113 width 9.765625e-05
certified box 114 width 9.765625e-05
certified box 115 width 9.765625e-05
certified box 116 width 9.765625e-05
certified box 117 width 9.765625e-05
certified box 118 width 9.765625e-05
certified box 119 width 9.765625e-05
certified box 120 width 9.765625e-05
certified box 121 width 9.765625e-05
certified box 122 width 9.765625e-05
certified box 123 width 9.765625e-05
certified box 124 width 9.765625e-05
certified box 125 width 9.765625e-05
certified box 126 width 9.765625e-05
certified box 127 width 9.765625e-05
certified box 128 width 9.765625e-05
certified box 129 width 9.765625e-05
certified box 130 width 9.765625e-05
certified box 131 width 9.765625e-05
certified box 132 width 9.765625e-05
certified box 133 width 9.765625e-05
certified box 134 width 9.765625e-05
certified box 135 width 9.765625e-05
certified box 136 width 9.765625e-05
certified box 137 width 9.765625e-05
certified box 138 width 9.765625e-05
certified box 139 width 9.765625e-05
certified box 140 width 9.765625e-05
certified box 141 width 9.765625e-05
certified box 142 width 9.765625e-05
certified box 143 width 9.765625e-05
certified box 144 width 9.765625e-05
certified box 145 width 9.765625e-05
certified box 146 width 9.765625e-05
certified box 147 width 9.765625e-05
certified box 148 width 9.765625e-05
certified box 149 width 9.765625e-05
certified box 150 width 9.765625e-05
certified box 151 width 9.765625e-05
certified box 152 width 9.765625e-05
certified box 153 width 9.765625e-05
certified box 154 width 9.765625e-05
certified box 155 width 9.765625e-05
certified box 156 width 9.765625e-05
certified box 157 width 9.765625e-05
certified box 158 width 9.765625e-05
certified box 159 width 9.765625e-05
certified box 160 width 9.765625e-05
certified box 161 width 9.765625e-05
certified box 162 width 9.765625e-05
certified box 163 width 9.765625e-05
certified box 164 width 9.765625e-05
certified box 165 width 9.765625e-05
certified box 166 width 9.765625e-05
certified box 167 width 9.765625e-05
certified box 168 width 9.765625e-05
certified box 169 width 9.765625e-05
certified box 170 width 9.765625e-05
certified box 171 width 9.765625e-05
certified box 172 width 9.765625e-05
certified box 173 width 9.765625e-05
certified box 174 width 9.765625e-05
certified box 175 width 9.765625e-05
certified box 176 width 9.765625e-05
certified box 177 width 9.765625e-05
certified box 178 width 9.765625e-05
certified box 179 width 9.765625e-05
certified box 180 width 9.765625e-05
certified box 181 width 9.765625e-05
certified box 182 width 9.765625e-05
certified box 183 width 9.765625e-05
certified box 184 width 9.765625e-05
certified box 185 width 9.765625e-05
certified box 186 width 9.765625e-05
certified box 187 width 9.765625e-05
certified box 188 width 9.765625e-05
certified box 189 width 9.765625e-05
certified box 190 width 9.765625e-05
certified box 191 width 9.765625e-05
certified box 192 width 9.765625e-05
certified box 193 width 9.765625e-05
certified box 194 width 9.765625e-05
certified box 195 width 9.765625e-05
certified box 196 width 9.765625e-05
certified box 197 width 9.765625e-05
certified box 198 width 9.765625e-05
certified box 199 width 9.765625e-05
certified box 200 width 9.765625e-05
certified box 201 width 9.765625e-05
certified box 202 width 9.765625e-05
certified box 203 width 9.765625e-05
certified box 204 width 9.765625e-05
certified box 205 width 9.765625e-05
certified box 206 width 9.765625e-05
certified box 207 width 9.765625e-05
certified box 208 width 9.765625e-05
certified box 209 width 9.765625e-05
certified box 210 width 9.765625e-05
certified box 211 width 9.765625e-05
certified box 212 width 9.765625e-05
certified box 213 width 9.765625e-05
certified box 214 width 9.765625e-05
certified box 215 width 9.765625e-05
certified box 216 width 9.765625e-05
certified box 217 width 9.765625e-05
certified box 218 width 9.765625e-05
certified box 219 width 9.765625e-05
certified box 220 width 9.765625e-05
certified box 221 width 9.765625e-05
certified box 222 width 9.765625e-05
certified box 223 width 9.765625e-05
certified box 224 width 9.765625e-05
certified box 225 width 9.765625e-05
certified box 226 width 9.765625e-05
certified box 227 width 9.765625e-05
certified box 228 width 9.765625e-05
certified box 229 width 9.765625e-05
certified box 230 width 9.765625e-05
certified box 231 width 9.765625e-05
certified box 232 width 9.765625e-05
certified box 233 width 9.765625e-05
certified box 234 width 9.765625e-05
certified box 235 width 9.765625e-05
certified box 236 width 9.765625e-05
certified box 237 width 9.765625e-05
certified box 238 width 9.765625e-05
certified box 239 width 9.765625e-05
certified box 240 width 9.765625e-05
certified box 241 width 9.765625e-05
certified box 242 width 9.765625e-05
certified box 243 width 9.765625e-05
certified box 244 width 9.765625e-05
certified box 245 width 9.765625e-05
certified box 246 width 9.765625e-05
certified box 247 width 9.765625e-05
certified box 248 width 9.765625e-05
certified box 249 width 9.765625e-05
certified box 250 width 9.765625e-05
certified box 251 width 9.765625e-05
certified box 252 width 9.765625e-05
certified box 253 width 9.765625e-05
certified box 254 width 9.765625e-05
Traceback (most recent call last):
  File "/workspace/Rheon/evidence/fitted-coupled-temporal/certificate.py", line 151, in certify
    pressure=neumann_bound([[Dc[i][j]for j in m.PIVOT]for i in m.ROWS],[[D[i][j]for j in m.PIVOT]for i in m.ROWS])
             ^^^^^^^^^^^^^^^^^^^^^^^^^^^^^^^^^^^^^^^^^^^^^^^^^^^^^^^^^^^^^^^^^^^^^^^^^^^^^^^^^^^^^^^^^^^^^^^^^^^^^
  File "/workspace/Rheon/evidence/fitted-coupled-temporal/certificate.py", line 133, in neumann_bound
    m.require(bound<1,'exact interval Neumann rank bound')
  File "/workspace/Rheon/evidence/fitted-height-periodic-repair/reference.py", line 17, in require
    raise ValueError(message)
ValueError: exact interval Neumann rank bound

During handling of the above exception, another exception occurred:

Traceback (most recent call last):
  File "/workspace/Rheon/evidence/fitted-coupled-temporal/certificate.py", line 173, in <module>
    print(json.dumps(certify(cell),indent=2))
                     ^^^^^^^^^^^^^
  File "/workspace/Rheon/evidence/fitted-coupled-temporal/certificate.py", line 158, in certify
    m.require(len(boxes)+len(pending)+2<=max_boxes,'bounded interval certificate subdivisions')
  File "/workspace/Rheon/evidence/fitted-height-periodic-repair/reference.py", line 17, in require
    raise ValueError(message)
ValueError: bounded interval certificate subdivisions
