test_unrepresentable_manifest_number_has_terminal_failure (test_result_qualification.ResultQualification.test_unrepresentable_manifest_number_has_terminal_failure) ... ERROR

======================================================================
ERROR: test_unrepresentable_manifest_number_has_terminal_failure (test_result_qualification.ResultQualification.test_unrepresentable_manifest_number_has_terminal_failure)
----------------------------------------------------------------------
Traceback (most recent call last):
  File "/workspace/Rheon-result-qualification/tools/test_result_qualification.py", line 140, in test_unrepresentable_manifest_number_has_terminal_failure
    self.reject(manifest=lambda data: data.__setitem__('measured_step_seconds', 10 ** 400))
  File "/workspace/Rheon-result-qualification/tools/test_result_qualification.py", line 58, in reject
    self.assertEqual(job.poll(), 'failed')
                     ^^^^^^^^^^
  File "/workspace/Rheon-result-qualification/tools/rheon_compare.py", line 269, in poll
    iterations, divergence = _qualify_series(data, self.run_dir / 'steps.csv',
                             ^^^^^^^^^^^^^^^^^^^^^^^^^^^^^^^^^^^^^^^^^^^^^^^^^
  File "/workspace/Rheon-result-qualification/tools/rheon_compare.py", line 91, in _qualify_series
    _finite_nonnegative(data[field], field)
  File "/workspace/Rheon-result-qualification/tools/rheon_compare.py", line 51, in _finite_nonnegative
    if type(value) not in (int, float) or not math.isfinite(value) or value < 0:
                                              ^^^^^^^^^^^^^^^^^^^^
OverflowError: int too large to convert to float

----------------------------------------------------------------------
Ran 1 test in 0.012s

FAILED (errors=1)
