test_combined_publication_cleanup_failures_stay_terminal (test_result_qualification.ResultQualification.test_combined_publication_cleanup_failures_stay_terminal) ...
  test_combined_publication_cleanup_failures_stay_terminal (test_result_qualification.ResultQualification.test_combined_publication_cleanup_failures_stay_terminal) (status_also_fails=False) ... ERROR
  test_combined_publication_cleanup_failures_stay_terminal (test_result_qualification.ResultQualification.test_combined_publication_cleanup_failures_stay_terminal) (status_also_fails=True) ... ERROR

======================================================================
ERROR: test_combined_publication_cleanup_failures_stay_terminal (test_result_qualification.ResultQualification.test_combined_publication_cleanup_failures_stay_terminal) (status_also_fails=False)
----------------------------------------------------------------------
Traceback (most recent call last):
  File "/workspace/Rheon-publication-terminal/tools/rheon_compare.py", line 285, in poll
    self._finish()
  File "/workspace/Rheon-publication-terminal/tools/rheon_compare.py", line 335, in _finish
    self._save_status()
  File "/workspace/Rheon-publication-terminal/tools/rheon_compare.py", line 215, in _save_status
    temp.write_text(json.dumps(payload, indent=2) + '\n')
  File "/workspace/Rheon-publication-terminal/tools/test_result_qualification.py", line 230, in write
    raise OSError('injected primary completion write failure')
OSError: injected primary completion write failure

During handling of the above exception, another exception occurred:

Traceback (most recent call last):
  File "/workspace/Rheon-publication-terminal/tools/test_result_qualification.py", line 240, in test_combined_publication_cleanup_failures_stay_terminal
    self.assertEqual(job.poll(), 'failed')
                     ^^^^^^^^^^
  File "/workspace/Rheon-publication-terminal/tools/rheon_compare.py", line 288, in poll
    (self.output / 'comparison.json').unlink(missing_ok=True)
  File "/workspace/Rheon-publication-terminal/tools/test_result_qualification.py", line 237, in unlink
    raise OSError('injected summary cleanup failure')
OSError: injected summary cleanup failure

======================================================================
ERROR: test_combined_publication_cleanup_failures_stay_terminal (test_result_qualification.ResultQualification.test_combined_publication_cleanup_failures_stay_terminal) (status_also_fails=True)
----------------------------------------------------------------------
Traceback (most recent call last):
  File "/workspace/Rheon-publication-terminal/tools/rheon_compare.py", line 285, in poll
    self._finish()
  File "/workspace/Rheon-publication-terminal/tools/rheon_compare.py", line 335, in _finish
    self._save_status()
  File "/workspace/Rheon-publication-terminal/tools/rheon_compare.py", line 215, in _save_status
    temp.write_text(json.dumps(payload, indent=2) + '\n')
  File "/workspace/Rheon-publication-terminal/tools/test_result_qualification.py", line 230, in write
    raise OSError('injected primary completion write failure')
OSError: injected primary completion write failure

During handling of the above exception, another exception occurred:

Traceback (most recent call last):
  File "/workspace/Rheon-publication-terminal/tools/test_result_qualification.py", line 240, in test_combined_publication_cleanup_failures_stay_terminal
    self.assertEqual(job.poll(), 'failed')
                     ^^^^^^^^^^
  File "/workspace/Rheon-publication-terminal/tools/rheon_compare.py", line 288, in poll
    (self.output / 'comparison.json').unlink(missing_ok=True)
  File "/workspace/Rheon-publication-terminal/tools/test_result_qualification.py", line 237, in unlink
    raise OSError('injected summary cleanup failure')
OSError: injected summary cleanup failure

----------------------------------------------------------------------
Ran 1 test in 0.031s

FAILED (errors=2)
