   Compiling rheon v0.1.0 (/workspace/Rheon)
    Finished `test` profile [unoptimized + debuginfo] target(s) in 4.71s
     Running tests/liquid_scale_division_contract.rs (/workspace/.rheon-tools/target/debug/deps/liquid_scale_division_contract-b56071f84f8a53dd)

running 1 test
test unsupported_candidate_courant_and_divergence_quotients_preserve_accepted_state ... ok

test result: ok. 1 passed; 0 failed; 0 ignored; 0 measured; 0 filtered out; finished in 0.00s

     Running tests/liquid_step_contract.rs (/workspace/.rheon-tools/target/debug/deps/liquid_step_contract-b2bc010d79ab5939)

running 8 tests
test combined_capacity_cap_counts_transferred_capacity_and_pressure ... ok
test accepted_actual_dt_controls_volume_interval_and_closed_step_is_coherent ... ok
test carrier_failure_and_pause_preserve_volume_pressure_and_clocks ... ok
test liquid_guidance_integrates_accepted_fraction_with_explicit_pixel_budget ... ok
test liquid_failure_after_new_pressure_prepare_preserves_all_accepted_bits_and_retry ... ok
test volume_input_failure_and_version_overflow_precede_carrier_callbacks ... ok
test signed_axis_transport_publishes_hand_pressure_and_synchronized_states ... ok
test every_exercised_carrier_volume_and_final_checkpoint_rolls_back_and_replays ... ok

test result: ok. 8 passed; 0 failed; 0 ignored; 0 measured; 0 filtered out; finished in 0.10s

     Running tests/liquid_volume_contract.rs (/workspace/.rheon-tools/target/debug/deps/liquid_volume_contract-da9567f5f476901f)

running 18 tests
test actual_owned_capacity_invalid_inputs_and_resolved_clock_are_checked ... ok
test closed_anisotropic_circulation_reuses_shared_faces_and_preserves_volume ... ok
test geometry_interval_source_identity_and_version_limits_reject_before_callbacks ... ok
test both_accepted_pressure_methods_supply_read_only_carrier_not_free_surface_feedback ... ok
test courant_divergence_and_raw_source_bounds_fail_without_changing_accepted_state ... ok
test normal_initial_amount_is_supported_but_subnormal_initial_amount_is_rejected ... ok
test signed_sources_are_volume_per_second_and_density_scales_mass_only ... ok
test oblique_constant_fraction_preserves_constant_and_balanced_boundary_transfer ... ok
test signed_zero_is_valid_empty_liquid_with_zero_volume_transfer ... ok
test signed_all_axis_upwind_inlet_outlet_matches_hand_volume_and_occupancy ... ok
test thin_positive_fractions_and_merging_supports_are_not_erased_by_clamping ... ok
test underflowed_courant_intermediate_rejects_and_supported_retry_matches_fresh ... ok
test subnormal_face_area_rejects_instead_of_distorting_representable_inflow ... ok
test underflowed_face_area_rejects_instead_of_losing_representable_inflow ... ok
test partial_flux_and_cell_cancellation_preserve_bits_and_retry_matches_fresh ... ok
test unrepresentable_initial_amount_or_nonzero_face_transfer_cannot_disappear ... ok
test unsplit_three_dimensional_transfer_is_bounded_but_diffuses_geometric_cube ... ok
test translated_slab_has_exact_binomial_oracle_and_independent_spatial_refinement ... ok

test result: ok. 18 passed; 0 failed; 0 ignored; 0 measured; 0 filtered out; finished in 0.01s

