   Compiling simd-adler32 v0.3.10
   Compiling crc32fast v1.5.2
   Compiling adler2 v2.0.1
   Compiling cfg-if v1.0.5
   Compiling miniz_oxide v0.9.1
   Compiling flate2 v1.1.10
   Compiling miniz_oxide v0.8.9
   Compiling fdeflate v0.3.7
   Compiling bitflags v2.13.2
   Compiling png v0.18.1
   Compiling rheon v0.1.0 (/workspace/Rheon)
    Finished `release` profile [optimized] target(s) in 13.95s
     Running `/workspace/.rheon-tools/target-liquid-step-release/release/examples/liquid_step evidence/liquid-step/demo`
jacobi-pcg-v1-n16-c025: 8 accepted steps, t=0.5, 69120 owned array bytes
jacobi-pcg-v1-n32-c025: 16 accepted steps, t=0.5, 137728 owned array bytes
jacobi-pcg-v1-n64-c025: 32 accepted steps, t=0.5, 274944 owned array bytes
jacobi-pcg-v1-n64-c0125: 64 accepted steps, t=0.5, 274944 owned array bytes
sgs-pcg-v1-n16-c025: 8 accepted steps, t=0.5, 69120 owned array bytes
sgs-pcg-v1-n32-c025: 16 accepted steps, t=0.5, 137728 owned array bytes
sgs-pcg-v1-n64-c025: 32 accepted steps, t=0.5, 274944 owned array bytes
sgs-pcg-v1-n64-c0125: 64 accepted steps, t=0.5, 274944 owned array bytes
