{
  "artifacts": 14,
  "continued_trajectory": false,
  "corrections": 3,
  "equation_evaluations": 22,
  "isolated_main_publications": 1,
  "memory_bound": 65552,
  "native_test_exit": 0,
  "negative_controls": [
    "invented resource budget",
    "old failed gate promoted",
    "original owner mutation",
    "parameter search",
    "continued trajectory",
    "production adoption",
    "unreached stage promoted",
    "missing retry control",
    "refused result promoted",
    "failed momentum gate",
    "publication clock bit changed",
    "correction count misreported"
  ],
  "new_cap": 67584,
  "new_memory_margin": 2032,
  "new_protocol_E1": "SUCCESS",
  "newton_checks": 4,
  "old_cap": 65536,
  "old_cap_status": "BLOCKED_ADDITIONAL_MEMORY_CAP",
  "old_protocol_E1": "UNEXECUTED",
  "original_unchanged": true,
  "parameter_search": false,
  "planar_finite_norm": 5.718668950928878e-14,
  "preserved_files": 7166,
  "production_adoption": false,
  "reached_controls_passed": 11,
  "same_binary_sha256": "c37e2345ee5bae08c594f906bdb49dd3edbce37e46baab99a9f10f761a64af6f",
  "status": "PASS_FIXED_PUBLIC_CALL_66K_EVIDENCE_BINDING",
  "third_finite_norm": 6.234267138578429e-14,
  "time": 0.0015625,
  "unused_stage": "NOT_REACHED_BY_FIXED_CALL",
  "version": 2
}
