{
  "scope": "exact semidiscrete research assembly; separate finite transport algebra on linearized masses, not a finite moving-surface replay",
  "macro_triangles": 8,
  "micro_triangles": 48,
  "geometric_nodes": 35,
  "periodic_nodes": 32,
  "pressure_image_rank": 33,
  "reduced_xy_unknowns": 44,
  "third_unknowns": 24,
  "liquid_area": "19/16",
  "total_mass_each_component": "57/16",
  "min_nodal_mass": "1/24",
  "nonzero_geometric_mass_rates": 22,
  "nonzero_dual_flux_pairs": 76,
  "geometric_conservation_max_residual": "0",
  "strong_divergence_max_residual": "0",
  "pressure_image_row_rank": 33,
  "advection_dissipation": "11833343748992221/26447905382400000",
  "strain_power": "2600634373/1259712000",
  "kinetic_energy_rate": "-66434182537001821/26447905382400000",
  "third_momentum_rate": "0",
  "finite_algebra_carried_components_checked": 3,
  "finite_algebra_reported_energies": "first component; each of all three separately checked",
  "finite_algebra_dt": "1/64",
  "finite_algebra_old_energy": "6611/8192",
  "finite_algebra_new_energy": "39590921177311830802622163146306459551266695626128929654252321724391096874192899963884375830705873363337526866015336300716222843779986793854979929393085601665090666290043151573045220350026947518541815778858833396560469037658931271826052313685083989777/51584927120240679943334417406413940287268910023887536028272310721974459578553471971333827753657446422168295282742808482633807598628032915158262865811561682334070700292415276758269393348426522423856593267349395137746127230093037784281306528489296068608",
  "finite_algebra_time_loss": "586222383849589167291098024445778667611773350517133639253734310184290121123109870320351516871707815085050837778026172665139305758894913460107577209583726359577242573113608621731525346292014457084722544468517312910719152669839838601894285508351196613/670604052563128839263347426283381223734495830310537968367540039385667974521195135627339760797546803488187838675656510274239498782164427897057417255550301870342919103801398597857502113529544791510135712475542136790699653991209491195656984870360848891904",
  "finite_algebra_flux_loss": "12956928468466075973845902936652876885496720550250467385607016268851746958821621766409201082734142928298327874665426290005471025690838140747158303423833712376335804861307615886456178620027260211574703058238076849111760901043034278092916369193387112209/335302026281564419631673713141690611867247915155268984183770019692833987260597567813669880398773401744093919337828255137119749391082213948528708627775150935171459551900699298928751056764772395755067856237771068395349826995604745597828492435180424445952",
  "finite_algebra_energy_residual": "0",
  "marginal_correct_wrong_motion": "rejected by direct geometric face-flux recomputation",
  "affine_full_strain_power": "475/512",
  "traction_patch_max_residual": "0",
  "rotation_strain_power": "0",
  "flat_cap_manufactured": {
    "c": -0.6219187417432955,
    "pressure_amplitude": 0.27198533969818417,
    "zero_pressure_normal_traction_error": 0.27198533969818417,
    "max_divergence": 0.0,
    "max_tangential_traction": 4.4408920985006264e-17,
    "max_normal_traction": 2.7755575615628914e-17,
    "derived_predictor_BE_residual": 3.26405569239796e-14,
    "scope": "instantaneous flat-cap exact field with derived predictor; not a moving-surface solution"
  }
}
